2025-12-11 12:28:25,388 - EXECUT - INFO - starting server...
2025-12-11 12:28:35,650 - EXECUT - INFO - trainer number sta0 just joined the pool
2025-12-11 12:28:35,693 - EXECUT - INFO - trainer number sta5 just joined the pool
2025-12-11 12:28:35,902 - EXECUT - INFO - trainer number sta4 just joined the pool
2025-12-11 12:28:36,128 - EXECUT - INFO - trainer number sta3 just joined the pool
2025-12-11 12:28:36,171 - EXECUT - INFO - trainer number sta1 just joined the pool
2025-12-11 12:28:36,579 - EXECUT - INFO - trainer number sta2 just joined the pool
2025-12-11 12:28:37,412 - EXECUT - INFO - mensagem de data_sz recebida: 
 {'id': 'sta0', 'dataset_sz': 259700928}
2025-12-11 12:28:37,414 - EXECUT - INFO - mensagem de data_sz recebida: 
 {'id': 'sta1', 'dataset_sz': 432851712}
2025-12-11 12:28:37,455 - EXECUT - INFO - mensagem de data_sz recebida: 
 {'id': 'sta3', 'dataset_sz': 519401856}
2025-12-11 12:28:37,455 - EXECUT - INFO - mensagem de data_sz recebida: 
 {'id': 'sta4', 'dataset_sz': 346301568}
2025-12-11 12:28:37,456 - EXECUT - INFO - mensagem de data_sz recebida: 
 {'id': 'sta5', 'dataset_sz': 173150784}
2025-12-11 12:28:37,456 - EXECUT - INFO - mensagem de data_sz recebida: 
 {'id': 'sta2', 'dataset_sz': 649277568}
2025-12-11 12:28:38,413 - METRIC - INFO - round: 1
2025-12-11 12:28:38,413 - METRIC - INFO - n_selected: 6
2025-12-11 12:28:38,413 - METRIC - INFO - {"selected_trainers": ["sta0", "sta1", "sta2", "sta3", "sta4", "sta5"]}
2025-12-11 12:28:46,077 - EXECUT - INFO - received weights from trainer sta0!
2025-12-11 12:28:53,072 - EXECUT - INFO - received weights from trainer sta1!
2025-12-11 12:29:01,032 - EXECUT - INFO - received weights from trainer sta2!
2025-12-11 12:29:09,560 - EXECUT - INFO - received weights from trainer sta3!
2025-12-11 12:29:16,501 - EXECUT - INFO - received weights from trainer sta4!
2025-12-11 12:29:23,213 - EXECUT - INFO - received weights from trainer sta5!
2025-12-11 12:29:24,831 - EXECUT - INFO - sent aggregated weights to trainers!
2025-12-11 12:29:41,240 - METRIC - INFO - {"loss": 1.533486247062683, "accuracy": 0.6435574293136597, "energy_consumption": 0.03434886102034446, "selected": true, "host_energy_consumption": 0.02777541928, "client_name": "sta1"}
2025-12-11 12:29:45,779 - METRIC - INFO - {"loss": 1.888160228729248, "accuracy": 0.5239206552505493, "energy_consumption": 0.028629221162727786, "selected": true, "host_energy_consumption": 0.01811828172, "client_name": "sta0"}
2025-12-11 12:29:53,867 - METRIC - INFO - {"loss": 1.8365890979766846, "accuracy": 0.6278458833694458, "energy_consumption": 0.05914341701082226, "selected": true, "host_energy_consumption": 0.02080138004, "client_name": "sta4"}
2025-12-11 12:29:57,857 - METRIC - INFO - {"loss": 2.1442811489105225, "accuracy": 0.4063047170639038, "energy_consumption": 0.04005581935941671, "selected": true, "host_energy_consumption": 0.016168437600000002, "client_name": "sta5"}
2025-12-11 12:30:00,087 - METRIC - INFO - {"loss": 1.1311894655227661, "accuracy": 0.7456242442131042, "energy_consumption": 0.0667708703678499, "selected": true, "host_energy_consumption": 0.02717109024, "client_name": "sta3"}
2025-12-11 12:30:01,864 - METRIC - INFO - {"loss": 1.2476447820663452, "accuracy": 0.7082166075706482, "energy_consumption": 0.09920222792424999, "selected": true, "host_energy_consumption": 0.04002832792, "client_name": "sta2"}
2025-12-11 12:30:01,879 - METRIC - INFO - mean_accuracy: 0.6092449227968851

2025-12-11 12:30:01,879 - METRIC - INFO - round: 2
2025-12-11 12:30:01,879 - METRIC - INFO - n_selected: 6
2025-12-11 12:30:01,879 - METRIC - INFO - {"selected_trainers": ["sta0", "sta1", "sta2", "sta3", "sta4", "sta5"]}
2025-12-11 12:30:08,988 - EXECUT - INFO - received weights from trainer sta0!
2025-12-11 12:30:14,754 - EXECUT - INFO - received weights from trainer sta1!
2025-12-11 12:30:25,245 - EXECUT - INFO - received weights from trainer sta2!
2025-12-11 12:30:36,304 - EXECUT - INFO - received weights from trainer sta3!
2025-12-11 12:30:42,927 - EXECUT - INFO - received weights from trainer sta4!
2025-12-11 12:30:50,407 - EXECUT - INFO - received weights from trainer sta5!
2025-12-11 12:30:52,006 - EXECUT - INFO - sent aggregated weights to trainers!
2025-12-11 12:31:08,307 - METRIC - INFO - {"loss": 2.2905592918395996, "accuracy": 0.1617647111415863, "energy_consumption": 0.06295936986967204, "selected": true, "host_energy_consumption": 0.046164557040000005, "client_name": "sta1"}
2025-12-11 12:31:13,310 - METRIC - INFO - {"loss": 2.2891876697540283, "accuracy": 0.3068844676017761, "energy_consumption": 0.05724845829211675, "selected": true, "host_energy_consumption": 0.03835152804, "client_name": "sta0"}
2025-12-11 12:31:23,470 - METRIC - INFO - {"loss": 2.2842235565185547, "accuracy": 0.18388791382312775, "energy_consumption": 0.1297373694191053, "selected": true, "host_energy_consumption": 0.04618615848, "client_name": "sta4"}
2025-12-11 12:31:31,071 - METRIC - INFO - {"loss": 2.2879750728607178, "accuracy": 0.15227538347244263, "energy_consumption": 0.1335424767024943, "selected": true, "host_energy_consumption": 0.048702067960000005, "client_name": "sta3"}
2025-12-11 12:31:33,512 - METRIC - INFO - {"loss": 2.2848803997039795, "accuracy": 0.29225024580955505, "energy_consumption": 0.16977588163714447, "selected": true, "host_energy_consumption": 0.06559236152, "client_name": "sta2"}
2025-12-11 12:31:35,373 - METRIC - INFO - {"loss": 2.291975259780884, "accuracy": 0.2189141809940338, "energy_consumption": 0.08012517065257208, "selected": true, "host_energy_consumption": 0.03164882252, "client_name": "sta5"}
2025-12-11 12:31:36,053 - METRIC - INFO - mean_accuracy: 0.21932948380708694

2025-12-11 12:31:36,053 - METRIC - INFO - round: 3
2025-12-11 12:31:36,053 - METRIC - INFO - n_selected: 6
2025-12-11 12:31:36,053 - METRIC - INFO - {"selected_trainers": ["sta0", "sta1", "sta2", "sta3", "sta4", "sta5"]}
2025-12-11 12:31:42,777 - EXECUT - INFO - received weights from trainer sta0!
2025-12-11 12:31:47,892 - EXECUT - INFO - received weights from trainer sta1!
2025-12-11 12:31:56,719 - EXECUT - INFO - received weights from trainer sta2!
2025-12-11 12:32:06,358 - EXECUT - INFO - received weights from trainer sta3!
2025-12-11 12:32:15,417 - EXECUT - INFO - received weights from trainer sta4!
2025-12-11 12:32:21,990 - EXECUT - INFO - received weights from trainer sta5!
2025-12-11 12:32:23,567 - EXECUT - INFO - sent aggregated weights to trainers!
2025-12-11 12:32:41,768 - METRIC - INFO - {"loss": 2.268787145614624, "accuracy": 0.37535014748573303, "energy_consumption": 0.09730117482824424, "selected": true, "host_energy_consumption": 0.06571113556000001, "client_name": "sta1"}
2025-12-11 12:32:41,886 - METRIC - INFO - {"loss": 2.2644739151000977, "accuracy": 0.45157524943351746, "energy_consumption": 0.1144771948995281, "selected": true, "host_energy_consumption": 0.05966312352, "client_name": "sta0"}
2025-12-11 12:32:47,324 - METRIC - INFO - {"loss": 2.2619595527648926, "accuracy": 0.42823803424835205, "energy_consumption": 0.17170803290672743, "selected": true, "host_energy_consumption": 0.07028320432, "client_name": "sta3"}
2025-12-11 12:32:47,774 - METRIC - INFO - {"loss": 2.2474396228790283, "accuracy": 0.46672505140304565, "energy_consumption": 0.16025665822099966, "selected": true, "host_energy_consumption": 0.07207430048, "client_name": "sta4"}
2025-12-11 12:32:50,463 - METRIC - INFO - {"loss": 2.2742300033569336, "accuracy": 0.44658493995666504, "energy_consumption": 0.08012517065257208, "selected": true, "host_energy_consumption": 0.04783153032, "client_name": "sta5"}
2025-12-11 12:33:02,604 - METRIC - INFO - {"loss": 2.251335620880127, "accuracy": 0.4883286654949188, "energy_consumption": 0.23084341627569477, "selected": true, "host_energy_consumption": 0.09064645268, "client_name": "sta2"}
2025-12-11 12:33:02,606 - METRIC - INFO - mean_accuracy: 0.4428003480037053

2025-12-11 12:33:02,607 - METRIC - INFO - round: 4
2025-12-11 12:33:02,607 - METRIC - INFO - n_selected: 6
2025-12-11 12:33:02,607 - METRIC - INFO - {"selected_trainers": ["sta0", "sta1", "sta2", "sta3", "sta4", "sta5"]}
2025-12-11 12:33:08,376 - EXECUT - INFO - received weights from trainer sta0!
2025-12-11 12:33:15,530 - EXECUT - INFO - received weights from trainer sta1!
2025-12-11 12:33:23,312 - EXECUT - INFO - received weights from trainer sta2!
2025-12-11 12:33:32,428 - EXECUT - INFO - received weights from trainer sta3!
2025-12-11 12:33:41,215 - EXECUT - INFO - received weights from trainer sta4!
2025-12-11 12:33:48,996 - EXECUT - INFO - received weights from trainer sta5!
2025-12-11 12:33:50,568 - EXECUT - INFO - sent aggregated weights to trainers!
2025-12-11 12:34:06,514 - METRIC - INFO - {"loss": 2.1692230701446533, "accuracy": 0.5554258823394775, "energy_consumption": 0.14309438149508366, "selected": true, "host_energy_consumption": 0.08029888580000001, "client_name": "sta0"}
2025-12-11 12:34:11,278 - METRIC - INFO - {"loss": 2.1890311241149902, "accuracy": 0.5168067216873169, "energy_consumption": 0.16025894877856045, "selected": true, "host_energy_consumption": 0.0844709852, "client_name": "sta1"}
2025-12-11 12:34:15,092 - METRIC - INFO - {"loss": 2.161715507507324, "accuracy": 0.5402567386627197, "energy_consumption": 0.20985376887346663, "selected": true, "host_energy_consumption": 0.09193080316, "client_name": "sta3"}
2025-12-11 12:34:16,977 - METRIC - INFO - {"loss": 2.0876760482788086, "accuracy": 0.5709282159805298, "energy_consumption": 0.21940443698751078, "selected": true, "host_energy_consumption": 0.09793774732, "client_name": "sta4"}
2025-12-11 12:34:16,987 - METRIC - INFO - {"loss": 2.2128398418426514, "accuracy": 0.5656742453575134, "energy_consumption": 0.10874286749724438, "selected": true, "host_energy_consumption": 0.06443198076000001, "client_name": "sta5"}
2025-12-11 12:34:28,989 - METRIC - INFO - {"loss": 2.112700939178467, "accuracy": 0.575630247592926, "energy_consumption": 0.26327206998864466, "selected": true, "host_energy_consumption": 0.11593154692, "client_name": "sta2"}
2025-12-11 12:34:29,609 - METRIC - INFO - mean_accuracy: 0.5541203419367472

2025-12-11 12:34:29,609 - METRIC - INFO - round: 5
2025-12-11 12:34:29,609 - METRIC - INFO - n_selected: 6
2025-12-11 12:34:29,609 - METRIC - INFO - {"selected_trainers": ["sta0", "sta1", "sta2", "sta3", "sta4", "sta5"]}
2025-12-11 12:34:35,102 - EXECUT - INFO - received weights from trainer sta0!
2025-12-11 12:34:40,960 - EXECUT - INFO - received weights from trainer sta1!
2025-12-11 12:34:49,313 - EXECUT - INFO - received weights from trainer sta2!
2025-12-11 12:34:57,506 - EXECUT - INFO - received weights from trainer sta3!
2025-12-11 12:35:07,151 - EXECUT - INFO - received weights from trainer sta4!
2025-12-11 12:35:15,388 - EXECUT - INFO - received weights from trainer sta5!
2025-12-11 12:35:16,967 - EXECUT - INFO - sent aggregated weights to trainers!
2025-12-11 12:35:34,382 - METRIC - INFO - {"loss": 1.7534886598587036, "accuracy": 0.5799300074577332, "energy_consumption": 0.17170477748557253, "selected": true, "host_energy_consumption": 0.10131419564000001, "client_name": "sta0"}
2025-12-11 12:35:35,181 - METRIC - INFO - {"loss": 1.826806664466858, "accuracy": 0.5609243512153625, "energy_consumption": 0.2232176494430052, "selected": true, "host_energy_consumption": 0.10354757672, "client_name": "sta1"}
2025-12-11 12:35:42,592 - METRIC - INFO - {"loss": 1.7330231666564941, "accuracy": 0.5758459568023682, "energy_consumption": 0.24800101174413902, "selected": true, "host_energy_consumption": 0.11267975152000001, "client_name": "sta3"}
2025-12-11 12:35:44,323 - METRIC - INFO - {"loss": 1.5538618564605713, "accuracy": 0.5849387049674988, "energy_consumption": 0.31860093136483303, "selected": true, "host_energy_consumption": 0.12330577784, "client_name": "sta4"}
2025-12-11 12:35:46,857 - METRIC - INFO - {"loss": 1.9242396354675293, "accuracy": 0.6077057719230652, "energy_consumption": 0.1373628103917668, "selected": true, "host_energy_consumption": 0.08023254344, "client_name": "sta5"}
2025-12-11 12:35:48,345 - METRIC - INFO - {"loss": 1.6035710573196411, "accuracy": 0.5887021422386169, "energy_consumption": 0.32431836332206726, "selected": true, "host_energy_consumption": 0.14090817020000002, "client_name": "sta2"}
2025-12-11 12:35:49,001 - METRIC - INFO - mean_accuracy: 0.5830078224341074

2025-12-11 12:35:49,001 - METRIC - INFO - round: 6
2025-12-11 12:35:49,001 - METRIC - INFO - n_selected: 6
2025-12-11 12:35:49,001 - METRIC - INFO - {"selected_trainers": ["sta0", "sta1", "sta2", "sta3", "sta4", "sta5"]}
2025-12-11 12:35:54,759 - EXECUT - INFO - received weights from trainer sta0!
2025-12-11 12:36:01,000 - EXECUT - INFO - received weights from trainer sta1!
2025-12-11 12:36:10,072 - EXECUT - INFO - received weights from trainer sta2!
2025-12-11 12:36:17,047 - EXECUT - INFO - received weights from trainer sta3!
2025-12-11 12:36:25,108 - EXECUT - INFO - received weights from trainer sta4!
2025-12-11 12:36:33,761 - EXECUT - INFO - received weights from trainer sta5!
2025-12-11 12:36:35,349 - EXECUT - INFO - sent aggregated weights to trainers!
2025-12-11 12:36:53,934 - METRIC - INFO - {"loss": 1.2115002870559692, "accuracy": 0.6709451675415039, "energy_consumption": 0.20032791380836698, "selected": true, "host_energy_consumption": 0.12247531604, "client_name": "sta0"}
2025-12-11 12:36:54,276 - METRIC - INFO - {"loss": 1.2702269554138184, "accuracy": 0.6498599648475647, "energy_consumption": 0.2575480445319221, "selected": true, "host_energy_consumption": 0.12255562144000001, "client_name": "sta1"}
2025-12-11 12:37:02,040 - METRIC - INFO - {"loss": 1.1334095001220703, "accuracy": 0.684407114982605, "energy_consumption": 0.3853752335951233, "selected": true, "host_energy_consumption": 0.16648402988000002, "client_name": "sta2"}
2025-12-11 12:37:02,546 - METRIC - INFO - {"loss": 1.1101709604263306, "accuracy": 0.6812609434127808, "energy_consumption": 0.3891745055996727, "selected": true, "host_energy_consumption": 0.14885039764000002, "client_name": "sta4"}
2025-12-11 12:37:04,934 - METRIC - INFO - {"loss": 1.202080249786377, "accuracy": 0.6680279970169067, "energy_consumption": 0.28614759494694975, "selected": true, "host_energy_consumption": 0.13394082996, "client_name": "sta3"}
2025-12-11 12:37:06,343 - METRIC - INFO - {"loss": 1.3305120468139648, "accuracy": 0.6725043654441833, "energy_consumption": 0.20604274524362176, "selected": true, "host_energy_consumption": 0.09601620392, "client_name": "sta5"}
2025-12-11 12:37:06,382 - METRIC - INFO - mean_accuracy: 0.6711675922075907

2025-12-11 12:37:06,382 - METRIC - INFO - round: 7
2025-12-11 12:37:06,382 - METRIC - INFO - n_selected: 6
2025-12-11 12:37:06,382 - METRIC - INFO - {"selected_trainers": ["sta0", "sta1", "sta2", "sta3", "sta4", "sta5"]}
2025-12-11 12:37:11,385 - EXECUT - INFO - received weights from trainer sta0!
2025-12-11 12:37:17,456 - EXECUT - INFO - received weights from trainer sta1!
2025-12-11 12:37:27,949 - EXECUT - INFO - received weights from trainer sta2!
2025-12-11 12:37:36,311 - EXECUT - INFO - received weights from trainer sta3!
2025-12-11 12:37:43,677 - EXECUT - INFO - received weights from trainer sta4!
2025-12-11 12:37:50,585 - EXECUT - INFO - received weights from trainer sta5!
2025-12-11 12:37:52,153 - EXECUT - INFO - sent aggregated weights to trainers!
2025-12-11 12:38:09,493 - METRIC - INFO - {"loss": 0.9250070452690125, "accuracy": 0.7386230826377869, "energy_consumption": 0.22894444709430636, "selected": true, "host_energy_consumption": 0.14298960452, "client_name": "sta0"}
2025-12-11 12:38:11,170 - METRIC - INFO - {"loss": 0.9707134962081909, "accuracy": 0.720588207244873, "energy_consumption": 0.28615476863624517, "selected": true, "host_energy_consumption": 0.14100580340000002, "client_name": "sta1"}
2025-12-11 12:38:18,140 - METRIC - INFO - {"loss": 0.8841953277587891, "accuracy": 0.7486864924430847, "energy_consumption": 0.4483208426342562, "selected": true, "host_energy_consumption": 0.17406764536000002, "client_name": "sta4"}
2025-12-11 12:38:19,343 - METRIC - INFO - {"loss": 0.9788955450057983, "accuracy": 0.7320490479469299, "energy_consumption": 0.24609705928866554, "selected": true, "host_energy_consumption": 0.1117937464, "client_name": "sta5"}
2025-12-11 12:38:20,993 - METRIC - INFO - {"loss": 0.9274553656578064, "accuracy": 0.7409568428993225, "energy_consumption": 0.32429850334554333, "selected": true, "host_energy_consumption": 0.156086511, "client_name": "sta3"}
2025-12-11 12:38:23,099 - METRIC - INFO - {"loss": 0.9003751277923584, "accuracy": 0.7432306408882141, "energy_consumption": 0.4559482578418182, "selected": true, "host_energy_consumption": 0.19153801856000002, "client_name": "sta2"}
2025-12-11 12:38:23,184 - METRIC - INFO - mean_accuracy: 0.7373557190100352

2025-12-11 12:38:23,184 - METRIC - INFO - round: 8
2025-12-11 12:38:23,184 - METRIC - INFO - n_selected: 6
2025-12-11 12:38:23,184 - METRIC - INFO - {"selected_trainers": ["sta0", "sta1", "sta2", "sta3", "sta4", "sta5"]}
2025-12-11 12:38:29,475 - EXECUT - INFO - received weights from trainer sta0!
2025-12-11 12:38:34,447 - EXECUT - INFO - received weights from trainer sta1!
2025-12-11 12:38:42,827 - EXECUT - INFO - received weights from trainer sta2!
2025-12-11 12:38:50,485 - EXECUT - INFO - received weights from trainer sta3!
2025-12-11 12:38:59,236 - EXECUT - INFO - received weights from trainer sta4!
2025-12-11 12:39:06,629 - EXECUT - INFO - received weights from trainer sta5!
2025-12-11 12:39:08,204 - EXECUT - INFO - sent aggregated weights to trainers!
2025-12-11 12:39:23,142 - METRIC - INFO - {"loss": 0.8088162541389465, "accuracy": 0.7661064267158508, "energy_consumption": 0.3491037904630839, "selected": true, "host_energy_consumption": 0.15968999620000002, "client_name": "sta1"}
2025-12-11 12:39:23,502 - METRIC - INFO - {"loss": 0.7614615559577942, "accuracy": 0.791131854057312, "energy_consumption": 0.25755495753319446, "selected": true, "host_energy_consumption": 0.1639187816, "client_name": "sta0"}
2025-12-11 12:39:33,884 - METRIC - INFO - {"loss": 0.7654467821121216, "accuracy": 0.7931839227676392, "energy_consumption": 0.5169961009973247, "selected": true, "host_energy_consumption": 0.21725644164000002, "client_name": "sta2"}
2025-12-11 12:39:34,022 - METRIC - INFO - {"loss": 0.7488889098167419, "accuracy": 0.7854641079902649, "energy_consumption": 0.5074554312226665, "selected": true, "host_energy_consumption": 0.20010616024, "client_name": "sta4"}
2025-12-11 12:39:35,039 - METRIC - INFO - {"loss": 0.7772114872932434, "accuracy": 0.7887981534004211, "energy_consumption": 0.3624499251723773, "selected": true, "host_energy_consumption": 0.17727097584, "client_name": "sta3"}
2025-12-11 12:39:36,184 - METRIC - INFO - {"loss": 0.7922582030296326, "accuracy": 0.7810857892036438, "energy_consumption": 0.31476189648908837, "selected": true, "host_energy_consumption": 0.12722775016, "client_name": "sta5"}
2025-12-11 12:39:36,234 - METRIC - INFO - mean_accuracy: 0.7842950423558553

2025-12-11 12:39:36,234 - METRIC - INFO - round: 9
2025-12-11 12:39:36,234 - METRIC - INFO - n_selected: 6
2025-12-11 12:39:36,234 - METRIC - INFO - {"selected_trainers": ["sta0", "sta1", "sta2", "sta3", "sta4", "sta5"]}
2025-12-11 12:39:41,369 - EXECUT - INFO - received weights from trainer sta0!
2025-12-11 12:39:46,532 - EXECUT - INFO - received weights from trainer sta1!
2025-12-11 12:39:54,552 - EXECUT - INFO - received weights from trainer sta2!
2025-12-11 12:40:03,907 - EXECUT - INFO - received weights from trainer sta3!
2025-12-11 12:40:10,278 - EXECUT - INFO - received weights from trainer sta4!
2025-12-11 12:40:16,794 - EXECUT - INFO - received weights from trainer sta5!
2025-12-11 12:40:18,365 - EXECUT - INFO - sent aggregated weights to trainers!
2025-12-11 12:40:33,364 - METRIC - INFO - {"loss": 0.7014431357383728, "accuracy": 0.8109243512153625, "energy_consumption": 0.4120733907480672, "selected": true, "host_energy_consumption": 0.17835824412, "client_name": "sta1"}
2025-12-11 12:40:35,082 - METRIC - INFO - {"loss": 0.6468780636787415, "accuracy": 0.8121353387832642, "energy_consumption": 0.3147780845794458, "selected": true, "host_energy_consumption": 0.18446222480000002, "client_name": "sta0"}
2025-12-11 12:40:45,281 - METRIC - INFO - {"loss": 0.6531822085380554, "accuracy": 0.803852915763855, "energy_consumption": 0.5379898701315111, "selected": true, "host_energy_consumption": 0.22578464412000002, "client_name": "sta4"}
2025-12-11 12:40:47,664 - METRIC - INFO - {"loss": 0.6710325479507446, "accuracy": 0.8126094341278076, "energy_consumption": 0.3548310109376376, "selected": true, "host_energy_consumption": 0.14321365128000002, "client_name": "sta5"}
2025-12-11 12:40:49,772 - METRIC - INFO - {"loss": 0.6738417148590088, "accuracy": 0.8191365003585815, "energy_consumption": 0.4311263884227664, "selected": true, "host_energy_consumption": 0.20044486420000002, "client_name": "sta3"}
2025-12-11 12:40:50,615 - METRIC - INFO - {"loss": 0.6691264510154724, "accuracy": 0.8169934749603271, "energy_consumption": 0.5494284933580074, "selected": true, "host_energy_consumption": 0.24254327888000002, "client_name": "sta2"}
2025-12-11 12:40:51,399 - METRIC - INFO - mean_accuracy: 0.812608669201533

2025-12-11 12:40:51,399 - METRIC - INFO - round: 10
2025-12-11 12:40:51,399 - METRIC - INFO - n_selected: 6
2025-12-11 12:40:51,399 - METRIC - INFO - {"selected_trainers": ["sta0", "sta1", "sta2", "sta3", "sta4", "sta5"]}
2025-12-11 12:41:32,836 - EXECUT - INFO - received weights from trainer sta0!
2025-12-11 12:41:36,939 - EXECUT - INFO - received weights from trainer sta1!
2025-12-11 12:41:45,849 - EXECUT - INFO - received weights from trainer sta2!
2025-12-11 12:41:53,628 - EXECUT - INFO - received weights from trainer sta3!
2025-12-11 12:42:01,074 - EXECUT - INFO - received weights from trainer sta4!
2025-12-11 12:42:08,618 - EXECUT - INFO - received weights from trainer sta5!
2025-12-11 12:42:10,200 - EXECUT - INFO - sent aggregated weights to trainers!
2025-12-11 12:42:25,884 - METRIC - INFO - {"loss": 0.6200413107872009, "accuracy": 0.8277310729026794, "energy_consumption": 0.4464114554693444, "selected": true, "host_energy_consumption": 0.19697689788, "client_name": "sta1"}
2025-12-11 12:42:27,742 - METRIC - INFO - {"loss": 0.5632845759391785, "accuracy": 0.8564760684967041, "energy_consumption": 0.34340959312061303, "selected": true, "host_energy_consumption": 0.20533066512, "client_name": "sta0"}
2025-12-11 12:42:35,164 - METRIC - INFO - {"loss": 0.5998808741569519, "accuracy": 0.833800196647644, "energy_consumption": 0.5818549550661858, "selected": true, "host_energy_consumption": 0.26748885016, "client_name": "sta2"}
2025-12-11 12:42:36,027 - METRIC - INFO - {"loss": 0.5992720127105713, "accuracy": 0.8372228741645813, "energy_consumption": 0.46928384899226006, "selected": true, "host_energy_consumption": 0.22185886240000002, "client_name": "sta3"}
2025-12-11 12:42:40,031 - METRIC - INFO - {"loss": 0.5784811973571777, "accuracy": 0.8450087308883667, "energy_consumption": 0.6085807976050004, "selected": true, "host_energy_consumption": 0.25150516888, "client_name": "sta4"}
2025-12-11 12:42:40,037 - METRIC - INFO - {"loss": 0.584339439868927, "accuracy": 0.8371278643608093, "energy_consumption": 0.3548310109376376, "selected": true, "host_energy_consumption": 0.15921561684000002, "client_name": "sta5"}
2025-12-11 12:42:40,232 - METRIC - INFO - mean_accuracy: 0.8395611345767975

2025-12-11 12:42:40,232 - METRIC - INFO - round: 11
2025-12-11 12:42:40,232 - METRIC - INFO - n_selected: 6
2025-12-11 12:42:40,232 - METRIC - INFO - {"selected_trainers": ["sta0", "sta1", "sta2", "sta3", "sta4", "sta5"]}
2025-12-11 12:42:46,990 - EXECUT - INFO - received weights from trainer sta0!
2025-12-11 12:42:52,630 - EXECUT - INFO - received weights from trainer sta1!
2025-12-11 12:43:00,320 - EXECUT - INFO - received weights from trainer sta2!
2025-12-11 12:43:08,188 - EXECUT - INFO - received weights from trainer sta3!
2025-12-11 12:43:16,498 - EXECUT - INFO - received weights from trainer sta4!
2025-12-11 12:43:23,893 - EXECUT - INFO - received weights from trainer sta5!
2025-12-11 12:43:25,471 - EXECUT - INFO - sent aggregated weights to trainers!
2025-12-11 12:43:44,726 - METRIC - INFO - {"loss": 0.5589473247528076, "accuracy": 0.843137264251709, "energy_consumption": 0.48074668282403815, "selected": true, "host_energy_consumption": 0.21622235376, "client_name": "sta1"}
2025-12-11 12:43:44,813 - METRIC - INFO - {"loss": 0.5000370144844055, "accuracy": 0.8704783916473389, "energy_consumption": 0.3720199589094403, "selected": true, "host_energy_consumption": 0.22625399776000002, "client_name": "sta0"}
2025-12-11 12:43:49,335 - METRIC - INFO - {"loss": 0.5230953693389893, "accuracy": 0.8598949313163757, "energy_consumption": 0.6391057643191844, "selected": true, "host_energy_consumption": 0.27647712652, "client_name": "sta4"}
2025-12-11 12:43:56,956 - METRIC - INFO - {"loss": 0.5408495664596558, "accuracy": 0.8523920774459839, "energy_consumption": 0.5074306960622149, "selected": true, "host_energy_consumption": 0.24330187868, "client_name": "sta3"}
2025-12-11 12:43:57,588 - METRIC - INFO - {"loss": 0.5147537589073181, "accuracy": 0.8511383533477783, "energy_consumption": 0.3948986248404991, "selected": true, "host_energy_consumption": 0.17492052816, "client_name": "sta5"}
2025-12-11 12:43:58,209 - METRIC - INFO - {"loss": 0.5449976921081543, "accuracy": 0.8459383845329285, "energy_consumption": 0.6428982488977917, "selected": true, "host_energy_consumption": 0.29254825656, "client_name": "sta2"}
2025-12-11 12:43:58,506 - METRIC - INFO - mean_accuracy: 0.8538299004236857

2025-12-11 12:43:58,506 - METRIC - INFO - round: 12
2025-12-11 12:43:58,506 - METRIC - INFO - n_selected: 6
2025-12-11 12:43:58,506 - METRIC - INFO - {"selected_trainers": ["sta0", "sta1", "sta2", "sta3", "sta4", "sta5"]}
2025-12-11 12:44:04,123 - EXECUT - INFO - received weights from trainer sta0!
2025-12-11 12:44:09,739 - EXECUT - INFO - received weights from trainer sta1!
2025-12-11 12:44:18,143 - EXECUT - INFO - received weights from trainer sta2!
2025-12-11 12:44:26,018 - EXECUT - INFO - received weights from trainer sta3!
2025-12-11 12:44:31,896 - EXECUT - INFO - received weights from trainer sta4!
2025-12-11 12:44:39,088 - EXECUT - INFO - received weights from trainer sta5!
2025-12-11 12:44:40,658 - EXECUT - INFO - sent aggregated weights to trainers!
2025-12-11 12:44:55,796 - METRIC - INFO - {"loss": 0.45416632294654846, "accuracy": 0.8844807744026184, "energy_consumption": 0.4290604215406081, "selected": true, "host_energy_consumption": 0.24674080592, "client_name": "sta0"}
2025-12-11 12:44:59,086 - METRIC - INFO - {"loss": 0.5113779902458191, "accuracy": 0.8620448112487793, "energy_consumption": 0.5150852657422389, "selected": true, "host_energy_consumption": 0.2350176304, "client_name": "sta1"}
2025-12-11 12:45:04,460 - METRIC - INFO - {"loss": 0.4790927469730377, "accuracy": 0.8695271611213684, "energy_consumption": 0.6696256587438627, "selected": true, "host_energy_consumption": 0.30172443504, "client_name": "sta4"}
2025-12-11 12:45:07,645 - METRIC - INFO - {"loss": 0.4640261232852936, "accuracy": 0.8669001460075378, "energy_consumption": 0.4235124415664997, "selected": true, "host_energy_consumption": 0.19063822232000002, "client_name": "sta5"}
2025-12-11 12:45:08,551 - METRIC - INFO - {"loss": 0.4965212345123291, "accuracy": 0.8640606999397278, "energy_consumption": 0.5455811323611602, "selected": true, "host_energy_consumption": 0.26440778168, "client_name": "sta3"}
2025-12-11 12:45:09,581 - METRIC - INFO - {"loss": 0.5027422904968262, "accuracy": 0.8585433959960938, "energy_consumption": 0.7134707644849294, "selected": true, "host_energy_consumption": 0.31772147988, "client_name": "sta2"}
2025-12-11 12:45:09,689 - METRIC - INFO - mean_accuracy: 0.8675928314526876

2025-12-11 12:45:09,689 - METRIC - INFO - round: 13
2025-12-11 12:45:09,689 - METRIC - INFO - n_selected: 6
2025-12-11 12:45:09,689 - METRIC - INFO - {"selected_trainers": ["sta0", "sta1", "sta2", "sta3", "sta4", "sta5"]}
2025-12-11 12:45:15,337 - EXECUT - INFO - received weights from trainer sta0!
2025-12-11 12:45:20,695 - EXECUT - INFO - received weights from trainer sta1!
2025-12-11 12:45:29,657 - EXECUT - INFO - received weights from trainer sta2!
2025-12-11 12:45:39,093 - EXECUT - INFO - received weights from trainer sta3!
2025-12-11 12:45:45,114 - EXECUT - INFO - received weights from trainer sta4!
2025-12-11 12:45:52,506 - EXECUT - INFO - received weights from trainer sta5!
2025-12-11 12:45:54,072 - EXECUT - INFO - sent aggregated weights to trainers!
2025-12-11 12:46:12,767 - METRIC - INFO - {"loss": 0.47338002920150757, "accuracy": 0.8669467568397522, "energy_consumption": 0.5780340984113073, "selected": true, "host_energy_consumption": 0.2543206792, "client_name": "sta1"}
2025-12-11 12:46:15,842 - METRIC - INFO - {"loss": 0.4179472029209137, "accuracy": 0.8973162174224854, "energy_consumption": 0.45767136910880135, "selected": true, "host_energy_consumption": 0.26793655, "client_name": "sta0"}
2025-12-11 12:46:17,881 - METRIC - INFO - {"loss": 0.44703635573387146, "accuracy": 0.8774080276489258, "energy_consumption": 0.7001466944734192, "selected": true, "host_energy_consumption": 0.32773131692, "client_name": "sta4"}
2025-12-11 12:46:21,437 - METRIC - INFO - {"loss": 0.46079057455062866, "accuracy": 0.8704783916473389, "energy_consumption": 0.6123493672366888, "selected": true, "host_energy_consumption": 0.28663793732000004, "client_name": "sta3"}
2025-12-11 12:46:22,712 - METRIC - INFO - {"loss": 0.4222295582294464, "accuracy": 0.8809106945991516, "energy_consumption": 0.46358107914671565, "selected": true, "host_energy_consumption": 0.20758313520000002, "client_name": "sta5"}
2025-12-11 12:46:22,773 - METRIC - INFO - {"loss": 0.46884939074516296, "accuracy": 0.8706815838813782, "energy_consumption": 0.7458964536664057, "selected": true, "host_energy_consumption": 0.34443369184, "client_name": "sta2"}
2025-12-11 12:46:23,102 - METRIC - INFO - mean_accuracy: 0.877290278673172

2025-12-11 12:46:23,102 - METRIC - INFO - round: 14
2025-12-11 12:46:23,102 - METRIC - INFO - n_selected: 6
2025-12-11 12:46:23,102 - METRIC - INFO - {"selected_trainers": ["sta0", "sta1", "sta2", "sta3", "sta4", "sta5"]}
2025-12-11 12:46:29,586 - EXECUT - INFO - received weights from trainer sta0!
2025-12-11 12:46:35,829 - EXECUT - INFO - received weights from trainer sta1!
2025-12-11 12:46:46,311 - EXECUT - INFO - received weights from trainer sta2!
2025-12-11 12:46:53,106 - EXECUT - INFO - received weights from trainer sta3!
2025-12-11 12:47:36,797 - EXECUT - INFO - received weights from trainer sta4!
2025-12-11 12:47:42,881 - EXECUT - INFO - received weights from trainer sta5!
2025-12-11 12:47:44,457 - EXECUT - INFO - sent aggregated weights to trainers!
2025-12-11 12:47:58,763 - METRIC - INFO - {"loss": 0.4433829188346863, "accuracy": 0.8739495873451233, "energy_consumption": 0.6123698900601964, "selected": true, "host_energy_consumption": 0.27306207152, "client_name": "sta1"}
2025-12-11 12:48:04,880 - METRIC - INFO - {"loss": 0.4175676703453064, "accuracy": 0.8826619982719421, "energy_consumption": 0.7592931332399162, "selected": true, "host_energy_consumption": 0.35394146396000004, "client_name": "sta4"}
2025-12-11 12:48:05,368 - METRIC - INFO - {"loss": 0.3915001451969147, "accuracy": 0.8973162174224854, "energy_consumption": 0.4862838871633738, "selected": true, "host_energy_consumption": 0.28884798824, "client_name": "sta0"}
2025-12-11 12:48:07,811 - METRIC - INFO - {"loss": 0.4418843388557434, "accuracy": 0.8744164109230042, "energy_consumption": 0.778320747213227, "selected": true, "host_energy_consumption": 0.36974295092000004, "client_name": "sta2"}
2025-12-11 12:48:09,272 - METRIC - INFO - {"loss": 0.3899342119693756, "accuracy": 0.8879159092903137, "energy_consumption": 0.5322519439628712, "selected": true, "host_energy_consumption": 0.22341299008, "client_name": "sta5"}
2025-12-11 12:48:10,042 - METRIC - INFO - {"loss": 0.4326591491699219, "accuracy": 0.8757292628288269, "energy_consumption": 0.6504966752793667, "selected": true, "host_energy_consumption": 0.30820299188, "client_name": "sta3"}
2025-12-11 12:48:10,485 - METRIC - INFO - mean_accuracy: 0.881998231013616

2025-12-11 12:48:10,485 - METRIC - INFO - round: 15
2025-12-11 12:48:10,485 - METRIC - INFO - n_selected: 6
2025-12-11 12:48:10,485 - METRIC - INFO - {"selected_trainers": ["sta0", "sta1", "sta2", "sta3", "sta4", "sta5"]}
2025-12-11 12:48:15,758 - EXECUT - INFO - received weights from trainer sta0!
2025-12-11 12:48:22,503 - EXECUT - INFO - received weights from trainer sta1!
2025-12-11 12:48:33,837 - EXECUT - INFO - received weights from trainer sta2!
2025-12-11 12:48:42,179 - EXECUT - INFO - received weights from trainer sta3!
2025-12-11 12:48:47,954 - EXECUT - INFO - received weights from trainer sta4!
2025-12-11 12:48:54,484 - EXECUT - INFO - received weights from trainer sta5!
2025-12-11 12:48:56,059 - EXECUT - INFO - sent aggregated weights to trainers!
2025-12-11 12:49:10,379 - METRIC - INFO - {"loss": 0.36900436878204346, "accuracy": 0.900816798210144, "energy_consumption": 0.5148952337114064, "selected": true, "host_energy_consumption": 0.309698228, "client_name": "sta0"}
2025-12-11 12:49:14,772 - METRIC - INFO - {"loss": 0.41833534836769104, "accuracy": 0.8816526532173157, "energy_consumption": 0.646714866193185, "selected": true, "host_energy_consumption": 0.29170830752000004, "client_name": "sta1"}
2025-12-11 12:49:25,255 - METRIC - INFO - {"loss": 0.4113367199897766, "accuracy": 0.8856475949287415, "energy_consumption": 0.6886530056709109, "selected": true, "host_energy_consumption": 0.32944041816, "client_name": "sta3"}
2025-12-11 12:49:28,425 - METRIC - INFO - {"loss": 0.417883038520813, "accuracy": 0.8846871852874756, "energy_consumption": 0.8393719109618958, "selected": true, "host_energy_consumption": 0.39490118696000004, "client_name": "sta2"}
2025-12-11 12:49:29,292 - METRIC - INFO - {"loss": 0.3943529427051544, "accuracy": 0.8914185762405396, "energy_consumption": 0.8184380046991551, "selected": true, "host_energy_consumption": 0.37878793120000004, "client_name": "sta4"}
2025-12-11 12:49:30,261 - METRIC - INFO - {"loss": 0.36125463247299194, "accuracy": 0.8949211835861206, "energy_consumption": 0.5723237288740874, "selected": true, "host_energy_consumption": 0.23895761568, "client_name": "sta5"}
2025-12-11 12:49:31,096 - METRIC - INFO - mean_accuracy: 0.8898573319117228

2025-12-11 12:49:31,096 - METRIC - INFO - round: 16
2025-12-11 12:49:31,096 - METRIC - INFO - n_selected: 6
2025-12-11 12:49:31,096 - METRIC - INFO - {"selected_trainers": ["sta0", "sta1", "sta2", "sta3", "sta4", "sta5"]}
2025-12-11 12:49:36,537 - EXECUT - INFO - received weights from trainer sta0!
2025-12-11 12:49:42,007 - EXECUT - INFO - received weights from trainer sta1!
2025-12-11 12:49:49,223 - EXECUT - INFO - received weights from trainer sta2!
2025-12-11 12:49:55,947 - EXECUT - INFO - received weights from trainer sta3!
2025-12-11 12:50:05,559 - EXECUT - INFO - received weights from trainer sta4!
2025-12-11 12:50:12,433 - EXECUT - INFO - received weights from trainer sta5!
2025-12-11 12:50:14,008 - EXECUT - INFO - sent aggregated weights to trainers!
2025-12-11 12:50:27,884 - METRIC - INFO - {"loss": 0.351811945438385, "accuracy": 0.9054842591285706, "energy_consumption": 0.5721614426324525, "selected": true, "host_energy_consumption": 0.33033011088, "client_name": "sta0"}
2025-12-11 12:50:32,806 - METRIC - INFO - {"loss": 0.3978419899940491, "accuracy": 0.8886554837226868, "energy_consumption": 0.681055730131578, "selected": true, "host_energy_consumption": 0.31050787348000003, "client_name": "sta1"}
2025-12-11 12:50:34,058 - METRIC - INFO - {"loss": 0.33877483010292053, "accuracy": 0.9019264578819275, "energy_consumption": 0.5723237288740874, "selected": true, "host_energy_consumption": 0.25500336512, "client_name": "sta5"}
2025-12-11 12:50:40,995 - METRIC - INFO - {"loss": 0.3757629692554474, "accuracy": 0.8975481390953064, "energy_consumption": 0.8775820956838858, "selected": true, "host_energy_consumption": 0.40409531036, "client_name": "sta4"}
2025-12-11 12:50:43,936 - METRIC - INFO - {"loss": 0.3990933299064636, "accuracy": 0.8870214819908142, "energy_consumption": 0.8717974475455053, "selected": true, "host_energy_consumption": 0.42031505236, "client_name": "sta2"}
2025-12-11 12:50:44,656 - METRIC - INFO - {"loss": 0.3928892910480499, "accuracy": 0.8914819359779358, "energy_consumption": 0.7268003296092008, "selected": true, "host_energy_consumption": 0.35091609308000005, "client_name": "sta3"}
2025-12-11 12:50:45,039 - METRIC - INFO - mean_accuracy: 0.8953529596328735

2025-12-11 12:50:45,039 - METRIC - INFO - round: 17
2025-12-11 12:50:45,039 - METRIC - INFO - n_selected: 6
2025-12-11 12:50:45,039 - METRIC - INFO - {"selected_trainers": ["sta0", "sta1", "sta2", "sta3", "sta4", "sta5"]}
2025-12-11 12:50:50,922 - EXECUT - INFO - received weights from trainer sta0!
2025-12-11 12:50:55,351 - EXECUT - INFO - received weights from trainer sta1!
2025-12-11 12:51:01,342 - EXECUT - INFO - received weights from trainer sta2!
2025-12-11 12:51:09,476 - EXECUT - INFO - received weights from trainer sta3!
2025-12-11 12:51:15,784 - EXECUT - INFO - received weights from trainer sta4!
2025-12-11 12:51:23,020 - EXECUT - INFO - received weights from trainer sta5!
2025-12-11 12:51:24,590 - EXECUT - INFO - sent aggregated weights to trainers!
2025-12-11 12:51:38,753 - METRIC - INFO - {"loss": 0.38169342279434204, "accuracy": 0.8900560140609741, "energy_consumption": 0.7440088005705681, "selected": true, "host_energy_consumption": 0.32960073468, "client_name": "sta1"}
2025-12-11 12:51:42,030 - METRIC - INFO - {"loss": 0.33431556820869446, "accuracy": 0.9031504988670349, "energy_consumption": 0.6007717734509367, "selected": true, "host_energy_consumption": 0.35106769404000004, "client_name": "sta0"}
2025-12-11 12:51:47,611 - METRIC - INFO - {"loss": 0.37457194924354553, "accuracy": 0.8949825167655945, "energy_consumption": 0.7935771512938526, "selected": true, "host_energy_consumption": 0.37249924572000004, "client_name": "sta3"}
2025-12-11 12:51:50,886 - METRIC - INFO - {"loss": 0.31944742798805237, "accuracy": 0.9089316725730896, "energy_consumption": 0.6123778632987273, "selected": true, "host_energy_consumption": 0.27075652072, "client_name": "sta5"}
2025-12-11 12:51:55,946 - METRIC - INFO - {"loss": 0.382906973361969, "accuracy": 0.893090546131134, "energy_consumption": 0.9328398909619169, "selected": true, "host_energy_consumption": 0.44609069232000004, "client_name": "sta2"}
2025-12-11 12:51:56,081 - METRIC - INFO - {"loss": 0.3623957633972168, "accuracy": 0.8949211835861206, "energy_consumption": 0.9367359577007706, "selected": true, "host_energy_consumption": 0.43013445720000004, "client_name": "sta4"}
2025-12-11 12:51:56,624 - METRIC - INFO - mean_accuracy: 0.8975220719973246

2025-12-11 12:51:56,624 - METRIC - INFO - round: 18
2025-12-11 12:51:56,624 - METRIC - INFO - n_selected: 6
2025-12-11 12:51:56,624 - METRIC - INFO - {"selected_trainers": ["sta0", "sta1", "sta2", "sta3", "sta4", "sta5"]}
2025-12-11 12:52:01,420 - EXECUT - INFO - received weights from trainer sta0!
2025-12-11 12:52:06,369 - EXECUT - INFO - received weights from trainer sta1!
2025-12-11 12:52:16,604 - EXECUT - INFO - received weights from trainer sta2!
2025-12-11 12:52:25,642 - EXECUT - INFO - received weights from trainer sta3!
2025-12-11 12:52:31,657 - EXECUT - INFO - received weights from trainer sta4!
2025-12-11 12:52:40,074 - EXECUT - INFO - received weights from trainer sta5!
2025-12-11 12:52:41,638 - EXECUT - INFO - sent aggregated weights to trainers!
2025-12-11 12:52:57,433 - METRIC - INFO - {"loss": 0.36620914936065674, "accuracy": 0.8956582546234131, "energy_consumption": 0.7783511332634303, "selected": true, "host_energy_consumption": 0.34841805684000005, "client_name": "sta1"}
2025-12-11 12:52:57,628 - METRIC - INFO - {"loss": 0.3213617503643036, "accuracy": 0.9078179597854614, "energy_consumption": 0.6293835316952962, "selected": true, "host_energy_consumption": 0.372264207, "client_name": "sta0"}
2025-12-11 12:53:08,625 - METRIC - INFO - {"loss": 0.3491911292076111, "accuracy": 0.9019264578819275, "energy_consumption": 0.9672603203817312, "selected": true, "host_energy_consumption": 0.45575854464000004, "client_name": "sta4"}
2025-12-11 12:53:09,611 - METRIC - INFO - {"loss": 0.3593083620071411, "accuracy": 0.8990665078163147, "energy_consumption": 0.8317244609260929, "selected": true, "host_energy_consumption": 0.39425873088, "client_name": "sta3"}
2025-12-11 12:53:10,400 - METRIC - INFO - {"loss": 0.36837324500083923, "accuracy": 0.8982259631156921, "energy_consumption": 0.965263947664132, "selected": true, "host_energy_consumption": 0.47138732172000003, "client_name": "sta2"}
2025-12-11 12:53:10,980 - METRIC - INFO - {"loss": 0.30605992674827576, "accuracy": 0.914185643196106, "energy_consumption": 0.652466631080854, "selected": true, "host_energy_consumption": 0.2865547076, "client_name": "sta5"}
2025-12-11 12:53:11,669 - METRIC - INFO - mean_accuracy: 0.9028134644031525

2025-12-11 12:53:11,669 - METRIC - INFO - round: 19
2025-12-11 12:53:11,669 - METRIC - INFO - n_selected: 6
2025-12-11 12:53:11,669 - METRIC - INFO - {"selected_trainers": ["sta0", "sta1", "sta2", "sta3", "sta4", "sta5"]}
2025-12-11 12:53:19,224 - EXECUT - INFO - received weights from trainer sta0!
2025-12-11 12:53:23,823 - EXECUT - INFO - received weights from trainer sta1!
2025-12-11 12:53:32,835 - EXECUT - INFO - received weights from trainer sta2!
2025-12-11 12:53:42,296 - EXECUT - INFO - received weights from trainer sta3!
2025-12-11 12:53:48,481 - EXECUT - INFO - received weights from trainer sta4!
2025-12-11 12:53:56,230 - EXECUT - INFO - received weights from trainer sta5!
2025-12-11 12:53:57,801 - EXECUT - INFO - sent aggregated weights to trainers!
2025-12-11 12:54:14,913 - METRIC - INFO - {"loss": 0.31155315041542053, "accuracy": 0.9054842591285706, "energy_consumption": 0.6866016754674608, "selected": true, "host_energy_consumption": 0.39301300164, "client_name": "sta0"}
2025-12-11 12:54:18,105 - METRIC - INFO - {"loss": 0.35184285044670105, "accuracy": 0.9019607901573181, "energy_consumption": 0.7783511332634303, "selected": true, "host_energy_consumption": 0.36710267692000004, "client_name": "sta1"}
2025-12-11 12:54:29,551 - METRIC - INFO - {"loss": 0.29318681359291077, "accuracy": 0.914185643196106, "energy_consumption": 0.6925213441057372, "selected": true, "host_energy_consumption": 0.3027801224, "client_name": "sta5"}
2025-12-11 12:54:29,721 - METRIC - INFO - {"loss": 0.35576051473617554, "accuracy": 0.9019607901573181, "energy_consumption": 1.026311902088915, "selected": true, "host_energy_consumption": 0.4976009388, "client_name": "sta2"}
2025-12-11 12:54:30,446 - METRIC - INFO - {"loss": 0.34891411662101746, "accuracy": 0.9019836783409119, "energy_consumption": 0.8984840724325945, "selected": true, "host_energy_consumption": 0.41648833968000004, "client_name": "sta3"}
2025-12-11 12:54:30,577 - METRIC - INFO - {"loss": 0.33471786975860596, "accuracy": 0.9054290652275085, "energy_consumption": 1.0264036134067867, "selected": true, "host_energy_consumption": 0.48169923732000003, "client_name": "sta4"}
2025-12-11 12:54:30,836 - METRIC - INFO - mean_accuracy: 0.9051673710346222

2025-12-11 12:54:30,836 - METRIC - INFO - round: 20
2025-12-11 12:54:30,836 - METRIC - INFO - n_selected: 6
2025-12-11 12:54:30,836 - METRIC - INFO - {"selected_trainers": ["sta0", "sta1", "sta2", "sta3", "sta4", "sta5"]}
2025-12-11 12:54:36,253 - EXECUT - INFO - received weights from trainer sta0!
2025-12-11 12:54:41,690 - EXECUT - INFO - received weights from trainer sta1!
2025-12-11 12:54:48,637 - EXECUT - INFO - received weights from trainer sta2!
2025-12-11 12:54:56,989 - EXECUT - INFO - received weights from trainer sta3!
2025-12-11 12:55:03,170 - EXECUT - INFO - received weights from trainer sta4!
2025-12-11 12:55:10,065 - EXECUT - INFO - received weights from trainer sta5!
2025-12-11 12:55:11,639 - EXECUT - INFO - sent aggregated weights to trainers!
2025-12-11 12:55:33,317 - METRIC - INFO - {"loss": 0.30189117789268494, "accuracy": 0.9078179597854614, "energy_consumption": 0.7152132238897547, "selected": true, "host_energy_consumption": 0.4133953054, "client_name": "sta0"}
2025-12-11 12:55:34,707 - METRIC - INFO - {"loss": 0.3407861292362213, "accuracy": 0.9019607901573181, "energy_consumption": 0.8126996270951592, "selected": true, "host_energy_consumption": 0.38574175248000003, "client_name": "sta1"}
2025-12-11 12:55:42,112 - METRIC - INFO - {"loss": 0.28033530712127686, "accuracy": 0.9229422211647034, "energy_consumption": 0.7325783874272089, "selected": true, "host_energy_consumption": 0.31887170728, "client_name": "sta5"}
2025-12-11 12:55:42,438 - METRIC - INFO - {"loss": 0.33844730257987976, "accuracy": 0.9037339687347412, "energy_consumption": 0.9366349840103109, "selected": true, "host_energy_consumption": 0.43818819856, "client_name": "sta3"}
2025-12-11 12:55:44,679 - METRIC - INFO - {"loss": 0.34582701325416565, "accuracy": 0.902427613735199, "energy_consumption": 1.1255010383878543, "selected": true, "host_energy_consumption": 0.52380076476, "client_name": "sta2"}
2025-12-11 12:55:44,687 - METRIC - INFO - {"loss": 0.32333672046661377, "accuracy": 0.9089316725730896, "energy_consumption": 1.0569318116987085, "selected": true, "host_energy_consumption": 0.5077946613600001, "client_name": "sta4"}
2025-12-11 12:55:45,675 - METRIC - INFO - mean_accuracy: 0.9079690376917521

2025-12-11 12:55:45,681 - METRIC - INFO - stop_condition: rounds
