2025-11-05 12:32:27,887 - EXECUT - INFO - starting server...
2025-11-05 12:32:36,353 - EXECUT - INFO - trainer number sta1 just joined the pool
2025-11-05 12:32:36,484 - EXECUT - INFO - trainer number sta4 just joined the pool
2025-11-05 12:32:36,528 - EXECUT - INFO - trainer number sta3 just joined the pool
2025-11-05 12:32:37,102 - EXECUT - INFO - trainer number sta0 just joined the pool
2025-11-05 12:32:37,162 - EXECUT - INFO - trainer number sta5 just joined the pool
2025-11-05 12:32:37,354 - EXECUT - INFO - trainer number sta2 just joined the pool
2025-11-05 12:32:37,910 - METRIC - INFO - round: 1
2025-11-05 12:32:37,910 - METRIC - INFO - n_selected: 6
2025-11-05 12:32:37,911 - METRIC - INFO - {"selected_trainers": ["sta1", "sta4", "sta3", "sta0", "sta5", "sta2"]}
2025-11-05 12:33:24,729 - EXECUT - INFO - received weights from trainer sta1!
2025-11-05 12:34:01,709 - EXECUT - INFO - received weights from trainer sta4!
2025-11-05 12:34:29,487 - EXECUT - INFO - received weights from trainer sta3!
2025-11-05 12:35:23,349 - EXECUT - INFO - received weights from trainer sta0!
2025-11-05 12:36:26,743 - EXECUT - INFO - received weights from trainer sta5!
2025-11-05 12:37:55,140 - EXECUT - INFO - received weights from trainer sta2!
2025-11-05 12:37:56,469 - EXECUT - INFO - sent aggregated weights to trainers!
2025-11-05 12:38:19,309 - METRIC - INFO - {"loss": 0.2540658414363861, "accuracy": 0.9218202829360962, "energy_consumption": 0.01213515658333333, "selected": true, "client_name": "sta0"}
2025-11-05 12:38:23,302 - METRIC - INFO - {"loss": 0.25985583662986755, "accuracy": 0.9256017208099365, "energy_consumption": 0.012521088000000005, "selected": true, "client_name": "sta1"}
2025-11-05 12:38:29,830 - METRIC - INFO - {"loss": 0.32903212308883667, "accuracy": 0.9070000052452087, "energy_consumption": 0.009427633000000001, "selected": true, "client_name": "sta4"}
2025-11-05 12:38:30,000 - METRIC - INFO - {"loss": 0.257988303899765, "accuracy": 0.9198755621910095, "energy_consumption": 0.015581534666666653, "selected": true, "client_name": "sta2"}
2025-11-05 12:38:30,169 - METRIC - INFO - {"loss": 0.3237680494785309, "accuracy": 0.9096638560295105, "energy_consumption": 0.005493455249999999, "selected": true, "client_name": "sta3"}
2025-11-05 12:38:30,802 - METRIC - INFO - {"loss": 0.26147547364234924, "accuracy": 0.920264482498169, "energy_consumption": 0.014644921250000002, "selected": true, "client_name": "sta5"}
2025-11-05 12:38:31,510 - METRIC - INFO - mean_accuracy: 0.917370984951655

2025-11-05 12:38:31,514 - METRIC - INFO - stop_condition: rounds
