2025-11-05 12:53:50,289 - EXECUT - INFO - starting server...
2025-11-05 12:54:00,514 - EXECUT - INFO - trainer number sta2 just joined the pool
2025-11-05 12:54:01,420 - EXECUT - INFO - trainer number sta5 just joined the pool
2025-11-05 12:54:01,518 - EXECUT - INFO - trainer number sta1 just joined the pool
2025-11-05 12:54:01,730 - EXECUT - INFO - trainer number sta3 just joined the pool
2025-11-05 12:54:01,776 - EXECUT - INFO - trainer number sta0 just joined the pool
2025-11-05 12:54:01,883 - EXECUT - INFO - trainer number sta4 just joined the pool
2025-11-05 12:54:02,321 - METRIC - INFO - round: 1
2025-11-05 12:54:02,322 - METRIC - INFO - n_selected: 6
2025-11-05 12:54:02,322 - METRIC - INFO - {"selected_trainers": ["sta2", "sta5", "sta1", "sta3", "sta0", "sta4"]}
2025-11-05 12:54:32,459 - EXECUT - INFO - received weights from trainer sta2!
2025-11-05 12:55:06,026 - EXECUT - INFO - received weights from trainer sta5!
2025-11-05 12:55:46,849 - EXECUT - INFO - received weights from trainer sta1!
2025-11-05 12:57:14,281 - EXECUT - INFO - received weights from trainer sta3!
2025-11-05 12:58:43,634 - EXECUT - INFO - received weights from trainer sta0!
2025-11-05 12:59:31,397 - EXECUT - INFO - received weights from trainer sta4!
2025-11-05 12:59:32,741 - EXECUT - INFO - sent aggregated weights to trainers!
2025-11-05 12:59:55,949 - METRIC - INFO - {"loss": 0.24881859123706818, "accuracy": 0.9324547052383423, "energy_consumption": 0.010820339250000003, "selected": true, "client_name": "sta1"}
2025-11-05 12:59:56,394 - METRIC - INFO - {"loss": 0.2792285978794098, "accuracy": 0.9197012186050415, "energy_consumption": 0.013987011833333333, "selected": true, "client_name": "sta0"}
2025-11-05 13:00:04,114 - METRIC - INFO - {"loss": 0.3486453592777252, "accuracy": 0.8949825167655945, "energy_consumption": 0.0073544405, "selected": true, "client_name": "sta5"}
2025-11-05 13:00:04,509 - METRIC - INFO - {"loss": 0.3224799633026123, "accuracy": 0.9173669219017029, "energy_consumption": 0.006565017500000003, "selected": true, "client_name": "sta2"}
2025-11-05 13:00:04,554 - METRIC - INFO - {"loss": 0.2597278356552124, "accuracy": 0.9245429635047913, "energy_consumption": 0.014029846833333316, "selected": true, "client_name": "sta3"}
2025-11-05 13:00:05,660 - METRIC - INFO - {"loss": 0.28540512919425964, "accuracy": 0.9190372228622437, "energy_consumption": 0.011359526916666661, "selected": true, "client_name": "sta4"}
2025-11-05 13:00:05,783 - METRIC - INFO - mean_accuracy: 0.918014258146286

2025-11-05 13:00:05,784 - METRIC - INFO - round: 2
2025-11-05 13:00:05,784 - METRIC - INFO - n_selected: 6
2025-11-05 13:00:05,784 - METRIC - INFO - {"selected_trainers": ["sta2", "sta5", "sta1", "sta3", "sta0", "sta4"]}
2025-11-05 13:00:34,082 - EXECUT - INFO - received weights from trainer sta2!
2025-11-05 13:01:06,345 - EXECUT - INFO - received weights from trainer sta5!
2025-11-05 13:01:46,296 - EXECUT - INFO - received weights from trainer sta1!
2025-11-05 13:02:33,624 - EXECUT - INFO - received weights from trainer sta3!
2025-11-05 13:03:30,880 - EXECUT - INFO - received weights from trainer sta0!
2025-11-05 13:04:59,552 - EXECUT - INFO - received weights from trainer sta4!
2025-11-05 13:05:00,866 - EXECUT - INFO - sent aggregated weights to trainers!
2025-11-05 13:05:25,649 - METRIC - INFO - {"loss": 0.3297731876373291, "accuracy": 0.9065074324607849, "energy_consumption": 0.02074859649999991, "selected": true, "client_name": "sta1"}
2025-11-05 13:05:26,492 - METRIC - INFO - {"loss": 0.369712233543396, "accuracy": 0.8935574293136597, "energy_consumption": 0.0263471389166667, "selected": true, "client_name": "sta0"}
2025-11-05 13:05:28,715 - METRIC - INFO - {"loss": 0.3135015070438385, "accuracy": 0.9144302010536194, "energy_consumption": 0.025577978583333313, "selected": true, "client_name": "sta3"}
2025-11-05 13:05:30,742 - METRIC - INFO - {"loss": 0.4449470639228821, "accuracy": 0.8704481720924377, "energy_consumption": 0.013359007166666662, "selected": true, "client_name": "sta2"}
2025-11-05 13:05:32,173 - METRIC - INFO - {"loss": 0.4400298595428467, "accuracy": 0.8722286820411682, "energy_consumption": 0.01399241749999999, "selected": true, "client_name": "sta5"}
2025-11-05 13:05:37,174 - METRIC - INFO - {"loss": 0.35679885745048523, "accuracy": 0.9028446674346924, "energy_consumption": 0.024610413666666664, "selected": true, "client_name": "sta4"}
2025-11-05 13:05:37,904 - METRIC - INFO - mean_accuracy: 0.8933360973993937

2025-11-05 13:05:37,904 - METRIC - INFO - round: 3
2025-11-05 13:05:37,905 - METRIC - INFO - n_selected: 6
2025-11-05 13:05:37,905 - METRIC - INFO - {"selected_trainers": ["sta2", "sta5", "sta1", "sta3", "sta0", "sta4"]}
2025-11-05 13:06:22,677 - EXECUT - INFO - received weights from trainer sta2!
2025-11-05 13:06:57,286 - EXECUT - INFO - received weights from trainer sta5!
2025-11-05 13:07:38,252 - EXECUT - INFO - received weights from trainer sta1!
2025-11-05 13:08:26,164 - EXECUT - INFO - received weights from trainer sta3!
2025-11-05 13:09:57,320 - EXECUT - INFO - received weights from trainer sta0!
2025-11-05 13:10:45,260 - EXECUT - INFO - received weights from trainer sta4!
2025-11-05 13:10:46,559 - EXECUT - INFO - sent aggregated weights to trainers!
2025-11-05 13:11:09,437 - METRIC - INFO - {"loss": 0.25711947679519653, "accuracy": 0.924369752407074, "energy_consumption": 0.04034320724999987, "selected": true, "client_name": "sta0"}
2025-11-05 13:11:12,007 - METRIC - INFO - {"loss": 0.23653656244277954, "accuracy": 0.9320428371429443, "energy_consumption": 0.03209345508333347, "selected": true, "client_name": "sta1"}
2025-11-05 13:11:14,092 - METRIC - INFO - {"loss": 0.2873833477497101, "accuracy": 0.9189031720161438, "energy_consumption": 0.020408114749999966, "selected": true, "client_name": "sta5"}
2025-11-05 13:11:21,806 - METRIC - INFO - {"loss": 0.2231101393699646, "accuracy": 0.92804354429245, "energy_consumption": 0.03733239608333333, "selected": true, "client_name": "sta3"}
2025-11-05 13:11:22,374 - METRIC - INFO - {"loss": 0.26342692971229553, "accuracy": 0.9292716979980469, "energy_consumption": 0.020958673833333306, "selected": true, "client_name": "sta2"}
2025-11-05 13:11:23,017 - METRIC - INFO - {"loss": 0.2568208575248718, "accuracy": 0.9264770150184631, "energy_consumption": 0.03644370191666667, "selected": true, "client_name": "sta4"}
2025-11-05 13:11:23,597 - METRIC - INFO - mean_accuracy: 0.9265180031458536

2025-11-05 13:11:23,598 - METRIC - INFO - round: 4
2025-11-05 13:11:23,598 - METRIC - INFO - n_selected: 6
2025-11-05 13:11:23,598 - METRIC - INFO - {"selected_trainers": ["sta2", "sta5", "sta1", "sta3", "sta0", "sta4"]}
2025-11-05 13:11:55,730 - EXECUT - INFO - received weights from trainer sta2!
2025-11-05 13:12:43,751 - EXECUT - INFO - received weights from trainer sta5!
2025-11-05 13:13:25,423 - EXECUT - INFO - received weights from trainer sta1!
2025-11-05 13:14:11,126 - EXECUT - INFO - received weights from trainer sta3!
2025-11-05 13:15:08,355 - EXECUT - INFO - received weights from trainer sta0!
2025-11-05 13:16:37,403 - EXECUT - INFO - received weights from trainer sta4!
2025-11-05 13:16:38,701 - EXECUT - INFO - sent aggregated weights to trainers!
2025-11-05 13:17:00,232 - METRIC - INFO - {"loss": 0.1773744523525238, "accuracy": 0.9460461139678955, "energy_consumption": 0.06633578925000025, "selected": true, "client_name": "sta1"}
2025-11-05 13:17:01,285 - METRIC - INFO - {"loss": 0.1911945641040802, "accuracy": 0.9449113011360168, "energy_consumption": 0.05325190233333323, "selected": true, "client_name": "sta0"}
2025-11-05 13:17:05,778 - METRIC - INFO - {"loss": 0.19971252977848053, "accuracy": 0.9422319531440735, "energy_consumption": 0.04939839466666664, "selected": true, "client_name": "sta4"}
2025-11-05 13:17:10,256 - METRIC - INFO - {"loss": 0.16680611670017242, "accuracy": 0.9474912285804749, "energy_consumption": 0.05189839758333337, "selected": true, "client_name": "sta3"}
2025-11-05 13:17:10,870 - METRIC - INFO - {"loss": 0.1914176344871521, "accuracy": 0.9495798349380493, "energy_consumption": 0.026575473666666658, "selected": true, "client_name": "sta2"}
2025-11-05 13:17:11,423 - METRIC - INFO - {"loss": 0.21523135900497437, "accuracy": 0.9358226656913757, "energy_consumption": 0.028337136499999926, "selected": true, "client_name": "sta5"}
2025-11-05 13:17:11,733 - METRIC - INFO - mean_accuracy: 0.9443471829096476

2025-11-05 13:17:11,733 - METRIC - INFO - round: 5
2025-11-05 13:17:11,734 - METRIC - INFO - n_selected: 6
2025-11-05 13:17:11,734 - METRIC - INFO - {"selected_trainers": ["sta2", "sta5", "sta1", "sta3", "sta0", "sta4"]}
2025-11-05 13:17:40,949 - EXECUT - INFO - received weights from trainer sta2!
2025-11-05 13:18:13,636 - EXECUT - INFO - received weights from trainer sta5!
2025-11-05 13:18:55,313 - EXECUT - INFO - received weights from trainer sta1!
2025-11-05 13:20:23,382 - EXECUT - INFO - received weights from trainer sta3!
2025-11-05 13:21:19,406 - EXECUT - INFO - received weights from trainer sta0!
2025-11-05 13:22:49,790 - EXECUT - INFO - received weights from trainer sta4!
2025-11-05 13:22:51,092 - EXECUT - INFO - sent aggregated weights to trainers!
2025-11-05 13:23:15,114 - METRIC - INFO - {"loss": 0.1481073796749115, "accuracy": 0.9570494890213013, "energy_consumption": 0.08778149458333298, "selected": true, "client_name": "sta0"}
2025-11-05 13:23:16,207 - METRIC - INFO - {"loss": 0.14013691246509552, "accuracy": 0.9600494503974915, "energy_consumption": 0.07720267366666675, "selected": true, "client_name": "sta1"}
2025-11-05 13:23:21,948 - METRIC - INFO - {"loss": 0.17411476373672485, "accuracy": 0.9509918093681335, "energy_consumption": 0.03512326791666655, "selected": true, "client_name": "sta5"}
2025-11-05 13:23:22,903 - METRIC - INFO - {"loss": 0.16504758596420288, "accuracy": 0.9544857740402222, "energy_consumption": 0.06354524100000004, "selected": true, "client_name": "sta4"}
2025-11-05 13:23:22,923 - METRIC - INFO - {"loss": 0.14682431519031525, "accuracy": 0.9593837261199951, "energy_consumption": 0.03524470474999997, "selected": true, "client_name": "sta2"}
2025-11-05 13:23:23,082 - METRIC - INFO - {"loss": 0.13270850479602814, "accuracy": 0.9576040506362915, "energy_consumption": 0.06776333541666671, "selected": true, "client_name": "sta3"}
2025-11-05 13:23:23,125 - METRIC - INFO - mean_accuracy: 0.9565940499305725

2025-11-05 13:23:23,126 - METRIC - INFO - round: 6
2025-11-05 13:23:23,126 - METRIC - INFO - n_selected: 6
2025-11-05 13:23:23,126 - METRIC - INFO - {"selected_trainers": ["sta2", "sta5", "sta1", "sta3", "sta0", "sta4"]}
2025-11-05 13:23:55,326 - EXECUT - INFO - received weights from trainer sta2!
2025-11-05 13:24:39,309 - EXECUT - INFO - received weights from trainer sta5!
2025-11-05 13:25:22,475 - EXECUT - INFO - received weights from trainer sta1!
2025-11-05 13:26:12,371 - EXECUT - INFO - received weights from trainer sta3!
2025-11-05 13:27:07,899 - EXECUT - INFO - received weights from trainer sta0!
2025-11-05 13:27:58,128 - EXECUT - INFO - received weights from trainer sta4!
2025-11-05 13:27:59,435 - EXECUT - INFO - sent aggregated weights to trainers!
2025-11-05 13:28:23,328 - METRIC - INFO - {"loss": 0.1223755031824112, "accuracy": 0.9621848464012146, "energy_consumption": 0.10082823849999958, "selected": true, "client_name": "sta0"}
2025-11-05 13:28:23,698 - METRIC - INFO - {"loss": 0.11770860105752945, "accuracy": 0.967051088809967, "energy_consumption": 0.08784507125000016, "selected": true, "client_name": "sta1"}
2025-11-05 13:28:29,324 - METRIC - INFO - {"loss": 0.11236844956874847, "accuracy": 0.9649941921234131, "energy_consumption": 0.08257225950000008, "selected": true, "client_name": "sta3"}
2025-11-05 13:28:30,515 - METRIC - INFO - {"loss": 0.14458785951137543, "accuracy": 0.9562426805496216, "energy_consumption": 0.0431434942499999, "selected": true, "client_name": "sta5"}
2025-11-05 13:28:31,622 - METRIC - INFO - {"loss": 0.13981284201145172, "accuracy": 0.9597374200820923, "energy_consumption": 0.07531698308333344, "selected": true, "client_name": "sta4"}
2025-11-05 13:28:31,646 - METRIC - INFO - {"loss": 0.11877255141735077, "accuracy": 0.9635854363441467, "energy_consumption": 0.048776752416666624, "selected": true, "client_name": "sta2"}
2025-11-05 13:28:32,468 - METRIC - INFO - mean_accuracy: 0.9622992773850759

2025-11-05 13:28:32,468 - METRIC - INFO - round: 7
2025-11-05 13:28:32,469 - METRIC - INFO - n_selected: 6
2025-11-05 13:28:32,469 - METRIC - INFO - {"selected_trainers": ["sta2", "sta5", "sta1", "sta3", "sta0", "sta4"]}
2025-11-05 13:29:01,050 - EXECUT - INFO - received weights from trainer sta2!
2025-11-05 13:29:35,249 - EXECUT - INFO - received weights from trainer sta5!
2025-11-05 13:30:16,513 - EXECUT - INFO - received weights from trainer sta1!
2025-11-05 13:31:04,378 - EXECUT - INFO - received weights from trainer sta3!
2025-11-05 13:31:59,970 - EXECUT - INFO - received weights from trainer sta0!
2025-11-05 13:33:29,114 - EXECUT - INFO - received weights from trainer sta4!
2025-11-05 13:33:30,407 - EXECUT - INFO - sent aggregated weights to trainers!
2025-11-05 13:33:55,110 - METRIC - INFO - {"loss": 0.09943442791700363, "accuracy": 0.9724052548408508, "energy_consumption": 0.1105780675833333, "selected": true, "client_name": "sta1"}
2025-11-05 13:33:56,294 - METRIC - INFO - {"loss": 0.10088934004306793, "accuracy": 0.9691876769065857, "energy_consumption": 0.1132030916666659, "selected": true, "client_name": "sta0"}
2025-11-05 13:33:58,950 - METRIC - INFO - {"loss": 0.10118553042411804, "accuracy": 0.970588207244873, "energy_consumption": 0.05654881974999998, "selected": true, "client_name": "sta2"}
2025-11-05 13:34:01,041 - METRIC - INFO - {"loss": 0.12424565851688385, "accuracy": 0.9620770215988159, "energy_consumption": 0.04978648324999978, "selected": true, "client_name": "sta5"}
2025-11-05 13:34:01,886 - METRIC - INFO - {"loss": 0.122616246342659, "accuracy": 0.9636761546134949, "energy_consumption": 0.08852241299999995, "selected": true, "client_name": "sta4"}
2025-11-05 13:34:03,200 - METRIC - INFO - {"loss": 0.09383151680231094, "accuracy": 0.9688836932182312, "energy_consumption": 0.09428663949999988, "selected": true, "client_name": "sta3"}
2025-11-05 13:34:03,441 - METRIC - INFO - mean_accuracy: 0.9678030014038086

2025-11-05 13:34:03,442 - METRIC - INFO - round: 8
2025-11-05 13:34:03,442 - METRIC - INFO - n_selected: 6
2025-11-05 13:34:03,442 - METRIC - INFO - {"selected_trainers": ["sta2", "sta5", "sta1", "sta3", "sta0", "sta4"]}
2025-11-05 13:34:36,491 - EXECUT - INFO - received weights from trainer sta2!
2025-11-05 13:35:10,900 - EXECUT - INFO - received weights from trainer sta5!
2025-11-05 13:35:55,966 - EXECUT - INFO - received weights from trainer sta1!
2025-11-05 13:36:44,681 - EXECUT - INFO - received weights from trainer sta3!
2025-11-05 13:37:40,423 - EXECUT - INFO - received weights from trainer sta0!
2025-11-05 13:39:09,985 - EXECUT - INFO - received weights from trainer sta4!
2025-11-05 13:39:11,280 - EXECUT - INFO - sent aggregated weights to trainers!
2025-11-05 13:39:35,073 - METRIC - INFO - {"loss": 0.0875847190618515, "accuracy": 0.9736408591270447, "energy_consumption": 0.12221020850000039, "selected": true, "client_name": "sta1"}
2025-11-05 13:39:35,404 - METRIC - INFO - {"loss": 0.08986750990152359, "accuracy": 0.9719887971878052, "energy_consumption": 0.14612196191666663, "selected": true, "client_name": "sta0"}
2025-11-05 13:39:42,581 - METRIC - INFO - {"loss": 0.11074776947498322, "accuracy": 0.9649941921234131, "energy_consumption": 0.056511505083333066, "selected": true, "client_name": "sta5"}
2025-11-05 13:39:43,777 - METRIC - INFO - {"loss": 0.08716386556625366, "accuracy": 0.9726890921592712, "energy_consumption": 0.0632251831666667, "selected": true, "client_name": "sta2"}
2025-11-05 13:39:45,023 - METRIC - INFO - {"loss": 0.08272337168455124, "accuracy": 0.9719953536987305, "energy_consumption": 0.10584222091666645, "selected": true, "client_name": "sta3"}
2025-11-05 13:39:45,933 - METRIC - INFO - {"loss": 0.11658471822738647, "accuracy": 0.9676148891448975, "energy_consumption": 0.1028645288333334, "selected": true, "client_name": "sta4"}
2025-11-05 13:39:46,316 - METRIC - INFO - mean_accuracy: 0.9704871972401937

2025-11-05 13:39:46,316 - METRIC - INFO - round: 9
2025-11-05 13:39:46,317 - METRIC - INFO - n_selected: 6
2025-11-05 13:39:46,317 - METRIC - INFO - {"selected_trainers": ["sta2", "sta5", "sta1", "sta3", "sta0", "sta4"]}
2025-11-05 13:40:15,390 - EXECUT - INFO - received weights from trainer sta2!
2025-11-05 13:40:46,075 - EXECUT - INFO - received weights from trainer sta5!
2025-11-05 13:41:31,717 - EXECUT - INFO - received weights from trainer sta1!
2025-11-05 13:42:20,164 - EXECUT - INFO - received weights from trainer sta3!
2025-11-05 13:43:50,307 - EXECUT - INFO - received weights from trainer sta0!
2025-11-05 13:44:39,674 - EXECUT - INFO - received weights from trainer sta4!
2025-11-05 13:44:40,963 - EXECUT - INFO - sent aggregated weights to trainers!
2025-11-05 13:45:06,413 - METRIC - INFO - {"loss": 0.07953871041536331, "accuracy": 0.9765238761901855, "energy_consumption": 0.13936809633333355, "selected": true, "client_name": "sta1"}
2025-11-05 13:45:08,118 - METRIC - INFO - {"loss": 0.0785294696688652, "accuracy": 0.9752567410469055, "energy_consumption": 0.1874241165000007, "selected": true, "client_name": "sta0"}
2025-11-05 13:45:09,113 - METRIC - INFO - {"loss": 0.07680432498455048, "accuracy": 0.9739400744438171, "energy_consumption": 0.12192252591666658, "selected": true, "client_name": "sta3"}
2025-11-05 13:45:10,861 - METRIC - INFO - {"loss": 0.09984588623046875, "accuracy": 0.967327892780304, "energy_consumption": 0.0630640419999997, "selected": true, "client_name": "sta5"}
2025-11-05 13:45:11,596 - METRIC - INFO - {"loss": 0.07635948807001114, "accuracy": 0.9754902124404907, "energy_consumption": 0.06976693783333321, "selected": true, "client_name": "sta2"}
2025-11-05 13:45:14,271 - METRIC - INFO - {"loss": 0.10376959294080734, "accuracy": 0.9684901237487793, "energy_consumption": 0.11487972166666664, "selected": true, "client_name": "sta4"}
2025-11-05 13:45:14,997 - METRIC - INFO - mean_accuracy: 0.9728381534417471

2025-11-05 13:45:14,997 - METRIC - INFO - round: 10
2025-11-05 13:45:14,998 - METRIC - INFO - n_selected: 6
2025-11-05 13:45:14,998 - METRIC - INFO - {"selected_trainers": ["sta2", "sta5", "sta1", "sta3", "sta0", "sta4"]}
2025-11-05 13:45:47,037 - EXECUT - INFO - received weights from trainer sta2!
2025-11-05 13:46:21,112 - EXECUT - INFO - received weights from trainer sta5!
2025-11-05 13:47:02,493 - EXECUT - INFO - received weights from trainer sta1!
2025-11-05 13:47:50,587 - EXECUT - INFO - received weights from trainer sta3!
2025-11-05 13:48:45,940 - EXECUT - INFO - received weights from trainer sta0!
2025-11-05 13:49:36,180 - EXECUT - INFO - received weights from trainer sta4!
2025-11-05 13:49:37,478 - EXECUT - INFO - sent aggregated weights to trainers!
2025-11-05 13:50:00,066 - METRIC - INFO - {"loss": 0.07567835599184036, "accuracy": 0.9781713485717773, "energy_consumption": 0.17356100116666692, "selected": true, "client_name": "sta1"}
2025-11-05 13:50:01,205 - METRIC - INFO - {"loss": 0.0726478099822998, "accuracy": 0.9766573309898376, "energy_consumption": 0.19982558100000172, "selected": true, "client_name": "sta0"}
2025-11-05 13:50:06,731 - METRIC - INFO - {"loss": 0.0700405091047287, "accuracy": 0.9770517349243164, "energy_consumption": 0.13334537399999974, "selected": true, "client_name": "sta3"}
2025-11-05 13:50:09,746 - METRIC - INFO - {"loss": 0.0930338129401207, "accuracy": 0.9702407121658325, "energy_consumption": 0.12651562975000008, "selected": true, "client_name": "sta4"}
2025-11-05 13:50:10,278 - METRIC - INFO - {"loss": 0.06863335520029068, "accuracy": 0.9775910377502441, "energy_consumption": 0.07985440841666658, "selected": true, "client_name": "sta2"}
2025-11-05 13:50:11,117 - METRIC - INFO - {"loss": 0.0905168354511261, "accuracy": 0.9684947729110718, "energy_consumption": 0.07363183508333292, "selected": true, "client_name": "sta5"}
2025-11-05 13:50:11,512 - METRIC - INFO - mean_accuracy: 0.9747011562188467

2025-11-05 13:50:11,512 - METRIC - INFO - round: 11
2025-11-05 13:50:11,513 - METRIC - INFO - n_selected: 6
2025-11-05 13:50:11,513 - METRIC - INFO - {"selected_trainers": ["sta2", "sta5", "sta1", "sta3", "sta0", "sta4"]}
2025-11-05 13:50:42,299 - EXECUT - INFO - received weights from trainer sta2!
2025-11-05 13:51:11,403 - EXECUT - INFO - received weights from trainer sta5!
2025-11-05 13:51:51,704 - EXECUT - INFO - received weights from trainer sta1!
2025-11-05 13:52:38,146 - EXECUT - INFO - received weights from trainer sta3!
2025-11-05 13:53:34,483 - EXECUT - INFO - received weights from trainer sta0!
2025-11-05 13:55:02,512 - EXECUT - INFO - received weights from trainer sta4!
2025-11-05 13:55:03,810 - EXECUT - INFO - sent aggregated weights to trainers!
2025-11-05 13:55:28,361 - METRIC - INFO - {"loss": 0.06723162531852722, "accuracy": 0.9789915680885315, "energy_consumption": 0.21181177616666927, "selected": true, "client_name": "sta0"}
2025-11-05 13:55:31,331 - METRIC - INFO - {"loss": 0.06943781673908234, "accuracy": 0.9769357442855835, "energy_consumption": 0.18494516433333338, "selected": true, "client_name": "sta1"}
2025-11-05 13:55:33,375 - METRIC - INFO - {"loss": 0.08614242821931839, "accuracy": 0.9696615934371948, "energy_consumption": 0.08030514033333296, "selected": true, "client_name": "sta5"}
2025-11-05 13:55:34,190 - METRIC - INFO - {"loss": 0.0665266215801239, "accuracy": 0.9789965152740479, "energy_consumption": 0.15006990891666638, "selected": true, "client_name": "sta3"}
2025-11-05 13:55:34,403 - METRIC - INFO - {"loss": 0.06412813812494278, "accuracy": 0.9789915680885315, "energy_consumption": 0.08711842041666662, "selected": true, "client_name": "sta2"}
2025-11-05 13:55:34,457 - METRIC - INFO - {"loss": 0.08573944866657257, "accuracy": 0.971991240978241, "energy_consumption": 0.14601935091666668, "selected": true, "client_name": "sta4"}
2025-11-05 13:55:34,841 - METRIC - INFO - mean_accuracy: 0.9759280383586884

2025-11-05 13:55:34,842 - METRIC - INFO - round: 12
2025-11-05 13:55:34,842 - METRIC - INFO - n_selected: 6
2025-11-05 13:55:34,842 - METRIC - INFO - {"selected_trainers": ["sta2", "sta5", "sta1", "sta3", "sta0", "sta4"]}
2025-11-05 13:56:06,040 - EXECUT - INFO - received weights from trainer sta2!
2025-11-05 13:56:39,542 - EXECUT - INFO - received weights from trainer sta5!
2025-11-05 13:57:19,241 - EXECUT - INFO - received weights from trainer sta1!
2025-11-05 13:58:08,454 - EXECUT - INFO - received weights from trainer sta3!
2025-11-05 13:59:37,530 - EXECUT - INFO - received weights from trainer sta0!
2025-11-05 14:00:27,298 - EXECUT - INFO - received weights from trainer sta4!
2025-11-05 14:00:28,595 - EXECUT - INFO - sent aggregated weights to trainers!
2025-11-05 14:00:53,196 - METRIC - INFO - {"loss": 0.06488987058401108, "accuracy": 0.9789950847625732, "energy_consumption": 0.21756422949999984, "selected": true, "client_name": "sta1"}
2025-11-05 14:00:54,009 - METRIC - INFO - {"loss": 0.06265337765216827, "accuracy": 0.9822595715522766, "energy_consumption": 0.22571390491667023, "selected": true, "client_name": "sta0"}
2025-11-05 14:00:58,801 - METRIC - INFO - {"loss": 0.06183365732431412, "accuracy": 0.9793854355812073, "energy_consumption": 0.16135231374999975, "selected": true, "client_name": "sta3"}
2025-11-05 14:00:58,951 - METRIC - INFO - {"loss": 0.061547134071588516, "accuracy": 0.9803921580314636, "energy_consumption": 0.09291991641666664, "selected": true, "client_name": "sta2"}
2025-11-05 14:01:00,243 - METRIC - INFO - {"loss": 0.07945713400840759, "accuracy": 0.9719953536987305, "energy_consumption": 0.08675627024999942, "selected": true, "client_name": "sta5"}
2025-11-05 14:01:00,440 - METRIC - INFO - {"loss": 0.08353530615568161, "accuracy": 0.9733041524887085, "energy_consumption": 0.15902205033333344, "selected": true, "client_name": "sta4"}
2025-11-05 14:01:00,626 - METRIC - INFO - mean_accuracy: 0.9777219593524933

2025-11-05 14:01:00,626 - METRIC - INFO - round: 13
2025-11-05 14:01:00,627 - METRIC - INFO - n_selected: 6
2025-11-05 14:01:00,627 - METRIC - INFO - {"selected_trainers": ["sta2", "sta5", "sta1", "sta3", "sta0", "sta4"]}
2025-11-05 14:01:48,637 - EXECUT - INFO - received weights from trainer sta2!
2025-11-05 14:02:23,161 - EXECUT - INFO - received weights from trainer sta5!
2025-11-05 14:03:05,626 - EXECUT - INFO - received weights from trainer sta1!
2025-11-05 14:03:54,191 - EXECUT - INFO - received weights from trainer sta3!
2025-11-05 14:04:51,712 - EXECUT - INFO - received weights from trainer sta0!
2025-11-05 14:05:40,890 - EXECUT - INFO - received weights from trainer sta4!
2025-11-05 14:05:42,182 - EXECUT - INFO - sent aggregated weights to trainers!
2025-11-05 14:06:06,686 - METRIC - INFO - {"loss": 0.060044653713703156, "accuracy": 0.9814662337303162, "energy_consumption": 0.227883735083333, "selected": true, "client_name": "sta1"}
2025-11-05 14:06:09,075 - METRIC - INFO - {"loss": 0.05755407363176346, "accuracy": 0.9827263951301575, "energy_consumption": 0.2385052853333375, "selected": true, "client_name": "sta0"}
2025-11-05 14:06:11,853 - METRIC - INFO - {"loss": 0.0576859675347805, "accuracy": 0.9809412956237793, "energy_consumption": 0.17293132141666628, "selected": true, "client_name": "sta3"}
2025-11-05 14:06:14,512 - METRIC - INFO - {"loss": 0.05775826796889305, "accuracy": 0.9803921580314636, "energy_consumption": 0.10121220441666656, "selected": true, "client_name": "sta2"}
2025-11-05 14:06:15,474 - METRIC - INFO - {"loss": 0.0765247717499733, "accuracy": 0.9750546813011169, "energy_consumption": 0.170629046, "selected": true, "client_name": "sta4"}
2025-11-05 14:06:16,949 - METRIC - INFO - {"loss": 0.07525663077831268, "accuracy": 0.9743290543556213, "energy_consumption": 0.09349343258333263, "selected": true, "client_name": "sta5"}
2025-11-05 14:06:17,217 - METRIC - INFO - mean_accuracy: 0.9791516363620758

2025-11-05 14:06:17,217 - METRIC - INFO - round: 14
2025-11-05 14:06:17,218 - METRIC - INFO - n_selected: 6
2025-11-05 14:06:17,218 - METRIC - INFO - {"selected_trainers": ["sta2", "sta5", "sta1", "sta3", "sta0", "sta4"]}
2025-11-05 14:07:06,416 - EXECUT - INFO - received weights from trainer sta2!
2025-11-05 14:07:54,860 - EXECUT - INFO - received weights from trainer sta5!
2025-11-05 14:08:34,450 - EXECUT - INFO - received weights from trainer sta1!
2025-11-05 14:09:21,778 - EXECUT - INFO - received weights from trainer sta3!
2025-11-05 14:10:18,636 - EXECUT - INFO - received weights from trainer sta0!
2025-11-05 14:11:47,684 - EXECUT - INFO - received weights from trainer sta4!
2025-11-05 14:11:48,981 - EXECUT - INFO - sent aggregated weights to trainers!
2025-11-05 14:12:15,078 - METRIC - INFO - {"loss": 0.05549216642975807, "accuracy": 0.983660101890564, "energy_consumption": 0.26950230291667154, "selected": true, "client_name": "sta0"}
2025-11-05 14:12:15,636 - METRIC - INFO - {"loss": 0.057742614299058914, "accuracy": 0.9806424975395203, "energy_consumption": 0.26136335991666637, "selected": true, "client_name": "sta1"}
2025-11-05 14:12:18,399 - METRIC - INFO - {"loss": 0.07213525474071503, "accuracy": 0.9754959344863892, "energy_consumption": 0.10147941174999923, "selected": true, "client_name": "sta5"}
2025-11-05 14:12:19,643 - METRIC - INFO - {"loss": 0.05465945228934288, "accuracy": 0.9817191958427429, "energy_consumption": 0.1869594703333332, "selected": true, "client_name": "sta3"}
2025-11-05 14:12:21,884 - METRIC - INFO - {"loss": 0.07291895151138306, "accuracy": 0.9759299755096436, "energy_consumption": 0.18376781466666675, "selected": true, "client_name": "sta4"}
2025-11-05 14:12:22,832 - METRIC - INFO - {"loss": 0.053623780608177185, "accuracy": 0.981792688369751, "energy_consumption": 0.10883917666666654, "selected": true, "client_name": "sta2"}
2025-11-05 14:12:23,015 - METRIC - INFO - mean_accuracy: 0.9798733989397684

2025-11-05 14:12:23,015 - METRIC - INFO - round: 15
2025-11-05 14:12:23,016 - METRIC - INFO - n_selected: 6
2025-11-05 14:12:23,016 - METRIC - INFO - {"selected_trainers": ["sta2", "sta5", "sta1", "sta3", "sta0", "sta4"]}
2025-11-05 14:13:11,176 - EXECUT - INFO - received weights from trainer sta2!
2025-11-05 14:13:57,920 - EXECUT - INFO - received weights from trainer sta5!
2025-11-05 14:14:37,328 - EXECUT - INFO - received weights from trainer sta1!
2025-11-05 14:15:25,516 - EXECUT - INFO - received weights from trainer sta3!
2025-11-05 14:16:21,387 - EXECUT - INFO - received weights from trainer sta0!
2025-11-05 14:17:09,695 - EXECUT - INFO - received weights from trainer sta4!
2025-11-05 14:17:10,986 - EXECUT - INFO - sent aggregated weights to trainers!
2025-11-05 14:17:36,266 - METRIC - INFO - {"loss": 0.05546102300286293, "accuracy": 0.9818781018257141, "energy_consumption": 0.2958783593333324, "selected": true, "client_name": "sta1"}
2025-11-05 14:17:37,101 - METRIC - INFO - {"loss": 0.05189405009150505, "accuracy": 0.9845938086509705, "energy_consumption": 0.28246455725000674, "selected": true, "client_name": "sta0"}
2025-11-05 14:17:40,054 - METRIC - INFO - {"loss": 0.05105256289243698, "accuracy": 0.981792688369751, "energy_consumption": 0.12388091208333318, "selected": true, "client_name": "sta2"}
2025-11-05 14:17:40,580 - METRIC - INFO - {"loss": 0.07043357193470001, "accuracy": 0.9768052697181702, "energy_consumption": 0.20071384200000048, "selected": true, "client_name": "sta4"}
2025-11-05 14:17:43,191 - METRIC - INFO - {"loss": 0.052646975964307785, "accuracy": 0.9824970960617065, "energy_consumption": 0.19881476833333317, "selected": true, "client_name": "sta3"}
2025-11-05 14:17:44,110 - METRIC - INFO - {"loss": 0.06871209293603897, "accuracy": 0.9749124646186829, "energy_consumption": 0.11294517708333256, "selected": true, "client_name": "sta5"}
2025-11-05 14:17:45,021 - METRIC - INFO - mean_accuracy: 0.9804132382074991

2025-11-05 14:17:45,021 - METRIC - INFO - round: 16
2025-11-05 14:17:45,022 - METRIC - INFO - n_selected: 6
2025-11-05 14:17:45,022 - METRIC - INFO - {"selected_trainers": ["sta2", "sta5", "sta1", "sta3", "sta0", "sta4"]}
2025-11-05 14:18:12,437 - EXECUT - INFO - received weights from trainer sta2!
2025-11-05 14:18:59,775 - EXECUT - INFO - received weights from trainer sta5!
2025-11-05 14:19:44,351 - EXECUT - INFO - received weights from trainer sta1!
2025-11-05 14:20:30,636 - EXECUT - INFO - received weights from trainer sta3!
2025-11-05 14:21:26,650 - EXECUT - INFO - received weights from trainer sta0!
2025-11-05 14:22:15,515 - EXECUT - INFO - received weights from trainer sta4!
2025-11-05 14:22:16,813 - EXECUT - INFO - sent aggregated weights to trainers!
2025-11-05 14:22:39,986 - METRIC - INFO - {"loss": 0.05271536111831665, "accuracy": 0.9839373826980591, "energy_consumption": 0.3222172124166657, "selected": true, "client_name": "sta1"}
2025-11-05 14:22:40,921 - METRIC - INFO - {"loss": 0.04959394410252571, "accuracy": 0.9841269850730896, "energy_consumption": 0.29535085616667367, "selected": true, "client_name": "sta0"}
2025-11-05 14:22:46,121 - METRIC - INFO - {"loss": 0.06903982162475586, "accuracy": 0.9749124646186829, "energy_consumption": 0.12053031641666594, "selected": true, "client_name": "sta5"}
2025-11-05 14:22:47,101 - METRIC - INFO - {"loss": 0.05996163934469223, "accuracy": 0.9770517349243164, "energy_consumption": 0.21575383183333313, "selected": true, "client_name": "sta3"}
2025-11-05 14:22:47,157 - METRIC - INFO - {"loss": 0.0650159940123558, "accuracy": 0.9781181812286377, "energy_consumption": 0.21650980391666724, "selected": true, "client_name": "sta4"}
2025-11-05 14:22:49,593 - METRIC - INFO - {"loss": 0.04869362711906433, "accuracy": 0.9831932783126831, "energy_consumption": 0.13540250158333333, "selected": true, "client_name": "sta2"}
2025-11-05 14:22:49,847 - METRIC - INFO - mean_accuracy: 0.9802233378092448

2025-11-05 14:22:49,847 - METRIC - INFO - round: 17
2025-11-05 14:22:49,848 - METRIC - INFO - n_selected: 6
2025-11-05 14:22:49,848 - METRIC - INFO - {"selected_trainers": ["sta2", "sta5", "sta1", "sta3", "sta0", "sta4"]}
2025-11-05 14:23:20,491 - EXECUT - INFO - received weights from trainer sta2!
2025-11-05 14:23:52,675 - EXECUT - INFO - received weights from trainer sta5!
2025-11-05 14:24:33,797 - EXECUT - INFO - received weights from trainer sta1!
2025-11-05 14:25:19,421 - EXECUT - INFO - received weights from trainer sta3!
2025-11-05 14:26:16,831 - EXECUT - INFO - received weights from trainer sta0!
2025-11-05 14:27:06,043 - EXECUT - INFO - received weights from trainer sta4!
2025-11-05 14:27:07,340 - EXECUT - INFO - sent aggregated weights to trainers!
2025-11-05 14:27:31,631 - METRIC - INFO - {"loss": 0.04933050274848938, "accuracy": 0.9841269850730896, "energy_consumption": 0.3076211135000083, "selected": true, "client_name": "sta0"}
2025-11-05 14:27:33,303 - METRIC - INFO - {"loss": 0.05072372406721115, "accuracy": 0.9851729869842529, "energy_consumption": 0.33608072316666593, "selected": true, "client_name": "sta1"}
2025-11-05 14:27:36,341 - METRIC - INFO - {"loss": 0.0640077069401741, "accuracy": 0.9772462248802185, "energy_consumption": 0.12720057658333234, "selected": true, "client_name": "sta5"}
2025-11-05 14:27:36,733 - METRIC - INFO - {"loss": 0.04669632762670517, "accuracy": 0.9845938086509705, "energy_consumption": 0.14000055183333338, "selected": true, "client_name": "sta2"}
2025-11-05 14:27:37,790 - METRIC - INFO - {"loss": 0.06537504494190216, "accuracy": 0.9785557985305786, "energy_consumption": 0.22920845308333443, "selected": true, "client_name": "sta4"}
2025-11-05 14:27:38,362 - METRIC - INFO - {"loss": 0.05524568259716034, "accuracy": 0.9813302159309387, "energy_consumption": 0.2273202783333333, "selected": true, "client_name": "sta3"}
2025-11-05 14:27:38,372 - METRIC - INFO - mean_accuracy: 0.9818376700083414

2025-11-05 14:27:38,372 - METRIC - INFO - round: 18
2025-11-05 14:27:38,373 - METRIC - INFO - n_selected: 6
2025-11-05 14:27:38,373 - METRIC - INFO - {"selected_trainers": ["sta2", "sta5", "sta1", "sta3", "sta0", "sta4"]}
2025-11-05 14:28:06,804 - EXECUT - INFO - received weights from trainer sta2!
2025-11-05 14:28:37,775 - EXECUT - INFO - received weights from trainer sta5!
2025-11-05 14:29:22,334 - EXECUT - INFO - received weights from trainer sta1!
2025-11-05 14:30:11,208 - EXECUT - INFO - received weights from trainer sta3!
2025-11-05 14:31:08,876 - EXECUT - INFO - received weights from trainer sta0!
2025-11-05 14:32:37,830 - EXECUT - INFO - received weights from trainer sta4!
2025-11-05 14:32:39,132 - EXECUT - INFO - sent aggregated weights to trainers!
2025-11-05 14:33:05,265 - METRIC - INFO - {"loss": 0.050018131732940674, "accuracy": 0.9851729869842529, "energy_consumption": 0.3654042422499989, "selected": true, "client_name": "sta1"}
2025-11-05 14:33:05,976 - METRIC - INFO - {"loss": 0.04711633920669556, "accuracy": 0.9845938086509705, "energy_consumption": 0.32040376283334304, "selected": true, "client_name": "sta0"}
2025-11-05 14:33:11,579 - METRIC - INFO - {"loss": 0.04502226412296295, "accuracy": 0.9838935732841492, "energy_consumption": 0.15078241216666677, "selected": true, "client_name": "sta2"}
2025-11-05 14:33:15,474 - METRIC - INFO - {"loss": 0.06407773494720459, "accuracy": 0.97782963514328, "energy_consumption": 0.13459075583333274, "selected": true, "client_name": "sta5"}
2025-11-05 14:33:15,701 - METRIC - INFO - {"loss": 0.04753662645816803, "accuracy": 0.982886016368866, "energy_consumption": 0.2393244374166667, "selected": true, "client_name": "sta3"}
2025-11-05 14:33:15,736 - METRIC - INFO - {"loss": 0.0619717538356781, "accuracy": 0.9807440042495728, "energy_consumption": 0.24509292158333468, "selected": true, "client_name": "sta4"}
2025-11-05 14:33:16,168 - METRIC - INFO - mean_accuracy: 0.9825200041135153

2025-11-05 14:33:16,168 - METRIC - INFO - round: 19
2025-11-05 14:33:16,169 - METRIC - INFO - n_selected: 6
2025-11-05 14:33:16,169 - METRIC - INFO - {"selected_trainers": ["sta2", "sta5", "sta1", "sta3", "sta0", "sta4"]}
2025-11-05 14:34:03,700 - EXECUT - INFO - received weights from trainer sta2!
2025-11-05 14:34:51,695 - EXECUT - INFO - received weights from trainer sta5!
2025-11-05 14:35:34,514 - EXECUT - INFO - received weights from trainer sta1!
2025-11-05 14:36:22,619 - EXECUT - INFO - received weights from trainer sta3!
2025-11-05 14:37:19,775 - EXECUT - INFO - received weights from trainer sta0!
2025-11-05 14:38:08,100 - EXECUT - INFO - received weights from trainer sta4!
2025-11-05 14:38:09,389 - EXECUT - INFO - sent aggregated weights to trainers!
2025-11-05 14:38:33,578 - METRIC - INFO - {"loss": 0.04702538624405861, "accuracy": 0.9855848550796509, "energy_consumption": 0.37517317733333166, "selected": true, "client_name": "sta1"}
2025-11-05 14:38:35,006 - METRIC - INFO - {"loss": 0.0445503368973732, "accuracy": 0.985527515411377, "energy_consumption": 0.35298478858334514, "selected": true, "client_name": "sta0"}
2025-11-05 14:38:39,136 - METRIC - INFO - {"loss": 0.04682670161128044, "accuracy": 0.9836639165878296, "energy_consumption": 0.25646213491666686, "selected": true, "client_name": "sta3"}
2025-11-05 14:38:41,382 - METRIC - INFO - {"loss": 0.043792542070150375, "accuracy": 0.9852941036224365, "energy_consumption": 0.15863386675000035, "selected": true, "client_name": "sta2"}
2025-11-05 14:38:44,165 - METRIC - INFO - {"loss": 0.0610819011926651, "accuracy": 0.9784130454063416, "energy_consumption": 0.14224224466666607, "selected": true, "client_name": "sta5"}
2025-11-05 14:38:44,861 - METRIC - INFO - {"loss": 0.060369379818439484, "accuracy": 0.9811816215515137, "energy_consumption": 0.25782126025000146, "selected": true, "client_name": "sta4"}
2025-11-05 14:38:45,424 - METRIC - INFO - mean_accuracy: 0.9832775096098582

2025-11-05 14:38:45,424 - METRIC - INFO - round: 20
2025-11-05 14:38:45,425 - METRIC - INFO - n_selected: 6
2025-11-05 14:38:45,425 - METRIC - INFO - {"selected_trainers": ["sta2", "sta5", "sta1", "sta3", "sta0", "sta4"]}
2025-11-05 14:39:15,250 - EXECUT - INFO - received weights from trainer sta2!
2025-11-05 14:39:47,319 - EXECUT - INFO - received weights from trainer sta5!
2025-11-05 14:40:33,265 - EXECUT - INFO - received weights from trainer sta1!
2025-11-05 14:41:20,408 - EXECUT - INFO - received weights from trainer sta3!
2025-11-05 14:42:17,145 - EXECUT - INFO - received weights from trainer sta0!
2025-11-05 14:43:07,100 - EXECUT - INFO - received weights from trainer sta4!
2025-11-05 14:43:08,396 - EXECUT - INFO - sent aggregated weights to trainers!
2025-11-05 14:43:33,015 - METRIC - INFO - {"loss": 0.046619947999715805, "accuracy": 0.9855848550796509, "energy_consumption": 0.3881682404999983, "selected": true, "client_name": "sta1"}
2025-11-05 14:43:35,335 - METRIC - INFO - {"loss": 0.04377287998795509, "accuracy": 0.9850606918334961, "energy_consumption": 0.3653494943333465, "selected": true, "client_name": "sta0"}
2025-11-05 14:43:37,296 - METRIC - INFO - {"loss": 0.04284214600920677, "accuracy": 0.9845938086509705, "energy_consumption": 0.16532829241666702, "selected": true, "client_name": "sta2"}
2025-11-05 14:43:38,071 - METRIC - INFO - {"loss": 0.061911579221487045, "accuracy": 0.9807468056678772, "energy_consumption": 0.14912589083333255, "selected": true, "client_name": "sta5"}
2025-11-05 14:43:38,948 - METRIC - INFO - {"loss": 0.04499148949980736, "accuracy": 0.9832749962806702, "energy_consumption": 0.2710186655833335, "selected": true, "client_name": "sta3"}
2025-11-05 14:43:40,189 - METRIC - INFO - {"loss": 0.057321541011333466, "accuracy": 0.9811816215515137, "energy_consumption": 0.2695437795000016, "selected": true, "client_name": "sta4"}
2025-11-05 14:43:40,430 - METRIC - INFO - mean_accuracy: 0.9834071298440298

2025-11-05 14:43:40,434 - METRIC - INFO - stop_condition: rounds
