2025-11-04 22:32:23,528 - EXECUT - INFO - starting server...
2025-11-04 22:32:29,575 - EXECUT - INFO - trainer number sta2 just joined the pool
2025-11-04 22:32:29,575 - EXECUT - INFO - trainer number sta3 just joined the pool
2025-11-04 22:32:29,934 - EXECUT - INFO - trainer number sta1 just joined the pool
2025-11-04 22:32:29,936 - EXECUT - INFO - trainer number sta0 just joined the pool
2025-11-04 22:32:29,979 - EXECUT - INFO - trainer number sta4 just joined the pool
2025-11-04 22:32:29,979 - EXECUT - INFO - trainer number sta5 just joined the pool
2025-11-04 22:32:30,541 - METRIC - INFO - round: 1
2025-11-04 22:32:30,542 - METRIC - INFO - n_selected: 6
2025-11-04 22:32:30,542 - METRIC - INFO - {"selected_trainers": ["sta2", "sta3", "sta1", "sta0", "sta4", "sta5"]}
2025-11-04 22:33:18,556 - EXECUT - INFO - received weights from trainer sta2!
2025-11-04 22:33:55,739 - EXECUT - INFO - received weights from trainer sta3!
2025-11-04 22:34:32,699 - EXECUT - INFO - received weights from trainer sta1!
2025-11-04 22:35:19,715 - EXECUT - INFO - received weights from trainer sta0!
2025-11-04 22:36:09,199 - EXECUT - INFO - received weights from trainer sta4!
2025-11-04 22:37:36,522 - EXECUT - INFO - received weights from trainer sta5!
2025-11-04 22:37:37,859 - EXECUT - INFO - sent aggregated weights to trainers!
2025-11-04 22:38:01,935 - METRIC - INFO - {"loss": 0.3035160005092621, "accuracy": 0.9126983880996704, "energy_consumption": 0.03282727516666668, "selected": true, "client_name": "sta0"}
2025-11-04 22:38:03,942 - METRIC - INFO - {"loss": 0.2863622307777405, "accuracy": 0.9178338050842285, "energy_consumption": 0.008788097500000005, "selected": true, "client_name": "sta1"}
2025-11-04 22:38:06,712 - METRIC - INFO - {"loss": 0.28699949383735657, "accuracy": 0.9173669219017029, "energy_consumption": 0.016028667750000003, "selected": true, "client_name": "sta4"}
2025-11-04 22:38:06,961 - METRIC - INFO - {"loss": 0.2812095880508423, "accuracy": 0.9215686321258545, "energy_consumption": 0.01770496958333332, "selected": true, "client_name": "sta5"}
2025-11-04 22:38:07,933 - METRIC - INFO - {"loss": 0.2843829393386841, "accuracy": 0.9178338050842285, "energy_consumption": 0.009345864166666667, "selected": true, "client_name": "sta3"}
2025-11-04 22:38:12,305 - METRIC - INFO - {"loss": 0.2800185978412628, "accuracy": 0.920634925365448, "energy_consumption": 0.017328731583333333, "selected": true, "client_name": "sta2"}
2025-11-04 22:38:12,901 - METRIC - INFO - mean_accuracy: 0.9179894129435221

2025-11-04 22:38:12,901 - METRIC - INFO - round: 2
2025-11-04 22:38:12,901 - METRIC - INFO - n_selected: 6
2025-11-04 22:38:12,901 - METRIC - INFO - {"selected_trainers": ["sta2", "sta3", "sta1", "sta0", "sta4", "sta5"]}
2025-11-04 22:38:54,030 - EXECUT - INFO - received weights from trainer sta2!
2025-11-04 22:39:41,413 - EXECUT - INFO - received weights from trainer sta3!
2025-11-04 22:40:27,932 - EXECUT - INFO - received weights from trainer sta1!
2025-11-04 22:41:15,594 - EXECUT - INFO - received weights from trainer sta0!
2025-11-04 22:42:02,312 - EXECUT - INFO - received weights from trainer sta4!
2025-11-04 22:42:52,082 - EXECUT - INFO - received weights from trainer sta5!
2025-11-04 22:42:53,390 - EXECUT - INFO - sent aggregated weights to trainers!
2025-11-04 22:43:19,646 - METRIC - INFO - {"loss": 0.3936508297920227, "accuracy": 0.8874883055686951, "energy_consumption": 0.024083591333333428, "selected": true, "client_name": "sta1"}
2025-11-04 22:43:20,619 - METRIC - INFO - {"loss": 0.4061525762081146, "accuracy": 0.8870214819908142, "energy_consumption": 0.043742010333333345, "selected": true, "client_name": "sta0"}
2025-11-04 22:43:22,653 - METRIC - INFO - {"loss": 0.384976327419281, "accuracy": 0.8856208920478821, "energy_consumption": 0.02950621574999998, "selected": true, "client_name": "sta5"}
2025-11-04 22:43:26,779 - METRIC - INFO - {"loss": 0.4014416038990021, "accuracy": 0.8818860650062561, "energy_consumption": 0.027452301500000005, "selected": true, "client_name": "sta4"}
2025-11-04 22:43:27,133 - METRIC - INFO - {"loss": 0.38678428530693054, "accuracy": 0.8846871852874756, "energy_consumption": 0.024641315833333337, "selected": true, "client_name": "sta3"}
2025-11-04 22:43:29,720 - METRIC - INFO - {"loss": 0.3733850419521332, "accuracy": 0.8940242528915405, "energy_consumption": 0.030663366833333344, "selected": true, "client_name": "sta2"}
2025-11-04 22:43:30,428 - METRIC - INFO - mean_accuracy: 0.886788030465444

2025-11-04 22:43:30,428 - METRIC - INFO - round: 3
2025-11-04 22:43:30,428 - METRIC - INFO - n_selected: 6
2025-11-04 22:43:30,428 - METRIC - INFO - {"selected_trainers": ["sta2", "sta3", "sta1", "sta0", "sta4", "sta5"]}
2025-11-04 22:44:15,818 - EXECUT - INFO - received weights from trainer sta2!
2025-11-04 22:44:55,241 - EXECUT - INFO - received weights from trainer sta3!
2025-11-04 22:45:31,914 - EXECUT - INFO - received weights from trainer sta1!
2025-11-04 22:46:20,465 - EXECUT - INFO - received weights from trainer sta0!
2025-11-04 22:47:09,878 - EXECUT - INFO - received weights from trainer sta4!
2025-11-04 22:48:01,688 - EXECUT - INFO - received weights from trainer sta5!
2025-11-04 22:48:02,983 - EXECUT - INFO - sent aggregated weights to trainers!
2025-11-04 22:48:26,456 - METRIC - INFO - {"loss": 0.26604607701301575, "accuracy": 0.918767511844635, "energy_consumption": 0.03346973458333358, "selected": true, "client_name": "sta1"}
2025-11-04 22:48:26,631 - METRIC - INFO - {"loss": 0.2806272506713867, "accuracy": 0.9197012186050415, "energy_consumption": 0.07797273916666657, "selected": true, "client_name": "sta0"}
2025-11-04 22:48:32,231 - METRIC - INFO - {"loss": 0.27400702238082886, "accuracy": 0.9173669219017029, "energy_consumption": 0.039447243999999985, "selected": true, "client_name": "sta4"}
2025-11-04 22:48:33,042 - METRIC - INFO - {"loss": 0.2610216736793518, "accuracy": 0.9201680421829224, "energy_consumption": 0.04069440124999993, "selected": true, "client_name": "sta5"}
2025-11-04 22:48:33,139 - METRIC - INFO - {"loss": 0.2621745467185974, "accuracy": 0.916900098323822, "energy_consumption": 0.033411855833333344, "selected": true, "client_name": "sta3"}
2025-11-04 22:48:37,637 - METRIC - INFO - {"loss": 0.261127769947052, "accuracy": 0.924369752407074, "energy_consumption": 0.04184749450000004, "selected": true, "client_name": "sta2"}
2025-11-04 22:48:38,019 - METRIC - INFO - mean_accuracy: 0.919545590877533

2025-11-04 22:48:38,019 - METRIC - INFO - round: 4
2025-11-04 22:48:38,019 - METRIC - INFO - n_selected: 6
2025-11-04 22:48:38,019 - METRIC - INFO - {"selected_trainers": ["sta2", "sta3", "sta1", "sta0", "sta4", "sta5"]}
2025-11-04 22:49:22,992 - EXECUT - INFO - received weights from trainer sta2!
2025-11-04 22:50:11,669 - EXECUT - INFO - received weights from trainer sta3!
2025-11-04 22:50:47,575 - EXECUT - INFO - received weights from trainer sta1!
2025-11-04 22:51:32,440 - EXECUT - INFO - received weights from trainer sta0!
2025-11-04 22:52:18,290 - EXECUT - INFO - received weights from trainer sta4!
2025-11-04 22:53:47,873 - EXECUT - INFO - received weights from trainer sta5!
2025-11-04 22:53:49,179 - EXECUT - INFO - sent aggregated weights to trainers!
2025-11-04 22:54:13,547 - METRIC - INFO - {"loss": 0.19903875887393951, "accuracy": 0.9444444179534912, "energy_consumption": 0.04723965275000025, "selected": true, "client_name": "sta1"}
2025-11-04 22:54:13,701 - METRIC - INFO - {"loss": 0.21425080299377441, "accuracy": 0.9355742335319519, "energy_consumption": 0.08861580275000001, "selected": true, "client_name": "sta0"}
2025-11-04 22:54:17,918 - METRIC - INFO - {"loss": 0.20175211131572723, "accuracy": 0.9402427673339844, "energy_consumption": 0.05391332199999996, "selected": true, "client_name": "sta2"}
2025-11-04 22:54:19,174 - METRIC - INFO - {"loss": 0.19225358963012695, "accuracy": 0.9383753538131714, "energy_consumption": 0.04314661816666671, "selected": true, "client_name": "sta3"}
2025-11-04 22:54:19,895 - METRIC - INFO - {"loss": 0.20279012620449066, "accuracy": 0.9402427673339844, "energy_consumption": 0.053593456416666595, "selected": true, "client_name": "sta4"}
2025-11-04 22:54:20,106 - METRIC - INFO - {"loss": 0.1958165317773819, "accuracy": 0.9383753538131714, "energy_consumption": 0.05731997574999992, "selected": true, "client_name": "sta5"}
2025-11-04 22:54:20,211 - METRIC - INFO - mean_accuracy: 0.9395424822966257

2025-11-04 22:54:20,211 - METRIC - INFO - round: 5
2025-11-04 22:54:20,211 - METRIC - INFO - n_selected: 6
2025-11-04 22:54:20,211 - METRIC - INFO - {"selected_trainers": ["sta2", "sta3", "sta1", "sta0", "sta4", "sta5"]}
2025-11-04 22:55:08,890 - EXECUT - INFO - received weights from trainer sta2!
2025-11-04 22:55:46,763 - EXECUT - INFO - received weights from trainer sta3!
2025-11-04 22:56:32,047 - EXECUT - INFO - received weights from trainer sta1!
2025-11-04 22:57:19,073 - EXECUT - INFO - received weights from trainer sta0!
2025-11-04 22:58:44,821 - EXECUT - INFO - received weights from trainer sta4!
2025-11-04 23:00:13,859 - EXECUT - INFO - received weights from trainer sta5!
2025-11-04 23:00:15,169 - EXECUT - INFO - sent aggregated weights to trainers!
2025-11-04 23:00:41,535 - METRIC - INFO - {"loss": 0.16799981892108917, "accuracy": 0.9495798349380493, "energy_consumption": 0.09886420866666644, "selected": true, "client_name": "sta0"}
2025-11-04 23:00:44,561 - METRIC - INFO - {"loss": 0.15888752043247223, "accuracy": 0.9542483687400818, "energy_consumption": 0.05731044125000079, "selected": true, "client_name": "sta1"}
2025-11-04 23:00:48,012 - METRIC - INFO - {"loss": 0.1535777598619461, "accuracy": 0.9495798349380493, "energy_consumption": 0.07019075883333323, "selected": true, "client_name": "sta5"}
2025-11-04 23:00:49,894 - METRIC - INFO - {"loss": 0.15850408375263214, "accuracy": 0.9509803652763367, "energy_consumption": 0.06684692866666661, "selected": true, "client_name": "sta4"}
2025-11-04 23:00:50,007 - METRIC - INFO - {"loss": 0.160293847322464, "accuracy": 0.9519140720367432, "energy_consumption": 0.06544806974999995, "selected": true, "client_name": "sta2"}
2025-11-04 23:00:50,756 - METRIC - INFO - {"loss": 0.1484527438879013, "accuracy": 0.9551820755004883, "energy_consumption": 0.05673912891666664, "selected": true, "client_name": "sta3"}
2025-11-04 23:00:51,205 - METRIC - INFO - mean_accuracy: 0.9519140919049581

2025-11-04 23:00:51,205 - METRIC - INFO - round: 6
2025-11-04 23:00:51,205 - METRIC - INFO - n_selected: 6
2025-11-04 23:00:51,205 - METRIC - INFO - {"selected_trainers": ["sta2", "sta3", "sta1", "sta0", "sta4", "sta5"]}
2025-11-04 23:01:34,601 - EXECUT - INFO - received weights from trainer sta2!
2025-11-04 23:02:13,237 - EXECUT - INFO - received weights from trainer sta3!
2025-11-04 23:02:49,696 - EXECUT - INFO - received weights from trainer sta1!
2025-11-04 23:04:19,146 - EXECUT - INFO - received weights from trainer sta0!
2025-11-04 23:05:07,780 - EXECUT - INFO - received weights from trainer sta4!
2025-11-04 23:05:57,563 - EXECUT - INFO - received weights from trainer sta5!
2025-11-04 23:05:58,851 - EXECUT - INFO - sent aggregated weights to trainers!
2025-11-04 23:06:25,064 - METRIC - INFO - {"loss": 0.13617916405200958, "accuracy": 0.9579831957817078, "energy_consumption": 0.11093019308333306, "selected": true, "client_name": "sta0"}
2025-11-04 23:06:25,651 - METRIC - INFO - {"loss": 0.13126051425933838, "accuracy": 0.9621848464012146, "energy_consumption": 0.06620757991666709, "selected": true, "client_name": "sta1"}
2025-11-04 23:06:27,744 - METRIC - INFO - {"loss": 0.12034158408641815, "accuracy": 0.9668533802032471, "energy_consumption": 0.06526340058333333, "selected": true, "client_name": "sta3"}
2025-11-04 23:06:29,144 - METRIC - INFO - {"loss": 0.13355715572834015, "accuracy": 0.9603174328804016, "energy_consumption": 0.07569130858333331, "selected": true, "client_name": "sta2"}
2025-11-04 23:06:29,968 - METRIC - INFO - {"loss": 0.12512879073619843, "accuracy": 0.9612511396408081, "energy_consumption": 0.0821066238333332, "selected": true, "client_name": "sta5"}
2025-11-04 23:06:30,755 - METRIC - INFO - {"loss": 0.12868738174438477, "accuracy": 0.9593837261199951, "energy_consumption": 0.07810671433333322, "selected": true, "client_name": "sta4"}
2025-11-04 23:06:30,886 - METRIC - INFO - mean_accuracy: 0.9613289535045624

2025-11-04 23:06:30,886 - METRIC - INFO - round: 7
2025-11-04 23:06:30,886 - METRIC - INFO - n_selected: 6
2025-11-04 23:06:30,886 - METRIC - INFO - {"selected_trainers": ["sta2", "sta3", "sta1", "sta0", "sta4", "sta5"]}
2025-11-04 23:07:15,134 - EXECUT - INFO - received weights from trainer sta2!
2025-11-04 23:07:54,027 - EXECUT - INFO - received weights from trainer sta3!
2025-11-04 23:08:31,505 - EXECUT - INFO - received weights from trainer sta1!
2025-11-04 23:09:59,919 - EXECUT - INFO - received weights from trainer sta0!
2025-11-04 23:10:47,538 - EXECUT - INFO - received weights from trainer sta4!
2025-11-04 23:11:37,596 - EXECUT - INFO - received weights from trainer sta5!
2025-11-04 23:11:38,893 - EXECUT - INFO - sent aggregated weights to trainers!
2025-11-04 23:12:00,319 - METRIC - INFO - {"loss": 0.11594986915588379, "accuracy": 0.9645191431045532, "energy_consumption": 0.12416110074999985, "selected": true, "client_name": "sta0"}
2025-11-04 23:12:01,024 - METRIC - INFO - {"loss": 0.11384531855583191, "accuracy": 0.9654528498649597, "energy_consumption": 0.07377203466666665, "selected": true, "client_name": "sta1"}
2025-11-04 23:12:07,389 - METRIC - INFO - {"loss": 0.1105567142367363, "accuracy": 0.9668533802032471, "energy_consumption": 0.08988081683333321, "selected": true, "client_name": "sta4"}
2025-11-04 23:12:09,000 - METRIC - INFO - {"loss": 0.10061758756637573, "accuracy": 0.9696545004844666, "energy_consumption": 0.07921618891666674, "selected": true, "client_name": "sta3"}
2025-11-04 23:12:10,650 - METRIC - INFO - {"loss": 0.10658334195613861, "accuracy": 0.9668533802032471, "energy_consumption": 0.09316363525000002, "selected": true, "client_name": "sta5"}
2025-11-04 23:12:11,101 - METRIC - INFO - {"loss": 0.11804106831550598, "accuracy": 0.9649859666824341, "energy_consumption": 0.08580799575, "selected": true, "client_name": "sta2"}
2025-11-04 23:12:11,926 - METRIC - INFO - mean_accuracy: 0.9663865367571512

2025-11-04 23:12:11,926 - METRIC - INFO - round: 8
2025-11-04 23:12:11,926 - METRIC - INFO - n_selected: 6
2025-11-04 23:12:11,926 - METRIC - INFO - {"selected_trainers": ["sta2", "sta3", "sta1", "sta0", "sta4", "sta5"]}
2025-11-04 23:12:56,736 - EXECUT - INFO - received weights from trainer sta2!
2025-11-04 23:13:34,915 - EXECUT - INFO - received weights from trainer sta3!
2025-11-04 23:14:09,897 - EXECUT - INFO - received weights from trainer sta1!
2025-11-04 23:15:44,129 - EXECUT - INFO - received weights from trainer sta0!
2025-11-04 23:16:32,979 - EXECUT - INFO - received weights from trainer sta4!
2025-11-04 23:17:23,474 - EXECUT - INFO - received weights from trainer sta5!
2025-11-04 23:17:24,774 - EXECUT - INFO - sent aggregated weights to trainers!
2025-11-04 23:17:46,431 - METRIC - INFO - {"loss": 0.10132627189159393, "accuracy": 0.9687207937240601, "energy_consumption": 0.09231907550000013, "selected": true, "client_name": "sta1"}
2025-11-04 23:17:48,221 - METRIC - INFO - {"loss": 0.10001190751791, "accuracy": 0.9696545004844666, "energy_consumption": 0.1349293586666671, "selected": true, "client_name": "sta0"}
2025-11-04 23:17:55,209 - METRIC - INFO - {"loss": 0.08885463327169418, "accuracy": 0.974323034286499, "energy_consumption": 0.08794724516666666, "selected": true, "client_name": "sta3"}
2025-11-04 23:17:56,549 - METRIC - INFO - {"loss": 0.09157799184322357, "accuracy": 0.970588207244873, "energy_consumption": 0.10512606866666671, "selected": true, "client_name": "sta5"}
2025-11-04 23:18:01,088 - METRIC - INFO - {"loss": 0.09813884645700455, "accuracy": 0.9710550904273987, "energy_consumption": 0.10161746516666659, "selected": true, "client_name": "sta4"}
2025-11-04 23:18:01,509 - METRIC - INFO - {"loss": 0.1022842675447464, "accuracy": 0.9687207937240601, "energy_consumption": 0.09610287758333327, "selected": true, "client_name": "sta2"}
2025-11-04 23:18:01,811 - METRIC - INFO - mean_accuracy: 0.9705104033152262

2025-11-04 23:18:01,811 - METRIC - INFO - round: 9
2025-11-04 23:18:01,811 - METRIC - INFO - n_selected: 6
2025-11-04 23:18:01,811 - METRIC - INFO - {"selected_trainers": ["sta2", "sta3", "sta1", "sta0", "sta4", "sta5"]}
2025-11-04 23:18:49,611 - EXECUT - INFO - received weights from trainer sta2!
2025-11-04 23:19:39,499 - EXECUT - INFO - received weights from trainer sta3!
2025-11-04 23:20:25,192 - EXECUT - INFO - received weights from trainer sta1!
2025-11-04 23:21:11,332 - EXECUT - INFO - received weights from trainer sta0!
2025-11-04 23:21:59,305 - EXECUT - INFO - received weights from trainer sta4!
2025-11-04 23:22:50,146 - EXECUT - INFO - received weights from trainer sta5!
2025-11-04 23:22:51,442 - EXECUT - INFO - sent aggregated weights to trainers!
2025-11-04 23:23:15,094 - METRIC - INFO - {"loss": 0.09198156744241714, "accuracy": 0.9738562107086182, "energy_consumption": 0.10333566341666717, "selected": true, "client_name": "sta1"}
2025-11-04 23:23:16,088 - METRIC - INFO - {"loss": 0.08943557739257812, "accuracy": 0.9752567410469055, "energy_consumption": 0.15574407925000044, "selected": true, "client_name": "sta0"}
2025-11-04 23:23:18,619 - METRIC - INFO - {"loss": 0.08153857290744781, "accuracy": 0.9766573309898376, "energy_consumption": 0.09750652391666678, "selected": true, "client_name": "sta3"}
2025-11-04 23:23:22,625 - METRIC - INFO - {"loss": 0.089898981153965, "accuracy": 0.9738562107086182, "energy_consumption": 0.11312733224999999, "selected": true, "client_name": "sta4"}
2025-11-04 23:23:25,231 - METRIC - INFO - {"loss": 0.09490122646093369, "accuracy": 0.9719887971878052, "energy_consumption": 0.11052712991666644, "selected": true, "client_name": "sta2"}
2025-11-04 23:23:25,398 - METRIC - INFO - {"loss": 0.08073144406080246, "accuracy": 0.974323034286499, "energy_consumption": 0.11564688949999999, "selected": true, "client_name": "sta5"}
2025-11-04 23:23:25,477 - METRIC - INFO - mean_accuracy: 0.974323054154714

2025-11-04 23:23:25,477 - METRIC - INFO - round: 10
2025-11-04 23:23:25,477 - METRIC - INFO - n_selected: 6
2025-11-04 23:23:25,477 - METRIC - INFO - {"selected_trainers": ["sta2", "sta3", "sta1", "sta0", "sta4", "sta5"]}
2025-11-04 23:24:08,366 - EXECUT - INFO - received weights from trainer sta2!
2025-11-04 23:24:46,573 - EXECUT - INFO - received weights from trainer sta3!
2025-11-04 23:25:31,602 - EXECUT - INFO - received weights from trainer sta1!
2025-11-04 23:27:00,852 - EXECUT - INFO - received weights from trainer sta0!
2025-11-04 23:27:50,261 - EXECUT - INFO - received weights from trainer sta4!
2025-11-04 23:28:40,487 - EXECUT - INFO - received weights from trainer sta5!
2025-11-04 23:28:41,779 - EXECUT - INFO - sent aggregated weights to trainers!
2025-11-04 23:29:03,152 - METRIC - INFO - {"loss": 0.08045622706413269, "accuracy": 0.978057861328125, "energy_consumption": 0.16816474300000084, "selected": true, "client_name": "sta0"}
2025-11-04 23:29:05,637 - METRIC - INFO - {"loss": 0.08304060995578766, "accuracy": 0.9766573309898376, "energy_consumption": 0.11148170683333408, "selected": true, "client_name": "sta1"}
2025-11-04 23:29:11,913 - METRIC - INFO - {"loss": 0.086358442902565, "accuracy": 0.9752567410469055, "energy_consumption": 0.12307509641666634, "selected": true, "client_name": "sta2"}
2025-11-04 23:29:12,248 - METRIC - INFO - {"loss": 0.07265654951334, "accuracy": 0.9775910377502441, "energy_consumption": 0.10603254458333347, "selected": true, "client_name": "sta3"}
2025-11-04 23:29:12,601 - METRIC - INFO - {"loss": 0.07606235891580582, "accuracy": 0.9733893275260925, "energy_consumption": 0.1268571825833333, "selected": true, "client_name": "sta5"}
2025-11-04 23:29:14,560 - METRIC - INFO - {"loss": 0.08278923481702805, "accuracy": 0.9738562107086182, "energy_consumption": 0.12483021891666657, "selected": true, "client_name": "sta4"}
2025-11-04 23:29:14,812 - METRIC - INFO - mean_accuracy: 0.9758014182249705

2025-11-04 23:29:14,812 - METRIC - INFO - round: 11
2025-11-04 23:29:14,812 - METRIC - INFO - n_selected: 6
2025-11-04 23:29:14,812 - METRIC - INFO - {"selected_trainers": ["sta2", "sta3", "sta1", "sta0", "sta4", "sta5"]}
2025-11-04 23:29:58,289 - EXECUT - INFO - received weights from trainer sta2!
2025-11-04 23:30:35,923 - EXECUT - INFO - received weights from trainer sta3!
2025-11-04 23:31:11,772 - EXECUT - INFO - received weights from trainer sta1!
2025-11-04 23:31:59,819 - EXECUT - INFO - received weights from trainer sta0!
2025-11-04 23:32:49,438 - EXECUT - INFO - received weights from trainer sta4!
2025-11-04 23:34:15,595 - EXECUT - INFO - received weights from trainer sta5!
2025-11-04 23:34:16,881 - EXECUT - INFO - sent aggregated weights to trainers!
2025-11-04 23:34:39,855 - METRIC - INFO - {"loss": 0.07738836854696274, "accuracy": 0.9775910377502441, "energy_consumption": 0.12269252550000115, "selected": true, "client_name": "sta1"}
2025-11-04 23:34:41,876 - METRIC - INFO - {"loss": 0.07536684721708298, "accuracy": 0.978057861328125, "energy_consumption": 0.17802709483333445, "selected": true, "client_name": "sta0"}
2025-11-04 23:34:43,898 - METRIC - INFO - {"loss": 0.06545478850603104, "accuracy": 0.979925274848938, "energy_consumption": 0.11537485175000009, "selected": true, "client_name": "sta3"}
2025-11-04 23:34:47,829 - METRIC - INFO - {"loss": 0.06797236949205399, "accuracy": 0.9775910377502441, "energy_consumption": 0.1401049274166666, "selected": true, "client_name": "sta5"}
2025-11-04 23:34:49,964 - METRIC - INFO - {"loss": 0.08101169019937515, "accuracy": 0.9757236242294312, "energy_consumption": 0.1337648551666664, "selected": true, "client_name": "sta2"}
2025-11-04 23:34:51,949 - METRIC - INFO - {"loss": 0.07751995325088501, "accuracy": 0.9766573309898376, "energy_consumption": 0.13885167349999994, "selected": true, "client_name": "sta4"}
2025-11-04 23:34:52,918 - METRIC - INFO - mean_accuracy: 0.9775910278161367

2025-11-04 23:34:52,918 - METRIC - INFO - round: 12
2025-11-04 23:34:52,918 - METRIC - INFO - n_selected: 6
2025-11-04 23:34:52,918 - METRIC - INFO - {"selected_trainers": ["sta2", "sta3", "sta1", "sta0", "sta4", "sta5"]}
2025-11-04 23:35:35,076 - EXECUT - INFO - received weights from trainer sta2!
2025-11-04 23:36:14,905 - EXECUT - INFO - received weights from trainer sta3!
2025-11-04 23:36:59,520 - EXECUT - INFO - received weights from trainer sta1!
2025-11-04 23:38:27,059 - EXECUT - INFO - received weights from trainer sta0!
2025-11-04 23:39:15,026 - EXECUT - INFO - received weights from trainer sta4!
2025-11-04 23:40:03,723 - EXECUT - INFO - received weights from trainer sta5!
2025-11-04 23:40:05,020 - EXECUT - INFO - sent aggregated weights to trainers!
2025-11-04 23:40:26,650 - METRIC - INFO - {"loss": 0.07039416581392288, "accuracy": 0.9794584512710571, "energy_consumption": 0.19046683300000122, "selected": true, "client_name": "sta0"}
2025-11-04 23:40:26,691 - METRIC - INFO - {"loss": 0.07173465937376022, "accuracy": 0.979925274848938, "energy_consumption": 0.13614185841666787, "selected": true, "client_name": "sta1"}
2025-11-04 23:40:31,978 - METRIC - INFO - {"loss": 0.060770321637392044, "accuracy": 0.981792688369751, "energy_consumption": 0.12481892391666674, "selected": true, "client_name": "sta3"}
2025-11-04 23:40:34,570 - METRIC - INFO - {"loss": 0.07695284485816956, "accuracy": 0.9785247445106506, "energy_consumption": 0.144141628583333, "selected": true, "client_name": "sta2"}
2025-11-04 23:40:34,912 - METRIC - INFO - {"loss": 0.07314100861549377, "accuracy": 0.9766573309898376, "energy_consumption": 0.14975893566666648, "selected": true, "client_name": "sta4"}
2025-11-04 23:40:36,477 - METRIC - INFO - {"loss": 0.062003377825021744, "accuracy": 0.981792688369751, "energy_consumption": 0.15630950724999979, "selected": true, "client_name": "sta5"}
2025-11-04 23:40:37,054 - METRIC - INFO - mean_accuracy: 0.9796918630599976

2025-11-04 23:40:37,054 - METRIC - INFO - round: 13
2025-11-04 23:40:37,054 - METRIC - INFO - n_selected: 6
2025-11-04 23:40:37,054 - METRIC - INFO - {"selected_trainers": ["sta2", "sta3", "sta1", "sta0", "sta4", "sta5"]}
2025-11-04 23:41:16,579 - EXECUT - INFO - received weights from trainer sta2!
2025-11-04 23:41:56,158 - EXECUT - INFO - received weights from trainer sta3!
2025-11-04 23:42:32,820 - EXECUT - INFO - received weights from trainer sta1!
2025-11-04 23:43:17,560 - EXECUT - INFO - received weights from trainer sta0!
2025-11-04 23:44:05,709 - EXECUT - INFO - received weights from trainer sta4!
2025-11-04 23:44:57,351 - EXECUT - INFO - received weights from trainer sta5!
2025-11-04 23:44:58,645 - EXECUT - INFO - sent aggregated weights to trainers!
2025-11-04 23:45:20,410 - METRIC - INFO - {"loss": 0.06735727936029434, "accuracy": 0.9803921580314636, "energy_consumption": 0.14849351825000118, "selected": true, "client_name": "sta1"}
2025-11-04 23:45:23,886 - METRIC - INFO - {"loss": 0.06494048237800598, "accuracy": 0.9789915680885315, "energy_consumption": 0.20107465350000142, "selected": true, "client_name": "sta0"}
2025-11-04 23:45:26,287 - METRIC - INFO - {"loss": 0.06008576229214668, "accuracy": 0.9813258647918701, "energy_consumption": 0.17147037216666647, "selected": true, "client_name": "sta5"}
2025-11-04 23:45:28,633 - METRIC - INFO - {"loss": 0.06996665894985199, "accuracy": 0.9766573309898376, "energy_consumption": 0.16037402708333331, "selected": true, "client_name": "sta4"}
2025-11-04 23:45:28,725 - METRIC - INFO - {"loss": 0.07256617397069931, "accuracy": 0.9785247445106506, "energy_consumption": 0.15888050158333336, "selected": true, "client_name": "sta2"}
2025-11-04 23:45:29,361 - METRIC - INFO - {"loss": 0.05773870646953583, "accuracy": 0.9813258647918701, "energy_consumption": 0.1340671382500002, "selected": true, "client_name": "sta3"}
2025-11-04 23:45:29,676 - METRIC - INFO - mean_accuracy: 0.979536255200704

2025-11-04 23:45:29,676 - METRIC - INFO - round: 14
2025-11-04 23:45:29,676 - METRIC - INFO - n_selected: 6
2025-11-04 23:45:29,676 - METRIC - INFO - {"selected_trainers": ["sta2", "sta3", "sta1", "sta0", "sta4", "sta5"]}
2025-11-04 23:46:09,170 - EXECUT - INFO - received weights from trainer sta2!
2025-11-04 23:46:50,987 - EXECUT - INFO - received weights from trainer sta3!
2025-11-04 23:47:26,272 - EXECUT - INFO - received weights from trainer sta1!
2025-11-04 23:48:52,326 - EXECUT - INFO - received weights from trainer sta0!
2025-11-04 23:49:41,053 - EXECUT - INFO - received weights from trainer sta4!
2025-11-04 23:50:30,344 - EXECUT - INFO - received weights from trainer sta5!
2025-11-04 23:50:31,635 - EXECUT - INFO - sent aggregated weights to trainers!
2025-11-04 23:50:55,590 - METRIC - INFO - {"loss": 0.06093347445130348, "accuracy": 0.979925274848938, "energy_consumption": 0.21296458824999953, "selected": true, "client_name": "sta0"}
2025-11-04 23:50:55,750 - METRIC - INFO - {"loss": 0.06607756018638611, "accuracy": 0.9794584512710571, "energy_consumption": 0.15858361108333413, "selected": true, "client_name": "sta1"}
2025-11-04 23:51:01,395 - METRIC - INFO - {"loss": 0.057066742330789566, "accuracy": 0.9813258647918701, "energy_consumption": 0.14379178933333372, "selected": true, "client_name": "sta3"}
2025-11-04 23:51:04,624 - METRIC - INFO - {"loss": 0.06691080331802368, "accuracy": 0.9775910377502441, "energy_consumption": 0.17107763425000028, "selected": true, "client_name": "sta4"}
2025-11-04 23:51:04,668 - METRIC - INFO - {"loss": 0.07001510262489319, "accuracy": 0.9789915680885315, "energy_consumption": 0.1706451401666669, "selected": true, "client_name": "sta2"}
2025-11-04 23:51:05,354 - METRIC - INFO - {"loss": 0.05717702955007553, "accuracy": 0.979925274848938, "energy_consumption": 0.18234942166666676, "selected": true, "client_name": "sta5"}
2025-11-04 23:51:05,669 - METRIC - INFO - mean_accuracy: 0.9795362452665964

2025-11-04 23:51:05,669 - METRIC - INFO - round: 15
2025-11-04 23:51:05,669 - METRIC - INFO - n_selected: 6
2025-11-04 23:51:05,669 - METRIC - INFO - {"selected_trainers": ["sta2", "sta3", "sta1", "sta0", "sta4", "sta5"]}
2025-11-04 23:51:45,658 - EXECUT - INFO - received weights from trainer sta2!
2025-11-04 23:52:25,216 - EXECUT - INFO - received weights from trainer sta3!
2025-11-04 23:53:00,927 - EXECUT - INFO - received weights from trainer sta1!
2025-11-04 23:53:45,971 - EXECUT - INFO - received weights from trainer sta0!
2025-11-04 23:54:33,826 - EXECUT - INFO - received weights from trainer sta4!
2025-11-04 23:55:24,908 - EXECUT - INFO - received weights from trainer sta5!
2025-11-04 23:55:26,198 - EXECUT - INFO - sent aggregated weights to trainers!
2025-11-04 23:55:52,596 - METRIC - INFO - {"loss": 0.06328616291284561, "accuracy": 0.9789915680885315, "energy_consumption": 0.16832242708333417, "selected": true, "client_name": "sta1"}
2025-11-04 23:55:53,369 - METRIC - INFO - {"loss": 0.05423464626073837, "accuracy": 0.9822595715522766, "energy_consumption": 0.15545600575000065, "selected": true, "client_name": "sta3"}
2025-11-04 23:55:53,763 - METRIC - INFO - {"loss": 0.05714777112007141, "accuracy": 0.981792688369751, "energy_consumption": 0.22327618241666713, "selected": true, "client_name": "sta0"}
2025-11-04 23:55:55,203 - METRIC - INFO - {"loss": 0.05464984104037285, "accuracy": 0.979925274848938, "energy_consumption": 0.1929631513333334, "selected": true, "client_name": "sta5"}
2025-11-04 23:55:56,402 - METRIC - INFO - {"loss": 0.06516889482736588, "accuracy": 0.9813258647918701, "energy_consumption": 0.1802872819166669, "selected": true, "client_name": "sta2"}
2025-11-04 23:55:59,096 - METRIC - INFO - {"loss": 0.06460857391357422, "accuracy": 0.9789915680885315, "energy_consumption": 0.1830103122500007, "selected": true, "client_name": "sta4"}
2025-11-04 23:55:59,232 - METRIC - INFO - mean_accuracy: 0.9805477559566498

2025-11-04 23:55:59,232 - METRIC - INFO - round: 16
2025-11-04 23:55:59,232 - METRIC - INFO - n_selected: 6
2025-11-04 23:55:59,232 - METRIC - INFO - {"selected_trainers": ["sta2", "sta3", "sta1", "sta0", "sta4", "sta5"]}
2025-11-04 23:56:43,793 - EXECUT - INFO - received weights from trainer sta2!
2025-11-04 23:57:24,242 - EXECUT - INFO - received weights from trainer sta3!
2025-11-04 23:58:00,135 - EXECUT - INFO - received weights from trainer sta1!
2025-11-04 23:58:46,225 - EXECUT - INFO - received weights from trainer sta0!
2025-11-04 23:59:31,917 - EXECUT - INFO - received weights from trainer sta4!
2025-11-05 00:01:01,136 - EXECUT - INFO - received weights from trainer sta5!
2025-11-05 00:01:02,435 - EXECUT - INFO - sent aggregated weights to trainers!
2025-11-05 00:01:28,243 - METRIC - INFO - {"loss": 0.056557055562734604, "accuracy": 0.981792688369751, "energy_consumption": 0.24591914041666674, "selected": true, "client_name": "sta0"}
2025-11-05 00:01:28,590 - METRIC - INFO - {"loss": 0.0593399703502655, "accuracy": 0.9813258647918701, "energy_consumption": 0.17674731383333447, "selected": true, "client_name": "sta1"}
2025-11-05 00:01:33,470 - METRIC - INFO - {"loss": 0.06343525648117065, "accuracy": 0.9803921580314636, "energy_consumption": 0.19090010300000063, "selected": true, "client_name": "sta2"}
2025-11-05 00:01:34,618 - METRIC - INFO - {"loss": 0.05068438872694969, "accuracy": 0.9831932783126831, "energy_consumption": 0.20572612625000006, "selected": true, "client_name": "sta5"}
2025-11-05 00:01:35,973 - METRIC - INFO - {"loss": 0.06373389810323715, "accuracy": 0.9775910377502441, "energy_consumption": 0.19810787841666738, "selected": true, "client_name": "sta4"}
2025-11-05 00:01:36,442 - METRIC - INFO - {"loss": 0.05106878653168678, "accuracy": 0.9845938086509705, "energy_consumption": 0.16516456133333415, "selected": true, "client_name": "sta3"}
2025-11-05 00:01:36,470 - METRIC - INFO - mean_accuracy: 0.9814814726511637

2025-11-05 00:01:36,470 - METRIC - INFO - round: 17
2025-11-05 00:01:36,470 - METRIC - INFO - n_selected: 6
2025-11-05 00:01:36,470 - METRIC - INFO - {"selected_trainers": ["sta2", "sta3", "sta1", "sta0", "sta4", "sta5"]}
2025-11-05 00:02:15,886 - EXECUT - INFO - received weights from trainer sta2!
2025-11-05 00:02:55,991 - EXECUT - INFO - received weights from trainer sta3!
2025-11-05 00:03:31,573 - EXECUT - INFO - received weights from trainer sta1!
2025-11-05 00:04:16,772 - EXECUT - INFO - received weights from trainer sta0!
2025-11-05 00:05:05,399 - EXECUT - INFO - received weights from trainer sta4!
2025-11-05 00:05:57,823 - EXECUT - INFO - received weights from trainer sta5!
2025-11-05 00:05:59,097 - EXECUT - INFO - sent aggregated weights to trainers!
2025-11-05 00:06:25,964 - METRIC - INFO - {"loss": 0.058275848627090454, "accuracy": 0.9813258647918701, "energy_consumption": 0.1873590154166685, "selected": true, "client_name": "sta1"}
2025-11-05 00:06:28,539 - METRIC - INFO - {"loss": 0.05441916361451149, "accuracy": 0.9831932783126831, "energy_consumption": 0.2558874554999997, "selected": true, "client_name": "sta0"}
2025-11-05 00:06:29,646 - METRIC - INFO - {"loss": 0.05051048845052719, "accuracy": 0.9827263951301575, "energy_consumption": 0.21670286991666707, "selected": true, "client_name": "sta5"}
2025-11-05 00:06:30,011 - METRIC - INFO - {"loss": 0.0501481331884861, "accuracy": 0.985527515411377, "energy_consumption": 0.1738858255833348, "selected": true, "client_name": "sta3"}
2025-11-05 00:06:30,396 - METRIC - INFO - {"loss": 0.0599767230451107, "accuracy": 0.9794584512710571, "energy_consumption": 0.209033863333334, "selected": true, "client_name": "sta4"}
2025-11-05 00:06:31,547 - METRIC - INFO - {"loss": 0.06219629943370819, "accuracy": 0.9808589816093445, "energy_consumption": 0.20099810208333427, "selected": true, "client_name": "sta2"}
2025-11-05 00:06:32,131 - METRIC - INFO - mean_accuracy: 0.9821817477544149

2025-11-05 00:06:32,131 - METRIC - INFO - round: 18
2025-11-05 00:06:32,131 - METRIC - INFO - n_selected: 6
2025-11-05 00:06:32,131 - METRIC - INFO - {"selected_trainers": ["sta2", "sta3", "sta1", "sta0", "sta4", "sta5"]}
2025-11-05 00:07:20,108 - EXECUT - INFO - received weights from trainer sta2!
2025-11-05 00:07:59,638 - EXECUT - INFO - received weights from trainer sta3!
2025-11-05 00:08:46,403 - EXECUT - INFO - received weights from trainer sta1!
2025-11-05 00:09:30,351 - EXECUT - INFO - received weights from trainer sta0!
2025-11-05 00:10:18,984 - EXECUT - INFO - received weights from trainer sta4!
2025-11-05 00:11:08,780 - EXECUT - INFO - received weights from trainer sta5!
2025-11-05 00:11:10,070 - EXECUT - INFO - sent aggregated weights to trainers!
2025-11-05 00:11:39,992 - METRIC - INFO - {"loss": 0.057481683790683746, "accuracy": 0.9808589816093445, "energy_consumption": 0.19908181266666852, "selected": true, "client_name": "sta1"}
2025-11-05 00:11:40,260 - METRIC - INFO - {"loss": 0.05088700354099274, "accuracy": 0.9831932783126831, "energy_consumption": 0.28458508125000015, "selected": true, "client_name": "sta0"}
2025-11-05 00:11:44,639 - METRIC - INFO - {"loss": 0.048839934170246124, "accuracy": 0.9845938086509705, "energy_consumption": 0.22754199333333366, "selected": true, "client_name": "sta5"}
2025-11-05 00:11:45,802 - METRIC - INFO - {"loss": 0.048972487449645996, "accuracy": 0.985527515411377, "energy_consumption": 0.18271115683333486, "selected": true, "client_name": "sta3"}
2025-11-05 00:11:46,747 - METRIC - INFO - {"loss": 0.058283936232328415, "accuracy": 0.9794584512710571, "energy_consumption": 0.21980267108333434, "selected": true, "client_name": "sta4"}
2025-11-05 00:11:47,734 - METRIC - INFO - {"loss": 0.060736026614904404, "accuracy": 0.9827263951301575, "energy_consumption": 0.21835432133333413, "selected": true, "client_name": "sta2"}
2025-11-05 00:11:48,108 - METRIC - INFO - mean_accuracy: 0.9827264050642649

2025-11-05 00:11:48,108 - METRIC - INFO - round: 19
2025-11-05 00:11:48,108 - METRIC - INFO - n_selected: 6
2025-11-05 00:11:48,108 - METRIC - INFO - {"selected_trainers": ["sta2", "sta3", "sta1", "sta0", "sta4", "sta5"]}
2025-11-05 00:12:27,318 - EXECUT - INFO - received weights from trainer sta2!
2025-11-05 00:13:10,705 - EXECUT - INFO - received weights from trainer sta3!
2025-11-05 00:13:46,230 - EXECUT - INFO - received weights from trainer sta1!
2025-11-05 00:14:29,872 - EXECUT - INFO - received weights from trainer sta0!
2025-11-05 00:15:16,505 - EXECUT - INFO - received weights from trainer sta4!
2025-11-05 00:16:06,208 - EXECUT - INFO - received weights from trainer sta5!
2025-11-05 00:16:07,484 - EXECUT - INFO - sent aggregated weights to trainers!
2025-11-05 00:16:30,567 - METRIC - INFO - {"loss": 0.05364697054028511, "accuracy": 0.9850606918334961, "energy_consumption": 0.22116671050000286, "selected": true, "client_name": "sta1"}
2025-11-05 00:16:32,972 - METRIC - INFO - {"loss": 0.04902417212724686, "accuracy": 0.983660101890564, "energy_consumption": 0.31461936074999985, "selected": true, "client_name": "sta0"}
2025-11-05 00:16:33,003 - METRIC - INFO - {"loss": 0.046636488288640976, "accuracy": 0.9864612221717834, "energy_consumption": 0.19259754908333485, "selected": true, "client_name": "sta3"}
2025-11-05 00:16:36,325 - METRIC - INFO - {"loss": 0.058235473930835724, "accuracy": 0.9794584512710571, "energy_consumption": 0.2310312614166679, "selected": true, "client_name": "sta4"}
2025-11-05 00:16:38,949 - METRIC - INFO - {"loss": 0.04738466814160347, "accuracy": 0.983660101890564, "energy_consumption": 0.23912618258333404, "selected": true, "client_name": "sta5"}
2025-11-05 00:16:40,464 - METRIC - INFO - {"loss": 0.05839990824460983, "accuracy": 0.983660101890564, "energy_consumption": 0.2297675039166678, "selected": true, "client_name": "sta2"}
2025-11-05 00:16:40,517 - METRIC - INFO - mean_accuracy: 0.9836601118246714

2025-11-05 00:16:40,517 - METRIC - INFO - round: 20
2025-11-05 00:16:40,517 - METRIC - INFO - n_selected: 6
2025-11-05 00:16:40,517 - METRIC - INFO - {"selected_trainers": ["sta2", "sta3", "sta1", "sta0", "sta4", "sta5"]}
2025-11-05 00:17:25,419 - EXECUT - INFO - received weights from trainer sta2!
2025-11-05 00:18:06,222 - EXECUT - INFO - received weights from trainer sta3!
2025-11-05 00:18:41,169 - EXECUT - INFO - received weights from trainer sta1!
2025-11-05 00:19:26,662 - EXECUT - INFO - received weights from trainer sta0!
2025-11-05 00:20:11,831 - EXECUT - INFO - received weights from trainer sta4!
2025-11-05 00:21:02,949 - EXECUT - INFO - received weights from trainer sta5!
2025-11-05 00:21:04,229 - EXECUT - INFO - sent aggregated weights to trainers!
2025-11-05 00:21:25,997 - METRIC - INFO - {"loss": 0.053269654512405396, "accuracy": 0.9841269850730896, "energy_consumption": 0.23229557391667016, "selected": true, "client_name": "sta1"}
2025-11-05 00:21:26,822 - METRIC - INFO - {"loss": 0.04803895577788353, "accuracy": 0.9831932783126831, "energy_consumption": 0.32549571733333393, "selected": true, "client_name": "sta0"}
2025-11-05 00:21:30,189 - METRIC - INFO - {"loss": 0.05582951754331589, "accuracy": 0.9803921580314636, "energy_consumption": 0.24282264266666814, "selected": true, "client_name": "sta4"}
2025-11-05 00:21:32,440 - METRIC - INFO - {"loss": 0.04667849466204643, "accuracy": 0.9878618121147156, "energy_consumption": 0.2028687419166683, "selected": true, "client_name": "sta3"}
2025-11-05 00:21:34,667 - METRIC - INFO - {"loss": 0.04588881880044937, "accuracy": 0.985527515411377, "energy_consumption": 0.2508390697500009, "selected": true, "client_name": "sta5"}
2025-11-05 00:21:35,383 - METRIC - INFO - {"loss": 0.05764197185635567, "accuracy": 0.9827263951301575, "energy_consumption": 0.24228890716666776, "selected": true, "client_name": "sta2"}
2025-11-05 00:21:36,262 - METRIC - INFO - mean_accuracy: 0.983971357345581

2025-11-05 00:21:36,278 - METRIC - INFO - stop_condition: rounds
