2025-12-04 06:12:39,767 - EXECUT - INFO - starting server...
2025-12-04 06:12:48,388 - EXECUT - INFO - trainer number sta5 just joined the pool
2025-12-04 06:12:48,672 - EXECUT - INFO - trainer number sta0 just joined the pool
2025-12-04 06:12:49,090 - EXECUT - INFO - trainer number sta4 just joined the pool
2025-12-04 06:12:49,179 - EXECUT - INFO - trainer number sta1 just joined the pool
2025-12-04 06:12:49,320 - EXECUT - INFO - trainer number sta3 just joined the pool
2025-12-04 06:12:49,370 - EXECUT - INFO - trainer number sta2 just joined the pool
2025-12-04 06:12:49,790 - EXECUT - INFO - mensagem de data_sz recebida: 
 {'id': 'sta0', 'dataset_sz': 84899491968}
2025-12-04 06:12:49,795 - EXECUT - INFO - mensagem de data_sz recebida: 
 {'id': 'sta1', 'dataset_sz': 339081857536}
2025-12-04 06:12:49,835 - EXECUT - INFO - mensagem de data_sz recebida: 
 {'id': 'sta5', 'dataset_sz': 37797784704}
2025-12-04 06:12:49,836 - EXECUT - INFO - mensagem de data_sz recebida: 
 {'id': 'sta3', 'dataset_sz': 529695287808}
2025-12-04 06:12:49,836 - EXECUT - INFO - mensagem de data_sz recebida: 
 {'id': 'sta4', 'dataset_sz': 150847031808}
2025-12-04 06:12:49,836 - EXECUT - INFO - mensagem de data_sz recebida: 
 {'id': 'sta2', 'dataset_sz': 529695287808}
2025-12-04 06:12:50,789 - METRIC - INFO - round: 1
2025-12-04 06:12:50,789 - METRIC - INFO - n_selected: 6
2025-12-04 06:12:50,789 - METRIC - INFO - {"selected_trainers": ["sta0", "sta1", "sta2", "sta3", "sta4", "sta5"]}
2025-12-04 06:13:12,573 - EXECUT - INFO - received weights from trainer sta0!
2025-12-04 06:13:38,964 - EXECUT - INFO - received weights from trainer sta1!
2025-12-04 06:14:03,499 - EXECUT - INFO - received weights from trainer sta2!
2025-12-04 06:14:26,789 - EXECUT - INFO - received weights from trainer sta3!
2025-12-04 06:14:51,095 - EXECUT - INFO - received weights from trainer sta4!
2025-12-04 06:15:07,147 - EXECUT - INFO - received weights from trainer sta5!
2025-12-04 06:15:08,852 - EXECUT - INFO - sent aggregated weights to trainers!
2025-12-04 06:15:32,645 - METRIC - INFO - {"loss": 0.32431310415267944, "accuracy": 0.9095682501792908, "energy_consumption": 0.28420824932377786, "selected": true, "host_energy_consumption": 0.17435912872, "client_name": "sta1"}
2025-12-04 06:15:36,183 - METRIC - INFO - {"loss": 0.39940717816352844, "accuracy": 0.8949825167655945, "energy_consumption": 0.16404986128122784, "selected": true, "host_energy_consumption": 0.11110254988000001, "client_name": "sta0"}
2025-12-04 06:15:41,439 - METRIC - INFO - {"loss": 0.3739680349826813, "accuracy": 0.9010508060455322, "energy_consumption": 0.1964644124080004, "selected": true, "host_energy_consumption": 0.1269071118, "client_name": "sta4"}
2025-12-04 06:15:43,977 - METRIC - INFO - {"loss": 0.2685065269470215, "accuracy": 0.9220354557037354, "energy_consumption": 0.5569764511743058, "selected": true, "host_energy_consumption": 0.223792401, "client_name": "sta2"}
2025-12-04 06:15:46,740 - METRIC - INFO - {"loss": 0.48904770612716675, "accuracy": 0.8844133019447327, "energy_consumption": 0.09920541976296127, "selected": true, "host_energy_consumption": 0.07008468852000001, "client_name": "sta5"}
2025-12-04 06:15:51,566 - METRIC - INFO - {"loss": 0.28280964493751526, "accuracy": 0.918767511844635, "energy_consumption": 0.5493616761567, "selected": true, "host_energy_consumption": 0.21351314236000002, "client_name": "sta3"}
2025-12-04 06:15:51,905 - METRIC - INFO - mean_accuracy: 0.9051363070805868

2025-12-04 06:15:51,906 - METRIC - INFO - round: 2
2025-12-04 06:15:51,906 - METRIC - INFO - n_selected: 6
2025-12-04 06:15:51,906 - METRIC - INFO - {"selected_trainers": ["sta0", "sta1", "sta2", "sta3", "sta4", "sta5"]}
2025-12-04 06:16:11,654 - EXECUT - INFO - received weights from trainer sta0!
2025-12-04 06:16:40,797 - EXECUT - INFO - received weights from trainer sta1!
2025-12-04 06:17:05,920 - EXECUT - INFO - received weights from trainer sta2!
2025-12-04 06:17:28,360 - EXECUT - INFO - received weights from trainer sta3!
2025-12-04 06:17:51,102 - EXECUT - INFO - received weights from trainer sta4!
2025-12-04 06:18:06,097 - EXECUT - INFO - received weights from trainer sta5!
2025-12-04 06:18:07,779 - EXECUT - INFO - sent aggregated weights to trainers!
2025-12-04 06:18:30,173 - METRIC - INFO - {"loss": 0.39756590127944946, "accuracy": 0.8856475949287415, "energy_consumption": 0.5932154370580169, "selected": true, "host_energy_consumption": 0.3718536598, "client_name": "sta1"}
2025-12-04 06:18:35,410 - METRIC - INFO - {"loss": 0.7662310600280762, "accuracy": 0.8563923239707947, "energy_consumption": 0.19840581651281086, "selected": true, "host_energy_consumption": 0.13391835548, "client_name": "sta5"}
2025-12-04 06:18:35,580 - METRIC - INFO - {"loss": 0.5080013275146484, "accuracy": 0.8774795532226562, "energy_consumption": 0.28804554839878876, "selected": true, "host_energy_consumption": 0.20233072216, "client_name": "sta0"}
2025-12-04 06:18:40,052 - METRIC - INFO - {"loss": 0.48780927062034607, "accuracy": 0.8581436276435852, "energy_consumption": 0.3929379012099443, "selected": true, "host_energy_consumption": 0.24832043376000001, "client_name": "sta4"}
2025-12-04 06:18:42,333 - METRIC - INFO - {"loss": 0.3448517322540283, "accuracy": 0.9052287340164185, "energy_consumption": 1.0262254792408652, "selected": true, "host_energy_consumption": 0.417810029, "client_name": "sta3"}
2025-12-04 06:18:44,125 - METRIC - INFO - {"loss": 0.3333776891231537, "accuracy": 0.9126983880996704, "energy_consumption": 1.066266382158817, "selected": true, "host_energy_consumption": 0.44461580828, "client_name": "sta2"}
2025-12-04 06:18:44,818 - METRIC - INFO - mean_accuracy: 0.8825983703136444

2025-12-04 06:18:44,819 - METRIC - INFO - round: 3
2025-12-04 06:18:44,819 - METRIC - INFO - n_selected: 6
2025-12-04 06:18:44,819 - METRIC - INFO - {"selected_trainers": ["sta0", "sta1", "sta2", "sta3", "sta4", "sta5"]}
2025-12-04 06:19:03,944 - EXECUT - INFO - received weights from trainer sta0!
2025-12-04 06:19:27,885 - EXECUT - INFO - received weights from trainer sta1!
2025-12-04 06:19:50,786 - EXECUT - INFO - received weights from trainer sta2!
2025-12-04 06:20:14,907 - EXECUT - INFO - received weights from trainer sta3!
2025-12-04 06:20:36,869 - EXECUT - INFO - received weights from trainer sta4!
2025-12-04 06:20:50,058 - EXECUT - INFO - received weights from trainer sta5!
2025-12-04 06:20:51,720 - EXECUT - INFO - sent aggregated weights to trainers!
2025-12-04 06:21:16,409 - METRIC - INFO - {"loss": 0.28616759181022644, "accuracy": 0.9154025912284851, "energy_consumption": 0.9022175032263557, "selected": true, "host_energy_consumption": 0.53447585576, "client_name": "sta1"}
2025-12-04 06:21:16,977 - METRIC - INFO - {"loss": 0.27196887135505676, "accuracy": 0.922987163066864, "energy_consumption": 0.3872518726220216, "selected": true, "host_energy_consumption": 0.29427589716, "client_name": "sta0"}
2025-12-04 06:21:26,681 - METRIC - INFO - {"loss": 0.30978482961654663, "accuracy": 0.9071803689002991, "energy_consumption": 0.6142047013760181, "selected": true, "host_energy_consumption": 0.36913301488, "client_name": "sta4"}
2025-12-04 06:21:28,570 - METRIC - INFO - {"loss": 0.2625746428966522, "accuracy": 0.924369752407074, "energy_consumption": 1.575586125361965, "selected": true, "host_energy_consumption": 0.62113428412, "client_name": "sta3"}
2025-12-04 06:21:29,300 - METRIC - INFO - {"loss": 0.3315410912036896, "accuracy": 0.9054290652275085, "energy_consumption": 0.29761772486422755, "selected": true, "host_energy_consumption": 0.19729579268, "client_name": "sta5"}
2025-12-04 06:21:29,583 - METRIC - INFO - {"loss": 0.24463631212711334, "accuracy": 0.9267039895057678, "energy_consumption": 1.5755583493711123, "selected": true, "host_energy_consumption": 0.64645060172, "client_name": "sta2"}
2025-12-04 06:21:29,759 - METRIC - INFO - mean_accuracy: 0.9170121550559998

2025-12-04 06:21:29,759 - METRIC - INFO - round: 4
2025-12-04 06:21:29,760 - METRIC - INFO - n_selected: 6
2025-12-04 06:21:29,760 - METRIC - INFO - {"selected_trainers": ["sta0", "sta1", "sta2", "sta3", "sta4", "sta5"]}
2025-12-04 06:21:48,783 - EXECUT - INFO - received weights from trainer sta0!
2025-12-04 06:22:13,144 - EXECUT - INFO - received weights from trainer sta1!
2025-12-04 06:22:36,262 - EXECUT - INFO - received weights from trainer sta2!
2025-12-04 06:22:59,289 - EXECUT - INFO - received weights from trainer sta3!
2025-12-04 06:23:21,001 - EXECUT - INFO - received weights from trainer sta4!
2025-12-04 06:23:34,911 - EXECUT - INFO - received weights from trainer sta5!
2025-12-04 06:23:36,571 - EXECUT - INFO - sent aggregated weights to trainers!
2025-12-04 06:23:59,039 - METRIC - INFO - {"loss": 0.20826394855976105, "accuracy": 0.9311552047729492, "energy_consumption": 0.5112482957063766, "selected": true, "host_energy_consumption": 0.38553378836, "client_name": "sta0"}
2025-12-04 06:24:06,073 - METRIC - INFO - {"loss": 0.22234751284122467, "accuracy": 0.9334889054298401, "energy_consumption": 1.2112416388611613, "selected": true, "host_energy_consumption": 0.6972895258, "client_name": "sta1"}
2025-12-04 06:24:08,728 - METRIC - INFO - {"loss": 0.24405738711357117, "accuracy": 0.9290717840194702, "energy_consumption": 0.785874025290568, "selected": true, "host_energy_consumption": 0.49009159444, "client_name": "sta4"}
2025-12-04 06:24:09,762 - METRIC - INFO - {"loss": 0.20736341178417206, "accuracy": 0.9365079402923584, "energy_consumption": 2.052448922253949, "selected": true, "host_energy_consumption": 0.82330574676, "client_name": "sta3"}
2025-12-04 06:24:09,837 - METRIC - INFO - {"loss": 0.25334715843200684, "accuracy": 0.917688250541687, "energy_consumption": 0.39681832984658305, "selected": true, "host_energy_consumption": 0.26119655436, "client_name": "sta5"}
2025-12-04 06:24:12,450 - METRIC - INFO - {"loss": 0.1920439600944519, "accuracy": 0.9435107111930847, "energy_consumption": 2.0371638774612304, "selected": true, "host_energy_consumption": 0.8466714172, "client_name": "sta2"}
2025-12-04 06:24:12,608 - METRIC - INFO - mean_accuracy: 0.9319037993748983

2025-12-04 06:24:12,609 - METRIC - INFO - round: 5
2025-12-04 06:24:12,609 - METRIC - INFO - n_selected: 6
2025-12-04 06:24:12,609 - METRIC - INFO - {"selected_trainers": ["sta0", "sta1", "sta2", "sta3", "sta4", "sta5"]}
2025-12-04 06:24:30,938 - EXECUT - INFO - received weights from trainer sta0!
2025-12-04 06:24:54,497 - EXECUT - INFO - received weights from trainer sta1!
2025-12-04 06:25:18,780 - EXECUT - INFO - received weights from trainer sta2!
2025-12-04 06:25:41,341 - EXECUT - INFO - received weights from trainer sta3!
2025-12-04 06:26:03,916 - EXECUT - INFO - received weights from trainer sta4!
2025-12-04 06:26:19,264 - EXECUT - INFO - received weights from trainer sta5!
2025-12-04 06:26:20,911 - EXECUT - INFO - sent aggregated weights to trainers!
2025-12-04 06:26:43,214 - METRIC - INFO - {"loss": 0.16467049717903137, "accuracy": 0.945157527923584, "energy_consumption": 0.6104390040812555, "selected": true, "host_energy_consumption": 0.47773014884000004, "client_name": "sta0"}
2025-12-04 06:26:45,008 - METRIC - INFO - {"loss": 0.1761382669210434, "accuracy": 0.9474912285804749, "energy_consumption": 1.4954579091103042, "selected": true, "host_energy_consumption": 0.8608326053600001, "client_name": "sta1"}
2025-12-04 06:26:50,001 - METRIC - INFO - {"loss": 0.1719001829624176, "accuracy": 0.9491129517555237, "energy_consumption": 2.52931347720052, "selected": true, "host_energy_consumption": 1.02714618216, "client_name": "sta3"}
2025-12-04 06:26:50,761 - METRIC - INFO - {"loss": 0.20488615334033966, "accuracy": 0.9387040138244629, "energy_consumption": 0.4712158619700282, "selected": true, "host_energy_consumption": 0.32452820876, "client_name": "sta5"}
2025-12-04 06:26:53,307 - METRIC - INFO - {"loss": 0.19826635718345642, "accuracy": 0.9422066807746887, "energy_consumption": 0.9575487568920171, "selected": true, "host_energy_consumption": 0.61137194048, "client_name": "sta4"}
2025-12-04 06:26:54,326 - METRIC - INFO - {"loss": 0.1550033539533615, "accuracy": 0.9523809552192688, "energy_consumption": 2.4987859036061195, "selected": true, "host_energy_consumption": 1.0463706346800001, "client_name": "sta2"}
2025-12-04 06:26:54,946 - METRIC - INFO - mean_accuracy: 0.9458422263463339

2025-12-04 06:26:54,946 - METRIC - INFO - round: 6
2025-12-04 06:26:54,947 - METRIC - INFO - n_selected: 6
2025-12-04 06:26:54,947 - METRIC - INFO - {"selected_trainers": ["sta0", "sta1", "sta2", "sta3", "sta4", "sta5"]}
2025-12-04 06:27:13,126 - EXECUT - INFO - received weights from trainer sta0!
2025-12-04 06:27:37,401 - EXECUT - INFO - received weights from trainer sta1!
2025-12-04 06:28:00,302 - EXECUT - INFO - received weights from trainer sta2!
2025-12-04 06:28:21,965 - EXECUT - INFO - received weights from trainer sta3!
2025-12-04 06:28:43,773 - EXECUT - INFO - received weights from trainer sta4!
2025-12-04 06:29:00,468 - EXECUT - INFO - received weights from trainer sta5!
2025-12-04 06:29:02,125 - EXECUT - INFO - sent aggregated weights to trainers!
2025-12-04 06:29:27,620 - METRIC - INFO - {"loss": 0.1344083994626999, "accuracy": 0.9556592702865601, "energy_consumption": 0.7344345862877846, "selected": true, "host_energy_consumption": 0.56951611556, "client_name": "sta0"}
2025-12-04 06:29:29,313 - METRIC - INFO - {"loss": 0.1445961594581604, "accuracy": 0.9568261504173279, "energy_consumption": 1.779671156014216, "selected": true, "host_energy_consumption": 1.024270002, "client_name": "sta1"}
2025-12-04 06:29:32,808 - METRIC - INFO - {"loss": 0.145064577460289, "accuracy": 0.9542483687400818, "energy_consumption": 3.0538571990271857, "selected": true, "host_energy_consumption": 1.23103222984, "client_name": "sta3"}
2025-12-04 06:29:34,075 - METRIC - INFO - {"loss": 0.17082326114177704, "accuracy": 0.9518388509750366, "energy_consumption": 1.1540199424199131, "selected": true, "host_energy_consumption": 0.73317909644, "client_name": "sta4"}
2025-12-04 06:29:36,981 - METRIC - INFO - {"loss": 0.17494486272335052, "accuracy": 0.9439579844474792, "energy_consumption": 0.5456141761575402, "selected": true, "host_energy_consumption": 0.38907223068, "client_name": "sta5"}
2025-12-04 06:29:36,985 - METRIC - INFO - {"loss": 0.12878566980361938, "accuracy": 0.9607843160629272, "energy_consumption": 2.9603870635823046, "selected": true, "host_energy_consumption": 1.24652782492, "client_name": "sta2"}
2025-12-04 06:29:37,161 - METRIC - INFO - mean_accuracy: 0.9538858234882355

2025-12-04 06:29:37,161 - METRIC - INFO - round: 7
2025-12-04 06:29:37,162 - METRIC - INFO - n_selected: 6
2025-12-04 06:29:37,162 - METRIC - INFO - {"selected_trainers": ["sta0", "sta1", "sta2", "sta3", "sta4", "sta5"]}
2025-12-04 06:29:56,420 - EXECUT - INFO - received weights from trainer sta0!
2025-12-04 06:30:20,111 - EXECUT - INFO - received weights from trainer sta1!
2025-12-04 06:30:42,633 - EXECUT - INFO - received weights from trainer sta2!
2025-12-04 06:31:04,742 - EXECUT - INFO - received weights from trainer sta3!
2025-12-04 06:31:26,812 - EXECUT - INFO - received weights from trainer sta4!
2025-12-04 06:31:43,094 - EXECUT - INFO - received weights from trainer sta5!
2025-12-04 06:31:44,745 - EXECUT - INFO - sent aggregated weights to trainers!
2025-12-04 06:32:03,813 - METRIC - INFO - {"loss": 0.11181137710809708, "accuracy": 0.9626604318618774, "energy_consumption": 0.8336223841762676, "selected": true, "host_energy_consumption": 0.66134085836, "client_name": "sta0"}
2025-12-04 06:32:05,967 - METRIC - INFO - {"loss": 0.12104509025812149, "accuracy": 0.9661610126495361, "energy_consumption": 2.0638702812572154, "selected": true, "host_energy_consumption": 1.18705379912, "client_name": "sta1"}
2025-12-04 06:32:12,075 - METRIC - INFO - {"loss": 0.1514340043067932, "accuracy": 0.9509631991386414, "energy_consumption": 0.6200135203806467, "selected": true, "host_energy_consumption": 0.4524426788, "client_name": "sta5"}
2025-12-04 06:32:14,920 - METRIC - INFO - {"loss": 0.12463653832674026, "accuracy": 0.9589169025421143, "energy_consumption": 3.603200002324809, "selected": true, "host_energy_consumption": 1.4320536342, "client_name": "sta3"}
2025-12-04 06:32:18,356 - METRIC - INFO - {"loss": 0.14017413556575775, "accuracy": 0.9623467326164246, "energy_consumption": 1.3256905888493038, "selected": true, "host_energy_consumption": 0.8560360622800001, "client_name": "sta4"}
2025-12-04 06:32:18,507 - METRIC - INFO - {"loss": 0.11113153398036957, "accuracy": 0.9654528498649597, "energy_consumption": 3.4696802181967517, "selected": true, "host_energy_consumption": 1.448492535, "client_name": "sta2"}
2025-12-04 06:32:18,782 - METRIC - INFO - mean_accuracy: 0.9610835214455923

2025-12-04 06:32:18,782 - METRIC - INFO - round: 8
2025-12-04 06:32:18,783 - METRIC - INFO - n_selected: 6
2025-12-04 06:32:18,783 - METRIC - INFO - {"selected_trainers": ["sta0", "sta1", "sta2", "sta3", "sta4", "sta5"]}
2025-12-04 06:32:38,716 - EXECUT - INFO - received weights from trainer sta0!
2025-12-04 06:33:02,963 - EXECUT - INFO - received weights from trainer sta1!
2025-12-04 06:33:27,003 - EXECUT - INFO - received weights from trainer sta2!
2025-12-04 06:33:53,247 - EXECUT - INFO - received weights from trainer sta3!
2025-12-04 06:34:16,554 - EXECUT - INFO - received weights from trainer sta4!
2025-12-04 06:34:32,375 - EXECUT - INFO - received weights from trainer sta5!
2025-12-04 06:34:34,029 - EXECUT - INFO - sent aggregated weights to trainers!
2025-12-04 06:34:54,755 - METRIC - INFO - {"loss": 0.1055249497294426, "accuracy": 0.972578763961792, "energy_consumption": 2.348078858030582, "selected": true, "host_energy_consumption": 1.3494827603600001, "client_name": "sta1"}
2025-12-04 06:34:59,742 - METRIC - INFO - {"loss": 0.0954473614692688, "accuracy": 0.967327892780304, "energy_consumption": 0.9576157711989006, "selected": true, "host_energy_consumption": 0.7526272552400001, "client_name": "sta0"}
2025-12-04 06:35:01,509 - METRIC - INFO - {"loss": 0.13358508050441742, "accuracy": 0.9544658660888672, "energy_consumption": 0.7440148711044521, "selected": true, "host_energy_consumption": 0.51648260272, "client_name": "sta5"}
2025-12-04 06:35:08,324 - METRIC - INFO - {"loss": 0.09708886593580246, "accuracy": 0.9729225039482117, "energy_consumption": 3.931283718006897, "selected": true, "host_energy_consumption": 1.6493025726800001, "client_name": "sta2"}
2025-12-04 06:35:09,104 - METRIC - INFO - {"loss": 0.111064113676548, "accuracy": 0.9631185531616211, "energy_consumption": 4.127750473427949, "selected": true, "host_energy_consumption": 1.65316623444, "client_name": "sta3"}
2025-12-04 06:35:09,214 - METRIC - INFO - {"loss": 0.12187965959310532, "accuracy": 0.9667250514030457, "energy_consumption": 1.4973617280426397, "selected": true, "host_energy_consumption": 0.9830735353600001, "client_name": "sta4"}
2025-12-04 06:35:10,067 - METRIC - INFO - mean_accuracy: 0.9661897718906403

2025-12-04 06:35:10,067 - METRIC - INFO - round: 9
2025-12-04 06:35:10,068 - METRIC - INFO - n_selected: 6
2025-12-04 06:35:10,068 - METRIC - INFO - {"selected_trainers": ["sta0", "sta1", "sta2", "sta3", "sta4", "sta5"]}
2025-12-04 06:35:29,739 - EXECUT - INFO - received weights from trainer sta0!
2025-12-04 06:35:53,495 - EXECUT - INFO - received weights from trainer sta1!
2025-12-04 06:36:19,216 - EXECUT - INFO - received weights from trainer sta2!
2025-12-04 06:36:42,421 - EXECUT - INFO - received weights from trainer sta3!
2025-12-04 06:37:04,159 - EXECUT - INFO - received weights from trainer sta4!
2025-12-04 06:37:19,737 - EXECUT - INFO - received weights from trainer sta5!
2025-12-04 06:37:21,389 - EXECUT - INFO - sent aggregated weights to trainers!
2025-12-04 06:37:44,142 - METRIC - INFO - {"loss": 0.09315188229084015, "accuracy": 0.9766627550125122, "energy_consumption": 2.6246754558243373, "selected": true, "host_energy_consumption": 1.51269689592, "client_name": "sta1"}
2025-12-04 06:37:44,574 - METRIC - INFO - {"loss": 0.08389294147491455, "accuracy": 0.9708284735679626, "energy_consumption": 1.0816020322190754, "selected": true, "host_energy_consumption": 0.84476434868, "client_name": "sta0"}
2025-12-04 06:37:49,842 - METRIC - INFO - {"loss": 0.12114725261926651, "accuracy": 0.9632224440574646, "energy_consumption": 0.8432176013300121, "selected": true, "host_energy_consumption": 0.57954222172, "client_name": "sta5"}
2025-12-04 06:37:52,214 - METRIC - INFO - {"loss": 0.0982232466340065, "accuracy": 0.9691876769065857, "energy_consumption": 4.652310690130261, "selected": true, "host_energy_consumption": 1.85505349316, "client_name": "sta3"}
2025-12-04 06:37:53,586 - METRIC - INFO - {"loss": 0.107631154358387, "accuracy": 0.9693520069122314, "energy_consumption": 1.693829394282235, "selected": true, "host_energy_consumption": 1.1054411858000002, "client_name": "sta4"}
2025-12-04 06:37:56,356 - METRIC - INFO - {"loss": 0.0873560830950737, "accuracy": 0.9757236242294312, "energy_consumption": 4.440585999881241, "selected": true, "host_energy_consumption": 1.8543394130800002, "client_name": "sta2"}
2025-12-04 06:37:56,424 - METRIC - INFO - mean_accuracy: 0.9708294967810313

2025-12-04 06:37:56,425 - METRIC - INFO - round: 10
2025-12-04 06:37:56,425 - METRIC - INFO - n_selected: 6
2025-12-04 06:37:56,425 - METRIC - INFO - {"selected_trainers": ["sta0", "sta1", "sta2", "sta3", "sta4", "sta5"]}
2025-12-04 06:38:16,279 - EXECUT - INFO - received weights from trainer sta0!
2025-12-04 06:38:40,229 - EXECUT - INFO - received weights from trainer sta1!
2025-12-04 06:39:02,287 - EXECUT - INFO - received weights from trainer sta2!
2025-12-04 06:39:24,386 - EXECUT - INFO - received weights from trainer sta3!
2025-12-04 06:39:47,664 - EXECUT - INFO - received weights from trainer sta4!
2025-12-04 06:40:02,975 - EXECUT - INFO - received weights from trainer sta5!
2025-12-04 06:40:04,631 - EXECUT - INFO - sent aggregated weights to trainers!
2025-12-04 06:40:27,352 - METRIC - INFO - {"loss": 0.08590259402990341, "accuracy": 0.9754959344863892, "energy_consumption": 2.9088912333095385, "selected": true, "host_energy_consumption": 1.67643016828, "client_name": "sta1"}
2025-12-04 06:40:30,199 - METRIC - INFO - {"loss": 0.075846366584301, "accuracy": 0.9754959344863892, "energy_consumption": 1.20558827416451, "selected": true, "host_energy_consumption": 0.93632108948, "client_name": "sta0"}
2025-12-04 06:40:32,103 - METRIC - INFO - {"loss": 0.08927006274461746, "accuracy": 0.9701213836669922, "energy_consumption": 5.153979565741207, "selected": true, "host_energy_consumption": 2.05778003228, "client_name": "sta3"}
2025-12-04 06:40:34,547 - METRIC - INFO - {"loss": 0.11023341119289398, "accuracy": 0.9684763550758362, "energy_consumption": 0.9424097132873483, "selected": true, "host_energy_consumption": 0.64420792268, "client_name": "sta5"}
2025-12-04 06:40:35,106 - METRIC - INFO - {"loss": 0.09962093830108643, "accuracy": 0.9693520069122314, "energy_consumption": 1.8903061067141125, "selected": true, "host_energy_consumption": 1.2289288337200002, "client_name": "sta4"}
2025-12-04 06:40:37,742 - METRIC - INFO - {"loss": 0.0789451152086258, "accuracy": 0.978057861328125, "energy_consumption": 4.949882543439971, "selected": true, "host_energy_consumption": 2.0561245432, "client_name": "sta2"}
2025-12-04 06:40:38,666 - METRIC - INFO - mean_accuracy: 0.9728332459926605

2025-12-04 06:40:38,666 - METRIC - INFO - round: 11
2025-12-04 06:40:38,667 - METRIC - INFO - n_selected: 6
2025-12-04 06:40:38,667 - METRIC - INFO - {"selected_trainers": ["sta0", "sta1", "sta2", "sta3", "sta4", "sta5"]}
2025-12-04 06:40:57,693 - EXECUT - INFO - received weights from trainer sta0!
2025-12-04 06:41:21,262 - EXECUT - INFO - received weights from trainer sta1!
2025-12-04 06:41:43,364 - EXECUT - INFO - received weights from trainer sta2!
2025-12-04 06:42:05,800 - EXECUT - INFO - received weights from trainer sta3!
2025-12-04 06:42:27,974 - EXECUT - INFO - received weights from trainer sta4!
2025-12-04 06:42:41,567 - EXECUT - INFO - received weights from trainer sta5!
2025-12-04 06:42:43,216 - EXECUT - INFO - sent aggregated weights to trainers!
2025-12-04 06:43:07,859 - METRIC - INFO - {"loss": 0.07840044051408768, "accuracy": 0.9807468056678772, "energy_consumption": 3.193103513760291, "selected": true, "host_energy_consumption": 1.83946549276, "client_name": "sta1"}
2025-12-04 06:43:11,587 - METRIC - INFO - {"loss": 0.0694395899772644, "accuracy": 0.9801633358001709, "energy_consumption": 1.3295754952795933, "selected": true, "host_energy_consumption": 1.0352632214400002, "client_name": "sta0"}
2025-12-04 06:43:12,325 - METRIC - INFO - {"loss": 0.0825139731168747, "accuracy": 0.9747899174690247, "energy_consumption": 5.678529772977208, "selected": true, "host_energy_consumption": 2.26051241668, "client_name": "sta3"}
2025-12-04 06:43:14,069 - METRIC - INFO - {"loss": 0.10266340523958206, "accuracy": 0.9702276587486267, "energy_consumption": 1.0416055877358352, "selected": true, "host_energy_consumption": 0.7076199334400001, "client_name": "sta5"}
2025-12-04 06:43:19,414 - METRIC - INFO - {"loss": 0.07278051972389221, "accuracy": 0.9803921580314636, "energy_consumption": 5.459189074211169, "selected": true, "host_energy_consumption": 2.2595609584800003, "client_name": "sta2"}
2025-12-04 06:43:19,550 - METRIC - INFO - {"loss": 0.09178818762302399, "accuracy": 0.9702276587486267, "energy_consumption": 2.0619791883511263, "selected": true, "host_energy_consumption": 1.3540023809200001, "client_name": "sta4"}
2025-12-04 06:43:20,255 - METRIC - INFO - mean_accuracy: 0.9760912557442983

2025-12-04 06:43:20,255 - METRIC - INFO - round: 12
2025-12-04 06:43:20,256 - METRIC - INFO - n_selected: 6
2025-12-04 06:43:20,256 - METRIC - INFO - {"selected_trainers": ["sta0", "sta1", "sta2", "sta3", "sta4", "sta5"]}
2025-12-04 06:43:38,353 - EXECUT - INFO - received weights from trainer sta0!
2025-12-04 06:44:01,881 - EXECUT - INFO - received weights from trainer sta1!
2025-12-04 06:44:25,177 - EXECUT - INFO - received weights from trainer sta2!
2025-12-04 06:44:48,533 - EXECUT - INFO - received weights from trainer sta3!
2025-12-04 06:45:11,416 - EXECUT - INFO - received weights from trainer sta4!
2025-12-04 06:45:26,828 - EXECUT - INFO - received weights from trainer sta5!
2025-12-04 06:45:28,485 - EXECUT - INFO - sent aggregated weights to trainers!
2025-12-04 06:45:51,283 - METRIC - INFO - {"loss": 0.07263737171888351, "accuracy": 0.9819136261940002, "energy_consumption": 3.46969021494657, "selected": true, "host_energy_consumption": 2.00253504864, "client_name": "sta1"}
2025-12-04 06:45:53,545 - METRIC - INFO - {"loss": 0.06443659961223602, "accuracy": 0.9813302159309387, "energy_consumption": 1.4783596885180381, "selected": true, "host_energy_consumption": 1.1270212800000001, "client_name": "sta0"}
2025-12-04 06:45:58,854 - METRIC - INFO - {"loss": 0.07606662064790726, "accuracy": 0.9747899174690247, "energy_consumption": 6.227899878576484, "selected": true, "host_energy_consumption": 2.4634982428, "client_name": "sta3"}
2025-12-04 06:46:00,527 - METRIC - INFO - {"loss": 0.09318890422582626, "accuracy": 0.9737303256988525, "energy_consumption": 1.115996809301668, "selected": true, "host_energy_consumption": 0.77145216512, "client_name": "sta5"}
2025-12-04 06:46:03,169 - METRIC - INFO - {"loss": 0.06760277599096298, "accuracy": 0.9813258647918701, "energy_consumption": 5.945599735231395, "selected": true, "host_energy_consumption": 2.46090252324, "client_name": "sta2"}
2025-12-04 06:46:04,259 - METRIC - INFO - {"loss": 0.0848410502076149, "accuracy": 0.9737303256988525, "energy_consumption": 2.2336529328351262, "selected": true, "host_energy_consumption": 1.4759630376400001, "client_name": "sta4"}
2025-12-04 06:46:04,522 - METRIC - INFO - mean_accuracy: 0.9778033792972565

2025-12-04 06:46:04,523 - METRIC - INFO - round: 13
2025-12-04 06:46:04,523 - METRIC - INFO - n_selected: 6
2025-12-04 06:46:04,523 - METRIC - INFO - {"selected_trainers": ["sta0", "sta1", "sta2", "sta3", "sta4", "sta5"]}
2025-12-04 06:46:22,473 - EXECUT - INFO - received weights from trainer sta0!
2025-12-04 06:46:46,356 - EXECUT - INFO - received weights from trainer sta1!
2025-12-04 06:47:08,405 - EXECUT - INFO - received weights from trainer sta2!
2025-12-04 06:47:31,882 - EXECUT - INFO - received weights from trainer sta3!
2025-12-04 06:47:54,800 - EXECUT - INFO - received weights from trainer sta4!
2025-12-04 06:48:09,876 - EXECUT - INFO - received weights from trainer sta5!
2025-12-04 06:48:11,531 - EXECUT - INFO - sent aggregated weights to trainers!
2025-12-04 06:48:32,681 - METRIC - INFO - {"loss": 0.06896185874938965, "accuracy": 0.9824970960617065, "energy_consumption": 3.7787103782681575, "selected": true, "host_energy_consumption": 2.16660558856, "client_name": "sta1"}
2025-12-04 06:48:38,647 - METRIC - INFO - {"loss": 0.06108080968260765, "accuracy": 0.9813302159309387, "energy_consumption": 1.6023388982451203, "selected": true, "host_energy_consumption": 1.2195682380000001, "client_name": "sta0"}
2025-12-04 06:48:40,752 - METRIC - INFO - {"loss": 0.07189023494720459, "accuracy": 0.9766573309898376, "energy_consumption": 6.75245130977454, "selected": true, "host_energy_consumption": 2.6671170234800003, "client_name": "sta3"}
2025-12-04 06:48:45,857 - METRIC - INFO - {"loss": 0.08714267611503601, "accuracy": 0.9737303256988525, "energy_consumption": 1.1904059150195656, "selected": true, "host_energy_consumption": 0.83462544788, "client_name": "sta5"}
2025-12-04 06:48:47,441 - METRIC - INFO - {"loss": 0.06349736452102661, "accuracy": 0.981792688369751, "energy_consumption": 6.407207272526749, "selected": true, "host_energy_consumption": 2.66204338484, "client_name": "sta2"}
2025-12-04 06:48:48,026 - METRIC - INFO - {"loss": 0.0788000300526619, "accuracy": 0.9772329330444336, "energy_consumption": 2.405325701328606, "selected": true, "host_energy_consumption": 1.5984762080000001, "client_name": "sta4"}
2025-12-04 06:48:48,569 - METRIC - INFO - mean_accuracy: 0.9788734316825867

2025-12-04 06:48:48,570 - METRIC - INFO - round: 14
2025-12-04 06:48:48,570 - METRIC - INFO - n_selected: 6
2025-12-04 06:48:48,570 - METRIC - INFO - {"selected_trainers": ["sta0", "sta1", "sta2", "sta3", "sta4", "sta5"]}
2025-12-04 06:49:07,403 - EXECUT - INFO - received weights from trainer sta0!
2025-12-04 06:49:30,437 - EXECUT - INFO - received weights from trainer sta1!
2025-12-04 06:49:54,707 - EXECUT - INFO - received weights from trainer sta2!
2025-12-04 06:50:17,759 - EXECUT - INFO - received weights from trainer sta3!
2025-12-04 06:50:39,734 - EXECUT - INFO - received weights from trainer sta4!
2025-12-04 06:50:57,100 - EXECUT - INFO - received weights from trainer sta5!
2025-12-04 06:50:58,750 - EXECUT - INFO - sent aggregated weights to trainers!
2025-12-04 06:51:21,833 - METRIC - INFO - {"loss": 0.05905649811029434, "accuracy": 0.9813302159309387, "energy_consumption": 1.7263240084230398, "selected": true, "host_energy_consumption": 1.31193115592, "client_name": "sta0"}
2025-12-04 06:51:26,146 - METRIC - INFO - {"loss": 0.0633801817893982, "accuracy": 0.9824970960617065, "energy_consumption": 4.087748341495064, "selected": true, "host_energy_consumption": 2.3293919832400003, "client_name": "sta1"}
2025-12-04 06:51:29,075 - METRIC - INFO - {"loss": 0.0601743683218956, "accuracy": 0.981792688369751, "energy_consumption": 6.8936077063107835, "selected": true, "host_energy_consumption": 2.8614481627200004, "client_name": "sta2"}
2025-12-04 06:51:31,893 - METRIC - INFO - {"loss": 0.08167759329080582, "accuracy": 0.9772329330444336, "energy_consumption": 1.3144000093968962, "selected": true, "host_energy_consumption": 0.8973734509600001, "client_name": "sta5"}
2025-12-04 06:51:32,357 - METRIC - INFO - {"loss": 0.07781918346881866, "accuracy": 0.9772329330444336, "energy_consumption": 2.6018078119100125, "selected": true, "host_energy_consumption": 1.7218875324, "client_name": "sta4"}
2025-12-04 06:51:32,690 - METRIC - INFO - {"loss": 0.06939201802015305, "accuracy": 0.9771241545677185, "energy_consumption": 7.277001634638059, "selected": true, "host_energy_consumption": 2.87133415212, "client_name": "sta3"}
2025-12-04 06:51:32,785 - METRIC - INFO - mean_accuracy: 0.9795350035031637

2025-12-04 06:51:32,786 - METRIC - INFO - round: 15
2025-12-04 06:51:32,786 - METRIC - INFO - n_selected: 6
2025-12-04 06:51:32,786 - METRIC - INFO - {"selected_trainers": ["sta0", "sta1", "sta2", "sta3", "sta4", "sta5"]}
2025-12-04 06:51:51,491 - EXECUT - INFO - received weights from trainer sta0!
2025-12-04 06:52:16,284 - EXECUT - INFO - received weights from trainer sta1!
2025-12-04 06:52:39,387 - EXECUT - INFO - received weights from trainer sta2!
2025-12-04 06:53:02,769 - EXECUT - INFO - received weights from trainer sta3!
2025-12-04 06:53:24,565 - EXECUT - INFO - received weights from trainer sta4!
2025-12-04 06:53:38,573 - EXECUT - INFO - received weights from trainer sta5!
2025-12-04 06:53:40,227 - EXECUT - INFO - sent aggregated weights to trainers!
2025-12-04 06:54:03,017 - METRIC - INFO - {"loss": 0.05452389270067215, "accuracy": 0.9824970960617065, "energy_consumption": 1.8255113183162572, "selected": true, "host_energy_consumption": 1.40250429312, "client_name": "sta0"}
2025-12-04 06:54:05,641 - METRIC - INFO - {"loss": 0.061514124274253845, "accuracy": 0.9830805063247681, "energy_consumption": 4.371978900309045, "selected": true, "host_energy_consumption": 2.4925819366, "client_name": "sta1"}
2025-12-04 06:54:09,714 - METRIC - INFO - {"loss": 0.0818319246172905, "accuracy": 0.9789842367172241, "energy_consumption": 1.4384113362062272, "selected": true, "host_energy_consumption": 0.96060771016, "client_name": "sta5"}
2025-12-04 06:54:10,527 - METRIC - INFO - {"loss": 0.06428747624158859, "accuracy": 0.979925274848938, "energy_consumption": 7.801541220426718, "selected": true, "host_energy_consumption": 3.07578089896, "client_name": "sta3"}
2025-12-04 06:54:11,067 - METRIC - INFO - {"loss": 0.05701058730483055, "accuracy": 0.9827263951301575, "energy_consumption": 7.380027156014394, "selected": true, "host_energy_consumption": 3.06239997728, "client_name": "sta2"}
2025-12-04 06:54:13,353 - METRIC - INFO - {"loss": 0.07371989637613297, "accuracy": 0.9781085848808289, "energy_consumption": 2.798276767283673, "selected": true, "host_energy_consumption": 1.8434032394400002, "client_name": "sta4"}
2025-12-04 06:54:14,262 - METRIC - INFO - mean_accuracy: 0.9808870156606039

2025-12-04 06:54:14,268 - METRIC - INFO - stop_condition: rounds
