2025-12-04 07:31:22,046 - EXECUT - INFO - starting server...
2025-12-04 07:31:30,396 - EXECUT - INFO - trainer number sta5 just joined the pool
2025-12-04 07:31:30,717 - EXECUT - INFO - trainer number sta4 just joined the pool
2025-12-04 07:31:30,719 - EXECUT - INFO - trainer number sta0 just joined the pool
2025-12-04 07:31:30,895 - EXECUT - INFO - trainer number sta1 just joined the pool
2025-12-04 07:31:31,082 - EXECUT - INFO - trainer number sta3 just joined the pool
2025-12-04 07:31:31,125 - EXECUT - INFO - trainer number sta2 just joined the pool
2025-12-04 07:31:32,067 - EXECUT - INFO - mensagem de data_sz recebida: 
 {'id': 'sta0', 'dataset_sz': 84899491968}
2025-12-04 07:31:32,071 - EXECUT - INFO - mensagem de data_sz recebida: 
 {'id': 'sta1', 'dataset_sz': 339081857536}
2025-12-04 07:31:32,111 - EXECUT - INFO - mensagem de data_sz recebida: 
 {'id': 'sta5', 'dataset_sz': 37797784704}
2025-12-04 07:31:32,112 - EXECUT - INFO - mensagem de data_sz recebida: 
 {'id': 'sta3', 'dataset_sz': 529695287808}
2025-12-04 07:31:32,112 - EXECUT - INFO - mensagem de data_sz recebida: 
 {'id': 'sta4', 'dataset_sz': 150847031808}
2025-12-04 07:31:32,112 - EXECUT - INFO - mensagem de data_sz recebida: 
 {'id': 'sta2', 'dataset_sz': 529695287808}
2025-12-04 07:31:33,066 - METRIC - INFO - round: 1
2025-12-04 07:31:33,067 - METRIC - INFO - n_selected: 6
2025-12-04 07:31:33,067 - METRIC - INFO - {"selected_trainers": ["sta0", "sta1", "sta2", "sta3", "sta4", "sta5"]}
2025-12-04 07:31:46,319 - EXECUT - INFO - received weights from trainer sta0!
2025-12-04 07:32:03,325 - EXECUT - INFO - received weights from trainer sta1!
2025-12-04 07:32:26,090 - EXECUT - INFO - received weights from trainer sta2!
2025-12-04 07:32:51,088 - EXECUT - INFO - received weights from trainer sta3!
2025-12-04 07:33:08,450 - EXECUT - INFO - received weights from trainer sta4!
2025-12-04 07:33:19,313 - EXECUT - INFO - received weights from trainer sta5!
2025-12-04 07:33:20,761 - EXECUT - INFO - sent aggregated weights to trainers!
2025-12-04 07:33:33,856 - METRIC - INFO - {"loss": 0.2831554114818573, "accuracy": 0.9206534624099731, "energy_consumption": 0.46941161314568913, "selected": true, "host_energy_consumption": 0.16954551292, "client_name": "sta1"}
2025-12-04 07:33:35,216 - METRIC - INFO - {"loss": 0.4094989001750946, "accuracy": 0.8844807744026184, "energy_consumption": 0.20602548578907776, "selected": true, "host_energy_consumption": 0.085818481, "client_name": "sta0"}
2025-12-04 07:33:53,764 - METRIC - INFO - {"loss": 0.3583194315433502, "accuracy": 0.8992995023727417, "energy_consumption": 0.23818801994948924, "selected": true, "host_energy_consumption": 0.11416493956000001, "client_name": "sta4"}
2025-12-04 07:33:54,254 - METRIC - INFO - {"loss": 0.268706351518631, "accuracy": 0.9248365759849548, "energy_consumption": 0.5191880119854391, "selected": true, "host_energy_consumption": 0.20898526796, "client_name": "sta3"}
2025-12-04 07:33:54,734 - METRIC - INFO - {"loss": 0.3052149713039398, "accuracy": 0.9145658016204834, "energy_consumption": 0.5939553205310393, "selected": true, "host_energy_consumption": 0.21032459588000002, "client_name": "sta2"}
2025-12-04 07:34:01,816 - METRIC - INFO - {"loss": 0.46744051575660706, "accuracy": 0.8879159092903137, "energy_consumption": 0.11732231059327791, "selected": true, "host_energy_consumption": 0.061260729320000006, "client_name": "sta5"}
2025-12-04 07:34:02,803 - METRIC - INFO - mean_accuracy: 0.9052920043468475

2025-12-04 07:34:02,803 - METRIC - INFO - round: 2
2025-12-04 07:34:02,804 - METRIC - INFO - n_selected: 6
2025-12-04 07:34:02,804 - METRIC - INFO - {"selected_trainers": ["sta0", "sta1", "sta2", "sta3", "sta4", "sta5"]}
2025-12-04 07:34:13,216 - EXECUT - INFO - received weights from trainer sta0!
2025-12-04 07:34:29,664 - EXECUT - INFO - received weights from trainer sta1!
2025-12-04 07:34:50,310 - EXECUT - INFO - received weights from trainer sta2!
2025-12-04 07:35:15,279 - EXECUT - INFO - received weights from trainer sta3!
2025-12-04 07:35:33,415 - EXECUT - INFO - received weights from trainer sta4!
2025-12-04 07:35:45,000 - EXECUT - INFO - received weights from trainer sta5!
2025-12-04 07:35:46,439 - EXECUT - INFO - sent aggregated weights to trainers!
2025-12-04 07:35:59,817 - METRIC - INFO - {"loss": 0.36927637457847595, "accuracy": 0.8996499180793762, "energy_consumption": 0.8932807760689381, "selected": true, "host_energy_consumption": 0.33448342788, "client_name": "sta1"}
2025-12-04 07:36:01,378 - METRIC - INFO - {"loss": 0.6189520359039307, "accuracy": 0.8471412062644958, "energy_consumption": 0.4173214698168999, "selected": true, "host_energy_consumption": 0.1659339766, "client_name": "sta0"}
2025-12-04 07:36:04,070 - METRIC - INFO - {"loss": 0.33033615350723267, "accuracy": 0.9089635610580444, "energy_consumption": 1.0328114505683335, "selected": true, "host_energy_consumption": 0.40974670184, "client_name": "sta3"}
2025-12-04 07:36:28,205 - METRIC - INFO - {"loss": 0.48169422149658203, "accuracy": 0.8861646056175232, "energy_consumption": 0.5233944230460619, "selected": true, "host_energy_consumption": 0.22254516984, "client_name": "sta4"}
2025-12-04 07:36:29,844 - METRIC - INFO - {"loss": 0.36221328377723694, "accuracy": 0.9010270833969116, "energy_consumption": 1.1507197878355662, "selected": true, "host_energy_consumption": 0.41428206204, "client_name": "sta2"}
2025-12-04 07:36:32,516 - METRIC - INFO - {"loss": 0.8702893853187561, "accuracy": 0.7863397598266602, "energy_consumption": 0.23559128271671703, "selected": true, "host_energy_consumption": 0.11669532364, "client_name": "sta5"}
2025-12-04 07:36:33,487 - METRIC - INFO - mean_accuracy: 0.871547689040502

2025-12-04 07:36:33,487 - METRIC - INFO - round: 3
2025-12-04 07:36:33,488 - METRIC - INFO - n_selected: 6
2025-12-04 07:36:33,488 - METRIC - INFO - {"selected_trainers": ["sta0", "sta1", "sta2", "sta3", "sta4", "sta5"]}
2025-12-04 07:36:43,343 - EXECUT - INFO - received weights from trainer sta0!
2025-12-04 07:36:59,729 - EXECUT - INFO - received weights from trainer sta1!
2025-12-04 07:37:21,932 - EXECUT - INFO - received weights from trainer sta2!
2025-12-04 07:37:46,886 - EXECUT - INFO - received weights from trainer sta3!
2025-12-04 07:38:04,240 - EXECUT - INFO - received weights from trainer sta4!
2025-12-04 07:38:13,787 - EXECUT - INFO - received weights from trainer sta5!
2025-12-04 07:38:15,197 - EXECUT - INFO - sent aggregated weights to trainers!
2025-12-04 07:38:28,178 - METRIC - INFO - {"loss": 0.3245616853237152, "accuracy": 0.9054842591285706, "energy_consumption": 0.626838127749044, "selected": true, "host_energy_consumption": 0.24652629484000002, "client_name": "sta0"}
2025-12-04 07:38:30,418 - METRIC - INFO - {"loss": 0.25893139839172363, "accuracy": 0.9276546239852905, "energy_consumption": 1.32436422726697, "selected": true, "host_energy_consumption": 0.49965026076, "client_name": "sta1"}
2025-12-04 07:38:32,978 - METRIC - INFO - {"loss": 0.24490928649902344, "accuracy": 0.9285714030265808, "energy_consumption": 1.5499364156953739, "selected": true, "host_energy_consumption": 0.61168787932, "client_name": "sta3"}
2025-12-04 07:38:42,733 - METRIC - INFO - {"loss": 0.3109152913093567, "accuracy": 0.9194395542144775, "energy_consumption": 0.3532176064098618, "selected": true, "host_energy_consumption": 0.17207326584000002, "client_name": "sta5"}
2025-12-04 07:38:55,807 - METRIC - INFO - {"loss": 0.2734132409095764, "accuracy": 0.918767511844635, "energy_consumption": 1.7037517860308018, "selected": true, "host_energy_consumption": 0.61950759164, "client_name": "sta2"}
2025-12-04 07:38:56,621 - METRIC - INFO - {"loss": 0.276666522026062, "accuracy": 0.9229422211647034, "energy_consumption": 0.7615899345970671, "selected": true, "host_energy_consumption": 0.33191185804, "client_name": "sta4"}
2025-12-04 07:38:57,240 - METRIC - INFO - mean_accuracy: 0.9204765955607096

2025-12-04 07:38:57,240 - METRIC - INFO - round: 4
2025-12-04 07:38:57,241 - METRIC - INFO - n_selected: 6
2025-12-04 07:38:57,241 - METRIC - INFO - {"selected_trainers": ["sta0", "sta1", "sta2", "sta3", "sta4", "sta5"]}
2025-12-04 07:39:09,073 - EXECUT - INFO - received weights from trainer sta0!
2025-12-04 07:39:25,455 - EXECUT - INFO - received weights from trainer sta1!
2025-12-04 07:39:49,815 - EXECUT - INFO - received weights from trainer sta2!
2025-12-04 07:40:13,436 - EXECUT - INFO - received weights from trainer sta3!
2025-12-04 07:40:30,748 - EXECUT - INFO - received weights from trainer sta4!
2025-12-04 07:40:40,218 - EXECUT - INFO - received weights from trainer sta5!
2025-12-04 07:40:41,637 - EXECUT - INFO - sent aggregated weights to trainers!
2025-12-04 07:40:57,643 - METRIC - INFO - {"loss": 0.2045639008283615, "accuracy": 0.9410735368728638, "energy_consumption": 1.7464170781866077, "selected": true, "host_energy_consumption": 0.66508967616, "client_name": "sta1"}
2025-12-04 07:40:58,141 - METRIC - INFO - {"loss": 0.24465949833393097, "accuracy": 0.9299883246421814, "energy_consumption": 0.7980806560948213, "selected": true, "host_energy_consumption": 0.32682678728000003, "client_name": "sta0"}
2025-12-04 07:41:10,312 - METRIC - INFO - {"loss": 0.21018986403942108, "accuracy": 0.943082332611084, "energy_consumption": 1.0424354435468732, "selected": true, "host_energy_consumption": 0.44080114232, "client_name": "sta4"}
2025-12-04 07:41:11,461 - METRIC - INFO - {"loss": 0.19404980540275574, "accuracy": 0.9435107111930847, "energy_consumption": 2.0158623152508532, "selected": true, "host_energy_consumption": 0.8141220122, "client_name": "sta3"}
2025-12-04 07:41:11,755 - METRIC - INFO - {"loss": 0.2206205576658249, "accuracy": 0.9383753538131714, "energy_consumption": 2.2921785923531015, "selected": true, "host_energy_consumption": 0.82586719964, "client_name": "sta2"}
2025-12-04 07:41:12,696 - METRIC - INFO - {"loss": 0.22354289889335632, "accuracy": 0.9352014064788818, "energy_consumption": 0.4721077965006959, "selected": true, "host_energy_consumption": 0.22774942456000002, "client_name": "sta5"}
2025-12-04 07:41:13,670 - METRIC - INFO - mean_accuracy: 0.9385386109352112

2025-12-04 07:41:13,670 - METRIC - INFO - round: 5
2025-12-04 07:41:13,671 - METRIC - INFO - n_selected: 6
2025-12-04 07:41:13,671 - METRIC - INFO - {"selected_trainers": ["sta0", "sta1", "sta2", "sta3", "sta4", "sta5"]}
2025-12-04 07:41:24,670 - EXECUT - INFO - received weights from trainer sta0!
2025-12-04 07:41:40,823 - EXECUT - INFO - received weights from trainer sta1!
2025-12-04 07:42:02,969 - EXECUT - INFO - received weights from trainer sta2!
2025-12-04 07:42:27,211 - EXECUT - INFO - received weights from trainer sta3!
2025-12-04 07:42:44,082 - EXECUT - INFO - received weights from trainer sta4!
2025-12-04 07:42:55,431 - EXECUT - INFO - received weights from trainer sta5!
2025-12-04 07:42:56,849 - EXECUT - INFO - sent aggregated weights to trainers!
2025-12-04 07:43:08,546 - METRIC - INFO - {"loss": 0.19430193305015564, "accuracy": 0.9498249888420105, "energy_consumption": 1.0044749915919282, "selected": true, "host_energy_consumption": 0.40695704868000004, "client_name": "sta0"}
2025-12-04 07:43:12,216 - METRIC - INFO - {"loss": 0.16547109186649323, "accuracy": 0.9498249888420105, "energy_consumption": 2.211277281928118, "selected": true, "host_energy_consumption": 0.8303631501200001, "client_name": "sta1"}
2025-12-04 07:43:21,876 - METRIC - INFO - {"loss": 0.16058410704135895, "accuracy": 0.9542483687400818, "energy_consumption": 2.4887960079658527, "selected": true, "host_energy_consumption": 1.0165171632, "client_name": "sta3"}
2025-12-04 07:43:25,278 - METRIC - INFO - {"loss": 0.17389698326587677, "accuracy": 0.9422066807746887, "energy_consumption": 0.6230553458514603, "selected": true, "host_energy_consumption": 0.28312237604, "client_name": "sta5"}
2025-12-04 07:43:26,120 - METRIC - INFO - {"loss": 0.1691884845495224, "accuracy": 0.9527145624160767, "energy_consumption": 1.2850764758886424, "selected": true, "host_energy_consumption": 0.55037077172, "client_name": "sta4"}
2025-12-04 07:43:27,134 - METRIC - INFO - {"loss": 0.18024472892284393, "accuracy": 0.9505135416984558, "energy_consumption": 2.7883308500306736, "selected": true, "host_energy_consumption": 1.0300721088, "client_name": "sta2"}
2025-12-04 07:43:27,881 - METRIC - INFO - mean_accuracy: 0.9498888552188873

2025-12-04 07:43:27,881 - METRIC - INFO - round: 6
2025-12-04 07:43:27,882 - METRIC - INFO - n_selected: 6
2025-12-04 07:43:27,882 - METRIC - INFO - {"selected_trainers": ["sta0", "sta1", "sta2", "sta3", "sta4", "sta5"]}
2025-12-04 07:43:38,329 - EXECUT - INFO - received weights from trainer sta0!
2025-12-04 07:43:54,522 - EXECUT - INFO - received weights from trainer sta1!
2025-12-04 07:44:19,951 - EXECUT - INFO - received weights from trainer sta2!
2025-12-04 07:44:42,678 - EXECUT - INFO - received weights from trainer sta3!
2025-12-04 07:44:59,746 - EXECUT - INFO - received weights from trainer sta4!
2025-12-04 07:45:12,192 - EXECUT - INFO - received weights from trainer sta5!
2025-12-04 07:45:13,603 - EXECUT - INFO - sent aggregated weights to trainers!
2025-12-04 07:45:29,109 - METRIC - INFO - {"loss": 0.1385948657989502, "accuracy": 0.9597432613372803, "energy_consumption": 2.631356875527838, "selected": true, "host_energy_consumption": 0.9955322560400001, "client_name": "sta1"}
2025-12-04 07:45:31,062 - METRIC - INFO - {"loss": 0.15765328705310822, "accuracy": 0.9568261504173279, "energy_consumption": 1.1683382431673954, "selected": true, "host_energy_consumption": 0.48847503572, "client_name": "sta0"}
2025-12-04 07:45:39,525 - METRIC - INFO - {"loss": 0.1528967320919037, "accuracy": 0.9589169025421143, "energy_consumption": 3.3216706848493036, "selected": true, "host_energy_consumption": 1.23532257184, "client_name": "sta2"}
2025-12-04 07:45:39,830 - METRIC - INFO - {"loss": 0.13162189722061157, "accuracy": 0.9621848464012146, "energy_consumption": 3.037222915688627, "selected": true, "host_energy_consumption": 1.22051798624, "client_name": "sta3"}
2025-12-04 07:45:41,465 - METRIC - INFO - {"loss": 0.1465950906276703, "accuracy": 0.9562171697616577, "energy_consumption": 1.5637314265668376, "selected": true, "host_energy_consumption": 0.65963386132, "client_name": "sta4"}
2025-12-04 07:45:41,668 - METRIC - INFO - {"loss": 0.142115518450737, "accuracy": 0.9579684734344482, "energy_consumption": 0.7801164585048372, "selected": true, "host_energy_consumption": 0.33893327048, "client_name": "sta5"}
2025-12-04 07:45:42,633 - METRIC - INFO - mean_accuracy: 0.9586428006490072

2025-12-04 07:45:42,634 - METRIC - INFO - round: 7
2025-12-04 07:45:42,634 - METRIC - INFO - n_selected: 6
2025-12-04 07:45:42,634 - METRIC - INFO - {"selected_trainers": ["sta0", "sta1", "sta2", "sta3", "sta4", "sta5"]}
2025-12-04 07:45:53,500 - EXECUT - INFO - received weights from trainer sta0!
2025-12-04 07:46:13,326 - EXECUT - INFO - received weights from trainer sta1!
2025-12-04 07:46:34,706 - EXECUT - INFO - received weights from trainer sta2!
2025-12-04 07:46:57,835 - EXECUT - INFO - received weights from trainer sta3!
2025-12-04 07:47:15,020 - EXECUT - INFO - received weights from trainer sta4!
2025-12-04 07:47:25,811 - EXECUT - INFO - received weights from trainer sta5!
2025-12-04 07:47:27,226 - EXECUT - INFO - sent aggregated weights to trainers!
2025-12-04 07:47:46,076 - METRIC - INFO - {"loss": 0.1174696832895279, "accuracy": 0.9655776023864746, "energy_consumption": 3.105718504369732, "selected": true, "host_energy_consumption": 1.16054263192, "client_name": "sta1"}
2025-12-04 07:47:46,376 - METRIC - INFO - {"loss": 0.13024254143238068, "accuracy": 0.9626604318618774, "energy_consumption": 1.373544275233351, "selected": true, "host_energy_consumption": 0.56961149308, "client_name": "sta0"}
2025-12-04 07:47:58,775 - METRIC - INFO - {"loss": 0.11397445201873779, "accuracy": 0.9696545004844666, "energy_consumption": 3.551419349723492, "selected": true, "host_energy_consumption": 1.42366069608, "client_name": "sta3"}
2025-12-04 07:47:59,120 - METRIC - INFO - {"loss": 0.1183018609881401, "accuracy": 0.9632224440574646, "energy_consumption": 0.8987208455078939, "selected": true, "host_energy_consumption": 0.39470569572, "client_name": "sta5"}
2025-12-04 07:47:59,767 - METRIC - INFO - {"loss": 0.13305626809597015, "accuracy": 0.9649859666824341, "energy_consumption": 3.8295849269910835, "selected": true, "host_energy_consumption": 1.44090194556, "client_name": "sta2"}
2025-12-04 07:47:59,971 - METRIC - INFO - {"loss": 0.1245211660861969, "accuracy": 0.9623467326164246, "energy_consumption": 1.835555413221753, "selected": true, "host_energy_consumption": 0.7691744552800001, "client_name": "sta4"}
2025-12-04 07:48:00,260 - METRIC - INFO - mean_accuracy: 0.9647412796815237

2025-12-04 07:48:00,261 - METRIC - INFO - round: 8
2025-12-04 07:48:00,261 - METRIC - INFO - n_selected: 6
2025-12-04 07:48:00,261 - METRIC - INFO - {"selected_trainers": ["sta0", "sta1", "sta2", "sta3", "sta4", "sta5"]}
2025-12-04 07:48:11,031 - EXECUT - INFO - received weights from trainer sta0!
2025-12-04 07:48:27,848 - EXECUT - INFO - received weights from trainer sta1!
2025-12-04 07:48:51,639 - EXECUT - INFO - received weights from trainer sta2!
2025-12-04 07:49:16,535 - EXECUT - INFO - received weights from trainer sta3!
2025-12-04 07:49:34,014 - EXECUT - INFO - received weights from trainer sta4!
2025-12-04 07:49:46,155 - EXECUT - INFO - received weights from trainer sta5!
2025-12-04 07:49:47,564 - EXECUT - INFO - sent aggregated weights to trainers!
2025-12-04 07:50:04,637 - METRIC - INFO - {"loss": 0.11164546012878418, "accuracy": 0.9696615934371948, "energy_consumption": 1.6276542930083955, "selected": true, "host_energy_consumption": 0.6502603268, "client_name": "sta0"}
2025-12-04 07:50:05,195 - METRIC - INFO - {"loss": 0.10411954671144485, "accuracy": 0.9690781831741333, "energy_consumption": 3.5303164047634956, "selected": true, "host_energy_consumption": 1.3256833517200002, "client_name": "sta1"}
2025-12-04 07:50:16,610 - METRIC - INFO - {"loss": 0.10300115495920181, "accuracy": 0.9684763550758362, "energy_consumption": 1.017677496738342, "selected": true, "host_energy_consumption": 0.45067945636, "client_name": "sta5"}
2025-12-04 07:50:16,652 - METRIC - INFO - {"loss": 0.11055219918489456, "accuracy": 0.9676007032394409, "energy_consumption": 2.0741089145992806, "selected": true, "host_energy_consumption": 0.87752411208, "client_name": "sta4"}
2025-12-04 07:50:18,012 - METRIC - INFO - {"loss": 0.09937785565853119, "accuracy": 0.9719887971878052, "energy_consumption": 4.092901658878272, "selected": true, "host_energy_consumption": 1.6265223814, "client_name": "sta3"}
2025-12-04 07:50:18,516 - METRIC - INFO - {"loss": 0.1190730482339859, "accuracy": 0.9668533802032471, "energy_consumption": 4.380166376709811, "selected": true, "host_energy_consumption": 1.6467346579600002, "client_name": "sta2"}
2025-12-04 07:50:18,596 - METRIC - INFO - mean_accuracy: 0.9689431687196096

2025-12-04 07:50:18,597 - METRIC - INFO - round: 9
2025-12-04 07:50:18,597 - METRIC - INFO - n_selected: 6
2025-12-04 07:50:18,597 - METRIC - INFO - {"selected_trainers": ["sta0", "sta1", "sta2", "sta3", "sta4", "sta5"]}
2025-12-04 07:50:31,370 - EXECUT - INFO - received weights from trainer sta0!
2025-12-04 07:50:48,074 - EXECUT - INFO - received weights from trainer sta1!
2025-12-04 07:51:11,401 - EXECUT - INFO - received weights from trainer sta2!
2025-12-04 07:51:35,651 - EXECUT - INFO - received weights from trainer sta3!
2025-12-04 07:51:54,862 - EXECUT - INFO - received weights from trainer sta4!
2025-12-04 07:52:06,578 - EXECUT - INFO - received weights from trainer sta5!
2025-12-04 07:52:07,996 - EXECUT - INFO - sent aggregated weights to trainers!
2025-12-04 07:52:21,676 - METRIC - INFO - {"loss": 0.0966433584690094, "accuracy": 0.9743290543556213, "energy_consumption": 1.8316116787243018, "selected": true, "host_energy_consumption": 0.73093404356, "client_name": "sta0"}
2025-12-04 07:52:23,722 - METRIC - INFO - {"loss": 0.09265805035829544, "accuracy": 0.9737456440925598, "energy_consumption": 3.955029855123107, "selected": true, "host_energy_consumption": 1.49093042112, "client_name": "sta1"}
2025-12-04 07:52:34,078 - METRIC - INFO - {"loss": 0.08866959810256958, "accuracy": 0.9771241545677185, "energy_consumption": 4.606660625031058, "selected": true, "host_energy_consumption": 1.83002240484, "client_name": "sta3"}
2025-12-04 07:52:37,053 - METRIC - INFO - {"loss": 0.10016913712024689, "accuracy": 0.9693520069122314, "energy_consumption": 2.314479629261564, "selected": true, "host_energy_consumption": 0.9853967922400001, "client_name": "sta4"}
2025-12-04 07:52:37,260 - METRIC - INFO - {"loss": 0.09284316748380661, "accuracy": 0.9737303256988525, "energy_consumption": 1.13499929231382, "selected": true, "host_energy_consumption": 0.50684296516, "client_name": "sta5"}
2025-12-04 07:52:37,674 - METRIC - INFO - {"loss": 0.10576102882623672, "accuracy": 0.9687207937240601, "energy_consumption": 4.91255999348583, "selected": true, "host_energy_consumption": 1.8543888188000002, "client_name": "sta2"}
2025-12-04 07:52:38,029 - METRIC - INFO - mean_accuracy: 0.972833663225174

2025-12-04 07:52:38,029 - METRIC - INFO - round: 10
2025-12-04 07:52:38,030 - METRIC - INFO - n_selected: 6
2025-12-04 07:52:38,030 - METRIC - INFO - {"selected_trainers": ["sta0", "sta1", "sta2", "sta3", "sta4", "sta5"]}
2025-12-04 07:52:49,675 - EXECUT - INFO - received weights from trainer sta0!
2025-12-04 07:53:05,923 - EXECUT - INFO - received weights from trainer sta1!
2025-12-04 07:53:29,053 - EXECUT - INFO - received weights from trainer sta2!
2025-12-04 07:53:54,975 - EXECUT - INFO - received weights from trainer sta3!
2025-12-04 07:54:13,056 - EXECUT - INFO - received weights from trainer sta4!
2025-12-04 07:54:24,943 - EXECUT - INFO - received weights from trainer sta5!
2025-12-04 07:54:26,360 - EXECUT - INFO - sent aggregated weights to trainers!
2025-12-04 07:54:40,040 - METRIC - INFO - {"loss": 0.08450780063867569, "accuracy": 0.9743290543556213, "energy_consumption": 4.377227154229597, "selected": true, "host_energy_consumption": 1.6554820382800002, "client_name": "sta1"}
2025-12-04 07:54:50,657 - METRIC - INFO - {"loss": 0.08565044403076172, "accuracy": 0.9766627550125122, "energy_consumption": 2.0006597352990148, "selected": true, "host_energy_consumption": 0.8106886026400001, "client_name": "sta0"}
2025-12-04 07:54:52,471 - METRIC - INFO - {"loss": 0.08289466798305511, "accuracy": 0.9766573309898376, "energy_consumption": 5.11455439044661, "selected": true, "host_energy_consumption": 2.03087991792, "client_name": "sta3"}
2025-12-04 07:54:54,089 - METRIC - INFO - {"loss": 0.0862298533320427, "accuracy": 0.9772329330444336, "energy_consumption": 1.250964484906822, "selected": true, "host_energy_consumption": 0.563853171, "client_name": "sta5"}
2025-12-04 07:54:54,614 - METRIC - INFO - {"loss": 0.09812909364700317, "accuracy": 0.9691876769065857, "energy_consumption": 5.453091433542189, "selected": true, "host_energy_consumption": 2.061922394, "client_name": "sta2"}
2025-12-04 07:54:55,661 - METRIC - INFO - {"loss": 0.09345274418592453, "accuracy": 0.9702276587486267, "energy_consumption": 2.5537618569826694, "selected": true, "host_energy_consumption": 1.0946195327200001, "client_name": "sta4"}
2025-12-04 07:54:56,391 - METRIC - INFO - mean_accuracy: 0.9740495681762695

2025-12-04 07:54:56,392 - METRIC - INFO - round: 11
2025-12-04 07:54:56,392 - METRIC - INFO - n_selected: 6
2025-12-04 07:54:56,392 - METRIC - INFO - {"selected_trainers": ["sta0", "sta1", "sta2", "sta3", "sta4", "sta5"]}
2025-12-04 07:55:06,587 - EXECUT - INFO - received weights from trainer sta0!
2025-12-04 07:55:25,065 - EXECUT - INFO - received weights from trainer sta1!
2025-12-04 07:55:46,829 - EXECUT - INFO - received weights from trainer sta2!
2025-12-04 07:56:11,690 - EXECUT - INFO - received weights from trainer sta3!
2025-12-04 07:56:29,724 - EXECUT - INFO - received weights from trainer sta4!
2025-12-04 07:56:43,121 - EXECUT - INFO - received weights from trainer sta5!
2025-12-04 07:56:44,533 - EXECUT - INFO - sent aggregated weights to trainers!
2025-12-04 07:57:00,575 - METRIC - INFO - {"loss": 0.07780640572309494, "accuracy": 0.97782963514328, "energy_consumption": 2.168569755133587, "selected": true, "host_energy_consumption": 0.89093731356, "client_name": "sta0"}
2025-12-04 07:57:01,637 - METRIC - INFO - {"loss": 0.07624797523021698, "accuracy": 0.9772462248802185, "energy_consumption": 4.879677322970077, "selected": true, "host_energy_consumption": 1.8205869892000002, "client_name": "sta1"}
2025-12-04 07:57:06,804 - METRIC - INFO - {"loss": 0.07479853183031082, "accuracy": 0.9794584512710571, "energy_consumption": 5.583719969733945, "selected": true, "host_energy_consumption": 2.2336359371200003, "client_name": "sta3"}
2025-12-04 07:57:08,833 - METRIC - INFO - {"loss": 0.0885389894247055, "accuracy": 0.9737303256988525, "energy_consumption": 2.7917942843323633, "selected": true, "host_energy_consumption": 1.20415737512, "client_name": "sta4"}
2025-12-04 07:57:20,202 - METRIC - INFO - {"loss": 0.08329556882381439, "accuracy": 0.9807355403900146, "energy_consumption": 1.4031999793269971, "selected": true, "host_energy_consumption": 0.6198360574, "client_name": "sta5"}
2025-12-04 07:57:22,003 - METRIC - INFO - {"loss": 0.09023914486169815, "accuracy": 0.9710550904273987, "energy_consumption": 5.950698455959097, "selected": true, "host_energy_consumption": 2.2681097714800003, "client_name": "sta2"}
2025-12-04 07:57:22,572 - METRIC - INFO - mean_accuracy: 0.9766758779684702

2025-12-04 07:57:22,573 - METRIC - INFO - round: 12
2025-12-04 07:57:22,573 - METRIC - INFO - n_selected: 6
2025-12-04 07:57:22,573 - METRIC - INFO - {"selected_trainers": ["sta0", "sta1", "sta2", "sta3", "sta4", "sta5"]}
2025-12-04 07:57:33,556 - EXECUT - INFO - received weights from trainer sta0!
2025-12-04 07:57:49,541 - EXECUT - INFO - received weights from trainer sta1!
2025-12-04 07:58:12,795 - EXECUT - INFO - received weights from trainer sta2!
2025-12-04 07:58:36,352 - EXECUT - INFO - received weights from trainer sta3!
2025-12-04 07:58:53,370 - EXECUT - INFO - received weights from trainer sta4!
2025-12-04 07:59:06,542 - EXECUT - INFO - received weights from trainer sta5!
2025-12-04 07:59:07,960 - EXECUT - INFO - sent aggregated weights to trainers!
2025-12-04 07:59:22,745 - METRIC - INFO - {"loss": 0.07079252600669861, "accuracy": 0.9801633358001709, "energy_consumption": 2.375038488448934, "selected": true, "host_energy_consumption": 0.9711110340400001, "client_name": "sta0"}
2025-12-04 07:59:24,616 - METRIC - INFO - {"loss": 0.07159103453159332, "accuracy": 0.9772462248802185, "energy_consumption": 5.303540655383169, "selected": true, "host_energy_consumption": 1.9856761666, "client_name": "sta1"}
2025-12-04 07:59:36,179 - METRIC - INFO - {"loss": 0.08412858098745346, "accuracy": 0.9710550904273987, "energy_consumption": 6.545912392567471, "selected": true, "host_energy_consumption": 2.4735391310000003, "client_name": "sta2"}
2025-12-04 07:59:37,102 - METRIC - INFO - {"loss": 0.08210807293653488, "accuracy": 0.9772329330444336, "energy_consumption": 3.0315672477179323, "selected": true, "host_energy_consumption": 1.3127659767600002, "client_name": "sta4"}
2025-12-04 07:59:37,254 - METRIC - INFO - {"loss": 0.07627611607313156, "accuracy": 0.9807355403900146, "energy_consumption": 1.5208284362111595, "selected": true, "host_energy_consumption": 0.6762490428400001, "client_name": "sta5"}
2025-12-04 07:59:37,698 - METRIC - INFO - {"loss": 0.06939126551151276, "accuracy": 0.9803921580314636, "energy_consumption": 6.047583068813008, "selected": true, "host_energy_consumption": 2.43586911064, "client_name": "sta3"}
2025-12-04 07:59:37,991 - METRIC - INFO - mean_accuracy: 0.9778042137622833

2025-12-04 07:59:37,992 - METRIC - INFO - round: 13
2025-12-04 07:59:37,992 - METRIC - INFO - n_selected: 6
2025-12-04 07:59:37,992 - METRIC - INFO - {"selected_trainers": ["sta0", "sta1", "sta2", "sta3", "sta4", "sta5"]}
2025-12-04 07:59:48,970 - EXECUT - INFO - received weights from trainer sta0!
2025-12-04 08:00:05,362 - EXECUT - INFO - received weights from trainer sta1!
2025-12-04 08:00:27,226 - EXECUT - INFO - received weights from trainer sta2!
2025-12-04 08:00:49,737 - EXECUT - INFO - received weights from trainer sta3!
2025-12-04 08:01:04,860 - EXECUT - INFO - received weights from trainer sta4!
2025-12-04 08:01:16,097 - EXECUT - INFO - received weights from trainer sta5!
2025-12-04 08:01:17,514 - EXECUT - INFO - sent aggregated weights to trainers!
2025-12-04 08:01:29,511 - METRIC - INFO - {"loss": 0.06851989775896072, "accuracy": 0.9766627550125122, "energy_consumption": 5.726647685746523, "selected": true, "host_energy_consumption": 2.15130832056, "client_name": "sta1"}
2025-12-04 08:01:30,580 - METRIC - INFO - {"loss": 0.06676004081964493, "accuracy": 0.9801633358001709, "energy_consumption": 2.546102437551679, "selected": true, "host_energy_consumption": 1.0534051715600001, "client_name": "sta0"}
2025-12-04 08:01:44,059 - METRIC - INFO - {"loss": 0.06510401517152786, "accuracy": 0.981792688369751, "energy_consumption": 6.515389633753681, "selected": true, "host_energy_consumption": 2.63822840708, "client_name": "sta3"}
2025-12-04 08:01:44,854 - METRIC - INFO - {"loss": 0.07882057875394821, "accuracy": 0.9752567410469055, "energy_consumption": 7.046223736892257, "selected": true, "host_energy_consumption": 2.67860476828, "client_name": "sta2"}
2025-12-04 08:01:45,222 - METRIC - INFO - {"loss": 0.07865749299526215, "accuracy": 0.9789842367172241, "energy_consumption": 3.269738205318456, "selected": true, "host_energy_consumption": 1.42142801808, "client_name": "sta4"}
2025-12-04 08:01:53,791 - METRIC - INFO - {"loss": 0.07379867881536484, "accuracy": 0.9824868440628052, "energy_consumption": 1.673128628947671, "selected": true, "host_energy_consumption": 0.73200538684, "client_name": "sta5"}
2025-12-04 08:01:54,551 - METRIC - INFO - mean_accuracy: 0.9792244335015615

2025-12-04 08:01:54,552 - METRIC - INFO - round: 14
2025-12-04 08:01:54,552 - METRIC - INFO - n_selected: 6
2025-12-04 08:01:54,552 - METRIC - INFO - {"selected_trainers": ["sta0", "sta1", "sta2", "sta3", "sta4", "sta5"]}
2025-12-04 08:02:05,622 - EXECUT - INFO - received weights from trainer sta0!
2025-12-04 08:02:22,498 - EXECUT - INFO - received weights from trainer sta1!
2025-12-04 08:02:44,772 - EXECUT - INFO - received weights from trainer sta2!
2025-12-04 08:03:08,398 - EXECUT - INFO - received weights from trainer sta3!
2025-12-04 08:03:27,811 - EXECUT - INFO - received weights from trainer sta4!
2025-12-04 08:03:39,276 - EXECUT - INFO - received weights from trainer sta5!
2025-12-04 08:03:40,692 - EXECUT - INFO - sent aggregated weights to trainers!
2025-12-04 08:04:00,827 - METRIC - INFO - {"loss": 0.06545141339302063, "accuracy": 0.9784130454063416, "energy_consumption": 6.196625524403404, "selected": true, "host_energy_consumption": 2.3157654142, "client_name": "sta1"}
2025-12-04 08:04:03,930 - METRIC - INFO - {"loss": 0.06206456199288368, "accuracy": 0.9813302159309387, "energy_consumption": 2.7481711147031596, "selected": true, "host_energy_consumption": 1.13352804964, "client_name": "sta0"}
2025-12-04 08:04:07,430 - METRIC - INFO - {"loss": 0.07048182934522629, "accuracy": 0.985989511013031, "energy_consumption": 1.7892191600238458, "selected": true, "host_energy_consumption": 0.78783140576, "client_name": "sta5"}
2025-12-04 08:04:07,893 - METRIC - INFO - {"loss": 0.07563931494951248, "accuracy": 0.976190447807312, "energy_consumption": 7.5842683880683435, "selected": true, "host_energy_consumption": 2.8841553283200003, "client_name": "sta2"}
2025-12-04 08:04:09,627 - METRIC - INFO - {"loss": 0.07410182803869247, "accuracy": 0.9798598885536194, "energy_consumption": 3.5101386527213183, "selected": true, "host_energy_consumption": 1.53048467992, "client_name": "sta4"}
2025-12-04 08:04:28,572 - METRIC - INFO - {"loss": 0.062437620013952255, "accuracy": 0.9808589816093445, "energy_consumption": 7.031884938754278, "selected": true, "host_energy_consumption": 2.8398564476800003, "client_name": "sta3"}
2025-12-04 08:04:28,741 - METRIC - INFO - mean_accuracy: 0.9804403483867645

2025-12-04 08:04:28,741 - METRIC - INFO - round: 15
2025-12-04 08:04:28,742 - METRIC - INFO - n_selected: 6
2025-12-04 08:04:28,742 - METRIC - INFO - {"selected_trainers": ["sta0", "sta1", "sta2", "sta3", "sta4", "sta5"]}
2025-12-04 08:04:40,789 - EXECUT - INFO - received weights from trainer sta0!
2025-12-04 08:04:57,676 - EXECUT - INFO - received weights from trainer sta1!
2025-12-04 08:05:21,316 - EXECUT - INFO - received weights from trainer sta2!
2025-12-04 08:05:45,859 - EXECUT - INFO - received weights from trainer sta3!
2025-12-04 08:06:05,266 - EXECUT - INFO - received weights from trainer sta4!
2025-12-04 08:06:17,372 - EXECUT - INFO - received weights from trainer sta5!
2025-12-04 08:06:18,790 - EXECUT - INFO - sent aggregated weights to trainers!
2025-12-04 08:06:31,933 - METRIC - INFO - {"loss": 0.06197807192802429, "accuracy": 0.9795799255371094, "energy_consumption": 6.619290357940375, "selected": true, "host_energy_consumption": 2.4853291789200003, "client_name": "sta1"}
2025-12-04 08:06:32,163 - METRIC - INFO - {"loss": 0.05867544934153557, "accuracy": 0.9836639165878296, "energy_consumption": 2.9139809682482727, "selected": true, "host_energy_consumption": 1.21497887364, "client_name": "sta0"}
2025-12-04 08:06:44,608 - METRIC - INFO - {"loss": 0.059964705258607864, "accuracy": 0.9794584512710571, "energy_consumption": 7.58164950030152, "selected": true, "host_energy_consumption": 3.04123774584, "client_name": "sta3"}
2025-12-04 08:06:48,542 - METRIC - INFO - {"loss": 0.06984318792819977, "accuracy": 0.9842382073402405, "energy_consumption": 1.9073286435332033, "selected": true, "host_energy_consumption": 0.8436303204000001, "client_name": "sta5"}
2025-12-04 08:06:48,741 - METRIC - INFO - {"loss": 0.07142727822065353, "accuracy": 0.978057861328125, "energy_consumption": 8.149710480890056, "selected": true, "host_energy_consumption": 3.1003613104800003, "client_name": "sta2"}
2025-12-04 08:06:48,880 - METRIC - INFO - {"loss": 0.07247116416692734, "accuracy": 0.9789842367172241, "energy_consumption": 3.75464141082764, "selected": true, "host_energy_consumption": 1.6394369742800001, "client_name": "sta4"}
2025-12-04 08:06:49,822 - METRIC - INFO - mean_accuracy: 0.9806637664635977

2025-12-04 08:06:49,828 - METRIC - INFO - stop_condition: rounds
