2025-11-19 10:16:27,060 - EXECUT - INFO - starting server...
2025-11-19 10:16:36,268 - EXECUT - INFO - trainer number sta2 just joined the pool
2025-11-19 10:16:36,318 - EXECUT - INFO - trainer number sta0 just joined the pool
2025-11-19 10:16:36,319 - EXECUT - INFO - trainer number sta5 just joined the pool
2025-11-19 10:16:36,335 - EXECUT - INFO - trainer number sta4 just joined the pool
2025-11-19 10:16:36,381 - EXECUT - INFO - trainer number sta1 just joined the pool
2025-11-19 10:16:36,686 - EXECUT - INFO - trainer number sta3 just joined the pool
2025-11-19 10:16:37,081 - METRIC - INFO - round: 1
2025-11-19 10:16:37,081 - METRIC - INFO - n_selected: 6
2025-11-19 10:16:37,081 - METRIC - INFO - {"selected_trainers": ["sta2", "sta0", "sta4", "sta5", "sta1", "sta3"]}
2025-11-19 10:17:03,983 - EXECUT - INFO - received weights from trainer sta2!
2025-11-19 10:17:29,311 - EXECUT - INFO - received weights from trainer sta0!
2025-11-19 10:17:55,341 - EXECUT - INFO - received weights from trainer sta4!
2025-11-19 10:18:20,824 - EXECUT - INFO - received weights from trainer sta5!
2025-11-19 10:18:48,716 - EXECUT - INFO - received weights from trainer sta1!
2025-11-19 10:19:15,162 - EXECUT - INFO - received weights from trainer sta3!
2025-11-19 10:19:16,605 - EXECUT - INFO - sent aggregated weights to trainers!
2025-11-19 10:19:33,718 - METRIC - INFO - {"loss": 0.2941364347934723, "accuracy": 0.9108309745788574, "energy_consumption": 0.4825946000712227, "selected": true, "host_energy_consumption": 0.19918431932, "client_name": "sta1"}
2025-11-19 10:19:40,308 - METRIC - INFO - {"loss": 0.2702588140964508, "accuracy": 0.9211017489433289, "energy_consumption": 0.46160600495845006, "selected": true, "host_energy_consumption": 0.19993630468, "client_name": "sta0"}
2025-11-19 10:19:43,574 - METRIC - INFO - {"loss": 0.2768024206161499, "accuracy": 0.920634925365448, "energy_consumption": 0.44063851603811166, "selected": true, "host_energy_consumption": 0.20063148336, "client_name": "sta3"}
2025-11-19 10:19:46,809 - METRIC - INFO - {"loss": 0.29406628012657166, "accuracy": 0.913165271282196, "energy_consumption": 0.461616809205323, "selected": true, "host_energy_consumption": 0.197626772, "client_name": "sta5"}
2025-11-19 10:19:59,106 - METRIC - INFO - {"loss": 0.2869764566421509, "accuracy": 0.9154995083808899, "energy_consumption": 0.46161739416381087, "selected": true, "host_energy_consumption": 0.20110305964, "client_name": "sta4"}
2025-11-19 10:20:02,606 - METRIC - INFO - {"loss": 0.2668193280696869, "accuracy": 0.9220354557037354, "energy_consumption": 0.4959433527876669, "selected": true, "host_energy_consumption": 0.20055991144000002, "client_name": "sta2"}
2025-11-19 10:20:02,660 - METRIC - INFO - mean_accuracy: 0.9172113140424093

2025-11-19 10:20:02,660 - METRIC - INFO - round: 2
2025-11-19 10:20:02,660 - METRIC - INFO - n_selected: 6
2025-11-19 10:20:02,660 - METRIC - INFO - {"selected_trainers": ["sta2", "sta0", "sta4", "sta5", "sta1", "sta3"]}
2025-11-19 10:20:29,779 - EXECUT - INFO - received weights from trainer sta2!
2025-11-19 10:20:53,910 - EXECUT - INFO - received weights from trainer sta0!
2025-11-19 10:21:20,164 - EXECUT - INFO - received weights from trainer sta4!
2025-11-19 10:21:43,975 - EXECUT - INFO - received weights from trainer sta5!
2025-11-19 10:22:07,754 - EXECUT - INFO - received weights from trainer sta1!
2025-11-19 10:22:34,881 - EXECUT - INFO - received weights from trainer sta3!
2025-11-19 10:22:36,312 - EXECUT - INFO - sent aggregated weights to trainers!
2025-11-19 10:22:50,560 - METRIC - INFO - {"loss": 0.4131431579589844, "accuracy": 0.8800186514854431, "energy_consumption": 0.9251385738791775, "selected": true, "host_energy_consumption": 0.39401913040000003, "client_name": "sta1"}
2025-11-19 10:22:57,790 - METRIC - INFO - {"loss": 0.40509453415870667, "accuracy": 0.8884220123291016, "energy_consumption": 0.923222508968039, "selected": true, "host_energy_consumption": 0.39428923464000004, "client_name": "sta0"}
2025-11-19 10:23:00,420 - METRIC - INFO - {"loss": 0.42693617939949036, "accuracy": 0.8753501176834106, "energy_consumption": 0.9232287257415446, "selected": true, "host_energy_consumption": 0.39141310684, "client_name": "sta5"}
2025-11-19 10:23:01,526 - METRIC - INFO - {"loss": 0.3954434394836426, "accuracy": 0.8963585495948792, "energy_consumption": 0.9213280954687955, "selected": true, "host_energy_consumption": 0.39695249188000004, "client_name": "sta3"}
2025-11-19 10:23:13,929 - METRIC - INFO - {"loss": 0.389602392911911, "accuracy": 0.891223132610321, "energy_consumption": 0.9556263130721392, "selected": true, "host_energy_consumption": 0.39511104892000004, "client_name": "sta2"}
2025-11-19 10:23:17,189 - METRIC - INFO - {"loss": 0.41242560744285583, "accuracy": 0.8856208920478821, "energy_consumption": 0.9232296683512833, "selected": true, "host_energy_consumption": 0.39532747436000004, "client_name": "sta4"}
2025-11-19 10:23:17,353 - METRIC - INFO - mean_accuracy: 0.8861655592918396

2025-11-19 10:23:17,353 - METRIC - INFO - round: 3
2025-11-19 10:23:17,353 - METRIC - INFO - n_selected: 6
2025-11-19 10:23:17,353 - METRIC - INFO - {"selected_trainers": ["sta2", "sta0", "sta4", "sta5", "sta1", "sta3"]}
2025-11-19 10:23:44,748 - EXECUT - INFO - received weights from trainer sta2!
2025-11-19 10:24:09,123 - EXECUT - INFO - received weights from trainer sta0!
2025-11-19 10:24:37,550 - EXECUT - INFO - received weights from trainer sta4!
2025-11-19 10:25:02,018 - EXECUT - INFO - received weights from trainer sta5!
2025-11-19 10:25:26,815 - EXECUT - INFO - received weights from trainer sta1!
2025-11-19 10:25:56,165 - EXECUT - INFO - received weights from trainer sta3!
2025-11-19 10:25:57,579 - EXECUT - INFO - sent aggregated weights to trainers!
2025-11-19 10:26:16,758 - METRIC - INFO - {"loss": 0.27945971488952637, "accuracy": 0.9178338050842285, "energy_consumption": 1.4076007174125724, "selected": true, "host_energy_consumption": 0.58949075892, "client_name": "sta1"}
2025-11-19 10:26:21,310 - METRIC - INFO - {"loss": 0.2671836018562317, "accuracy": 0.9271708726882935, "energy_consumption": 1.321902462847265, "selected": true, "host_energy_consumption": 0.59363674412, "client_name": "sta3"}
2025-11-19 10:26:21,332 - METRIC - INFO - {"loss": 0.29123130440711975, "accuracy": 0.9098972678184509, "energy_consumption": 1.3848421460025793, "selected": true, "host_energy_consumption": 0.58719132612, "client_name": "sta5"}
2025-11-19 10:26:22,162 - METRIC - INFO - {"loss": 0.27359381318092346, "accuracy": 0.916900098323822, "energy_consumption": 1.342873140427195, "selected": true, "host_energy_consumption": 0.59122506604, "client_name": "sta0"}
2025-11-19 10:26:38,307 - METRIC - INFO - {"loss": 0.26078590750694275, "accuracy": 0.9192343354225159, "energy_consumption": 1.4134569101069976, "selected": true, "host_energy_consumption": 0.59241174748, "client_name": "sta2"}
2025-11-19 10:26:43,667 - METRIC - INFO - {"loss": 0.284782737493515, "accuracy": 0.916900098323822, "energy_consumption": 1.4249082053146709, "selected": true, "host_energy_consumption": 0.59086277964, "client_name": "sta4"}
2025-11-19 10:26:44,628 - METRIC - INFO - mean_accuracy: 0.9179894129435221

2025-11-19 10:26:44,628 - METRIC - INFO - round: 4
2025-11-19 10:26:44,628 - METRIC - INFO - n_selected: 6
2025-11-19 10:26:44,628 - METRIC - INFO - {"selected_trainers": ["sta2", "sta0", "sta4", "sta5", "sta1", "sta3"]}
2025-11-19 10:27:10,697 - EXECUT - INFO - received weights from trainer sta2!
2025-11-19 10:27:36,610 - EXECUT - INFO - received weights from trainer sta0!
2025-11-19 10:28:06,191 - EXECUT - INFO - received weights from trainer sta4!
2025-11-19 10:28:31,736 - EXECUT - INFO - received weights from trainer sta5!
2025-11-19 10:28:56,381 - EXECUT - INFO - received weights from trainer sta1!
2025-11-19 10:29:22,589 - EXECUT - INFO - received weights from trainer sta3!
2025-11-19 10:29:24,004 - EXECUT - INFO - sent aggregated weights to trainers!
2025-11-19 10:29:44,120 - METRIC - INFO - {"loss": 0.20797069370746613, "accuracy": 0.9341736435890198, "energy_consumption": 1.8902190623476738, "selected": true, "host_energy_consumption": 0.7851513320000001, "client_name": "sta1"}
2025-11-19 10:29:44,519 - METRIC - INFO - {"loss": 0.1981189250946045, "accuracy": 0.9439775943756104, "energy_consumption": 1.8026079394786256, "selected": true, "host_energy_consumption": 0.79086204232, "client_name": "sta3"}
2025-11-19 10:29:48,600 - METRIC - INFO - {"loss": 0.20537841320037842, "accuracy": 0.9374416470527649, "energy_consumption": 1.802576904887492, "selected": true, "host_energy_consumption": 0.7870671158, "client_name": "sta0"}
2025-11-19 10:29:51,230 - METRIC - INFO - {"loss": 0.2193557322025299, "accuracy": 0.9318394064903259, "energy_consumption": 1.844572437058694, "selected": true, "host_energy_consumption": 0.78197449176, "client_name": "sta5"}
2025-11-19 10:30:06,949 - METRIC - INFO - {"loss": 0.19600225985050201, "accuracy": 0.9407095909118652, "energy_consumption": 1.8709273523331047, "selected": true, "host_energy_consumption": 0.78988348068, "client_name": "sta2"}
2025-11-19 10:30:13,569 - METRIC - INFO - {"loss": 0.21911084651947021, "accuracy": 0.9360410571098328, "energy_consumption": 1.8865335727170192, "selected": true, "host_energy_consumption": 0.7866395807200001, "client_name": "sta4"}
2025-11-19 10:30:14,056 - METRIC - INFO - mean_accuracy: 0.9373638232549032

2025-11-19 10:30:14,056 - METRIC - INFO - round: 5
2025-11-19 10:30:14,056 - METRIC - INFO - n_selected: 6
2025-11-19 10:30:14,056 - METRIC - INFO - {"selected_trainers": ["sta2", "sta0", "sta4", "sta5", "sta1", "sta3"]}
2025-11-19 10:30:38,270 - EXECUT - INFO - received weights from trainer sta2!
2025-11-19 10:31:02,912 - EXECUT - INFO - received weights from trainer sta0!
2025-11-19 10:31:29,374 - EXECUT - INFO - received weights from trainer sta4!
2025-11-19 10:31:55,964 - EXECUT - INFO - received weights from trainer sta5!
2025-11-19 10:32:19,970 - EXECUT - INFO - received weights from trainer sta1!
2025-11-19 10:32:46,348 - EXECUT - INFO - received weights from trainer sta3!
2025-11-19 10:32:47,752 - EXECUT - INFO - sent aggregated weights to trainers!
2025-11-19 10:33:06,871 - METRIC - INFO - {"loss": 0.15152990818023682, "accuracy": 0.9505135416984558, "energy_consumption": 2.3327557448388117, "selected": true, "host_energy_consumption": 0.98105994644, "client_name": "sta1"}
2025-11-19 10:33:14,960 - METRIC - INFO - {"loss": 0.15557865798473358, "accuracy": 0.9528477787971497, "energy_consumption": 2.2641928446028823, "selected": true, "host_energy_consumption": 0.98475626536, "client_name": "sta0"}
2025-11-19 10:33:16,682 - METRIC - INFO - {"loss": 0.1551431566476822, "accuracy": 0.9561157822608948, "energy_consumption": 2.3707374762483404, "selected": true, "host_energy_consumption": 0.9875174817200001, "client_name": "sta2"}
2025-11-19 10:33:18,707 - METRIC - INFO - {"loss": 0.16680550575256348, "accuracy": 0.9458450078964233, "energy_consumption": 2.346269395445798, "selected": true, "host_energy_consumption": 0.9765548528400001, "client_name": "sta5"}
2025-11-19 10:33:20,027 - METRIC - INFO - {"loss": 0.15188650786876678, "accuracy": 0.9575163125991821, "energy_consumption": 2.2432792370355292, "selected": true, "host_energy_consumption": 0.98651176344, "client_name": "sta3"}
2025-11-19 10:33:32,609 - METRIC - INFO - {"loss": 0.17244794964790344, "accuracy": 0.9491129517555237, "energy_consumption": 2.3481456752318928, "selected": true, "host_energy_consumption": 0.9819727475600001, "client_name": "sta4"}
2025-11-19 10:33:32,799 - METRIC - INFO - mean_accuracy: 0.9519918958346049

2025-11-19 10:33:32,799 - METRIC - INFO - round: 6
2025-11-19 10:33:32,799 - METRIC - INFO - n_selected: 6
2025-11-19 10:33:32,799 - METRIC - INFO - {"selected_trainers": ["sta2", "sta0", "sta4", "sta5", "sta1", "sta3"]}
2025-11-19 10:33:57,345 - EXECUT - INFO - received weights from trainer sta2!
2025-11-19 10:34:21,561 - EXECUT - INFO - received weights from trainer sta0!
2025-11-19 10:34:46,889 - EXECUT - INFO - received weights from trainer sta4!
2025-11-19 10:35:12,215 - EXECUT - INFO - received weights from trainer sta5!
2025-11-19 10:35:36,738 - EXECUT - INFO - received weights from trainer sta1!
2025-11-19 10:36:04,173 - EXECUT - INFO - received weights from trainer sta3!
2025-11-19 10:36:05,577 - EXECUT - INFO - sent aggregated weights to trainers!
2025-11-19 10:36:24,006 - METRIC - INFO - {"loss": 0.1209402084350586, "accuracy": 0.9649859666824341, "energy_consumption": 2.765868126145116, "selected": true, "host_energy_consumption": 1.18115730572, "client_name": "sta0"}
2025-11-19 10:36:24,343 - METRIC - INFO - {"loss": 0.1220267042517662, "accuracy": 0.9631185531616211, "energy_consumption": 2.8153667984570934, "selected": true, "host_energy_consumption": 1.17822401172, "client_name": "sta1"}
2025-11-19 10:36:28,787 - METRIC - INFO - {"loss": 0.14185702800750732, "accuracy": 0.9565826058387756, "energy_consumption": 2.809767135493028, "selected": true, "host_energy_consumption": 1.18008064888, "client_name": "sta4"}
2025-11-19 10:36:30,101 - METRIC - INFO - {"loss": 0.13163883984088898, "accuracy": 0.9607843160629272, "energy_consumption": 2.8479435786013023, "selected": true, "host_energy_consumption": 1.17067160224, "client_name": "sta5"}
2025-11-19 10:36:31,324 - METRIC - INFO - {"loss": 0.1261734813451767, "accuracy": 0.9663865566253662, "energy_consumption": 2.8281058177851612, "selected": true, "host_energy_consumption": 1.1849344934000001, "client_name": "sta2"}
2025-11-19 10:36:31,636 - METRIC - INFO - {"loss": 0.11829955130815506, "accuracy": 0.9673202633857727, "energy_consumption": 2.7239837710571484, "selected": true, "host_energy_consumption": 1.1917222710400002, "client_name": "sta3"}
2025-11-19 10:36:32,606 - METRIC - INFO - mean_accuracy: 0.9631963769594828

2025-11-19 10:36:32,606 - METRIC - INFO - round: 7
2025-11-19 10:36:32,606 - METRIC - INFO - n_selected: 6
2025-11-19 10:36:32,606 - METRIC - INFO - {"selected_trainers": ["sta2", "sta0", "sta4", "sta5", "sta1", "sta3"]}
2025-11-19 10:37:01,246 - EXECUT - INFO - received weights from trainer sta2!
2025-11-19 10:37:25,457 - EXECUT - INFO - received weights from trainer sta0!
2025-11-19 10:37:52,578 - EXECUT - INFO - received weights from trainer sta4!
2025-11-19 10:38:18,063 - EXECUT - INFO - received weights from trainer sta5!
2025-11-19 10:38:43,450 - EXECUT - INFO - received weights from trainer sta1!
2025-11-19 10:39:10,981 - EXECUT - INFO - received weights from trainer sta3!
2025-11-19 10:39:12,387 - EXECUT - INFO - sent aggregated weights to trainers!
2025-11-19 10:39:31,160 - METRIC - INFO - {"loss": 0.09946063905954361, "accuracy": 0.970588207244873, "energy_consumption": 3.22748272268137, "selected": true, "host_energy_consumption": 1.3772378435200001, "client_name": "sta0"}
2025-11-19 10:39:32,013 - METRIC - INFO - {"loss": 0.09746424853801727, "accuracy": 0.9696545004844666, "energy_consumption": 3.2978690943041524, "selected": true, "host_energy_consumption": 1.3918729837600001, "client_name": "sta1"}
2025-11-19 10:39:36,880 - METRIC - INFO - {"loss": 0.10017363727092743, "accuracy": 0.9715219140052795, "energy_consumption": 3.2046808389102237, "selected": true, "host_energy_consumption": 1.40199691352, "client_name": "sta3"}
2025-11-19 10:39:39,445 - METRIC - INFO - {"loss": 0.10715623199939728, "accuracy": 0.970588207244873, "energy_consumption": 3.287818450406892, "selected": true, "host_energy_consumption": 1.3820983369200002, "client_name": "sta2"}
2025-11-19 10:39:39,744 - METRIC - INFO - {"loss": 0.10766588896512985, "accuracy": 0.9663865566253662, "energy_consumption": 3.2675970124566933, "selected": true, "host_energy_consumption": 1.36482641008, "client_name": "sta5"}
2025-11-19 10:39:40,583 - METRIC - INFO - {"loss": 0.1224607452750206, "accuracy": 0.9612511396408081, "energy_consumption": 3.311459501638075, "selected": true, "host_energy_consumption": 1.3776124866000001, "client_name": "sta4"}
2025-11-19 10:39:41,417 - METRIC - INFO - mean_accuracy: 0.9683317542076111

2025-11-19 10:39:41,417 - METRIC - INFO - round: 8
2025-11-19 10:39:41,417 - METRIC - INFO - n_selected: 6
2025-11-19 10:39:41,417 - METRIC - INFO - {"selected_trainers": ["sta2", "sta0", "sta4", "sta5", "sta1", "sta3"]}
2025-11-19 10:40:05,892 - EXECUT - INFO - received weights from trainer sta2!
2025-11-19 10:40:29,240 - EXECUT - INFO - received weights from trainer sta0!
2025-11-19 10:40:55,515 - EXECUT - INFO - received weights from trainer sta4!
2025-11-19 10:41:19,958 - EXECUT - INFO - received weights from trainer sta5!
2025-11-19 10:41:43,689 - EXECUT - INFO - received weights from trainer sta1!
2025-11-19 10:42:12,283 - EXECUT - INFO - received weights from trainer sta3!
2025-11-19 10:42:13,690 - EXECUT - INFO - sent aggregated weights to trainers!
2025-11-19 10:42:30,160 - METRIC - INFO - {"loss": 0.08530426025390625, "accuracy": 0.9747899174690247, "energy_consumption": 3.780469737886717, "selected": true, "host_energy_consumption": 1.58638789148, "client_name": "sta1"}
2025-11-19 10:42:37,290 - METRIC - INFO - {"loss": 0.08403105288743973, "accuracy": 0.976190447807312, "energy_consumption": 3.6891159504634112, "selected": true, "host_energy_consumption": 1.57289629756, "client_name": "sta0"}
2025-11-19 10:42:40,898 - METRIC - INFO - {"loss": 0.10539368540048599, "accuracy": 0.9682539701461792, "energy_consumption": 3.7730721954696755, "selected": true, "host_energy_consumption": 1.57518298196, "client_name": "sta4"}
2025-11-19 10:42:42,429 - METRIC - INFO - {"loss": 0.08792390674352646, "accuracy": 0.974323034286499, "energy_consumption": 3.6453263680919745, "selected": true, "host_energy_consumption": 1.59785859968, "client_name": "sta3"}
2025-11-19 10:42:44,940 - METRIC - INFO - {"loss": 0.09218966960906982, "accuracy": 0.9701213836669922, "energy_consumption": 3.687257486478241, "selected": true, "host_energy_consumption": 1.560076504, "client_name": "sta5"}
2025-11-19 10:42:45,651 - METRIC - INFO - {"loss": 0.09430994838476181, "accuracy": 0.9729225039482117, "energy_consumption": 3.74754642706203, "selected": true, "host_energy_consumption": 1.5787150674400001, "client_name": "sta2"}
2025-11-19 10:42:45,723 - METRIC - INFO - mean_accuracy: 0.9727668762207031

2025-11-19 10:42:45,723 - METRIC - INFO - round: 9
2025-11-19 10:42:45,723 - METRIC - INFO - n_selected: 6
2025-11-19 10:42:45,723 - METRIC - INFO - {"selected_trainers": ["sta2", "sta0", "sta4", "sta5", "sta1", "sta3"]}
2025-11-19 10:43:11,191 - EXECUT - INFO - received weights from trainer sta2!
2025-11-19 10:43:35,896 - EXECUT - INFO - received weights from trainer sta0!
2025-11-19 10:44:01,237 - EXECUT - INFO - received weights from trainer sta4!
2025-11-19 10:44:27,121 - EXECUT - INFO - received weights from trainer sta5!
2025-11-19 10:44:51,420 - EXECUT - INFO - received weights from trainer sta1!
2025-11-19 10:45:16,872 - EXECUT - INFO - received weights from trainer sta3!
2025-11-19 10:45:18,286 - EXECUT - INFO - sent aggregated weights to trainers!
2025-11-19 10:45:34,897 - METRIC - INFO - {"loss": 0.07459895312786102, "accuracy": 0.978057861328125, "energy_consumption": 4.223020427590383, "selected": true, "host_energy_consumption": 1.7825212882400001, "client_name": "sta1"}
2025-11-19 10:45:35,762 - METRIC - INFO - {"loss": 0.08066647499799728, "accuracy": 0.9771241545677185, "energy_consumption": 4.188940928827218, "selected": true, "host_energy_consumption": 1.7557620116400001, "client_name": "sta5"}
2025-11-19 10:45:37,249 - METRIC - INFO - {"loss": 0.07355490326881409, "accuracy": 0.9771241545677185, "energy_consumption": 4.108762914805085, "selected": true, "host_energy_consumption": 1.77010623188, "client_name": "sta0"}
2025-11-19 10:45:43,388 - METRIC - INFO - {"loss": 0.08488941937685013, "accuracy": 0.978057861328125, "energy_consumption": 4.247319641368268, "selected": true, "host_energy_consumption": 1.77746243472, "client_name": "sta2"}
2025-11-19 10:45:49,375 - METRIC - INFO - {"loss": 0.07601594924926758, "accuracy": 0.9794584512710571, "energy_consumption": 4.045920786194304, "selected": true, "host_energy_consumption": 1.7938597042800002, "client_name": "sta3"}
2025-11-19 10:45:54,017 - METRIC - INFO - {"loss": 0.09501436352729797, "accuracy": 0.9710550904273987, "energy_consumption": 4.234684949704617, "selected": true, "host_energy_consumption": 1.7727617311600001, "client_name": "sta4"}
2025-11-19 10:45:54,324 - METRIC - INFO - mean_accuracy: 0.9768129289150238

2025-11-19 10:45:54,324 - METRIC - INFO - round: 10
2025-11-19 10:45:54,324 - METRIC - INFO - n_selected: 6
2025-11-19 10:45:54,324 - METRIC - INFO - {"selected_trainers": ["sta2", "sta0", "sta4", "sta5", "sta1", "sta3"]}
2025-11-19 10:46:19,133 - EXECUT - INFO - received weights from trainer sta2!
2025-11-19 10:46:43,291 - EXECUT - INFO - received weights from trainer sta0!
2025-11-19 10:47:10,602 - EXECUT - INFO - received weights from trainer sta4!
2025-11-19 10:47:37,731 - EXECUT - INFO - received weights from trainer sta5!
2025-11-19 10:48:02,016 - EXECUT - INFO - received weights from trainer sta1!
2025-11-19 10:48:31,789 - EXECUT - INFO - received weights from trainer sta3!
2025-11-19 10:48:33,206 - EXECUT - INFO - sent aggregated weights to trainers!
2025-11-19 10:48:50,185 - METRIC - INFO - {"loss": 0.0651514008641243, "accuracy": 0.9813258647918701, "energy_consumption": 4.570374542041187, "selected": true, "host_energy_consumption": 1.9681654101200001, "client_name": "sta0"}
2025-11-19 10:48:50,325 - METRIC - INFO - {"loss": 0.06699954718351364, "accuracy": 0.9813258647918701, "energy_consumption": 4.665557631457565, "selected": true, "host_energy_consumption": 1.9796668802400001, "client_name": "sta1"}
2025-11-19 10:48:58,095 - METRIC - INFO - {"loss": 0.07742512971162796, "accuracy": 0.978057861328125, "energy_consumption": 4.6650731427682395, "selected": true, "host_energy_consumption": 1.97543158372, "client_name": "sta2"}
2025-11-19 10:49:01,902 - METRIC - INFO - {"loss": 0.0694497674703598, "accuracy": 0.978057861328125, "energy_consumption": 4.650548995446439, "selected": true, "host_energy_consumption": 1.95168093148, "client_name": "sta5"}
2025-11-19 10:49:02,653 - METRIC - INFO - {"loss": 0.06965295225381851, "accuracy": 0.9808589816093445, "energy_consumption": 4.526608075067425, "selected": true, "host_energy_consumption": 1.99133767532, "client_name": "sta3"}
2025-11-19 10:49:03,143 - METRIC - INFO - {"loss": 0.08484707027673721, "accuracy": 0.9729225039482117, "energy_consumption": 4.736355476869564, "selected": true, "host_energy_consumption": 1.9695479927200001, "client_name": "sta4"}
2025-11-19 10:49:03,237 - METRIC - INFO - mean_accuracy: 0.9787581562995911

2025-11-19 10:49:03,241 - METRIC - INFO - stop_condition: rounds
