2025-12-04 00:59:26,528 - EXECUT - INFO - starting server...
2025-12-04 00:59:41,044 - EXECUT - INFO - trainer number sta1 just joined the pool
2025-12-04 00:59:41,088 - EXECUT - INFO - trainer number sta3 just joined the pool
2025-12-04 00:59:41,131 - EXECUT - INFO - trainer number sta0 just joined the pool
2025-12-04 00:59:41,132 - EXECUT - INFO - trainer number sta4 just joined the pool
2025-12-04 00:59:41,168 - EXECUT - INFO - trainer number sta5 just joined the pool
2025-12-04 00:59:41,726 - EXECUT - INFO - trainer number sta2 just joined the pool
2025-12-04 00:59:42,560 - EXECUT - INFO - mensagem de data_sz recebida: 
 {'id': 'sta0', 'dataset_sz': 11523010560000}
2025-12-04 00:59:42,566 - EXECUT - INFO - mensagem de data_sz recebida: 
 {'id': 'sta3', 'dataset_sz': 11523010560000}
2025-12-04 00:59:42,606 - EXECUT - INFO - mensagem de data_sz recebida: 
 {'id': 'sta1', 'dataset_sz': 11523010560000}
2025-12-04 00:59:42,607 - EXECUT - INFO - mensagem de data_sz recebida: 
 {'id': 'sta4', 'dataset_sz': 11523010560000}
2025-12-04 00:59:42,607 - EXECUT - INFO - mensagem de data_sz recebida: 
 {'id': 'sta5', 'dataset_sz': 11523010560000}
2025-12-04 00:59:42,607 - EXECUT - INFO - mensagem de data_sz recebida: 
 {'id': 'sta2', 'dataset_sz': 11523010560000}
2025-12-04 00:59:43,554 - METRIC - INFO - round: 1
2025-12-04 00:59:43,554 - METRIC - INFO - n_selected: 6
2025-12-04 00:59:43,554 - METRIC - INFO - {"selected_trainers": ["sta0", "sta1", "sta2", "sta3", "sta4", "sta5"]}
2025-12-04 01:01:21,993 - EXECUT - INFO - received weights from trainer sta0!
2025-12-04 01:02:43,017 - EXECUT - INFO - received weights from trainer sta1!
2025-12-04 01:04:08,851 - EXECUT - INFO - received weights from trainer sta2!
2025-12-04 01:05:40,012 - EXECUT - INFO - received weights from trainer sta3!
2025-12-04 01:07:25,951 - EXECUT - INFO - received weights from trainer sta4!
2025-12-04 01:09:13,017 - EXECUT - INFO - received weights from trainer sta5!
2025-12-04 01:09:14,469 - EXECUT - INFO - sent aggregated weights to trainers!
2025-12-04 01:09:30,218 - METRIC - INFO - {"loss": 0.10792690515518188, "accuracy": 0.9696000218391418, "energy_consumption": 2.161863035975439, "selected": true, "host_energy_consumption": 0.91052171252, "client_name": "sta0"}
2025-12-04 01:09:32,010 - METRIC - INFO - {"loss": 0.10705722868442535, "accuracy": 0.9692999720573425, "energy_consumption": 2.5977394176719955, "selected": true, "host_energy_consumption": 0.95366147716, "client_name": "sta1"}
2025-12-04 01:09:34,844 - METRIC - INFO - {"loss": 0.12011043727397919, "accuracy": 0.963699996471405, "energy_consumption": 2.0343302765481663, "selected": true, "host_energy_consumption": 0.92345621284, "client_name": "sta5"}
2025-12-04 01:09:49,956 - METRIC - INFO - {"loss": 0.1060095950961113, "accuracy": 0.968500018119812, "energy_consumption": 2.0342464224308685, "selected": true, "host_energy_consumption": 0.91222404392, "client_name": "sta4"}
2025-12-04 01:09:51,260 - METRIC - INFO - {"loss": 0.1058526337146759, "accuracy": 0.9689000248908997, "energy_consumption": 2.478481536663182, "selected": true, "host_energy_consumption": 0.94049216296, "client_name": "sta2"}
2025-12-04 01:09:54,816 - METRIC - INFO - {"loss": 0.11713965982198715, "accuracy": 0.9661999940872192, "energy_consumption": 2.293504725038635, "selected": true, "host_energy_consumption": 0.92520677228, "client_name": "sta3"}
2025-12-04 01:09:55,516 - METRIC - INFO - mean_accuracy: 0.9677000045776367

2025-12-04 01:09:55,517 - METRIC - INFO - round: 2
2025-12-04 01:09:55,517 - METRIC - INFO - n_selected: 6
2025-12-04 01:09:55,517 - METRIC - INFO - {"selected_trainers": ["sta0", "sta1", "sta2", "sta3", "sta4", "sta5"]}
2025-12-04 01:11:32,784 - EXECUT - INFO - received weights from trainer sta0!
2025-12-04 01:12:53,009 - EXECUT - INFO - received weights from trainer sta1!
2025-12-04 01:14:20,384 - EXECUT - INFO - received weights from trainer sta2!
2025-12-04 01:15:52,445 - EXECUT - INFO - received weights from trainer sta3!
2025-12-04 01:17:41,371 - EXECUT - INFO - received weights from trainer sta4!
2025-12-04 01:19:28,892 - EXECUT - INFO - received weights from trainer sta5!
2025-12-04 01:19:30,326 - EXECUT - INFO - sent aggregated weights to trainers!
2025-12-04 01:19:46,078 - METRIC - INFO - {"loss": 0.11362985521554947, "accuracy": 0.9660999774932861, "energy_consumption": 4.292304498985936, "selected": true, "host_energy_consumption": 1.81332695264, "client_name": "sta0"}
2025-12-04 01:19:48,252 - METRIC - INFO - {"loss": 0.11407545208930969, "accuracy": 0.9670000076293945, "energy_consumption": 5.15028868272973, "selected": true, "host_energy_consumption": 1.90048411224, "client_name": "sta1"}
2025-12-04 01:19:54,774 - METRIC - INFO - {"loss": 0.11505328118801117, "accuracy": 0.9666000008583069, "energy_consumption": 4.069415532631238, "selected": true, "host_energy_consumption": 1.82598292324, "client_name": "sta5"}
2025-12-04 01:19:57,602 - METRIC - INFO - {"loss": 0.11432056874036789, "accuracy": 0.9667999744415283, "energy_consumption": 4.036576964488493, "selected": true, "host_energy_consumption": 1.81807772832, "client_name": "sta4"}
2025-12-04 01:20:10,279 - METRIC - INFO - {"loss": 0.11300232261419296, "accuracy": 0.9670000076293945, "energy_consumption": 4.954200436779551, "selected": true, "host_energy_consumption": 1.8742807832000001, "client_name": "sta2"}
2025-12-04 01:20:15,730 - METRIC - INFO - {"loss": 0.1138807162642479, "accuracy": 0.9664000272750854, "energy_consumption": 4.571905825073267, "selected": true, "host_energy_consumption": 1.8439076964, "client_name": "sta3"}
2025-12-04 01:20:16,373 - METRIC - INFO - mean_accuracy: 0.966649999221166

2025-12-04 01:20:16,373 - METRIC - INFO - round: 3
2025-12-04 01:20:16,373 - METRIC - INFO - n_selected: 6
2025-12-04 01:20:16,374 - METRIC - INFO - {"selected_trainers": ["sta0", "sta1", "sta2", "sta3", "sta4", "sta5"]}
2025-12-04 01:21:52,375 - EXECUT - INFO - received weights from trainer sta0!
2025-12-04 01:23:12,307 - EXECUT - INFO - received weights from trainer sta1!
2025-12-04 01:24:39,204 - EXECUT - INFO - received weights from trainer sta2!
2025-12-04 01:26:12,281 - EXECUT - INFO - received weights from trainer sta3!
2025-12-04 01:27:59,153 - EXECUT - INFO - received weights from trainer sta4!
2025-12-04 01:29:47,147 - EXECUT - INFO - received weights from trainer sta5!
2025-12-04 01:29:48,571 - EXECUT - INFO - sent aggregated weights to trainers!
2025-12-04 01:30:04,367 - METRIC - INFO - {"loss": 0.0635220929980278, "accuracy": 0.9793999791145325, "energy_consumption": 6.47678021645259, "selected": true, "host_energy_consumption": 2.70336505236, "client_name": "sta0"}
2025-12-04 01:30:05,699 - METRIC - INFO - {"loss": 0.06409849226474762, "accuracy": 0.9797999858856201, "energy_consumption": 7.737750271661795, "selected": true, "host_energy_consumption": 2.84463588444, "client_name": "sta1"}
2025-12-04 01:30:10,281 - METRIC - INFO - {"loss": 0.06439201533794403, "accuracy": 0.9800000190734863, "energy_consumption": 6.101741528395257, "selected": true, "host_energy_consumption": 2.7408195024, "client_name": "sta5"}
2025-12-04 01:30:12,009 - METRIC - INFO - {"loss": 0.0630355030298233, "accuracy": 0.9800999760627747, "energy_consumption": 5.9992675306793934, "selected": true, "host_energy_consumption": 2.7220867396800004, "client_name": "sta4"}
2025-12-04 01:30:26,084 - METRIC - INFO - {"loss": 0.06362909078598022, "accuracy": 0.9797999858856201, "energy_consumption": 7.390434710426163, "selected": true, "host_energy_consumption": 2.7982058888, "client_name": "sta2"}
2025-12-04 01:30:34,066 - METRIC - INFO - {"loss": 0.06449592858552933, "accuracy": 0.9793000221252441, "energy_consumption": 6.871830027629472, "selected": true, "host_energy_consumption": 2.76097933048, "client_name": "sta3"}
2025-12-04 01:30:34,618 - METRIC - INFO - mean_accuracy: 0.9797333280245463

2025-12-04 01:30:34,619 - METRIC - INFO - round: 4
2025-12-04 01:30:34,619 - METRIC - INFO - n_selected: 6
2025-12-04 01:30:34,619 - METRIC - INFO - {"selected_trainers": ["sta0", "sta1", "sta2", "sta3", "sta4", "sta5"]}
2025-12-04 01:32:12,612 - EXECUT - INFO - received weights from trainer sta0!
2025-12-04 01:33:35,046 - EXECUT - INFO - received weights from trainer sta1!
2025-12-04 01:35:01,401 - EXECUT - INFO - received weights from trainer sta2!
2025-12-04 01:36:35,821 - EXECUT - INFO - received weights from trainer sta3!
2025-12-04 01:38:21,419 - EXECUT - INFO - received weights from trainer sta4!
2025-12-04 01:40:10,069 - EXECUT - INFO - received weights from trainer sta5!
2025-12-04 01:40:11,507 - EXECUT - INFO - sent aggregated weights to trainers!
2025-12-04 01:40:28,834 - METRIC - INFO - {"loss": 0.04664378985762596, "accuracy": 0.9851999878883362, "energy_consumption": 8.65199099259403, "selected": true, "host_energy_consumption": 3.60655192436, "client_name": "sta0"}
2025-12-04 01:40:30,919 - METRIC - INFO - {"loss": 0.04854810610413551, "accuracy": 0.9843999743461609, "energy_consumption": 8.102667284694027, "selected": true, "host_energy_consumption": 3.65456939232, "client_name": "sta5"}
2025-12-04 01:40:32,591 - METRIC - INFO - {"loss": 0.048753876239061356, "accuracy": 0.9848999977111816, "energy_consumption": 10.392515965132034, "selected": true, "host_energy_consumption": 3.80157873984, "client_name": "sta1"}
2025-12-04 01:40:35,525 - METRIC - INFO - {"loss": 0.047245725989341736, "accuracy": 0.9847999811172485, "energy_consumption": 9.152303656254546, "selected": true, "host_energy_consumption": 3.6804741106, "client_name": "sta3"}
2025-12-04 01:40:38,133 - METRIC - INFO - {"loss": 0.0474197156727314, "accuracy": 0.9853000044822693, "energy_consumption": 8.000275076255544, "selected": true, "host_energy_consumption": 3.62462146536, "client_name": "sta4"}
2025-12-04 01:40:55,777 - METRIC - INFO - {"loss": 0.04734954610466957, "accuracy": 0.9843999743461609, "energy_consumption": 9.828101944802341, "selected": true, "host_energy_consumption": 3.73147299672, "client_name": "sta2"}
2025-12-04 01:40:56,553 - METRIC - INFO - mean_accuracy: 0.9848333199818929

2025-12-04 01:40:56,553 - METRIC - INFO - round: 5
2025-12-04 01:40:56,554 - METRIC - INFO - n_selected: 6
2025-12-04 01:40:56,554 - METRIC - INFO - {"selected_trainers": ["sta0", "sta1", "sta2", "sta3", "sta4", "sta5"]}
2025-12-04 01:42:33,415 - EXECUT - INFO - received weights from trainer sta0!
2025-12-04 01:43:56,804 - EXECUT - INFO - received weights from trainer sta1!
2025-12-04 01:45:22,755 - EXECUT - INFO - received weights from trainer sta2!
2025-12-04 01:47:48,237 - EXECUT - INFO - received weights from trainer sta3!
2025-12-04 01:49:36,829 - EXECUT - INFO - received weights from trainer sta4!
2025-12-04 01:51:22,619 - EXECUT - INFO - received weights from trainer sta5!
2025-12-04 01:51:24,036 - EXECUT - INFO - sent aggregated weights to trainers!
2025-12-04 01:51:41,954 - METRIC - INFO - {"loss": 0.04024926945567131, "accuracy": 0.9872999787330627, "energy_consumption": 12.974049503670052, "selected": true, "host_energy_consumption": 4.75266613472, "client_name": "sta1"}
2025-12-04 01:51:44,829 - METRIC - INFO - {"loss": 0.04144611954689026, "accuracy": 0.9861999750137329, "energy_consumption": 10.791337698325002, "selected": true, "host_energy_consumption": 4.50455149564, "client_name": "sta0"}
2025-12-04 01:51:51,349 - METRIC - INFO - {"loss": 0.04216226562857628, "accuracy": 0.9868999719619751, "energy_consumption": 12.756599697525402, "selected": true, "host_energy_consumption": 4.96983630556, "client_name": "sta3"}
2025-12-04 01:51:51,714 - METRIC - INFO - {"loss": 0.04125263914465904, "accuracy": 0.9868000149726868, "energy_consumption": 9.99190211782415, "selected": true, "host_energy_consumption": 4.534763835000001, "client_name": "sta4"}
2025-12-04 01:51:56,726 - METRIC - INFO - {"loss": 0.04091528803110123, "accuracy": 0.9866999983787537, "energy_consumption": 10.0625728841836, "selected": true, "host_energy_consumption": 4.564523637240001, "client_name": "sta5"}
2025-12-04 01:52:03,683 - METRIC - INFO - {"loss": 0.04155807942152023, "accuracy": 0.9864000082015991, "energy_consumption": 12.251877844082856, "selected": true, "host_energy_consumption": 4.66287594948, "client_name": "sta2"}
2025-12-04 01:52:04,076 - METRIC - INFO - mean_accuracy: 0.9867166578769684

2025-12-04 01:52:04,076 - METRIC - INFO - round: 6
2025-12-04 01:52:04,076 - METRIC - INFO - n_selected: 6
2025-12-04 01:52:04,077 - METRIC - INFO - {"selected_trainers": ["sta0", "sta1", "sta2", "sta3", "sta4", "sta5"]}
2025-12-04 01:53:42,851 - EXECUT - INFO - received weights from trainer sta0!
2025-12-04 01:55:04,971 - EXECUT - INFO - received weights from trainer sta1!
2025-12-04 01:56:33,626 - EXECUT - INFO - received weights from trainer sta2!
2025-12-04 01:58:04,919 - EXECUT - INFO - received weights from trainer sta3!
2025-12-04 01:59:54,882 - EXECUT - INFO - received weights from trainer sta4!
2025-12-04 02:01:40,824 - EXECUT - INFO - received weights from trainer sta5!
2025-12-04 02:01:42,244 - EXECUT - INFO - sent aggregated weights to trainers!
2025-12-04 02:02:00,538 - METRIC - INFO - {"loss": 0.03671048581600189, "accuracy": 0.9878000020980835, "energy_consumption": 15.533994120729652, "selected": true, "host_energy_consumption": 5.711118566440001, "client_name": "sta1"}
2025-12-04 02:02:00,853 - METRIC - INFO - {"loss": 0.03657619655132294, "accuracy": 0.9882000088691711, "energy_consumption": 12.973241052889001, "selected": true, "host_energy_consumption": 5.41407401836, "client_name": "sta0"}
2025-12-04 02:02:06,534 - METRIC - INFO - {"loss": 0.036771904677152634, "accuracy": 0.9876999855041504, "energy_consumption": 15.02880780229917, "selected": true, "host_energy_consumption": 5.89321940788, "client_name": "sta3"}
2025-12-04 02:02:06,711 - METRIC - INFO - {"loss": 0.03667648509144783, "accuracy": 0.9876999855041504, "energy_consumption": 12.100077058066608, "selected": true, "host_energy_consumption": 5.4804459654, "client_name": "sta5"}
2025-12-04 02:02:08,489 - METRIC - INFO - {"loss": 0.037362776696681976, "accuracy": 0.9871000051498413, "energy_consumption": 11.949440452302124, "selected": true, "host_energy_consumption": 5.43979380784, "client_name": "sta4"}
2025-12-04 02:02:09,102 - METRIC - INFO - {"loss": 0.03736952319741249, "accuracy": 0.9879000186920166, "energy_consumption": 14.74061384293762, "selected": true, "host_energy_consumption": 5.598926507160001, "client_name": "sta2"}
2025-12-04 02:02:09,272 - METRIC - INFO - mean_accuracy: 0.9877333343029022

2025-12-04 02:02:09,272 - METRIC - INFO - round: 7
2025-12-04 02:02:09,273 - METRIC - INFO - n_selected: 6
2025-12-04 02:02:09,273 - METRIC - INFO - {"selected_trainers": ["sta0", "sta1", "sta2", "sta3", "sta4", "sta5"]}
2025-12-04 02:03:45,031 - EXECUT - INFO - received weights from trainer sta0!
2025-12-04 02:05:05,473 - EXECUT - INFO - received weights from trainer sta1!
2025-12-04 02:06:32,702 - EXECUT - INFO - received weights from trainer sta2!
2025-12-04 02:08:05,907 - EXECUT - INFO - received weights from trainer sta3!
2025-12-04 02:09:55,694 - EXECUT - INFO - received weights from trainer sta4!
2025-12-04 02:11:42,423 - EXECUT - INFO - received weights from trainer sta5!
2025-12-04 02:11:43,824 - EXECUT - INFO - sent aggregated weights to trainers!
2025-12-04 02:11:59,288 - METRIC - INFO - {"loss": 0.03436926007270813, "accuracy": 0.9890000224113464, "energy_consumption": 18.11898808770932, "selected": true, "host_energy_consumption": 6.664081942, "client_name": "sta1"}
2025-12-04 02:12:03,832 - METRIC - INFO - {"loss": 0.03489754721522331, "accuracy": 0.9879999756813049, "energy_consumption": 15.146262865088595, "selected": true, "host_energy_consumption": 6.31669838016, "client_name": "sta0"}
2025-12-04 02:12:07,113 - METRIC - INFO - {"loss": 0.03512834757566452, "accuracy": 0.9879000186920166, "energy_consumption": 13.990063782214431, "selected": true, "host_energy_consumption": 6.3447596091600005, "client_name": "sta4"}
2025-12-04 02:12:08,846 - METRIC - INFO - {"loss": 0.034703414887189865, "accuracy": 0.9876000285148621, "energy_consumption": 14.097725926187001, "selected": true, "host_energy_consumption": 6.39113833624, "client_name": "sta5"}
2025-12-04 02:12:10,968 - METRIC - INFO - {"loss": 0.034412212669849396, "accuracy": 0.9879000186920166, "energy_consumption": 17.341931677403863, "selected": true, "host_energy_consumption": 6.80989416576, "client_name": "sta3"}
2025-12-04 02:12:12,367 - METRIC - INFO - {"loss": 0.033960022032260895, "accuracy": 0.9869999885559082, "energy_consumption": 17.210399062434504, "selected": true, "host_energy_consumption": 6.53697426452, "client_name": "sta2"}
2025-12-04 02:12:12,853 - METRIC - INFO - mean_accuracy: 0.9879000087579092

2025-12-04 02:12:12,853 - METRIC - INFO - round: 8
2025-12-04 02:12:12,853 - METRIC - INFO - n_selected: 6
2025-12-04 02:12:12,854 - METRIC - INFO - {"selected_trainers": ["sta0", "sta1", "sta2", "sta3", "sta4", "sta5"]}
2025-12-04 02:13:48,644 - EXECUT - INFO - received weights from trainer sta0!
2025-12-04 02:15:10,094 - EXECUT - INFO - received weights from trainer sta1!
2025-12-04 02:16:37,953 - EXECUT - INFO - received weights from trainer sta2!
2025-12-04 02:18:11,225 - EXECUT - INFO - received weights from trainer sta3!
2025-12-04 02:19:58,695 - EXECUT - INFO - received weights from trainer sta4!
2025-12-04 02:21:49,271 - EXECUT - INFO - received weights from trainer sta5!
2025-12-04 02:21:50,691 - EXECUT - INFO - sent aggregated weights to trainers!
2025-12-04 02:22:07,597 - METRIC - INFO - {"loss": 0.034569285809993744, "accuracy": 0.9879000186920166, "energy_consumption": 17.275429474655006, "selected": true, "host_energy_consumption": 7.219472311800001, "client_name": "sta0"}
2025-12-04 02:22:10,196 - METRIC - INFO - {"loss": 0.03247011452913284, "accuracy": 0.9886999726295471, "energy_consumption": 20.720275523408823, "selected": true, "host_energy_consumption": 7.61940439372, "client_name": "sta1"}
2025-12-04 02:22:17,946 - METRIC - INFO - {"loss": 0.03334726393222809, "accuracy": 0.988099992275238, "energy_consumption": 19.668183569231743, "selected": true, "host_energy_consumption": 7.474776424640001, "client_name": "sta2"}
2025-12-04 02:22:19,319 - METRIC - INFO - {"loss": 0.03302568942308426, "accuracy": 0.9886999726295471, "energy_consumption": 19.697089912889055, "selected": true, "host_energy_consumption": 7.72970303924, "client_name": "sta3"}
2025-12-04 02:22:21,379 - METRIC - INFO - {"loss": 0.03361663594841957, "accuracy": 0.9882000088691711, "energy_consumption": 15.987943108083865, "selected": true, "host_energy_consumption": 7.251223143080001, "client_name": "sta4"}
2025-12-04 02:22:22,272 - METRIC - INFO - {"loss": 0.0333181656897068, "accuracy": 0.9889000058174133, "energy_consumption": 16.093886067005393, "selected": true, "host_energy_consumption": 7.303858976120001, "client_name": "sta5"}
2025-12-04 02:22:22,724 - METRIC - INFO - mean_accuracy: 0.9884166618188223

2025-12-04 02:22:22,724 - METRIC - INFO - round: 9
2025-12-04 02:22:22,725 - METRIC - INFO - n_selected: 6
2025-12-04 02:22:22,725 - METRIC - INFO - {"selected_trainers": ["sta0", "sta1", "sta2", "sta3", "sta4", "sta5"]}
2025-12-04 02:23:59,687 - EXECUT - INFO - received weights from trainer sta0!
2025-12-04 02:25:22,296 - EXECUT - INFO - received weights from trainer sta1!
2025-12-04 02:26:48,280 - EXECUT - INFO - received weights from trainer sta2!
2025-12-04 02:28:22,100 - EXECUT - INFO - received weights from trainer sta3!
2025-12-04 02:30:08,530 - EXECUT - INFO - received weights from trainer sta4!
2025-12-04 02:31:57,315 - EXECUT - INFO - received weights from trainer sta5!
2025-12-04 02:31:58,720 - EXECUT - INFO - sent aggregated weights to trainers!
2025-12-04 02:32:19,662 - METRIC - INFO - {"loss": 0.03155994787812233, "accuracy": 0.9886999726295471, "energy_consumption": 19.40616944770479, "selected": true, "host_energy_consumption": 8.122905601720001, "client_name": "sta0"}
2025-12-04 02:32:21,667 - METRIC - INFO - {"loss": 0.03207046538591385, "accuracy": 0.9886000156402588, "energy_consumption": 23.374402032102374, "selected": true, "host_energy_consumption": 8.57625296472, "client_name": "sta1"}
2025-12-04 02:32:29,425 - METRIC - INFO - {"loss": 0.032411959022283554, "accuracy": 0.9890000224113464, "energy_consumption": 22.050524518910294, "selected": true, "host_energy_consumption": 8.65220087256, "client_name": "sta3"}
2025-12-04 02:32:30,997 - METRIC - INFO - {"loss": 0.03207368031144142, "accuracy": 0.9890999794006348, "energy_consumption": 18.129645673725513, "selected": true, "host_energy_consumption": 8.22424432256, "client_name": "sta5"}
2025-12-04 02:32:31,015 - METRIC - INFO - {"loss": 0.03161439672112465, "accuracy": 0.9886999726295471, "energy_consumption": 22.16034931164046, "selected": true, "host_energy_consumption": 8.42409869896, "client_name": "sta2"}
2025-12-04 02:32:31,843 - METRIC - INFO - {"loss": 0.031893134117126465, "accuracy": 0.9891999959945679, "energy_consumption": 17.997983034246854, "selected": true, "host_energy_consumption": 8.163858094, "client_name": "sta4"}
2025-12-04 02:32:32,753 - METRIC - INFO - mean_accuracy: 0.9888833264509836

2025-12-04 02:32:32,753 - METRIC - INFO - round: 10
2025-12-04 02:32:32,753 - METRIC - INFO - n_selected: 6
2025-12-04 02:32:32,754 - METRIC - INFO - {"selected_trainers": ["sta0", "sta1", "sta2", "sta3", "sta4", "sta5"]}
2025-12-04 02:34:09,920 - EXECUT - INFO - received weights from trainer sta0!
2025-12-04 02:35:29,973 - EXECUT - INFO - received weights from trainer sta1!
2025-12-04 02:37:57,479 - EXECUT - INFO - received weights from trainer sta2!
2025-12-04 02:39:30,400 - EXECUT - INFO - received weights from trainer sta3!
2025-12-04 02:41:17,251 - EXECUT - INFO - received weights from trainer sta4!
2025-12-04 02:43:04,071 - EXECUT - INFO - received weights from trainer sta5!
2025-12-04 02:43:05,479 - EXECUT - INFO - sent aggregated weights to trainers!
2025-12-04 02:43:23,647 - METRIC - INFO - {"loss": 0.030944742262363434, "accuracy": 0.9890000224113464, "energy_consumption": 21.58888454026225, "selected": true, "host_energy_consumption": 9.02421410016, "client_name": "sta0"}
2025-12-04 02:43:25,469 - METRIC - INFO - {"loss": 0.0316210500895977, "accuracy": 0.9890999794006348, "energy_consumption": 25.959048241260483, "selected": true, "host_energy_consumption": 9.52939222872, "client_name": "sta1"}
2025-12-04 02:43:34,158 - METRIC - INFO - {"loss": 0.03177511692047119, "accuracy": 0.9896000027656555, "energy_consumption": 24.403765449626718, "selected": true, "host_energy_consumption": 9.57855018344, "client_name": "sta3"}
2025-12-04 02:43:34,648 - METRIC - INFO - {"loss": 0.03100791573524475, "accuracy": 0.9886999726295471, "energy_consumption": 20.000923099870814, "selected": true, "host_energy_consumption": 9.07757327456, "client_name": "sta4"}
2025-12-04 02:43:34,763 - METRIC - INFO - {"loss": 0.03512541577219963, "accuracy": 0.9886000156402588, "energy_consumption": 26.128577489774642, "selected": true, "host_energy_consumption": 9.788867551680001, "client_name": "sta2"}
2025-12-04 02:43:37,695 - METRIC - INFO - {"loss": 0.03167661279439926, "accuracy": 0.9891999959945679, "energy_consumption": 20.168765237498114, "selected": true, "host_energy_consumption": 9.13397980124, "client_name": "sta5"}
2025-12-04 02:43:38,513 - METRIC - INFO - mean_accuracy: 0.9890333314736685

2025-12-04 02:43:38,513 - METRIC - INFO - round: 11
2025-12-04 02:43:38,514 - METRIC - INFO - n_selected: 6
2025-12-04 02:43:38,514 - METRIC - INFO - {"selected_trainers": ["sta0", "sta1", "sta2", "sta3", "sta4", "sta5"]}
2025-12-04 02:45:14,957 - EXECUT - INFO - received weights from trainer sta0!
2025-12-04 02:46:35,176 - EXECUT - INFO - received weights from trainer sta1!
2025-12-04 02:48:02,169 - EXECUT - INFO - received weights from trainer sta2!
2025-12-04 02:49:33,795 - EXECUT - INFO - received weights from trainer sta3!
2025-12-04 02:51:18,660 - EXECUT - INFO - received weights from trainer sta4!
2025-12-04 02:53:07,946 - EXECUT - INFO - received weights from trainer sta5!
2025-12-04 02:53:09,344 - EXECUT - INFO - sent aggregated weights to trainers!
2025-12-04 02:53:25,205 - METRIC - INFO - {"loss": 0.03264313191175461, "accuracy": 0.9886999726295471, "energy_consumption": 23.767761627979546, "selected": true, "host_energy_consumption": 9.93225107504, "client_name": "sta0"}
2025-12-04 02:53:28,280 - METRIC - INFO - {"loss": 0.032463181763887405, "accuracy": 0.9886999726295471, "energy_consumption": 28.594841392691585, "selected": true, "host_energy_consumption": 10.483808254640001, "client_name": "sta1"}
2025-12-04 02:53:30,899 - METRIC - INFO - {"loss": 0.031064016744494438, "accuracy": 0.9898999929428101, "energy_consumption": 28.564318691102017, "selected": true, "host_energy_consumption": 10.7229254048, "client_name": "sta2"}
2025-12-04 02:53:32,310 - METRIC - INFO - {"loss": 0.031091274693608284, "accuracy": 0.9891999959945679, "energy_consumption": 22.003714520866534, "selected": true, "host_energy_consumption": 9.98067900452, "client_name": "sta4"}
2025-12-04 02:53:33,319 - METRIC - INFO - {"loss": 0.030680105090141296, "accuracy": 0.9896000027656555, "energy_consumption": 26.672542885721924, "selected": true, "host_energy_consumption": 10.498294577120001, "client_name": "sta3"}
2025-12-04 02:53:40,923 - METRIC - INFO - {"loss": 0.030441947281360626, "accuracy": 0.9891999959945679, "energy_consumption": 22.168432163128806, "selected": true, "host_energy_consumption": 10.04501902628, "client_name": "sta5"}
2025-12-04 02:53:41,377 - METRIC - INFO - mean_accuracy: 0.9892166554927826

2025-12-04 02:53:41,378 - METRIC - INFO - round: 12
2025-12-04 02:53:41,378 - METRIC - INFO - n_selected: 6
2025-12-04 02:53:41,378 - METRIC - INFO - {"selected_trainers": ["sta0", "sta1", "sta2", "sta3", "sta4", "sta5"]}
2025-12-04 02:55:18,439 - EXECUT - INFO - received weights from trainer sta0!
2025-12-04 02:56:39,637 - EXECUT - INFO - received weights from trainer sta1!
2025-12-04 02:58:07,574 - EXECUT - INFO - received weights from trainer sta2!
2025-12-04 02:59:40,600 - EXECUT - INFO - received weights from trainer sta3!
2025-12-04 03:01:24,997 - EXECUT - INFO - received weights from trainer sta4!
2025-12-04 03:03:10,429 - EXECUT - INFO - received weights from trainer sta5!
2025-12-04 03:03:11,851 - EXECUT - INFO - sent aggregated weights to trainers!
2025-12-04 03:03:35,211 - METRIC - INFO - {"loss": 0.030942246317863464, "accuracy": 0.9898999929428101, "energy_consumption": 25.945051914063804, "selected": true, "host_energy_consumption": -62.561363003720004, "client_name": "sta0"}
2025-12-04 03:03:35,455 - METRIC - INFO - {"loss": 0.030438072979450226, "accuracy": 0.9891999959945679, "energy_consumption": 31.176577797376886, "selected": true, "host_energy_consumption": 11.44534573728, "client_name": "sta1"}
2025-12-04 03:03:42,411 - METRIC - INFO - {"loss": 0.030637364834547043, "accuracy": 0.9894999861717224, "energy_consumption": 24.166593087696803, "selected": true, "host_energy_consumption": 10.96379451328, "client_name": "sta5"}
2025-12-04 03:03:44,209 - METRIC - INFO - {"loss": 0.03134557977318764, "accuracy": 0.989300012588501, "energy_consumption": 24.00716249895228, "selected": true, "host_energy_consumption": 10.88918172748, "client_name": "sta4"}
2025-12-04 03:03:45,835 - METRIC - INFO - {"loss": 0.031067565083503723, "accuracy": 0.9891999959945679, "energy_consumption": 29.028740997780062, "selected": true, "host_energy_consumption": 11.425240612520001, "client_name": "sta3"}
2025-12-04 03:03:46,091 - METRIC - INFO - {"loss": 0.030927572399377823, "accuracy": 0.9894000291824341, "energy_consumption": 31.002538059530224, "selected": true, "host_energy_consumption": 11.662441107520001, "client_name": "sta2"}
2025-12-04 03:03:46,887 - METRIC - INFO - mean_accuracy: 0.9894166688124338

2025-12-04 03:03:46,888 - METRIC - INFO - round: 13
2025-12-04 03:03:46,888 - METRIC - INFO - n_selected: 6
2025-12-04 03:03:46,888 - METRIC - INFO - {"selected_trainers": ["sta0", "sta1", "sta2", "sta3", "sta4", "sta5"]}
2025-12-04 03:05:24,020 - EXECUT - INFO - received weights from trainer sta0!
2025-12-04 03:06:44,177 - EXECUT - INFO - received weights from trainer sta1!
2025-12-04 03:08:11,254 - EXECUT - INFO - received weights from trainer sta2!
2025-12-04 03:09:43,261 - EXECUT - INFO - received weights from trainer sta3!
2025-12-04 03:11:27,992 - EXECUT - INFO - received weights from trainer sta4!
2025-12-04 03:13:16,380 - EXECUT - INFO - received weights from trainer sta5!
2025-12-04 03:13:17,778 - EXECUT - INFO - sent aggregated weights to trainers!
2025-12-04 03:13:31,694 - METRIC - INFO - {"loss": 0.03169796243309975, "accuracy": 0.989300012588501, "energy_consumption": 33.75778991871055, "selected": true, "host_energy_consumption": 12.403189379, "client_name": "sta1"}
2025-12-04 03:13:36,265 - METRIC - INFO - {"loss": 0.031071143224835396, "accuracy": 0.9890999794006348, "energy_consumption": 28.074604171820077, "selected": true, "host_energy_consumption": -61.655284896240005, "client_name": "sta0"}
2025-12-04 03:13:44,847 - METRIC - INFO - {"loss": 0.030581997707486153, "accuracy": 0.9901000261306763, "energy_consumption": 25.998680482322666, "selected": true, "host_energy_consumption": 11.7918224956, "client_name": "sta4"}
2025-12-04 03:13:46,176 - METRIC - INFO - {"loss": 0.031008927151560783, "accuracy": 0.9896000027656555, "energy_consumption": 26.167946470904802, "selected": true, "host_energy_consumption": 11.8751813796, "client_name": "sta5"}
2025-12-04 03:13:48,800 - METRIC - INFO - {"loss": 0.03114987164735794, "accuracy": 0.989799976348877, "energy_consumption": 33.43570535767006, "selected": true, "host_energy_consumption": 12.59331472056, "client_name": "sta2"}
2025-12-04 03:13:48,800 - METRIC - INFO - {"loss": 0.03432651609182358, "accuracy": 0.9889000058174133, "energy_consumption": 31.341804151650308, "selected": true, "host_energy_consumption": 12.34436367276, "client_name": "sta3"}
2025-12-04 03:13:48,810 - METRIC - INFO - mean_accuracy: 0.989466667175293

2025-12-04 03:13:48,810 - METRIC - INFO - round: 14
2025-12-04 03:13:48,810 - METRIC - INFO - n_selected: 6
2025-12-04 03:13:48,811 - METRIC - INFO - {"selected_trainers": ["sta0", "sta1", "sta2", "sta3", "sta4", "sta5"]}
2025-12-04 03:15:26,582 - EXECUT - INFO - received weights from trainer sta0!
2025-12-04 03:16:46,431 - EXECUT - INFO - received weights from trainer sta1!
2025-12-04 03:18:14,229 - EXECUT - INFO - received weights from trainer sta2!
2025-12-04 03:19:45,767 - EXECUT - INFO - received weights from trainer sta3!
2025-12-04 03:21:32,150 - EXECUT - INFO - received weights from trainer sta4!
2025-12-04 03:23:33,549 - EXECUT - INFO - received weights from trainer sta5!
2025-12-04 03:23:34,956 - EXECUT - INFO - sent aggregated weights to trainers!
2025-12-04 03:23:51,558 - METRIC - INFO - {"loss": 0.031716540455818176, "accuracy": 0.9894999861717224, "energy_consumption": 30.21292785827375, "selected": true, "host_energy_consumption": -60.745265026320006, "client_name": "sta0"}
2025-12-04 03:23:51,694 - METRIC - INFO - {"loss": 0.031155910342931747, "accuracy": 0.9890999794006348, "energy_consumption": 36.39776383045474, "selected": true, "host_energy_consumption": 13.37013559504, "client_name": "sta1"}
2025-12-04 03:23:58,809 - METRIC - INFO - {"loss": 0.030719680711627007, "accuracy": 0.989300012588501, "energy_consumption": 28.16805608453631, "selected": true, "host_energy_consumption": 12.7856590344, "client_name": "sta5"}
2025-12-04 03:24:01,785 - METRIC - INFO - {"loss": 0.031169690191745758, "accuracy": 0.9894999861717224, "energy_consumption": 35.91280498235872, "selected": true, "host_energy_consumption": 13.534422406680001, "client_name": "sta2"}
2025-12-04 03:24:02,326 - METRIC - INFO - {"loss": 0.030897216871380806, "accuracy": 0.9894999861717224, "energy_consumption": 33.64563072355517, "selected": true, "host_energy_consumption": 13.27250235416, "client_name": "sta3"}
2025-12-04 03:24:02,608 - METRIC - INFO - {"loss": 0.031058093532919884, "accuracy": 0.9900000095367432, "energy_consumption": 28.000228788641035, "selected": true, "host_energy_consumption": 12.706265615960001, "client_name": "sta4"}
2025-12-04 03:24:02,985 - METRIC - INFO - mean_accuracy: 0.9894833266735077

2025-12-04 03:24:02,986 - METRIC - INFO - round: 15
2025-12-04 03:24:02,986 - METRIC - INFO - n_selected: 6
2025-12-04 03:24:02,986 - METRIC - INFO - {"selected_trainers": ["sta0", "sta1", "sta2", "sta3", "sta4", "sta5"]}
2025-12-04 03:25:40,475 - EXECUT - INFO - received weights from trainer sta0!
2025-12-04 03:27:02,994 - EXECUT - INFO - received weights from trainer sta1!
2025-12-04 03:28:32,197 - EXECUT - INFO - received weights from trainer sta2!
2025-12-04 03:30:05,466 - EXECUT - INFO - received weights from trainer sta3!
2025-12-04 03:31:53,545 - EXECUT - INFO - received weights from trainer sta4!
2025-12-04 03:33:43,436 - EXECUT - INFO - received weights from trainer sta5!
2025-12-04 03:33:44,851 - EXECUT - INFO - sent aggregated weights to trainers!
2025-12-04 03:34:05,545 - METRIC - INFO - {"loss": 0.031194262206554413, "accuracy": 0.9897000193595886, "energy_consumption": 32.3093036183219, "selected": true, "host_energy_consumption": -59.837538094600006, "client_name": "sta0"}
2025-12-04 03:34:08,129 - METRIC - INFO - {"loss": 0.03176148608326912, "accuracy": 0.9894999861717224, "energy_consumption": 39.036330864577586, "selected": true, "host_energy_consumption": 14.331338134680001, "client_name": "sta1"}
2025-12-04 03:34:16,555 - METRIC - INFO - {"loss": 0.031415265053510666, "accuracy": 0.9901000261306763, "energy_consumption": 30.20310546104593, "selected": true, "host_energy_consumption": 13.707991404240001, "client_name": "sta5"}
2025-12-04 03:34:17,916 - METRIC - INFO - {"loss": 0.0308618675917387, "accuracy": 0.989300012588501, "energy_consumption": 35.95523837662327, "selected": true, "host_energy_consumption": 14.2016406518, "client_name": "sta3"}
2025-12-04 03:34:18,180 - METRIC - INFO - {"loss": 0.031760819256305695, "accuracy": 0.9889000058174133, "energy_consumption": 38.40010790285646, "selected": true, "host_energy_consumption": 14.484308986, "client_name": "sta2"}
2025-12-04 03:34:18,319 - METRIC - INFO - {"loss": 0.031198516488075256, "accuracy": 0.9898999929428101, "energy_consumption": 29.996435190456477, "selected": true, "host_energy_consumption": 13.62262704936, "client_name": "sta4"}
2025-12-04 03:34:18,886 - METRIC - INFO - mean_accuracy: 0.9895666738351186

2025-12-04 03:34:18,891 - METRIC - INFO - stop_condition: rounds
