2025-12-02 14:50:09,582 - EXECUT - INFO - starting server...
2025-12-02 14:50:23,389 - EXECUT - INFO - trainer number sta1 just joined the pool
2025-12-02 14:50:23,445 - EXECUT - INFO - trainer number sta0 just joined the pool
2025-12-02 14:50:23,494 - EXECUT - INFO - trainer number sta3 just joined the pool
2025-12-02 14:50:23,543 - EXECUT - INFO - trainer number sta5 just joined the pool
2025-12-02 14:50:23,544 - EXECUT - INFO - trainer number sta4 just joined the pool
2025-12-02 14:50:24,183 - EXECUT - INFO - trainer number sta2 just joined the pool
2025-12-02 14:50:24,606 - METRIC - INFO - round: 1
2025-12-02 14:50:24,606 - METRIC - INFO - n_selected: 6
2025-12-02 14:50:24,606 - METRIC - INFO - {"selected_trainers": ["sta0", "sta1", "sta2", "sta3", "sta4", "sta5"]}
2025-12-02 14:52:04,527 - EXECUT - INFO - received weights from trainer sta0!
2025-12-02 14:54:43,717 - EXECUT - INFO - received weights from trainer sta1!
2025-12-02 14:56:17,250 - EXECUT - INFO - received weights from trainer sta2!
2025-12-02 14:57:50,479 - EXECUT - INFO - received weights from trainer sta3!
2025-12-02 15:00:27,851 - EXECUT - INFO - received weights from trainer sta4!
2025-12-02 15:03:04,464 - EXECUT - INFO - received weights from trainer sta5!
2025-12-02 15:03:06,171 - EXECUT - INFO - sent aggregated weights to trainers!
2025-12-02 15:03:30,467 - METRIC - INFO - {"loss": 0.10615533590316772, "accuracy": 0.9682000279426575, "energy_consumption": 2.1725948974137825, "selected": true, "host_energy_consumption": 0.9254140714000001, "client_name": "sta0"}
2025-12-02 15:03:35,598 - METRIC - INFO - {"loss": 0.09592101722955704, "accuracy": 0.972000002861023, "energy_consumption": 1.4077108135942513, "selected": true, "host_energy_consumption": 1.04758901716, "client_name": "sta1"}
2025-12-02 15:03:40,596 - METRIC - INFO - {"loss": 0.10223054140806198, "accuracy": 0.9710999727249146, "energy_consumption": 2.2260190783155087, "selected": true, "host_energy_consumption": 0.90435376388, "client_name": "sta2"}
2025-12-02 15:03:41,127 - METRIC - INFO - {"loss": 0.11663281172513962, "accuracy": 0.9671000242233276, "energy_consumption": 2.26801365992917, "selected": true, "host_energy_consumption": 0.90089873608, "client_name": "sta3"}
2025-12-02 15:03:43,551 - METRIC - INFO - {"loss": 0.09821190685033798, "accuracy": 0.9725000262260437, "energy_consumption": 1.3390621756111152, "selected": true, "host_energy_consumption": -72.38062211436001, "client_name": "sta5"}
2025-12-02 15:03:44,071 - METRIC - INFO - {"loss": 0.10304252803325653, "accuracy": 0.9688000082969666, "energy_consumption": 1.3848265794306212, "selected": true, "host_energy_consumption": 1.02256160356, "client_name": "sta4"}
2025-12-02 15:03:44,219 - METRIC - INFO - mean_accuracy: 0.9699500103791555

2025-12-02 15:03:44,220 - METRIC - INFO - round: 2
2025-12-02 15:03:44,220 - METRIC - INFO - n_selected: 6
2025-12-02 15:03:44,220 - METRIC - INFO - {"selected_trainers": ["sta0", "sta1", "sta2", "sta3", "sta4", "sta5"]}
2025-12-02 15:05:18,613 - EXECUT - INFO - received weights from trainer sta0!
2025-12-02 15:07:54,251 - EXECUT - INFO - received weights from trainer sta1!
2025-12-02 15:09:28,688 - EXECUT - INFO - received weights from trainer sta2!
2025-12-02 15:11:01,558 - EXECUT - INFO - received weights from trainer sta3!
2025-12-02 15:13:39,379 - EXECUT - INFO - received weights from trainer sta4!
2025-12-02 15:16:15,196 - EXECUT - INFO - received weights from trainer sta5!
2025-12-02 15:16:16,879 - EXECUT - INFO - sent aggregated weights to trainers!
2025-12-02 15:16:41,365 - METRIC - INFO - {"loss": 0.12171922624111176, "accuracy": 0.9635000228881836, "energy_consumption": 4.284159395515699, "selected": true, "host_energy_consumption": 1.8162882897600001, "client_name": "sta0"}
2025-12-02 15:16:43,722 - METRIC - INFO - {"loss": 0.12242192029953003, "accuracy": 0.9634000062942505, "energy_consumption": 2.765821041755448, "selected": true, "host_energy_consumption": 2.0700096981200002, "client_name": "sta1"}
2025-12-02 15:16:51,480 - METRIC - INFO - {"loss": 0.12324339896440506, "accuracy": 0.9631999731063843, "energy_consumption": 4.515002164840015, "selected": true, "host_energy_consumption": 1.80381905872, "client_name": "sta3"}
2025-12-02 15:16:51,500 - METRIC - INFO - {"loss": 0.12320411205291748, "accuracy": 0.9635999798774719, "energy_consumption": 2.678033269370559, "selected": true, "host_energy_consumption": -71.35720648252, "client_name": "sta5"}
2025-12-02 15:16:55,688 - METRIC - INFO - {"loss": 0.1221071407198906, "accuracy": 0.963699996471405, "energy_consumption": 4.38145126187407, "selected": true, "host_energy_consumption": 1.8019283458400002, "client_name": "sta2"}
2025-12-02 15:16:56,658 - METRIC - INFO - {"loss": 0.12286675721406937, "accuracy": 0.9643999934196472, "energy_consumption": 2.7448438263106656, "selected": true, "host_energy_consumption": 2.0408964380000003, "client_name": "sta4"}
2025-12-02 15:16:56,922 - METRIC - INFO - mean_accuracy: 0.9636333286762238

2025-12-02 15:16:56,927 - METRIC - INFO - stop_condition: rounds
