2025-12-03 19:39:47,334 - EXECUT - INFO - starting server...
2025-12-03 19:40:01,690 - EXECUT - INFO - trainer number sta0 just joined the pool
2025-12-03 19:40:01,818 - EXECUT - INFO - trainer number sta1 just joined the pool
2025-12-03 19:40:01,889 - EXECUT - INFO - trainer number sta4 just joined the pool
2025-12-03 19:40:01,983 - EXECUT - INFO - trainer number sta3 just joined the pool
2025-12-03 19:40:01,984 - EXECUT - INFO - trainer number sta5 just joined the pool
2025-12-03 19:40:02,576 - EXECUT - INFO - trainer number sta2 just joined the pool
2025-12-03 19:40:03,371 - EXECUT - INFO - mensagem de data_sz recebida: 
 {'id': 'sta0', 'dataset_sz': 11523010560000}
2025-12-03 19:40:03,376 - EXECUT - INFO - mensagem de data_sz recebida: 
 {'id': 'sta1', 'dataset_sz': 11523010560000}
2025-12-03 19:40:03,416 - EXECUT - INFO - mensagem de data_sz recebida: 
 {'id': 'sta5', 'dataset_sz': 11523010560000}
2025-12-03 19:40:03,417 - EXECUT - INFO - mensagem de data_sz recebida: 
 {'id': 'sta4', 'dataset_sz': 11523010560000}
2025-12-03 19:40:03,417 - EXECUT - INFO - mensagem de data_sz recebida: 
 {'id': 'sta3', 'dataset_sz': 11523010560000}
2025-12-03 19:40:03,417 - EXECUT - INFO - mensagem de data_sz recebida: 
 {'id': 'sta2', 'dataset_sz': 11523010560000}
2025-12-03 19:40:04,365 - METRIC - INFO - round: 1
2025-12-03 19:40:04,365 - METRIC - INFO - n_selected: 6
2025-12-03 19:40:04,365 - METRIC - INFO - {"selected_trainers": ["sta0", "sta1", "sta2", "sta3", "sta4", "sta5"]}
2025-12-03 19:41:49,674 - EXECUT - INFO - received weights from trainer sta0!
2025-12-03 19:43:33,807 - EXECUT - INFO - received weights from trainer sta1!
2025-12-03 19:45:18,037 - EXECUT - INFO - received weights from trainer sta2!
2025-12-03 19:47:03,638 - EXECUT - INFO - received weights from trainer sta3!
2025-12-03 19:48:47,431 - EXECUT - INFO - received weights from trainer sta4!
2025-12-03 19:50:33,305 - EXECUT - INFO - received weights from trainer sta5!
2025-12-03 19:50:34,755 - EXECUT - INFO - sent aggregated weights to trainers!
2025-12-03 19:50:55,288 - METRIC - INFO - {"loss": 0.10395156592130661, "accuracy": 0.9703999757766724, "energy_consumption": 2.002847144650059, "selected": true, "host_energy_consumption": 0.9013872310800001, "client_name": "sta1"}
2025-12-03 19:50:57,086 - METRIC - INFO - {"loss": 0.0977935791015625, "accuracy": 0.9707000255584717, "energy_consumption": 2.0028815538794342, "selected": true, "host_energy_consumption": 0.89825048348, "client_name": "sta0"}
2025-12-03 19:51:04,705 - METRIC - INFO - {"loss": 0.11008593440055847, "accuracy": 0.9684000015258789, "energy_consumption": 1.962780686358128, "selected": true, "host_energy_consumption": 0.8935628024400001, "client_name": "sta3"}
2025-12-03 19:51:10,076 - METRIC - INFO - {"loss": 0.10734634101390839, "accuracy": 0.9693999886512756, "energy_consumption": 2.002833201019987, "selected": true, "host_energy_consumption": 0.8943440970800001, "client_name": "sta5"}
2025-12-03 19:51:10,853 - METRIC - INFO - {"loss": 0.11412880569696426, "accuracy": 0.9671000242233276, "energy_consumption": 2.042904453428246, "selected": true, "host_energy_consumption": 0.8947297968000001, "client_name": "sta4"}
2025-12-03 19:51:12,512 - METRIC - INFO - {"loss": 0.10584716498851776, "accuracy": 0.9704999923706055, "energy_consumption": 2.04293602847015, "selected": true, "host_energy_consumption": 0.89964499436, "client_name": "sta2"}
2025-12-03 19:51:12,800 - METRIC - INFO - mean_accuracy: 0.9694166680177053

2025-12-03 19:51:12,800 - METRIC - INFO - round: 2
2025-12-03 19:51:12,800 - METRIC - INFO - n_selected: 6
2025-12-03 19:51:12,801 - METRIC - INFO - {"selected_trainers": ["sta0", "sta1", "sta2", "sta3", "sta4", "sta5"]}
2025-12-03 19:52:55,438 - EXECUT - INFO - received weights from trainer sta0!
2025-12-03 19:54:37,202 - EXECUT - INFO - received weights from trainer sta1!
2025-12-03 19:56:22,659 - EXECUT - INFO - received weights from trainer sta2!
2025-12-03 19:58:06,152 - EXECUT - INFO - received weights from trainer sta3!
2025-12-03 19:59:50,615 - EXECUT - INFO - received weights from trainer sta4!
2025-12-03 20:01:36,599 - EXECUT - INFO - received weights from trainer sta5!
2025-12-03 20:01:38,030 - EXECUT - INFO - sent aggregated weights to trainers!
2025-12-03 20:01:56,530 - METRIC - INFO - {"loss": 0.11061744391918182, "accuracy": 0.9700999855995178, "energy_consumption": 3.9656310864293394, "selected": true, "host_energy_consumption": 1.7897196662800001, "client_name": "sta1"}
2025-12-03 20:01:57,735 - METRIC - INFO - {"loss": 0.11020468920469284, "accuracy": 0.968500018119812, "energy_consumption": 4.005736290273364, "selected": true, "host_energy_consumption": 1.79367542508, "client_name": "sta0"}
2025-12-03 20:01:58,397 - METRIC - INFO - {"loss": 0.11105945706367493, "accuracy": 0.9692000150680542, "energy_consumption": 3.965601863937872, "selected": true, "host_energy_consumption": 1.7964149882, "client_name": "sta3"}
2025-12-03 20:01:59,310 - METRIC - INFO - {"loss": 0.11093956232070923, "accuracy": 0.9695000052452087, "energy_consumption": 3.965610226618862, "selected": true, "host_energy_consumption": 1.8001577398000002, "client_name": "sta5"}
2025-12-03 20:02:20,770 - METRIC - INFO - {"loss": 0.11032784730195999, "accuracy": 0.9686999917030334, "energy_consumption": 4.045819626525168, "selected": true, "host_energy_consumption": 1.8005385011600001, "client_name": "sta2"}
2025-12-03 20:02:21,171 - METRIC - INFO - {"loss": 0.1120896115899086, "accuracy": 0.9686999917030334, "energy_consumption": 4.085820133926614, "selected": true, "host_energy_consumption": 1.8037004728400001, "client_name": "sta4"}
2025-12-03 20:02:22,075 - METRIC - INFO - mean_accuracy: 0.9691166679064432

2025-12-03 20:02:22,075 - METRIC - INFO - round: 3
2025-12-03 20:02:22,075 - METRIC - INFO - n_selected: 6
2025-12-03 20:02:22,076 - METRIC - INFO - {"selected_trainers": ["sta0", "sta1", "sta2", "sta3", "sta4", "sta5"]}
2025-12-03 20:04:06,536 - EXECUT - INFO - received weights from trainer sta0!
2025-12-03 20:05:48,584 - EXECUT - INFO - received weights from trainer sta1!
2025-12-03 20:07:35,419 - EXECUT - INFO - received weights from trainer sta2!
2025-12-03 20:09:18,998 - EXECUT - INFO - received weights from trainer sta3!
2025-12-03 20:11:03,850 - EXECUT - INFO - received weights from trainer sta4!
2025-12-03 20:12:49,793 - EXECUT - INFO - received weights from trainer sta5!
2025-12-03 20:12:51,212 - EXECUT - INFO - sent aggregated weights to trainers!
2025-12-03 20:13:10,427 - METRIC - INFO - {"loss": 0.06438964605331421, "accuracy": 0.9811999797821045, "energy_consumption": 5.9270031943357955, "selected": true, "host_energy_consumption": 2.69135726244, "client_name": "sta1"}
2025-12-03 20:13:14,602 - METRIC - INFO - {"loss": 0.065089151263237, "accuracy": 0.979200005531311, "energy_consumption": 6.00859725615729, "selected": true, "host_energy_consumption": 2.69759763756, "client_name": "sta0"}
2025-12-03 20:13:16,412 - METRIC - INFO - {"loss": 0.06270968914031982, "accuracy": 0.9800999760627747, "energy_consumption": 5.968437105954335, "selected": true, "host_energy_consumption": 2.70425860936, "client_name": "sta5"}
2025-12-03 20:13:18,103 - METRIC - INFO - {"loss": 0.06311401724815369, "accuracy": 0.9818999767303467, "energy_consumption": 5.968436730817929, "selected": true, "host_energy_consumption": 2.70144672168, "client_name": "sta3"}
2025-12-03 20:13:39,738 - METRIC - INFO - {"loss": 0.06467697024345398, "accuracy": 0.9800999760627747, "energy_consumption": 6.088662684745064, "selected": true, "host_energy_consumption": 2.71289681936, "client_name": "sta4"}
2025-12-03 20:13:40,171 - METRIC - INFO - {"loss": 0.0633816048502922, "accuracy": 0.980400025844574, "energy_consumption": 6.048671676560817, "selected": true, "host_energy_consumption": 2.7148994706400003, "client_name": "sta2"}
2025-12-03 20:13:40,262 - METRIC - INFO - mean_accuracy: 0.9804833233356476

2025-12-03 20:13:40,262 - METRIC - INFO - round: 4
2025-12-03 20:13:40,262 - METRIC - INFO - n_selected: 6
2025-12-03 20:13:40,263 - METRIC - INFO - {"selected_trainers": ["sta0", "sta1", "sta2", "sta3", "sta4", "sta5"]}
2025-12-03 20:15:23,615 - EXECUT - INFO - received weights from trainer sta0!
2025-12-03 20:17:06,941 - EXECUT - INFO - received weights from trainer sta1!
2025-12-03 20:18:52,382 - EXECUT - INFO - received weights from trainer sta2!
2025-12-03 20:20:37,775 - EXECUT - INFO - received weights from trainer sta3!
2025-12-03 20:22:26,411 - EXECUT - INFO - received weights from trainer sta4!
2025-12-03 20:24:09,633 - EXECUT - INFO - received weights from trainer sta5!
2025-12-03 20:24:11,044 - EXECUT - INFO - sent aggregated weights to trainers!
2025-12-03 20:24:28,378 - METRIC - INFO - {"loss": 0.04749589413404465, "accuracy": 0.9847000241279602, "energy_consumption": 7.929875487432198, "selected": true, "host_energy_consumption": 3.5962307788400003, "client_name": "sta1"}
2025-12-03 20:24:29,172 - METRIC - INFO - {"loss": 0.047873951494693756, "accuracy": 0.9843000173568726, "energy_consumption": 7.97137754353557, "selected": true, "host_energy_consumption": 3.6036256382, "client_name": "sta0"}
2025-12-03 20:24:35,035 - METRIC - INFO - {"loss": 0.04743843153119087, "accuracy": 0.9854999780654907, "energy_consumption": 7.971295937057681, "selected": true, "host_energy_consumption": 3.59866641736, "client_name": "sta5"}
2025-12-03 20:24:37,755 - METRIC - INFO - {"loss": 0.048376746475696564, "accuracy": 0.9848999977111816, "energy_consumption": 7.931222595966178, "selected": true, "host_energy_consumption": -69.79685409816, "client_name": "sta3"}
2025-12-03 20:24:49,338 - METRIC - INFO - {"loss": 0.048080530017614365, "accuracy": 0.9851999878883362, "energy_consumption": 8.09151031262169, "selected": true, "host_energy_consumption": 3.61897197032, "client_name": "sta4"}
2025-12-03 20:24:52,862 - METRIC - INFO - {"loss": 0.04827713593840599, "accuracy": 0.9843000173568726, "energy_consumption": 8.051515936157452, "selected": true, "host_energy_consumption": 3.6242963498000003, "client_name": "sta2"}
2025-12-03 20:24:53,088 - METRIC - INFO - mean_accuracy: 0.9848166704177856

2025-12-03 20:24:53,088 - METRIC - INFO - round: 5
2025-12-03 20:24:53,088 - METRIC - INFO - n_selected: 6
2025-12-03 20:24:53,089 - METRIC - INFO - {"selected_trainers": ["sta0", "sta1", "sta2", "sta3", "sta4", "sta5"]}
2025-12-03 20:26:35,682 - EXECUT - INFO - received weights from trainer sta0!
2025-12-03 20:28:18,626 - EXECUT - INFO - received weights from trainer sta1!
2025-12-03 20:30:04,443 - EXECUT - INFO - received weights from trainer sta2!
2025-12-03 20:31:47,089 - EXECUT - INFO - received weights from trainer sta3!
2025-12-03 20:33:32,275 - EXECUT - INFO - received weights from trainer sta4!
2025-12-03 20:35:15,978 - EXECUT - INFO - received weights from trainer sta5!
2025-12-03 20:35:17,385 - EXECUT - INFO - sent aggregated weights to trainers!
2025-12-03 20:35:40,365 - METRIC - INFO - {"loss": 0.040079448372125626, "accuracy": 0.9872000217437744, "energy_consumption": 9.934156544958928, "selected": true, "host_energy_consumption": 4.498008033680001, "client_name": "sta0"}
2025-12-03 20:35:41,760 - METRIC - INFO - {"loss": 0.04079858213663101, "accuracy": 0.9868000149726868, "energy_consumption": 9.932706108594523, "selected": true, "host_energy_consumption": 4.4919244062, "client_name": "sta1"}
2025-12-03 20:35:44,893 - METRIC - INFO - {"loss": 0.04057507961988449, "accuracy": 0.9868999719619751, "energy_consumption": 9.89400132875368, "selected": true, "host_energy_consumption": 4.493002225880001, "client_name": "sta5"}
2025-12-03 20:35:47,473 - METRIC - INFO - {"loss": 0.04079197347164154, "accuracy": 0.9865999817848206, "energy_consumption": 10.094360537841158, "selected": true, "host_energy_consumption": 4.52301816932, "client_name": "sta4"}
2025-12-03 20:35:48,052 - METRIC - INFO - {"loss": 0.04032624512910843, "accuracy": 0.9864000082015991, "energy_consumption": 9.934045051553058, "selected": true, "host_energy_consumption": -68.89075264596, "client_name": "sta3"}
2025-12-03 20:36:02,414 - METRIC - INFO - {"loss": 0.04070498049259186, "accuracy": 0.9865000247955322, "energy_consumption": 10.054353417865508, "selected": true, "host_energy_consumption": 4.526878448120001, "client_name": "sta2"}
2025-12-03 20:36:02,431 - METRIC - INFO - mean_accuracy: 0.9867333372433981

2025-12-03 20:36:02,431 - METRIC - INFO - round: 6
2025-12-03 20:36:02,431 - METRIC - INFO - n_selected: 6
2025-12-03 20:36:02,432 - METRIC - INFO - {"selected_trainers": ["sta0", "sta1", "sta2", "sta3", "sta4", "sta5"]}
2025-12-03 20:37:46,529 - EXECUT - INFO - received weights from trainer sta0!
2025-12-03 20:39:28,184 - EXECUT - INFO - received weights from trainer sta1!
2025-12-03 20:41:13,415 - EXECUT - INFO - received weights from trainer sta2!
2025-12-03 20:42:58,780 - EXECUT - INFO - received weights from trainer sta3!
2025-12-03 20:44:43,884 - EXECUT - INFO - received weights from trainer sta4!
2025-12-03 20:46:27,671 - EXECUT - INFO - received weights from trainer sta5!
2025-12-03 20:46:29,079 - EXECUT - INFO - sent aggregated weights to trainers!
2025-12-03 20:46:47,340 - METRIC - INFO - {"loss": 0.03564973548054695, "accuracy": 0.9883999824523926, "energy_consumption": 11.895496151109406, "selected": true, "host_energy_consumption": 5.387981738720001, "client_name": "sta1"}
2025-12-03 20:46:50,301 - METRIC - INFO - {"loss": 0.03629758954048157, "accuracy": 0.9879000186920166, "energy_consumption": 11.896921838007305, "selected": true, "host_energy_consumption": 5.39805855148, "client_name": "sta0"}
2025-12-03 20:46:54,333 - METRIC - INFO - {"loss": 0.03595925122499466, "accuracy": 0.988099992275238, "energy_consumption": 11.89683800296469, "selected": true, "host_energy_consumption": 5.38694546516, "client_name": "sta5"}
2025-12-03 20:46:55,008 - METRIC - INFO - {"loss": 0.037910643965005875, "accuracy": 0.9873999953269958, "energy_consumption": 12.137287642515279, "selected": true, "host_energy_consumption": 5.42691204664, "client_name": "sta4"}
2025-12-03 20:46:56,499 - METRIC - INFO - {"loss": 0.03603071719408035, "accuracy": 0.9878000020980835, "energy_consumption": 11.9368922788603, "selected": true, "host_energy_consumption": -67.99248714076, "client_name": "sta3"}
2025-12-03 20:46:56,976 - METRIC - INFO - {"loss": 0.0359453447163105, "accuracy": 0.988099992275238, "energy_consumption": 12.057220707023527, "selected": true, "host_energy_consumption": 5.43215846236, "client_name": "sta2"}
2025-12-03 20:46:57,108 - METRIC - INFO - mean_accuracy: 0.9879499971866608

2025-12-03 20:46:57,108 - METRIC - INFO - round: 7
2025-12-03 20:46:57,109 - METRIC - INFO - n_selected: 6
2025-12-03 20:46:57,109 - METRIC - INFO - {"selected_trainers": ["sta0", "sta1", "sta2", "sta3", "sta4", "sta5"]}
2025-12-03 20:48:39,874 - EXECUT - INFO - received weights from trainer sta0!
2025-12-03 20:50:22,352 - EXECUT - INFO - received weights from trainer sta1!
2025-12-03 20:52:10,195 - EXECUT - INFO - received weights from trainer sta2!
2025-12-03 20:53:55,212 - EXECUT - INFO - received weights from trainer sta3!
2025-12-03 20:55:41,311 - EXECUT - INFO - received weights from trainer sta4!
2025-12-03 20:57:23,639 - EXECUT - INFO - received weights from trainer sta5!
2025-12-03 20:57:25,033 - EXECUT - INFO - sent aggregated weights to trainers!
2025-12-03 20:57:43,553 - METRIC - INFO - {"loss": 0.033674586564302444, "accuracy": 0.9883000254631042, "energy_consumption": 13.899753018695154, "selected": true, "host_energy_consumption": 6.2914630002, "client_name": "sta0"}
2025-12-03 20:57:46,606 - METRIC - INFO - {"loss": 0.03414202108979225, "accuracy": 0.989799976348877, "energy_consumption": 13.897833339122023, "selected": true, "host_energy_consumption": 6.28038976684, "client_name": "sta1"}
2025-12-03 20:57:50,848 - METRIC - INFO - {"loss": 0.033390458673238754, "accuracy": 0.9884999990463257, "energy_consumption": 13.898993246633458, "selected": true, "host_energy_consumption": 6.28633286484, "client_name": "sta5"}
2025-12-03 20:57:51,092 - METRIC - INFO - {"loss": 0.0340440534055233, "accuracy": 0.9886999726295471, "energy_consumption": 14.140128832669422, "selected": true, "host_energy_consumption": 6.33513311256, "client_name": "sta4"}
2025-12-03 20:57:52,469 - METRIC - INFO - {"loss": 0.03347231075167656, "accuracy": 0.9886000156402588, "energy_consumption": 14.060052402729136, "selected": true, "host_energy_consumption": 6.33375458184, "client_name": "sta2"}
2025-12-03 20:57:54,546 - METRIC - INFO - {"loss": 0.0332660898566246, "accuracy": 0.9890000224113464, "energy_consumption": 13.939726422490013, "selected": true, "host_energy_consumption": -67.09828511092, "client_name": "sta3"}
2025-12-03 20:57:55,064 - METRIC - INFO - mean_accuracy: 0.9888166685899099

2025-12-03 20:57:55,064 - METRIC - INFO - round: 8
2025-12-03 20:57:55,064 - METRIC - INFO - n_selected: 6
2025-12-03 20:57:55,065 - METRIC - INFO - {"selected_trainers": ["sta0", "sta1", "sta2", "sta3", "sta4", "sta5"]}
2025-12-03 20:59:37,610 - EXECUT - INFO - received weights from trainer sta0!
2025-12-03 21:01:20,692 - EXECUT - INFO - received weights from trainer sta1!
2025-12-03 21:03:08,539 - EXECUT - INFO - received weights from trainer sta2!
2025-12-03 21:04:55,459 - EXECUT - INFO - received weights from trainer sta3!
2025-12-03 21:06:41,994 - EXECUT - INFO - received weights from trainer sta4!
2025-12-03 21:08:26,380 - EXECUT - INFO - received weights from trainer sta5!
2025-12-03 21:08:27,794 - EXECUT - INFO - sent aggregated weights to trainers!
2025-12-03 21:08:44,567 - METRIC - INFO - {"loss": 0.03203973546624184, "accuracy": 0.9890999794006348, "energy_consumption": 15.862399253616235, "selected": true, "host_energy_consumption": 7.1874039854400005, "client_name": "sta0"}
2025-12-03 21:08:48,141 - METRIC - INFO - {"loss": 0.03254401683807373, "accuracy": 0.9886000156402588, "energy_consumption": 15.900685482941832, "selected": true, "host_energy_consumption": 7.17696280168, "client_name": "sta1"}
2025-12-03 21:08:50,868 - METRIC - INFO - {"loss": 0.0316014438867569, "accuracy": 0.989300012588501, "energy_consumption": 16.062903948873902, "selected": true, "host_energy_consumption": 7.23709891996, "client_name": "sta2"}
2025-12-03 21:08:53,633 - METRIC - INFO - {"loss": 0.0315021350979805, "accuracy": 0.9891999959945679, "energy_consumption": 15.901833214415097, "selected": true, "host_energy_consumption": 7.17832215828, "client_name": "sta5"}
2025-12-03 21:08:56,502 - METRIC - INFO - {"loss": 0.03221188485622406, "accuracy": 0.9886999726295471, "energy_consumption": 16.142995438316152, "selected": true, "host_energy_consumption": 7.23707709536, "client_name": "sta4"}
2025-12-03 21:09:00,599 - METRIC - INFO - {"loss": 0.03209112957119942, "accuracy": 0.9897000193595886, "energy_consumption": 15.942562131837422, "selected": true, "host_energy_consumption": -66.20300741488, "client_name": "sta3"}
2025-12-03 21:09:00,828 - METRIC - INFO - mean_accuracy: 0.9890999992688497

2025-12-03 21:09:00,828 - METRIC - INFO - round: 9
2025-12-03 21:09:00,829 - METRIC - INFO - n_selected: 6
2025-12-03 21:09:00,829 - METRIC - INFO - {"selected_trainers": ["sta0", "sta1", "sta2", "sta3", "sta4", "sta5"]}
2025-12-03 21:10:45,033 - EXECUT - INFO - received weights from trainer sta0!
2025-12-03 21:12:28,037 - EXECUT - INFO - received weights from trainer sta1!
2025-12-03 21:14:15,228 - EXECUT - INFO - received weights from trainer sta2!
2025-12-03 21:16:00,389 - EXECUT - INFO - received weights from trainer sta3!
2025-12-03 21:17:45,014 - EXECUT - INFO - received weights from trainer sta4!
2025-12-03 21:19:28,978 - EXECUT - INFO - received weights from trainer sta5!
2025-12-03 21:19:30,373 - EXECUT - INFO - sent aggregated weights to trainers!
2025-12-03 21:19:47,914 - METRIC - INFO - {"loss": 0.03179885819554329, "accuracy": 0.989300012588501, "energy_consumption": 17.9035369511981, "selected": true, "host_energy_consumption": 8.06980140708, "client_name": "sta1"}
2025-12-03 21:19:49,548 - METRIC - INFO - {"loss": 0.030545730143785477, "accuracy": 0.9896000027656555, "energy_consumption": 17.86523598823057, "selected": true, "host_energy_consumption": 8.079507575720001, "client_name": "sta0"}
2025-12-03 21:19:59,608 - METRIC - INFO - {"loss": 0.03154569864273071, "accuracy": 0.9897000193595886, "energy_consumption": 17.904689015815002, "selected": true, "host_energy_consumption": 8.0721110078, "client_name": "sta5"}
2025-12-03 21:20:01,124 - METRIC - INFO - {"loss": 0.030636178329586983, "accuracy": 0.9894000291824341, "energy_consumption": 17.86528181845648, "selected": true, "host_energy_consumption": -65.30954354484, "client_name": "sta3"}
2025-12-03 21:20:03,528 - METRIC - INFO - {"loss": 0.032012298703193665, "accuracy": 0.9887999892234802, "energy_consumption": 18.145853778245087, "selected": true, "host_energy_consumption": 8.14604896756, "client_name": "sta4"}
2025-12-03 21:20:03,802 - METRIC - INFO - {"loss": 0.030714478343725204, "accuracy": 0.9894000291824341, "energy_consumption": 18.10580732934836, "selected": true, "host_energy_consumption": 8.14478770672, "client_name": "sta2"}
2025-12-03 21:20:04,408 - METRIC - INFO - mean_accuracy: 0.9893666803836823

2025-12-03 21:20:04,408 - METRIC - INFO - round: 10
2025-12-03 21:20:04,409 - METRIC - INFO - n_selected: 6
2025-12-03 21:20:04,409 - METRIC - INFO - {"selected_trainers": ["sta0", "sta1", "sta2", "sta3", "sta4", "sta5"]}
2025-12-03 21:21:47,676 - EXECUT - INFO - received weights from trainer sta0!
2025-12-03 21:23:30,396 - EXECUT - INFO - received weights from trainer sta1!
2025-12-03 21:25:16,717 - EXECUT - INFO - received weights from trainer sta2!
2025-12-03 21:27:00,888 - EXECUT - INFO - received weights from trainer sta3!
2025-12-03 21:28:44,513 - EXECUT - INFO - received weights from trainer sta4!
2025-12-03 21:30:27,000 - EXECUT - INFO - received weights from trainer sta5!
2025-12-03 21:30:28,398 - EXECUT - INFO - sent aggregated weights to trainers!
2025-12-03 21:30:47,768 - METRIC - INFO - {"loss": 0.030362099409103394, "accuracy": 0.9894000291824341, "energy_consumption": 19.828030783533126, "selected": true, "host_energy_consumption": 8.974671539120001, "client_name": "sta0"}
2025-12-03 21:30:50,056 - METRIC - INFO - {"loss": 0.030471071600914, "accuracy": 0.9897000193595886, "energy_consumption": 19.866325671198076, "selected": true, "host_energy_consumption": 8.963199173320001, "client_name": "sta1"}
2025-12-03 21:30:53,289 - METRIC - INFO - {"loss": 0.031010707840323448, "accuracy": 0.9891999959945679, "energy_consumption": 20.148697729466907, "selected": true, "host_energy_consumption": 9.04929536364, "client_name": "sta4"}
2025-12-03 21:30:54,376 - METRIC - INFO - {"loss": 0.02989056147634983, "accuracy": 0.9900000095367432, "energy_consumption": 20.148701118411104, "selected": true, "host_energy_consumption": 9.05341846668, "client_name": "sta2"}
2025-12-03 21:30:54,767 - METRIC - INFO - {"loss": 0.030114440247416496, "accuracy": 0.9901000261306763, "energy_consumption": 19.86812231238285, "selected": true, "host_energy_consumption": -64.41059039716001, "client_name": "sta3"}
2025-12-03 21:31:00,358 - METRIC - INFO - {"loss": 0.030382853001356125, "accuracy": 0.9890999794006348, "energy_consumption": 19.907543307131824, "selected": true, "host_energy_consumption": 8.9639485096, "client_name": "sta5"}
2025-12-03 21:31:00,431 - METRIC - INFO - mean_accuracy: 0.9895833432674408

2025-12-03 21:31:00,431 - METRIC - INFO - round: 11
2025-12-03 21:31:00,431 - METRIC - INFO - n_selected: 6
2025-12-03 21:31:00,432 - METRIC - INFO - {"selected_trainers": ["sta0", "sta1", "sta2", "sta3", "sta4", "sta5"]}
2025-12-03 21:32:43,593 - EXECUT - INFO - received weights from trainer sta0!
2025-12-03 21:35:09,368 - EXECUT - INFO - received weights from trainer sta1!
2025-12-03 21:36:56,967 - EXECUT - INFO - received weights from trainer sta2!
2025-12-03 21:38:39,516 - EXECUT - INFO - received weights from trainer sta3!
2025-12-03 21:40:23,945 - EXECUT - INFO - received weights from trainer sta4!
2025-12-03 21:42:06,743 - EXECUT - INFO - received weights from trainer sta5!
2025-12-03 21:42:08,143 - EXECUT - INFO - sent aggregated weights to trainers!
2025-12-03 21:42:27,863 - METRIC - INFO - {"loss": 0.029441457241773605, "accuracy": 0.9901000261306763, "energy_consumption": 21.829840796782396, "selected": true, "host_energy_consumption": 9.87342107948, "client_name": "sta0"}
2025-12-03 21:42:28,408 - METRIC - INFO - {"loss": 0.02974456176161766, "accuracy": 0.9896000027656555, "energy_consumption": 22.910751544769944, "selected": true, "host_energy_consumption": 10.13153039612, "client_name": "sta1"}
2025-12-03 21:42:39,271 - METRIC - INFO - {"loss": 0.02989542856812477, "accuracy": 0.9901000261306763, "energy_consumption": 22.19161445748617, "selected": true, "host_energy_consumption": 9.95272602184, "client_name": "sta4"}
2025-12-03 21:42:41,452 - METRIC - INFO - {"loss": 0.030285876244306564, "accuracy": 0.9894000291824341, "energy_consumption": 22.19161311430681, "selected": true, "host_energy_consumption": 9.96314504136, "client_name": "sta2"}
2025-12-03 21:42:41,801 - METRIC - INFO - {"loss": 0.029472412541508675, "accuracy": 0.9897000193595886, "energy_consumption": 21.910375538519567, "selected": true, "host_energy_consumption": 9.86305455996, "client_name": "sta5"}
2025-12-03 21:42:42,724 - METRIC - INFO - {"loss": 0.02959679625928402, "accuracy": 0.9901999831199646, "energy_consumption": 21.870950811481165, "selected": true, "host_energy_consumption": -63.514728606000006, "client_name": "sta3"}
2025-12-03 21:42:43,179 - METRIC - INFO - mean_accuracy: 0.9898500144481659

2025-12-03 21:42:43,179 - METRIC - INFO - round: 12
2025-12-03 21:42:43,179 - METRIC - INFO - n_selected: 6
2025-12-03 21:42:43,180 - METRIC - INFO - {"selected_trainers": ["sta0", "sta1", "sta2", "sta3", "sta4", "sta5"]}
2025-12-03 21:44:26,888 - EXECUT - INFO - received weights from trainer sta0!
2025-12-03 21:46:10,599 - EXECUT - INFO - received weights from trainer sta1!
2025-12-03 21:47:55,914 - EXECUT - INFO - received weights from trainer sta2!
2025-12-03 21:49:41,069 - EXECUT - INFO - received weights from trainer sta3!
2025-12-03 21:51:26,134 - EXECUT - INFO - received weights from trainer sta4!
2025-12-03 21:53:10,537 - EXECUT - INFO - received weights from trainer sta5!
2025-12-03 21:53:11,935 - EXECUT - INFO - sent aggregated weights to trainers!
2025-12-03 21:53:30,310 - METRIC - INFO - {"loss": 0.029085107147693634, "accuracy": 0.9896000027656555, "energy_consumption": 23.832658539320466, "selected": true, "host_energy_consumption": 10.77124720616, "client_name": "sta0"}
2025-12-03 21:53:31,739 - METRIC - INFO - {"loss": 0.02977360598742962, "accuracy": 0.9896000027656555, "energy_consumption": 24.91358569634742, "selected": true, "host_energy_consumption": 11.026855020440001, "client_name": "sta1"}
2025-12-03 21:53:36,020 - METRIC - INFO - {"loss": 0.03068353794515133, "accuracy": 0.9887999892234802, "energy_consumption": 24.154412950107858, "selected": true, "host_energy_consumption": 10.85822223864, "client_name": "sta4"}
2025-12-03 21:53:37,892 - METRIC - INFO - {"loss": 0.029683580622076988, "accuracy": 0.9894999861717224, "energy_consumption": 23.913202689669966, "selected": true, "host_energy_consumption": 10.76475759324, "client_name": "sta5"}
2025-12-03 21:53:38,288 - METRIC - INFO - {"loss": 0.029186539351940155, "accuracy": 0.9900000095367432, "energy_consumption": 23.873789978124037, "selected": true, "host_energy_consumption": -62.61294145624, "client_name": "sta3"}
2025-12-03 21:53:41,057 - METRIC - INFO - {"loss": 0.02912452630698681, "accuracy": 0.9897000193595886, "energy_consumption": 24.19445791435418, "selected": true, "host_energy_consumption": 10.87134672764, "client_name": "sta2"}
2025-12-03 21:53:41,966 - METRIC - INFO - mean_accuracy: 0.9895333349704742

2025-12-03 21:53:41,967 - METRIC - INFO - round: 13
2025-12-03 21:53:41,967 - METRIC - INFO - n_selected: 6
2025-12-03 21:53:41,967 - METRIC - INFO - {"selected_trainers": ["sta0", "sta1", "sta2", "sta3", "sta4", "sta5"]}
2025-12-03 21:55:24,747 - EXECUT - INFO - received weights from trainer sta0!
2025-12-03 21:57:06,819 - EXECUT - INFO - received weights from trainer sta1!
2025-12-03 21:58:53,728 - EXECUT - INFO - received weights from trainer sta2!
2025-12-03 22:00:38,005 - EXECUT - INFO - received weights from trainer sta3!
2025-12-03 22:02:21,818 - EXECUT - INFO - received weights from trainer sta4!
2025-12-03 22:04:04,458 - EXECUT - INFO - received weights from trainer sta5!
2025-12-03 22:04:05,852 - EXECUT - INFO - sent aggregated weights to trainers!
2025-12-03 22:04:24,717 - METRIC - INFO - {"loss": 0.02877225913107395, "accuracy": 0.9902999997138977, "energy_consumption": 26.916435853215724, "selected": true, "host_energy_consumption": 11.920442773960001, "client_name": "sta1"}
2025-12-03 22:04:28,283 - METRIC - INFO - {"loss": 0.029202254489064217, "accuracy": 0.9897000193595886, "energy_consumption": 25.83550095343664, "selected": true, "host_energy_consumption": 11.66776915892, "client_name": "sta0"}
2025-12-03 22:04:35,745 - METRIC - INFO - {"loss": 0.029412273317575455, "accuracy": 0.989799976348877, "energy_consumption": 26.237378409633173, "selected": true, "host_energy_consumption": 11.78572895724, "client_name": "sta2"}
2025-12-03 22:04:36,097 - METRIC - INFO - {"loss": 0.030804669484496117, "accuracy": 0.9898999929428101, "energy_consumption": 26.15720111250329, "selected": true, "host_energy_consumption": 11.76408219504, "client_name": "sta4"}
2025-12-03 22:04:37,114 - METRIC - INFO - {"loss": 0.029040230438113213, "accuracy": 0.9897000193595886, "energy_consumption": 25.876664072193094, "selected": true, "host_energy_consumption": -61.708766810600004, "client_name": "sta3"}
2025-12-03 22:04:37,270 - METRIC - INFO - {"loss": 0.028760910034179688, "accuracy": 0.9897000193595886, "energy_consumption": 25.91604579047661, "selected": true, "host_energy_consumption": 11.6674198942, "client_name": "sta5"}
2025-12-03 22:04:37,885 - METRIC - INFO - mean_accuracy: 0.9898500045140585

2025-12-03 22:04:37,886 - METRIC - INFO - round: 14
2025-12-03 22:04:37,886 - METRIC - INFO - n_selected: 6
2025-12-03 22:04:37,886 - METRIC - INFO - {"selected_trainers": ["sta0", "sta1", "sta2", "sta3", "sta4", "sta5"]}
2025-12-03 22:06:21,091 - EXECUT - INFO - received weights from trainer sta0!
2025-12-03 22:08:03,052 - EXECUT - INFO - received weights from trainer sta1!
2025-12-03 22:09:50,759 - EXECUT - INFO - received weights from trainer sta2!
2025-12-03 22:11:37,291 - EXECUT - INFO - received weights from trainer sta3!
2025-12-03 22:13:21,334 - EXECUT - INFO - received weights from trainer sta4!
2025-12-03 22:15:06,261 - EXECUT - INFO - received weights from trainer sta5!
2025-12-03 22:15:07,660 - EXECUT - INFO - sent aggregated weights to trainers!
2025-12-03 22:15:28,754 - METRIC - INFO - {"loss": 0.028934726491570473, "accuracy": 0.9901999831199646, "energy_consumption": 28.91927683990597, "selected": true, "host_energy_consumption": 12.8141387402, "client_name": "sta1"}
2025-12-03 22:15:30,962 - METRIC - INFO - {"loss": 0.028805352747440338, "accuracy": 0.9904000163078308, "energy_consumption": 27.838342849355872, "selected": true, "host_energy_consumption": 12.564150753, "client_name": "sta0"}
2025-12-03 22:15:33,467 - METRIC - INFO - {"loss": 0.029326220974326134, "accuracy": 0.9897000193595886, "energy_consumption": 28.280268928968717, "selected": true, "host_energy_consumption": 12.690979183400001, "client_name": "sta2"}
2025-12-03 22:15:35,762 - METRIC - INFO - {"loss": 0.02875708043575287, "accuracy": 0.9900000095367432, "energy_consumption": 28.2000834742112, "selected": true, "host_energy_consumption": 12.66905033716, "client_name": "sta4"}
2025-12-03 22:15:36,887 - METRIC - INFO - {"loss": 0.02879447676241398, "accuracy": 0.9900000095367432, "energy_consumption": 27.918899407819517, "selected": true, "host_energy_consumption": 12.56579058756, "client_name": "sta5"}
2025-12-03 22:15:36,941 - METRIC - INFO - {"loss": 0.029217133298516273, "accuracy": 0.9898999929428101, "energy_consumption": 27.879520698575178, "selected": true, "host_energy_consumption": -60.806839558920004, "client_name": "sta3"}
2025-12-03 22:15:37,691 - METRIC - INFO - mean_accuracy: 0.99003333846728

2025-12-03 22:15:37,691 - METRIC - INFO - round: 15
2025-12-03 22:15:37,692 - METRIC - INFO - n_selected: 6
2025-12-03 22:15:37,692 - METRIC - INFO - {"selected_trainers": ["sta0", "sta1", "sta2", "sta3", "sta4", "sta5"]}
2025-12-03 22:17:22,363 - EXECUT - INFO - received weights from trainer sta0!
2025-12-03 22:19:04,506 - EXECUT - INFO - received weights from trainer sta1!
2025-12-03 22:20:51,596 - EXECUT - INFO - received weights from trainer sta2!
2025-12-03 22:22:34,959 - EXECUT - INFO - received weights from trainer sta3!
2025-12-03 22:24:19,487 - EXECUT - INFO - received weights from trainer sta4!
2025-12-03 22:26:01,888 - EXECUT - INFO - received weights from trainer sta5!
2025-12-03 22:26:03,286 - EXECUT - INFO - sent aggregated weights to trainers!
2025-12-03 22:26:25,751 - METRIC - INFO - {"loss": 0.030076824128627777, "accuracy": 0.9896000027656555, "energy_consumption": 29.841186910257353, "selected": true, "host_energy_consumption": 13.462294254360001, "client_name": "sta0"}
2025-12-03 22:26:27,993 - METRIC - INFO - {"loss": 0.029505550861358643, "accuracy": 0.9901000261306763, "energy_consumption": 30.922106683772974, "selected": true, "host_energy_consumption": 13.70777092776, "client_name": "sta1"}
2025-12-03 22:26:32,041 - METRIC - INFO - {"loss": 0.029748328030109406, "accuracy": 0.9894000291824341, "energy_consumption": 29.921741559658052, "selected": true, "host_energy_consumption": 13.46517005764, "client_name": "sta5"}
2025-12-03 22:26:34,843 - METRIC - INFO - {"loss": 0.029509548097848892, "accuracy": 0.989799976348877, "energy_consumption": 29.84229327976128, "selected": true, "host_energy_consumption": -59.91365362052, "client_name": "sta3"}
2025-12-03 22:26:36,638 - METRIC - INFO - {"loss": 0.02974827215075493, "accuracy": 0.989799976348877, "energy_consumption": 30.32317888386796, "selected": true, "host_energy_consumption": 13.6013042774, "client_name": "sta2"}
2025-12-03 22:26:37,142 - METRIC - INFO - {"loss": 0.029882129281759262, "accuracy": 0.9897000193595886, "energy_consumption": 30.243001626477028, "selected": true, "host_energy_consumption": 13.57339786348, "client_name": "sta4"}
2025-12-03 22:26:37,321 - METRIC - INFO - mean_accuracy: 0.9897333383560181

2025-12-03 22:26:37,327 - METRIC - INFO - stop_condition: rounds
