2026-04-24 19:47:03,506 - EXECUT - INFO - starting server...
2026-04-24 19:47:10,808 - EXECUT - INFO - trainer number sta5 just joined the pool
2026-04-24 19:47:10,852 - EXECUT - INFO - trainer number sta0 just joined the pool
2026-04-24 19:47:10,986 - EXECUT - INFO - trainer number sta4 just joined the pool
2026-04-24 19:47:11,210 - EXECUT - INFO - trainer number sta1 just joined the pool
2026-04-24 19:47:11,367 - EXECUT - INFO - trainer number sta2 just joined the pool
2026-04-24 19:47:11,410 - EXECUT - INFO - trainer number sta3 just joined the pool
2026-04-24 19:47:11,524 - EXECUT - INFO - mensagem de data_sz recebida: 
 {'id': 'sta0', 'dataset_sz': 259700928}
2026-04-24 19:47:11,525 - EXECUT - INFO - mensagem de data_sz recebida: 
 {'id': 'sta1', 'dataset_sz': 519401856}
2026-04-24 19:47:11,566 - EXECUT - INFO - mensagem de data_sz recebida: 
 {'id': 'sta2', 'dataset_sz': 649277568}
2026-04-24 19:47:11,566 - EXECUT - INFO - mensagem de data_sz recebida: 
 {'id': 'sta4', 'dataset_sz': 346301568}
2026-04-24 19:47:11,566 - EXECUT - INFO - mensagem de data_sz recebida: 
 {'id': 'sta5', 'dataset_sz': 173150784}
2026-04-24 19:47:11,567 - EXECUT - INFO - mensagem de data_sz recebida: 
 {'id': 'sta3', 'dataset_sz': 649277568}
2026-04-24 19:47:24,184 - METRIC - INFO - round: 1
2026-04-24 19:47:24,184 - METRIC - INFO - n_selected: 4
2026-04-24 19:47:24,185 - METRIC - INFO - {"selected_trainers": ["sta0", "sta2", "sta3", "sta4"]}
2026-04-24 19:47:30,556 - EXECUT - INFO - received weights from trainer sta0!
2026-04-24 19:47:38,626 - EXECUT - INFO - received weights from trainer sta2!
2026-04-24 19:47:49,264 - EXECUT - INFO - received weights from trainer sta3!
2026-04-24 19:47:56,823 - EXECUT - INFO - received weights from trainer sta4!
2026-04-24 19:47:57,272 - EXECUT - INFO - sent aggregated weights to trainers!
2026-04-24 19:48:14,680 - METRIC - INFO - {"loss": 2.3410093784332275, "accuracy": 0.05659276619553566, "energy_consumption": 0.04005471143532224, "selected": false, "host_energy_consumption": 0.00380834188, "client_name": "sta1"}
2026-04-24 19:48:19,854 - METRIC - INFO - {"loss": 2.344320058822632, "accuracy": 0.12259194254875183, "energy_consumption": 0.0, "selected": false, "host_energy_consumption": 0.0026842947600000003, "client_name": "sta5"}
2026-04-24 19:48:22,810 - METRIC - INFO - {"loss": 0.529668390750885, "accuracy": 0.8678804636001587, "energy_consumption": 0.2244390538947334, "selected": true, "host_energy_consumption": 0.07120748880000001, "client_name": "sta3"}
2026-04-24 19:48:23,501 - METRIC - INFO - {"loss": 1.4345283508300781, "accuracy": 0.7117853164672852, "energy_consumption": 0.08297029111500565, "selected": true, "host_energy_consumption": 0.02613984016, "client_name": "sta0"}
2026-04-24 19:48:33,473 - METRIC - INFO - {"loss": 1.0151026248931885, "accuracy": 0.7837128043174744, "energy_consumption": 0.12554083589122755, "selected": true, "host_energy_consumption": 0.031749532920000004, "client_name": "sta4"}
2026-04-24 19:48:34,162 - METRIC - INFO - {"loss": 0.5723185539245605, "accuracy": 0.8683473467826843, "energy_consumption": 0.13855852276725567, "selected": true, "host_energy_consumption": 0.051185232840000004, "client_name": "sta2"}
2026-04-24 19:48:34,316 - METRIC - INFO - mean_accuracy: 0.5684851066519817

2026-04-24 19:48:45,280 - METRIC - INFO - round: 2
2026-04-24 19:48:45,280 - METRIC - INFO - n_selected: 4
2026-04-24 19:48:45,280 - METRIC - INFO - {"selected_trainers": ["sta0", "sta1", "sta2", "sta3"]}
2026-04-24 19:48:52,009 - EXECUT - INFO - received weights from trainer sta0!
2026-04-24 19:48:58,914 - EXECUT - INFO - received weights from trainer sta1!
2026-04-24 19:49:09,054 - EXECUT - INFO - received weights from trainer sta2!
2026-04-24 19:49:22,249 - EXECUT - INFO - received weights from trainer sta3!
2026-04-24 19:49:22,644 - EXECUT - INFO - sent aggregated weights to trainers!
2026-04-24 19:49:38,740 - METRIC - INFO - {"loss": 1.0416216850280762, "accuracy": 0.7794632315635681, "energy_consumption": 0.22640688445301693, "selected": true, "host_energy_consumption": 0.047155543120000004, "client_name": "sta1"}
2026-04-24 19:49:40,826 - METRIC - INFO - {"loss": 1.2983769178390503, "accuracy": 0.7292882204055786, "energy_consumption": 0.12101550800576111, "selected": true, "host_energy_consumption": 0.054514052040000004, "client_name": "sta0"}
2026-04-24 19:49:44,499 - METRIC - INFO - {"loss": 0.5679975152015686, "accuracy": 0.8571428656578064, "energy_consumption": 0.4542784032303002, "selected": true, "host_energy_consumption": 0.15889079220000002, "client_name": "sta3"}
2026-04-24 19:49:48,708 - METRIC - INFO - {"loss": 2.1830947399139404, "accuracy": 0.5761821269989014, "energy_consumption": 0.0, "selected": false, "host_energy_consumption": 0.0054383333200000005, "client_name": "sta5"}
2026-04-24 19:49:54,458 - METRIC - INFO - {"loss": 2.1917545795440674, "accuracy": 0.5175131559371948, "energy_consumption": 0.12554083589122755, "selected": false, "host_energy_consumption": 0.03474081212, "client_name": "sta4"}
2026-04-24 19:49:58,752 - METRIC - INFO - {"loss": 0.6494497060775757, "accuracy": 0.8459383845329285, "energy_consumption": 0.3324752549774941, "selected": true, "host_energy_consumption": 0.11760891016000001, "client_name": "sta2"}
2026-04-24 19:49:59,684 - METRIC - INFO - mean_accuracy: 0.7175879975159963

2026-04-24 19:50:09,938 - METRIC - INFO - round: 3
2026-04-24 19:50:09,938 - METRIC - INFO - n_selected: 4
2026-04-24 19:50:09,938 - METRIC - INFO - {"selected_trainers": ["sta0", "sta1", "sta3", "sta4"]}
2026-04-24 19:50:17,534 - EXECUT - INFO - received weights from trainer sta0!
2026-04-24 19:50:26,664 - EXECUT - INFO - received weights from trainer sta1!
2026-04-24 19:50:34,551 - EXECUT - INFO - received weights from trainer sta3!
2026-04-24 19:50:42,771 - EXECUT - INFO - received weights from trainer sta4!
2026-04-24 19:50:43,194 - EXECUT - INFO - sent aggregated weights to trainers!
2026-04-24 19:50:57,748 - METRIC - INFO - {"loss": 0.5045921206474304, "accuracy": 0.8798133134841919, "energy_consumption": 0.20939075833390075, "selected": true, "host_energy_consumption": 0.09160496800000001, "client_name": "sta0"}
2026-04-24 19:50:58,345 - METRIC - INFO - {"loss": 0.48626020550727844, "accuracy": 0.8768961429595947, "energy_consumption": 0.3691461961453446, "selected": true, "host_energy_consumption": 0.10115548324000001, "client_name": "sta1"}
2026-04-24 19:51:01,873 - METRIC - INFO - {"loss": 0.5204891562461853, "accuracy": 0.8669467568397522, "energy_consumption": 0.5951372688968668, "selected": true, "host_energy_consumption": 0.20561198112, "client_name": "sta3"}
2026-04-24 19:51:04,158 - METRIC - INFO - {"loss": 0.47815749049186707, "accuracy": 0.87478107213974, "energy_consumption": 0.29013581649121645, "selected": true, "host_energy_consumption": 0.08243266808000001, "client_name": "sta4"}
2026-04-24 19:51:05,075 - METRIC - INFO - {"loss": 0.7233439683914185, "accuracy": 0.8563923239707947, "energy_consumption": 0.0, "selected": false, "host_energy_consumption": 0.0079745456, "client_name": "sta5"}
2026-04-24 19:51:15,855 - METRIC - INFO - {"loss": 0.7318616509437561, "accuracy": 0.846872091293335, "energy_consumption": 0.3725315861755887, "selected": false, "host_energy_consumption": 0.1213777922, "client_name": "sta2"}
2026-04-24 19:51:16,229 - METRIC - INFO - mean_accuracy: 0.8669502834479014

2026-04-24 19:51:27,103 - METRIC - INFO - round: 4
2026-04-24 19:51:27,104 - METRIC - INFO - n_selected: 4
2026-04-24 19:51:27,104 - METRIC - INFO - {"selected_trainers": ["sta0", "sta1", "sta2", "sta3"]}
2026-04-24 19:51:34,587 - EXECUT - INFO - received weights from trainer sta0!
2026-04-24 19:51:45,117 - EXECUT - INFO - received weights from trainer sta1!
2026-04-24 19:51:58,894 - EXECUT - INFO - received weights from trainer sta2!
2026-04-24 19:52:14,687 - EXECUT - INFO - received weights from trainer sta3!
2026-04-24 19:52:15,086 - EXECUT - INFO - sent aggregated weights to trainers!
2026-04-24 19:52:30,158 - METRIC - INFO - {"loss": 0.40042027831077576, "accuracy": 0.8926487565040588, "energy_consumption": 0.33580035295479527, "selected": true, "host_energy_consumption": 0.12781620348, "client_name": "sta0"}
2026-04-24 19:52:34,904 - METRIC - INFO - {"loss": 0.3902444839477539, "accuracy": 0.9025670886039734, "energy_consumption": 0.5617916879838991, "selected": true, "host_energy_consumption": 0.17192731864000002, "client_name": "sta1"}
2026-04-24 19:52:38,600 - METRIC - INFO - {"loss": 0.4837561547756195, "accuracy": 0.8782837390899658, "energy_consumption": 0.29013581649121645, "selected": false, "host_energy_consumption": 0.08558289908000001, "client_name": "sta4"}
2026-04-24 19:52:41,650 - METRIC - INFO - {"loss": 0.47454437613487244, "accuracy": 0.8686515092849731, "energy_consumption": 0.0, "selected": false, "host_energy_consumption": 0.01048619964, "client_name": "sta5"}
2026-04-24 19:52:46,836 - METRIC - INFO - {"loss": 0.36698275804519653, "accuracy": 0.8963585495948792, "energy_consumption": 0.8704324135309012, "selected": true, "host_energy_consumption": 0.31113033644000004, "client_name": "sta3"}
2026-04-24 19:52:52,097 - METRIC - INFO - {"loss": 0.33857858180999756, "accuracy": 0.9070961475372314, "energy_consumption": 0.707271096246487, "selected": true, "host_energy_consumption": 0.22937962012000002, "client_name": "sta2"}
2026-04-24 19:52:52,125 - METRIC - INFO - mean_accuracy: 0.8909342984358469

2026-04-24 19:53:02,323 - METRIC - INFO - round: 5
2026-04-24 19:53:02,323 - METRIC - INFO - n_selected: 4
2026-04-24 19:53:02,323 - METRIC - INFO - {"selected_trainers": ["sta0", "sta2", "sta3", "sta5"]}
2026-04-24 19:53:09,277 - EXECUT - INFO - received weights from trainer sta0!
2026-04-24 19:53:31,738 - EXECUT - INFO - received weights from trainer sta2!
2026-04-24 19:53:43,401 - EXECUT - INFO - received weights from trainer sta3!
2026-04-24 19:53:51,258 - EXECUT - INFO - received weights from trainer sta5!
2026-04-24 19:53:52,673 - EXECUT - INFO - sent aggregated weights to trainers!
2026-04-24 19:54:06,711 - METRIC - INFO - {"loss": 0.32224759459495544, "accuracy": 0.9136523008346558, "energy_consumption": 0.4227137967878838, "selected": true, "host_energy_consumption": 0.16360325268, "client_name": "sta0"}
2026-04-24 19:54:10,112 - METRIC - INFO - {"loss": 0.3711337447166443, "accuracy": 0.9066510796546936, "energy_consumption": 0.5617916879838991, "selected": false, "host_energy_consumption": 0.17570419832, "client_name": "sta1"}
2026-04-24 19:54:11,441 - METRIC - INFO - {"loss": 0.3451779782772064, "accuracy": 0.903677761554718, "energy_consumption": 0.3301904182468214, "selected": false, "host_energy_consumption": 0.08876618184, "client_name": "sta4"}
2026-04-24 19:54:12,882 - METRIC - INFO - {"loss": 0.33149805665016174, "accuracy": 0.9124343395233154, "energy_consumption": 0.08503872340645025, "selected": true, "host_energy_consumption": 0.041599974920000005, "client_name": "sta5"}
2026-04-24 19:54:13,747 - METRIC - INFO - {"loss": 0.2560438811779022, "accuracy": 0.9239028692245483, "energy_consumption": 1.2780442336896665, "selected": true, "host_energy_consumption": 0.4199500648, "client_name": "sta2"}
2026-04-24 19:54:18,312 - METRIC - INFO - {"loss": 0.32726240158081055, "accuracy": 0.9056956171989441, "energy_consumption": 1.1000526037178346, "selected": true, "host_energy_consumption": 0.39843588652, "client_name": "sta3"}
2026-04-24 19:54:18,701 - METRIC - INFO - mean_accuracy: 0.9110023279984792

2026-04-24 19:54:29,563 - METRIC - INFO - round: 6
2026-04-24 19:54:29,563 - METRIC - INFO - n_selected: 4
2026-04-24 19:54:29,563 - METRIC - INFO - {"selected_trainers": ["sta0", "sta1", "sta4", "sta5"]}
2026-04-24 19:54:35,262 - EXECUT - INFO - received weights from trainer sta0!
2026-04-24 19:54:45,641 - EXECUT - INFO - received weights from trainer sta1!
2026-04-24 19:54:58,130 - EXECUT - INFO - received weights from trainer sta4!
2026-04-24 19:55:06,348 - EXECUT - INFO - received weights from trainer sta5!
2026-04-24 19:55:07,813 - EXECUT - INFO - sent aggregated weights to trainers!
2026-04-24 19:55:22,326 - METRIC - INFO - {"loss": 0.26828381419181824, "accuracy": 0.9259043335914612, "energy_consumption": 0.8444033678216258, "selected": true, "host_energy_consumption": 0.26282863096000003, "client_name": "sta1"}
2026-04-24 19:55:23,881 - METRIC - INFO - {"loss": 0.27462905645370483, "accuracy": 0.9206534624099731, "energy_consumption": 0.5457488310583829, "selected": true, "host_energy_consumption": 0.19951866396, "client_name": "sta0"}
2026-04-24 19:55:26,533 - METRIC - INFO - {"loss": 0.28915396332740784, "accuracy": 0.916900098323822, "energy_consumption": 1.2780442336896665, "selected": false, "host_energy_consumption": 0.42398720532, "client_name": "sta2"}
2026-04-24 19:55:27,438 - METRIC - INFO - {"loss": 0.24410900473594666, "accuracy": 0.9255691766738892, "energy_consumption": 0.5385004053691784, "selected": true, "host_energy_consumption": 0.16894967768000002, "client_name": "sta4"}
2026-04-24 19:55:28,250 - METRIC - INFO - {"loss": 0.2760169208049774, "accuracy": 0.9299474358558655, "energy_consumption": 0.16514852300307759, "selected": true, "host_energy_consumption": 0.07783821248, "client_name": "sta5"}
2026-04-24 19:55:30,014 - METRIC - INFO - {"loss": 0.31388476490974426, "accuracy": 0.9070961475372314, "energy_consumption": 1.1000526037178346, "selected": false, "host_energy_consumption": 0.40210240056, "client_name": "sta3"}
2026-04-24 19:55:30,838 - METRIC - INFO - mean_accuracy: 0.9210117757320404

2026-04-24 19:55:41,690 - METRIC - INFO - round: 7
2026-04-24 19:55:41,690 - METRIC - INFO - n_selected: 4
2026-04-24 19:55:41,690 - METRIC - INFO - {"selected_trainers": ["sta0", "sta1", "sta3", "sta5"]}
2026-04-24 19:55:50,374 - EXECUT - INFO - received weights from trainer sta0!
2026-04-24 19:56:01,948 - EXECUT - INFO - received weights from trainer sta1!
2026-04-24 19:56:15,634 - EXECUT - INFO - received weights from trainer sta3!
2026-04-24 19:56:23,264 - EXECUT - INFO - received weights from trainer sta5!
2026-04-24 19:56:24,715 - EXECUT - INFO - sent aggregated weights to trainers!
2026-04-24 19:56:39,876 - METRIC - INFO - {"loss": 0.2446523904800415, "accuracy": 0.9317386150360107, "energy_consumption": 1.0869576498657527, "selected": true, "host_energy_consumption": 0.3484807606, "client_name": "sta1"}
2026-04-24 19:56:46,158 - METRIC - INFO - {"loss": 0.2532516419887543, "accuracy": 0.9288214445114136, "energy_consumption": 0.6716464741426604, "selected": true, "host_energy_consumption": 0.24340673952000003, "client_name": "sta0"}
2026-04-24 19:56:47,698 - METRIC - INFO - {"loss": 0.25143876671791077, "accuracy": 0.9334501028060913, "energy_consumption": 0.3305789355944775, "selected": true, "host_energy_consumption": 0.11978492148, "client_name": "sta5"}
2026-04-24 19:56:48,452 - METRIC - INFO - {"loss": 0.25175800919532776, "accuracy": 0.9211017489433289, "energy_consumption": 1.3772565934764422, "selected": true, "host_energy_consumption": 0.50805473404, "client_name": "sta3"}
2026-04-24 19:56:50,883 - METRIC - INFO - {"loss": 0.26263925433158875, "accuracy": 0.9248365759849548, "energy_consumption": 1.2780442336896665, "selected": false, "host_energy_consumption": 0.42958035484, "client_name": "sta2"}
2026-04-24 19:56:50,984 - METRIC - INFO - {"loss": 0.247765451669693, "accuracy": 0.9255691766738892, "energy_consumption": 0.5785710171842962, "selected": false, "host_energy_consumption": 0.17358367936000002, "client_name": "sta4"}
2026-04-24 19:56:51,742 - METRIC - INFO - mean_accuracy: 0.9275862773259481

2026-04-24 19:57:03,288 - METRIC - INFO - round: 8
2026-04-24 19:57:03,288 - METRIC - INFO - n_selected: 4
2026-04-24 19:57:03,288 - METRIC - INFO - {"selected_trainers": ["sta0", "sta2", "sta3", "sta5"]}
2026-04-24 19:57:11,062 - EXECUT - INFO - received weights from trainer sta0!
2026-04-24 19:57:28,844 - EXECUT - INFO - received weights from trainer sta2!
2026-04-24 19:57:37,390 - EXECUT - INFO - received weights from trainer sta3!
2026-04-24 19:57:43,119 - EXECUT - INFO - received weights from trainer sta5!
2026-04-24 19:57:44,529 - EXECUT - INFO - sent aggregated weights to trainers!
2026-04-24 19:58:00,249 - METRIC - INFO - {"loss": 0.23228026926517487, "accuracy": 0.9369894862174988, "energy_consumption": 0.8375892356609553, "selected": true, "host_energy_consumption": 0.28886972604, "client_name": "sta0"}
2026-04-24 19:58:00,813 - METRIC - INFO - {"loss": 0.2447669357061386, "accuracy": 0.9299883246421814, "energy_consumption": 1.0869576498657527, "selected": false, "host_energy_consumption": 0.35227054324, "client_name": "sta1"}
2026-04-24 19:58:02,728 - METRIC - INFO - {"loss": 0.24602524936199188, "accuracy": 0.9248365759849548, "energy_consumption": 1.5155935330143713, "selected": true, "host_energy_consumption": 0.55480335232, "client_name": "sta3"}
2026-04-24 19:58:03,854 - METRIC - INFO - {"loss": 0.2206922471523285, "accuracy": 0.9316987991333008, "energy_consumption": 0.5785710171842962, "selected": false, "host_energy_consumption": 0.17667595904, "client_name": "sta4"}
2026-04-24 19:58:05,494 - METRIC - INFO - {"loss": 0.2035297155380249, "accuracy": 0.9393090605735779, "energy_consumption": 1.6490352426693387, "selected": true, "host_energy_consumption": 0.55614115872, "client_name": "sta2"}
2026-04-24 19:58:13,573 - METRIC - INFO - {"loss": 0.23571042716503143, "accuracy": 0.9422066807746887, "energy_consumption": 0.41610034353836767, "selected": true, "host_energy_consumption": 0.12886985888, "client_name": "sta5"}
2026-04-24 19:58:14,561 - METRIC - INFO - mean_accuracy: 0.9341714878877004

2026-04-24 19:58:25,476 - METRIC - INFO - round: 9
2026-04-24 19:58:25,476 - METRIC - INFO - n_selected: 4
2026-04-24 19:58:25,476 - METRIC - INFO - {"selected_trainers": ["sta1", "sta2", "sta3", "sta5"]}
2026-04-24 19:58:36,968 - EXECUT - INFO - received weights from trainer sta1!
2026-04-24 19:58:47,105 - EXECUT - INFO - received weights from trainer sta2!
2026-04-24 19:58:55,008 - EXECUT - INFO - received weights from trainer sta3!
2026-04-24 19:59:01,175 - EXECUT - INFO - received weights from trainer sta5!
2026-04-24 19:59:02,580 - EXECUT - INFO - sent aggregated weights to trainers!
2026-04-24 19:59:15,523 - METRIC - INFO - {"loss": 0.20575162768363953, "accuracy": 0.9410735368728638, "energy_consumption": 1.3657223470221784, "selected": true, "host_energy_consumption": 0.4396352758, "client_name": "sta1"}
2026-04-24 19:59:18,288 - METRIC - INFO - {"loss": 0.22258582711219788, "accuracy": 0.9311552047729492, "energy_consumption": 0.8375892356609553, "selected": false, "host_energy_consumption": 0.29158541468000004, "client_name": "sta0"}
2026-04-24 19:59:26,707 - METRIC - INFO - {"loss": 0.22479572892189026, "accuracy": 0.9313725233078003, "energy_consumption": 1.6919377800001136, "selected": true, "host_energy_consumption": 0.60073003648, "client_name": "sta3"}
2026-04-24 19:59:28,586 - METRIC - INFO - {"loss": 0.21360589563846588, "accuracy": 0.9509631991386414, "energy_consumption": 0.5415517713857803, "selected": true, "host_energy_consumption": 0.15526488376, "client_name": "sta5"}
2026-04-24 19:59:29,023 - METRIC - INFO - {"loss": 0.19986294209957123, "accuracy": 0.9411764740943909, "energy_consumption": 1.8429542209294285, "selected": true, "host_energy_consumption": 0.6236964714400001, "client_name": "sta2"}
2026-04-24 19:59:29,588 - METRIC - INFO - {"loss": 0.20105533301830292, "accuracy": 0.9360770583152771, "energy_consumption": 0.5785710171842962, "selected": false, "host_energy_consumption": 0.1795875998, "client_name": "sta4"}
2026-04-24 19:59:29,607 - METRIC - INFO - mean_accuracy: 0.9386363327503204

2026-04-24 19:59:40,508 - METRIC - INFO - round: 10
2026-04-24 19:59:40,509 - METRIC - INFO - n_selected: 4
2026-04-24 19:59:40,509 - METRIC - INFO - {"selected_trainers": ["sta0", "sta2", "sta3", "sta5"]}
2026-04-24 19:59:51,779 - EXECUT - INFO - received weights from trainer sta0!
2026-04-24 20:00:18,037 - EXECUT - INFO - received weights from trainer sta2!
2026-04-24 20:00:32,349 - EXECUT - INFO - received weights from trainer sta3!
2026-04-24 20:00:40,496 - EXECUT - INFO - received weights from trainer sta5!
2026-04-24 20:00:41,908 - EXECUT - INFO - sent aggregated weights to trainers!
2026-04-24 20:00:57,907 - METRIC - INFO - {"loss": 0.20714721083641052, "accuracy": 0.9439906477928162, "energy_consumption": 0.9176638248894113, "selected": true, "host_energy_consumption": 0.31887362136, "client_name": "sta0"}
2026-04-24 20:01:02,426 - METRIC - INFO - {"loss": 0.20832443237304688, "accuracy": 0.9416569471359253, "energy_consumption": 1.3657223470221784, "selected": false, "host_energy_consumption": 0.44309297004000003, "client_name": "sta1"}
2026-04-24 20:01:12,828 - METRIC - INFO - {"loss": 0.19751223921775818, "accuracy": 0.9509631991386414, "energy_consumption": 0.666970180869793, "selected": true, "host_energy_consumption": 0.19064034248, "client_name": "sta5"}
2026-04-24 20:01:13,350 - METRIC - INFO - {"loss": 0.18541103601455688, "accuracy": 0.9439579844474792, "energy_consumption": 0.5785710171842962, "selected": false, "host_energy_consumption": 0.18256332696000002, "client_name": "sta4"}
2026-04-24 20:01:15,576 - METRIC - INFO - {"loss": 0.1992173045873642, "accuracy": 0.9379084706306458, "energy_consumption": 2.0071450587960484, "selected": true, "host_energy_consumption": 0.70525815752, "client_name": "sta3"}
2026-04-24 20:01:17,515 - METRIC - INFO - {"loss": 0.17001000046730042, "accuracy": 0.9495798349380493, "energy_consumption": 2.316388315430004, "selected": true, "host_energy_consumption": 0.7884451853600001, "client_name": "sta2"}
2026-04-24 20:01:17,945 - METRIC - INFO - mean_accuracy: 0.9446761806805929

2026-04-24 20:01:28,808 - METRIC - INFO - round: 11
2026-04-24 20:01:28,808 - METRIC - INFO - n_selected: 5
2026-04-24 20:01:28,808 - METRIC - INFO - {"selected_trainers": ["sta0", "sta2", "sta3", "sta4", "sta5"]}
2026-04-24 20:01:36,781 - EXECUT - INFO - received weights from trainer sta0!
2026-04-24 20:01:52,144 - EXECUT - INFO - received weights from trainer sta2!
2026-04-24 20:02:05,728 - EXECUT - INFO - received weights from trainer sta3!
2026-04-24 20:02:18,741 - EXECUT - INFO - received weights from trainer sta4!
2026-04-24 20:02:25,845 - EXECUT - INFO - received weights from trainer sta5!
2026-04-24 20:02:27,256 - EXECUT - INFO - sent aggregated weights to trainers!
2026-04-24 20:02:46,058 - METRIC - INFO - {"loss": 0.18726497888565063, "accuracy": 0.9463244080543518, "energy_consumption": 1.0435488929557393, "selected": true, "host_energy_consumption": 0.37724195376, "client_name": "sta0"}
2026-04-24 20:02:48,984 - METRIC - INFO - {"loss": 0.18553601205348969, "accuracy": 0.9463244080543518, "energy_consumption": 1.3657223470221784, "selected": false, "host_energy_consumption": 0.44675122968000003, "client_name": "sta1"}
2026-04-24 20:02:51,663 - METRIC - INFO - {"loss": 0.17593424022197723, "accuracy": 0.9544658660888672, "energy_consumption": 0.7470984416291664, "selected": true, "host_energy_consumption": 0.22100370516, "client_name": "sta5"}
2026-04-24 20:02:56,223 - METRIC - INFO - {"loss": 0.16432200372219086, "accuracy": 0.9509803652763367, "energy_consumption": 2.6473245287276193, "selected": true, "host_energy_consumption": 0.89413980516, "client_name": "sta2"}
2026-04-24 20:02:56,772 - METRIC - INFO - {"loss": 0.1544366478919983, "accuracy": 0.957092821598053, "energy_consumption": 0.784269566812726, "selected": true, "host_energy_consumption": 0.25219916904, "client_name": "sta4"}
2026-04-24 20:02:57,854 - METRIC - INFO - {"loss": 0.1787351667881012, "accuracy": 0.9458450078964233, "energy_consumption": 2.3278869223346064, "selected": true, "host_energy_consumption": 0.81106536476, "client_name": "sta3"}
2026-04-24 20:02:58,289 - METRIC - INFO - mean_accuracy: 0.9501721461613973

2026-04-24 20:03:09,139 - METRIC - INFO - round: 12
2026-04-24 20:03:09,139 - METRIC - INFO - n_selected: 4
2026-04-24 20:03:09,139 - METRIC - INFO - {"selected_trainers": ["sta0", "sta3", "sta4", "sta5"]}
2026-04-24 20:03:16,468 - EXECUT - INFO - received weights from trainer sta0!
2026-04-24 20:03:26,073 - EXECUT - INFO - received weights from trainer sta3!
2026-04-24 20:03:38,274 - EXECUT - INFO - received weights from trainer sta4!
2026-04-24 20:03:47,535 - EXECUT - INFO - received weights from trainer sta5!
2026-04-24 20:03:48,951 - EXECUT - INFO - sent aggregated weights to trainers!
2026-04-24 20:04:03,564 - METRIC - INFO - {"loss": 0.17522582411766052, "accuracy": 0.9509918093681335, "energy_consumption": 1.2081259878141053, "selected": true, "host_energy_consumption": 0.42754061896, "client_name": "sta0"}
2026-04-24 20:04:05,481 - METRIC - INFO - {"loss": 0.17016851902008057, "accuracy": 0.950408399105072, "energy_consumption": 1.4057773859070903, "selected": false, "host_energy_consumption": 0.4505395426, "client_name": "sta1"}
2026-04-24 20:04:11,236 - METRIC - INFO - {"loss": 0.17107616364955902, "accuracy": 0.9491129517555237, "energy_consumption": 2.507191002049929, "selected": true, "host_energy_consumption": 0.87631861324, "client_name": "sta3"}
2026-04-24 20:04:11,773 - METRIC - INFO - {"loss": 0.14108127355575562, "accuracy": 0.960595428943634, "energy_consumption": 0.9899588206877727, "selected": true, "host_energy_consumption": 0.33077205364, "client_name": "sta4"}
2026-04-24 20:04:14,917 - METRIC - INFO - {"loss": 0.16571177542209625, "accuracy": 0.9495798349380493, "energy_consumption": 2.6873303818230703, "selected": false, "host_energy_consumption": 0.89794312328, "client_name": "sta2"}
2026-04-24 20:04:16,512 - METRIC - INFO - {"loss": 0.16139434278011322, "accuracy": 0.9562171697616577, "energy_consumption": 0.8272163050693102, "selected": true, "host_energy_consumption": 0.2562985166, "client_name": "sta5"}
2026-04-24 20:04:16,980 - METRIC - INFO - mean_accuracy: 0.9528175989786783

2026-04-24 20:04:27,789 - METRIC - INFO - round: 13
2026-04-24 20:04:27,789 - METRIC - INFO - n_selected: 4
2026-04-24 20:04:27,789 - METRIC - INFO - {"selected_trainers": ["sta0", "sta2", "sta3", "sta4"]}
2026-04-24 20:04:36,101 - EXECUT - INFO - received weights from trainer sta0!
2026-04-24 20:04:40,904 - EXECUT - INFO - received weights from trainer sta2!
2026-04-24 20:04:56,263 - EXECUT - INFO - received weights from trainer sta3!
2026-04-24 20:05:09,162 - EXECUT - INFO - received weights from trainer sta4!
2026-04-24 20:05:09,572 - EXECUT - INFO - sent aggregated weights to trainers!
2026-04-24 20:05:23,242 - METRIC - INFO - {"loss": 0.16249795258045197, "accuracy": 0.9533255696296692, "energy_consumption": 1.4057773859070903, "selected": false, "host_energy_consumption": 0.45426643472, "client_name": "sta1"}
2026-04-24 20:05:24,812 - METRIC - INFO - {"loss": 0.16691944003105164, "accuracy": 0.9556592702865601, "energy_consumption": 1.3340407838523325, "selected": true, "host_energy_consumption": 0.47202750448, "client_name": "sta0"}
2026-04-24 20:05:37,071 - METRIC - INFO - {"loss": 0.15617088973522186, "accuracy": 0.9562171697616577, "energy_consumption": 0.8672712374536253, "selected": false, "host_energy_consumption": 0.25912598964, "client_name": "sta5"}
2026-04-24 20:05:37,168 - METRIC - INFO - {"loss": 0.13699248433113098, "accuracy": 0.9623467326164246, "energy_consumption": 1.1600948348798152, "selected": true, "host_energy_consumption": 0.38815165536, "client_name": "sta4"}
2026-04-24 20:05:37,869 - METRIC - INFO - {"loss": 0.1537943333387375, "accuracy": 0.9528477787971497, "energy_consumption": 2.8178013241575854, "selected": true, "host_energy_consumption": 0.9255787483600001, "client_name": "sta2"}
2026-04-24 20:05:37,900 - METRIC - INFO - {"loss": 0.15541911125183105, "accuracy": 0.9523809552192688, "energy_consumption": 2.8279575021961456, "selected": true, "host_energy_consumption": 0.98165918368, "client_name": "sta3"}
2026-04-24 20:05:38,603 - METRIC - INFO - mean_accuracy: 0.955462912718455

2026-04-24 20:05:49,489 - METRIC - INFO - round: 14
2026-04-24 20:05:49,489 - METRIC - INFO - n_selected: 4
2026-04-24 20:05:49,489 - METRIC - INFO - {"selected_trainers": ["sta0", "sta2", "sta4", "sta5"]}
2026-04-24 20:06:00,466 - EXECUT - INFO - received weights from trainer sta0!
2026-04-24 20:06:13,192 - EXECUT - INFO - received weights from trainer sta2!
2026-04-24 20:06:25,069 - EXECUT - INFO - received weights from trainer sta4!
2026-04-24 20:06:33,605 - EXECUT - INFO - received weights from trainer sta5!
2026-04-24 20:06:35,017 - EXECUT - INFO - sent aggregated weights to trainers!
2026-04-24 20:06:50,236 - METRIC - INFO - {"loss": 0.1595645695924759, "accuracy": 0.9568261504173279, "energy_consumption": 1.4599268628795292, "selected": true, "host_energy_consumption": 0.5384139947200001, "client_name": "sta0"}
2026-04-24 20:06:51,085 - METRIC - INFO - {"loss": 0.1544698178768158, "accuracy": 0.9556592702865601, "energy_consumption": 1.4057773859070903, "selected": false, "host_energy_consumption": 0.458094567, "client_name": "sta1"}
2026-04-24 20:06:57,348 - METRIC - INFO - {"loss": 0.1598646491765976, "accuracy": 0.9495798349380493, "energy_consumption": 2.8680118369054846, "selected": false, "host_energy_consumption": 0.98570064796, "client_name": "sta3"}
2026-04-24 20:07:01,410 - METRIC - INFO - {"loss": 0.1403639167547226, "accuracy": 0.9551820755004883, "energy_consumption": 3.099802145197682, "selected": true, "host_energy_consumption": 1.03093481848, "client_name": "sta2"}
2026-04-24 20:07:01,837 - METRIC - INFO - {"loss": 0.13034939765930176, "accuracy": 0.9640980958938599, "energy_consumption": 1.2882077634483562, "selected": true, "host_energy_consumption": 0.4454671704, "client_name": "sta4"}
2026-04-24 20:07:02,546 - METRIC - INFO - {"loss": 0.14599648118019104, "accuracy": 0.9632224440574646, "energy_consumption": 0.9473809925425449, "selected": true, "host_energy_consumption": 0.28923809796, "client_name": "sta5"}
2026-04-24 20:07:03,046 - METRIC - INFO - mean_accuracy: 0.957427978515625

2026-04-24 20:07:13,888 - METRIC - INFO - round: 15
2026-04-24 20:07:13,888 - METRIC - INFO - n_selected: 4
2026-04-24 20:07:13,889 - METRIC - INFO - {"selected_trainers": ["sta0", "sta1", "sta2", "sta4"]}
2026-04-24 20:07:17,395 - EXECUT - INFO - received weights from trainer sta0!
2026-04-24 20:07:21,794 - EXECUT - INFO - received weights from trainer sta1!
2026-04-24 20:07:27,128 - EXECUT - INFO - received weights from trainer sta2!
2026-04-24 20:07:41,664 - EXECUT - INFO - received weights from trainer sta4!
2026-04-24 20:07:42,072 - EXECUT - INFO - sent aggregated weights to trainers!
2026-04-24 20:07:55,922 - METRIC - INFO - {"loss": 0.14420436322689056, "accuracy": 0.9568261504173279, "energy_consumption": 1.4887558441870863, "selected": true, "host_energy_consumption": 0.479930717, "client_name": "sta1"}
2026-04-24 20:07:56,260 - METRIC - INFO - {"loss": 0.1506059765815735, "accuracy": 0.9591598510742188, "energy_consumption": 1.499988312464405, "selected": true, "host_energy_consumption": 0.55066611684, "client_name": "sta0"}
2026-04-24 20:08:00,419 - METRIC - INFO - {"loss": 0.14943593740463257, "accuracy": 0.9533146619796753, "energy_consumption": 2.8680118369054846, "selected": false, "host_energy_consumption": 0.98957823804, "client_name": "sta3"}
2026-04-24 20:08:02,008 - METRIC - INFO - {"loss": 0.12109585851430893, "accuracy": 0.9658493995666504, "energy_consumption": 1.4563755624083197, "selected": true, "host_energy_consumption": 0.52366218268, "client_name": "sta4"}
2026-04-24 20:08:05,140 - METRIC - INFO - {"loss": 0.1357928067445755, "accuracy": 0.9649737477302551, "energy_consumption": 0.9473809925425449, "selected": false, "host_energy_consumption": 0.29165955196000004, "client_name": "sta5"}
2026-04-24 20:08:08,056 - METRIC - INFO - {"loss": 0.1397271305322647, "accuracy": 0.9551820755004883, "energy_consumption": 3.148406964378733, "selected": true, "host_energy_consumption": 1.05650905472, "client_name": "sta2"}
2026-04-24 20:08:08,100 - METRIC - INFO - mean_accuracy: 0.9592176477114359

2026-04-24 20:08:18,989 - METRIC - INFO - round: 16
2026-04-24 20:08:18,990 - METRIC - INFO - n_selected: 4
2026-04-24 20:08:18,990 - METRIC - INFO - {"selected_trainers": ["sta0", "sta2", "sta3", "sta5"]}
2026-04-24 20:08:23,103 - EXECUT - INFO - received weights from trainer sta0!
2026-04-24 20:08:37,424 - EXECUT - INFO - received weights from trainer sta2!
2026-04-24 20:08:43,441 - EXECUT - INFO - received weights from trainer sta3!
2026-04-24 20:08:52,823 - EXECUT - INFO - received weights from trainer sta5!
2026-04-24 20:08:54,221 - EXECUT - INFO - sent aggregated weights to trainers!
2026-04-24 20:09:10,227 - METRIC - INFO - {"loss": 0.14088712632656097, "accuracy": 0.9568261504173279, "energy_consumption": 1.4887558441870863, "selected": false, "host_energy_consumption": 0.48351612288, "client_name": "sta1"}
2026-04-24 20:09:13,015 - METRIC - INFO - {"loss": 0.1488262414932251, "accuracy": 0.9603267312049866, "energy_consumption": 1.499988312464405, "selected": true, "host_energy_consumption": 0.5624387846000001, "client_name": "sta0"}
2026-04-24 20:09:14,705 - METRIC - INFO - {"loss": 0.13154973089694977, "accuracy": 0.9598506093025208, "energy_consumption": 3.479330642397425, "selected": true, "host_energy_consumption": 1.16420333456, "client_name": "sta2"}
2026-04-24 20:09:16,372 - METRIC - INFO - {"loss": 0.1322118192911148, "accuracy": 0.9649737477302551, "energy_consumption": 1.0729540472479364, "selected": true, "host_energy_consumption": 0.3437456736, "client_name": "sta5"}
2026-04-24 20:09:19,912 - METRIC - INFO - {"loss": 0.1233823299407959, "accuracy": 0.9649737477302551, "energy_consumption": 1.4563755624083197, "selected": false, "host_energy_consumption": 0.5267607002, "client_name": "sta4"}
2026-04-24 20:09:20,310 - METRIC - INFO - {"loss": 0.14546817541122437, "accuracy": 0.9589169025421143, "energy_consumption": 2.9560667795428053, "selected": true, "host_energy_consumption": 1.01549534688, "client_name": "sta3"}
2026-04-24 20:09:21,250 - METRIC - INFO - mean_accuracy: 0.9609779814879099

2026-04-24 20:09:32,095 - METRIC - INFO - round: 17
2026-04-24 20:09:32,095 - METRIC - INFO - n_selected: 4
2026-04-24 20:09:32,095 - METRIC - INFO - {"selected_trainers": ["sta1", "sta2", "sta3", "sta4"]}
2026-04-24 20:09:39,381 - EXECUT - INFO - received weights from trainer sta1!
2026-04-24 20:09:56,459 - EXECUT - INFO - received weights from trainer sta2!
2026-04-24 20:10:17,669 - EXECUT - INFO - received weights from trainer sta3!
2026-04-24 20:10:30,897 - EXECUT - INFO - received weights from trainer sta4!
2026-04-24 20:10:31,310 - EXECUT - INFO - sent aggregated weights to trainers!
2026-04-24 20:10:48,961 - METRIC - INFO - {"loss": 0.13353334367275238, "accuracy": 0.9579929709434509, "energy_consumption": 1.6188001753419141, "selected": true, "host_energy_consumption": 0.52131486456, "client_name": "sta1"}
2026-04-24 20:10:49,917 - METRIC - INFO - {"loss": 0.14189282059669495, "accuracy": 0.9603267312049866, "energy_consumption": 1.5400454161891963, "selected": false, "host_energy_consumption": 0.56550377184, "client_name": "sta0"}
2026-04-24 20:10:51,673 - METRIC - INFO - {"loss": 0.12499398738145828, "accuracy": 0.9612511396408081, "energy_consumption": 3.817139723728328, "selected": true, "host_energy_consumption": 1.29250372636, "client_name": "sta2"}
2026-04-24 20:10:55,014 - METRIC - INFO - {"loss": 0.12912370264530182, "accuracy": 0.9649859666824341, "energy_consumption": 3.4076874381848903, "selected": true, "host_energy_consumption": 1.160898578, "client_name": "sta3"}
2026-04-24 20:10:57,384 - METRIC - INFO - {"loss": 0.12648306787014008, "accuracy": 0.9684763550758362, "energy_consumption": 1.0729540472479364, "selected": false, "host_energy_consumption": 0.34613660508, "client_name": "sta5"}
2026-04-24 20:10:58,205 - METRIC - INFO - {"loss": 0.1168648973107338, "accuracy": 0.9649737477302551, "energy_consumption": 1.6219976124872784, "selected": true, "host_energy_consumption": 0.5940344928, "client_name": "sta4"}
2026-04-24 20:10:58,337 - METRIC - INFO - mean_accuracy: 0.9630011518796285

2026-04-24 20:11:09,175 - METRIC - INFO - round: 18
2026-04-24 20:11:09,175 - METRIC - INFO - n_selected: 4
2026-04-24 20:11:09,175 - METRIC - INFO - {"selected_trainers": ["sta1", "sta2", "sta3", "sta4"]}
2026-04-24 20:11:16,378 - EXECUT - INFO - received weights from trainer sta1!
2026-04-24 20:11:22,391 - EXECUT - INFO - received weights from trainer sta2!
2026-04-24 20:11:28,239 - EXECUT - INFO - received weights from trainer sta3!
2026-04-24 20:11:42,952 - EXECUT - INFO - received weights from trainer sta4!
2026-04-24 20:11:43,414 - EXECUT - INFO - sent aggregated weights to trainers!
2026-04-24 20:11:58,147 - METRIC - INFO - {"loss": 0.1327606737613678, "accuracy": 0.9649941921234131, "energy_consumption": 1.5801001196767095, "selected": false, "host_energy_consumption": 0.5687040422, "client_name": "sta0"}
2026-04-24 20:12:00,346 - METRIC - INFO - {"loss": 0.12660235166549683, "accuracy": 0.9609101414680481, "energy_consumption": 1.7087752108382301, "selected": true, "host_energy_consumption": 0.55865115572, "client_name": "sta1"}
2026-04-24 20:12:03,969 - METRIC - INFO - {"loss": 0.11703328043222427, "accuracy": 0.9702276587486267, "energy_consumption": 1.0729540472479364, "selected": false, "host_energy_consumption": 0.34852979224, "client_name": "sta5"}
2026-04-24 20:12:05,372 - METRIC - INFO - {"loss": 0.12638749182224274, "accuracy": 0.9621848464012146, "energy_consumption": 3.9150511215297605, "selected": true, "host_energy_consumption": 1.31879223084, "client_name": "sta2"}
2026-04-24 20:12:09,297 - METRIC - INFO - {"loss": 0.10876527428627014, "accuracy": 0.9658493995666504, "energy_consumption": 1.8271784007332184, "selected": true, "host_energy_consumption": 0.6724747948800001, "client_name": "sta4"}
2026-04-24 20:12:09,894 - METRIC - INFO - {"loss": 0.13033516705036163, "accuracy": 0.9617180228233337, "energy_consumption": 3.501158673606067, "selected": true, "host_energy_consumption": 1.18654568508, "client_name": "sta3"}
2026-04-24 20:12:10,442 - METRIC - INFO - mean_accuracy: 0.9643140435218811

2026-04-24 20:12:21,285 - METRIC - INFO - round: 19
2026-04-24 20:12:21,286 - METRIC - INFO - n_selected: 4
2026-04-24 20:12:21,286 - METRIC - INFO - {"selected_trainers": ["sta0", "sta1", "sta3", "sta5"]}
2026-04-24 20:12:26,551 - EXECUT - INFO - received weights from trainer sta0!
2026-04-24 20:12:32,230 - EXECUT - INFO - received weights from trainer sta1!
2026-04-24 20:12:49,863 - EXECUT - INFO - received weights from trainer sta3!
2026-04-24 20:12:54,940 - EXECUT - INFO - received weights from trainer sta5!
2026-04-24 20:12:56,394 - EXECUT - INFO - sent aggregated weights to trainers!
2026-04-24 20:13:13,511 - METRIC - INFO - {"loss": 0.12290425598621368, "accuracy": 0.9603267312049866, "energy_consumption": 1.7512205856247545, "selected": true, "host_energy_consumption": 0.58029284124, "client_name": "sta1"}
2026-04-24 20:13:13,899 - METRIC - INFO - {"loss": 0.13155224919319153, "accuracy": 0.967327892780304, "energy_consumption": 1.659876615330875, "selected": true, "host_energy_consumption": 0.58369019044, "client_name": "sta0"}
2026-04-24 20:13:19,713 - METRIC - INFO - {"loss": 0.12390602380037308, "accuracy": 0.9607843160629272, "energy_consumption": 3.9150511215297605, "selected": false, "host_energy_consumption": 1.32276860016, "client_name": "sta2"}
2026-04-24 20:13:21,853 - METRIC - INFO - {"loss": 0.11512597650289536, "accuracy": 0.9702276587486267, "energy_consumption": 1.0729540472479364, "selected": true, "host_energy_consumption": 0.35773319624, "client_name": "sta5"}
2026-04-24 20:13:23,577 - METRIC - INFO - {"loss": 0.11892164498567581, "accuracy": 0.9663865566253662, "energy_consumption": 3.953991688918027, "selected": true, "host_energy_consumption": 1.33114813944, "client_name": "sta3"}
2026-04-24 20:13:24,440 - METRIC - INFO - {"loss": 0.10856041312217712, "accuracy": 0.9676007032394409, "energy_consumption": 1.8271784007332184, "selected": false, "host_energy_consumption": 0.67524877672, "client_name": "sta4"}
2026-04-24 20:13:25,424 - METRIC - INFO - mean_accuracy: 0.9654423097769419

2026-04-24 20:13:36,295 - METRIC - INFO - round: 20
2026-04-24 20:13:36,296 - METRIC - INFO - n_selected: 4
2026-04-24 20:13:36,296 - METRIC - INFO - {"selected_trainers": ["sta0", "sta1", "sta3", "sta4"]}
2026-04-24 20:13:45,129 - EXECUT - INFO - received weights from trainer sta0!
2026-04-24 20:13:59,427 - EXECUT - INFO - received weights from trainer sta1!
2026-04-24 20:14:15,241 - EXECUT - INFO - received weights from trainer sta3!
2026-04-24 20:14:27,417 - EXECUT - INFO - received weights from trainer sta4!
2026-04-24 20:14:27,829 - EXECUT - INFO - sent aggregated weights to trainers!
2026-04-24 20:14:41,581 - METRIC - INFO - {"loss": 0.11401645839214325, "accuracy": 0.9614936113357544, "energy_consumption": 1.9923792759314662, "selected": true, "host_energy_consumption": 0.68197839892, "client_name": "sta1"}
2026-04-24 20:14:42,608 - METRIC - INFO - {"loss": 0.1287735104560852, "accuracy": 0.9661610126495361, "energy_consumption": 1.8286764174303747, "selected": true, "host_energy_consumption": 0.64216717908, "client_name": "sta0"}
2026-04-24 20:14:44,913 - METRIC - INFO - {"loss": 0.1036028042435646, "accuracy": 0.9667250514030457, "energy_consumption": 1.992800700373267, "selected": true, "host_energy_consumption": 0.74284913864, "client_name": "sta4"}
2026-04-24 20:14:46,933 - METRIC - INFO - {"loss": 0.11944326758384705, "accuracy": 0.9612511396408081, "energy_consumption": 3.9150511215297605, "selected": false, "host_energy_consumption": 1.3271750685200001, "client_name": "sta2"}
2026-04-24 20:14:47,116 - METRIC - INFO - {"loss": 0.11166370660066605, "accuracy": 0.9702276587486267, "energy_consumption": 1.0729540472479364, "selected": false, "host_energy_consumption": 0.36115915444, "client_name": "sta5"}
2026-04-24 20:14:47,379 - METRIC - INFO - {"loss": 0.11686516553163528, "accuracy": 0.9659196734428406, "energy_consumption": 4.316714427284776, "selected": true, "host_energy_consumption": 1.4557624662000002, "client_name": "sta3"}
2026-04-24 20:14:47,850 - METRIC - INFO - mean_accuracy: 0.9652963578701019

2026-04-24 20:14:58,708 - METRIC - INFO - round: 21
2026-04-24 20:14:58,708 - METRIC - INFO - n_selected: 4
2026-04-24 20:14:58,708 - METRIC - INFO - {"selected_trainers": ["sta0", "sta2", "sta4", "sta5"]}
2026-04-24 20:15:06,863 - EXECUT - INFO - received weights from trainer sta0!
2026-04-24 20:15:13,016 - EXECUT - INFO - received weights from trainer sta2!
2026-04-24 20:15:26,780 - EXECUT - INFO - received weights from trainer sta4!
2026-04-24 20:15:38,638 - EXECUT - INFO - received weights from trainer sta5!
2026-04-24 20:15:40,048 - EXECUT - INFO - sent aggregated weights to trainers!
2026-04-24 20:15:59,503 - METRIC - INFO - {"loss": 0.11351704597473145, "accuracy": 0.9620770215988159, "energy_consumption": 1.9923792759314662, "selected": false, "host_energy_consumption": 0.6856589266800001, "client_name": "sta1"}
2026-04-24 20:16:00,072 - METRIC - INFO - {"loss": 0.12574706971645355, "accuracy": 0.9661610126495361, "energy_consumption": 1.994614588296182, "selected": true, "host_energy_consumption": 0.6929627642, "client_name": "sta0"}
2026-04-24 20:16:03,597 - METRIC - INFO - {"loss": 0.09800024330615997, "accuracy": 0.9702276587486267, "energy_consumption": 2.240968964147961, "selected": true, "host_energy_consumption": 0.82184889248, "client_name": "sta4"}
2026-04-24 20:16:06,465 - METRIC - INFO - {"loss": 0.11686346679925919, "accuracy": 0.9645191431045532, "energy_consumption": 4.316714427284776, "selected": false, "host_energy_consumption": 1.4600161856, "client_name": "sta3"}
2026-04-24 20:16:06,548 - METRIC - INFO - {"loss": 0.1061575785279274, "accuracy": 0.9719789624214172, "energy_consumption": 1.233183986536229, "selected": true, "host_energy_consumption": 0.41865751284, "client_name": "sta5"}
2026-04-24 20:16:06,940 - METRIC - INFO - {"loss": 0.11291401833295822, "accuracy": 0.9621848464012146, "energy_consumption": 4.0059820078090205, "selected": true, "host_energy_consumption": 1.35360461516, "client_name": "sta2"}
2026-04-24 20:16:07,077 - METRIC - INFO - mean_accuracy: 0.966191440820694

2026-04-24 20:16:17,987 - METRIC - INFO - round: 22
2026-04-24 20:16:17,988 - METRIC - INFO - n_selected: 5
2026-04-24 20:16:17,988 - METRIC - INFO - {"selected_trainers": ["sta0", "sta1", "sta3", "sta4", "sta5"]}
2026-04-24 20:16:26,305 - EXECUT - INFO - received weights from trainer sta0!
2026-04-24 20:16:42,265 - EXECUT - INFO - received weights from trainer sta1!
2026-04-24 20:16:54,238 - EXECUT - INFO - received weights from trainer sta3!
2026-04-24 20:16:59,742 - EXECUT - INFO - received weights from trainer sta4!
2026-04-24 20:17:04,934 - EXECUT - INFO - received weights from trainer sta5!
2026-04-24 20:17:06,337 - EXECUT - INFO - sent aggregated weights to trainers!
2026-04-24 20:17:24,186 - METRIC - INFO - {"loss": 0.10578353703022003, "accuracy": 0.9649941921234131, "energy_consumption": 2.334754667212405, "selected": true, "host_energy_consumption": 0.80314544016, "client_name": "sta1"}
2026-04-24 20:17:27,990 - METRIC - INFO - {"loss": 0.12247958779335022, "accuracy": 0.9661610126495361, "energy_consumption": 2.1634260927445883, "selected": true, "host_energy_consumption": 0.7512218753200001, "client_name": "sta0"}
2026-04-24 20:17:29,336 - METRIC - INFO - {"loss": 0.11178450286388397, "accuracy": 0.9640522599220276, "energy_consumption": 4.0059820078090205, "selected": false, "host_energy_consumption": 1.35748699044, "client_name": "sta2"}
2026-04-24 20:17:32,120 - METRIC - INFO - {"loss": 0.11243824660778046, "accuracy": 0.9673202633857727, "energy_consumption": 4.588531532729643, "selected": true, "host_energy_consumption": 1.54451034416, "client_name": "sta3"}
2026-04-24 20:17:33,129 - METRIC - INFO - {"loss": 0.10432155430316925, "accuracy": 0.9702276587486267, "energy_consumption": 1.233183986536229, "selected": true, "host_energy_consumption": 0.42775024348, "client_name": "sta5"}
2026-04-24 20:17:33,272 - METRIC - INFO - {"loss": 0.0982220321893692, "accuracy": 0.9684763550758362, "energy_consumption": 2.2864278972400607, "selected": true, "host_energy_consumption": 0.83726517392, "client_name": "sta4"}
2026-04-24 20:17:33,366 - METRIC - INFO - mean_accuracy: 0.966871956984202

2026-04-24 20:17:44,232 - METRIC - INFO - round: 23
2026-04-24 20:17:44,232 - METRIC - INFO - n_selected: 4
2026-04-24 20:17:44,232 - METRIC - INFO - {"selected_trainers": ["sta1", "sta2", "sta3", "sta4"]}
2026-04-24 20:18:00,043 - EXECUT - INFO - received weights from trainer sta1!
2026-04-24 20:18:06,315 - EXECUT - INFO - received weights from trainer sta2!
2026-04-24 20:18:21,054 - EXECUT - INFO - received weights from trainer sta3!
2026-04-24 20:18:26,447 - EXECUT - INFO - received weights from trainer sta4!
2026-04-24 20:18:26,862 - EXECUT - INFO - sent aggregated weights to trainers!
2026-04-24 20:18:40,769 - METRIC - INFO - {"loss": 0.1041545569896698, "accuracy": 0.9655776023864746, "energy_consumption": 2.664420897481183, "selected": true, "host_energy_consumption": 0.903577563, "client_name": "sta1"}
2026-04-24 20:18:43,602 - METRIC - INFO - {"loss": 0.11594697833061218, "accuracy": 0.9696615934371948, "energy_consumption": 2.203506769660658, "selected": false, "host_energy_consumption": 0.7543074042000001, "client_name": "sta0"}
2026-04-24 20:18:45,275 - METRIC - INFO - {"loss": 0.0993470698595047, "accuracy": 0.9719789624214172, "energy_consumption": 1.233183986536229, "selected": false, "host_energy_consumption": 0.43049836900000005, "client_name": "sta5"}
2026-04-24 20:18:46,156 - METRIC - INFO - {"loss": 0.0957312136888504, "accuracy": 0.9684763550758362, "energy_consumption": 2.3318883388256575, "selected": true, "host_energy_consumption": 0.85313524072, "client_name": "sta4"}
2026-04-24 20:18:46,734 - METRIC - INFO - {"loss": 0.10482315719127655, "accuracy": 0.9677870869636536, "energy_consumption": 4.908868377686655, "selected": true, "host_energy_consumption": 1.66976041176, "client_name": "sta3"}
2026-04-24 20:18:46,790 - METRIC - INFO - {"loss": 0.10772715508937836, "accuracy": 0.9663865566253662, "energy_consumption": 4.055890802783278, "selected": true, "host_energy_consumption": 1.3843778930800001, "client_name": "sta2"}
2026-04-24 20:18:46,883 - METRIC - INFO - mean_accuracy: 0.9683113594849905

2026-04-24 20:18:57,692 - METRIC - INFO - round: 24
2026-04-24 20:18:57,693 - METRIC - INFO - n_selected: 4
2026-04-24 20:18:57,693 - METRIC - INFO - {"selected_trainers": ["sta0", "sta2", "sta3", "sta5"]}
2026-04-24 20:19:02,455 - EXECUT - INFO - received weights from trainer sta0!
2026-04-24 20:19:08,812 - EXECUT - INFO - received weights from trainer sta2!
2026-04-24 20:19:14,362 - EXECUT - INFO - received weights from trainer sta3!
2026-04-24 20:19:19,272 - EXECUT - INFO - received weights from trainer sta5!
2026-04-24 20:19:20,682 - EXECUT - INFO - sent aggregated weights to trainers!
2026-04-24 20:19:35,421 - METRIC - INFO - {"loss": 0.11143095046281815, "accuracy": 0.9684947729110718, "energy_consumption": 2.2435726843226877, "selected": true, "host_energy_consumption": 0.7665428632400001, "client_name": "sta0"}
2026-04-24 20:19:37,664 - METRIC - INFO - {"loss": 0.10284815728664398, "accuracy": 0.9667444825172424, "energy_consumption": 2.664420897481183, "selected": false, "host_energy_consumption": 0.9071916112, "client_name": "sta1"}
2026-04-24 20:19:44,003 - METRIC - INFO - {"loss": 0.1058088168501854, "accuracy": 0.9668533802032471, "energy_consumption": 5.002332016595279, "selected": true, "host_energy_consumption": 1.6956965074, "client_name": "sta3"}
2026-04-24 20:19:45,657 - METRIC - INFO - {"loss": 0.09578801691532135, "accuracy": 0.9737303256988525, "energy_consumption": 1.233183986536229, "selected": true, "host_energy_consumption": 0.43973422696000003, "client_name": "sta5"}
2026-04-24 20:19:46,190 - METRIC - INFO - {"loss": 0.09043504297733307, "accuracy": 0.9702276587486267, "energy_consumption": 2.3318883388256575, "selected": false, "host_energy_consumption": 0.8560989878, "client_name": "sta4"}
2026-04-24 20:19:47,036 - METRIC - INFO - {"loss": 0.10369843989610672, "accuracy": 0.9659196734428406, "energy_consumption": 4.097795043280751, "selected": true, "host_energy_consumption": 1.41013136712, "client_name": "sta2"}
2026-04-24 20:19:47,711 - METRIC - INFO - mean_accuracy: 0.9686617155869802

2026-04-24 20:19:58,702 - METRIC - INFO - round: 25
2026-04-24 20:19:58,703 - METRIC - INFO - n_selected: 4
2026-04-24 20:19:58,703 - METRIC - INFO - {"selected_trainers": ["sta1", "sta2", "sta3", "sta4"]}
2026-04-24 20:20:11,371 - EXECUT - INFO - received weights from trainer sta1!
2026-04-24 20:20:26,616 - EXECUT - INFO - received weights from trainer sta2!
2026-04-24 20:20:32,337 - EXECUT - INFO - received weights from trainer sta3!
2026-04-24 20:20:37,996 - EXECUT - INFO - received weights from trainer sta4!
2026-04-24 20:20:38,397 - EXECUT - INFO - sent aggregated weights to trainers!
2026-04-24 20:20:52,216 - METRIC - INFO - {"loss": 0.10976637154817581, "accuracy": 0.9684947729110718, "energy_consumption": 2.2435726843226877, "selected": false, "host_energy_consumption": 0.76952113728, "client_name": "sta0"}
2026-04-24 20:20:53,895 - METRIC - INFO - {"loss": 0.09960868209600449, "accuracy": 0.9661610126495361, "energy_consumption": 2.953486228810807, "selected": true, "host_energy_consumption": 1.0076987589200002, "client_name": "sta1"}
2026-04-24 20:20:59,162 - METRIC - INFO - {"loss": 0.09533236175775528, "accuracy": 0.9719789624214172, "energy_consumption": 1.233183986536229, "selected": false, "host_energy_consumption": 0.44228764832, "client_name": "sta5"}
2026-04-24 20:21:01,092 - METRIC - INFO - {"loss": 0.09877946972846985, "accuracy": 0.9701213836669922, "energy_consumption": 4.483478419655501, "selected": true, "host_energy_consumption": 1.53839554596, "client_name": "sta2"}
2026-04-24 20:21:01,220 - METRIC - INFO - {"loss": 0.09009617567062378, "accuracy": 0.9702276587486267, "energy_consumption": 2.3773499535073492, "selected": true, "host_energy_consumption": 0.87201225776, "client_name": "sta4"}
2026-04-24 20:21:02,358 - METRIC - INFO - {"loss": 0.10493301600217819, "accuracy": 0.9673202633857727, "energy_consumption": 5.050335174179285, "selected": true, "host_energy_consumption": 1.72090368912, "client_name": "sta3"}
2026-04-24 20:21:02,423 - METRIC - INFO - mean_accuracy: 0.9690506756305695

2026-04-24 20:21:13,257 - METRIC - INFO - round: 26
2026-04-24 20:21:13,257 - METRIC - INFO - n_selected: 4
2026-04-24 20:21:13,257 - METRIC - INFO - {"selected_trainers": ["sta2", "sta3", "sta4", "sta5"]}
2026-04-24 20:21:18,941 - EXECUT - INFO - received weights from trainer sta2!
2026-04-24 20:21:24,763 - EXECUT - INFO - received weights from trainer sta3!
2026-04-24 20:21:37,759 - EXECUT - INFO - received weights from trainer sta4!
2026-04-24 20:21:43,020 - EXECUT - INFO - received weights from trainer sta5!
2026-04-24 20:21:44,426 - EXECUT - INFO - sent aggregated weights to trainers!
2026-04-24 20:22:03,741 - METRIC - INFO - {"loss": 0.09691143035888672, "accuracy": 0.967327892780304, "energy_consumption": 2.9935415681227693, "selected": false, "host_energy_consumption": 1.0114966764, "client_name": "sta1"}
2026-04-24 20:22:04,050 - METRIC - INFO - {"loss": 0.10564494132995605, "accuracy": 0.9684947729110718, "energy_consumption": 2.2435726843226877, "selected": false, "host_energy_consumption": 0.77278756212, "client_name": "sta0"}
2026-04-24 20:22:14,672 - METRIC - INFO - {"loss": 0.09124833345413208, "accuracy": 0.9737303256988525, "energy_consumption": 1.2732404957651688, "selected": true, "host_energy_consumption": 0.45144716596, "client_name": "sta5"}
2026-04-24 20:22:15,639 - METRIC - INFO - {"loss": 0.10118820518255234, "accuracy": 0.9682539701461792, "energy_consumption": 5.143790278734304, "selected": true, "host_energy_consumption": 1.74631693936, "client_name": "sta3"}
2026-04-24 20:22:16,572 - METRIC - INFO - {"loss": 0.09119988977909088, "accuracy": 0.9719789624214172, "energy_consumption": 2.6226922192397675, "selected": true, "host_energy_consumption": 0.95073563536, "client_name": "sta4"}
2026-04-24 20:22:16,702 - METRIC - INFO - {"loss": 0.09925872087478638, "accuracy": 0.9687207937240601, "energy_consumption": 4.611593417832605, "selected": true, "host_energy_consumption": 1.5648659205200002, "client_name": "sta2"}
2026-04-24 20:22:17,461 - METRIC - INFO - mean_accuracy: 0.9697511196136475

2026-04-24 20:22:28,340 - METRIC - INFO - round: 27
2026-04-24 20:22:28,341 - METRIC - INFO - n_selected: 4
2026-04-24 20:22:28,341 - METRIC - INFO - {"selected_trainers": ["sta1", "sta3", "sta4", "sta5"]}
2026-04-24 20:22:33,205 - EXECUT - INFO - received weights from trainer sta1!
2026-04-24 20:22:39,476 - EXECUT - INFO - received weights from trainer sta3!
2026-04-24 20:23:00,458 - EXECUT - INFO - received weights from trainer sta4!
2026-04-24 20:23:13,433 - EXECUT - INFO - received weights from trainer sta5!
2026-04-24 20:23:14,850 - EXECUT - INFO - sent aggregated weights to trainers!
2026-04-24 20:23:35,630 - METRIC - INFO - {"loss": 0.10502519458532333, "accuracy": 0.9684947729110718, "energy_consumption": 2.2435726843226877, "selected": false, "host_energy_consumption": 0.7758061847200001, "client_name": "sta0"}
2026-04-24 20:23:36,499 - METRIC - INFO - {"loss": 0.09592913836240768, "accuracy": 0.967327892780304, "energy_consumption": 3.0336120193922125, "selected": true, "host_energy_consumption": 1.03275763528, "client_name": "sta1"}
2026-04-24 20:23:38,871 - METRIC - INFO - {"loss": 0.0991102084517479, "accuracy": 0.9677870869636536, "energy_consumption": 5.233743607184092, "selected": true, "host_energy_consumption": 1.7720941168000002, "client_name": "sta3"}
2026-04-24 20:23:40,318 - METRIC - INFO - {"loss": 0.08502230048179626, "accuracy": 0.9737303256988525, "energy_consumption": 3.028642558594961, "selected": true, "host_energy_consumption": 1.10269036136, "client_name": "sta4"}
2026-04-24 20:23:42,721 - METRIC - INFO - {"loss": 0.09244301915168762, "accuracy": 0.9737303256988525, "energy_consumption": 1.4334606513048094, "selected": true, "host_energy_consumption": 0.52322152316, "client_name": "sta5"}
2026-04-24 20:23:43,575 - METRIC - INFO - {"loss": 0.09914860129356384, "accuracy": 0.9687207937240601, "energy_consumption": 4.611593417832605, "selected": false, "host_energy_consumption": 1.5685797220800002, "client_name": "sta2"}
2026-04-24 20:23:43,879 - METRIC - INFO - mean_accuracy: 0.9699651996294657

2026-04-24 20:23:54,759 - METRIC - INFO - round: 28
2026-04-24 20:23:54,760 - METRIC - INFO - n_selected: 4
2026-04-24 20:23:54,760 - METRIC - INFO - {"selected_trainers": ["sta0", "sta2", "sta3", "sta4"]}
2026-04-24 20:23:58,259 - EXECUT - INFO - received weights from trainer sta0!
2026-04-24 20:24:14,947 - EXECUT - INFO - received weights from trainer sta2!
2026-04-24 20:24:34,380 - EXECUT - INFO - received weights from trainer sta3!
2026-04-24 20:24:40,079 - EXECUT - INFO - received weights from trainer sta4!
2026-04-24 20:24:40,503 - EXECUT - INFO - sent aggregated weights to trainers!
2026-04-24 20:24:57,351 - METRIC - INFO - {"loss": 0.09429091215133667, "accuracy": 0.9690781831741333, "energy_consumption": 3.0336120193922125, "selected": false, "host_energy_consumption": 1.03656667828, "client_name": "sta1"}
2026-04-24 20:24:58,800 - METRIC - INFO - {"loss": 0.10343559831380844, "accuracy": 0.9696615934371948, "energy_consumption": 2.2435726843226877, "selected": true, "host_energy_consumption": 0.78833545196, "client_name": "sta0"}
2026-04-24 20:25:03,845 - METRIC - INFO - {"loss": 0.08494502305984497, "accuracy": 0.971103310585022, "energy_consumption": 3.0741012739171873, "selected": true, "host_energy_consumption": 1.1176876177600001, "client_name": "sta4"}
2026-04-24 20:25:05,056 - METRIC - INFO - {"loss": 0.09263822436332703, "accuracy": 0.9701213836669922, "energy_consumption": 5.730686005488334, "selected": true, "host_energy_consumption": 1.9388391416800002, "client_name": "sta3"}
2026-04-24 20:25:06,612 - METRIC - INFO - {"loss": 0.09467463195323944, "accuracy": 0.970588207244873, "energy_consumption": 4.942201525052592, "selected": true, "host_energy_consumption": 1.6958085144000001, "client_name": "sta2"}
2026-04-24 20:25:08,831 - METRIC - INFO - {"loss": 0.08810912072658539, "accuracy": 0.9737303256988525, "energy_consumption": 1.4334606513048094, "selected": false, "host_energy_consumption": 0.525657811, "client_name": "sta5"}
2026-04-24 20:25:09,533 - METRIC - INFO - mean_accuracy: 0.9707138339678446

2026-04-24 20:25:20,468 - METRIC - INFO - round: 29
2026-04-24 20:25:20,468 - METRIC - INFO - n_selected: 4
2026-04-24 20:25:20,468 - METRIC - INFO - {"selected_trainers": ["sta2", "sta3", "sta4", "sta5"]}
2026-04-24 20:25:37,275 - EXECUT - INFO - received weights from trainer sta2!
2026-04-24 20:25:55,318 - EXECUT - INFO - received weights from trainer sta3!
2026-04-24 20:26:09,931 - EXECUT - INFO - received weights from trainer sta4!
2026-04-24 20:26:14,105 - EXECUT - INFO - received weights from trainer sta5!
2026-04-24 20:26:15,564 - EXECUT - INFO - sent aggregated weights to trainers!
2026-04-24 20:26:30,939 - METRIC - INFO - {"loss": 0.08948110789060593, "accuracy": 0.9696615934371948, "energy_consumption": 3.0336120193922125, "selected": false, "host_energy_consumption": 1.0402121371600002, "client_name": "sta1"}
2026-04-24 20:26:32,665 - METRIC - INFO - {"loss": 0.0998150035738945, "accuracy": 0.9696615934371948, "energy_consumption": 2.2435726843226877, "selected": false, "host_energy_consumption": 0.7909609066800001, "client_name": "sta0"}
2026-04-24 20:26:45,394 - METRIC - INFO - {"loss": 0.08485877513885498, "accuracy": 0.9754816293716431, "energy_consumption": 1.4732247226178963, "selected": true, "host_energy_consumption": 0.5348833980000001, "client_name": "sta5"}
2026-04-24 20:26:45,922 - METRIC - INFO - {"loss": 0.0891302078962326, "accuracy": 0.9710550904273987, "energy_consumption": 6.182245844343189, "selected": true, "host_energy_consumption": 2.08536259232, "client_name": "sta3"}
2026-04-24 20:26:46,805 - METRIC - INFO - {"loss": 0.08290368318557739, "accuracy": 0.9719789624214172, "energy_consumption": 3.2797761867718913, "selected": true, "host_energy_consumption": 1.2061362194, "client_name": "sta4"}
2026-04-24 20:26:47,115 - METRIC - INFO - {"loss": 0.09043855965137482, "accuracy": 0.970588207244873, "energy_consumption": 5.318277773692191, "selected": true, "host_energy_consumption": 1.8224732414, "client_name": "sta2"}
2026-04-24 20:26:47,598 - METRIC - INFO - mean_accuracy: 0.971404512723287

2026-04-24 20:26:58,401 - METRIC - INFO - round: 30
2026-04-24 20:26:58,402 - METRIC - INFO - n_selected: 3
2026-04-24 20:26:58,402 - METRIC - INFO - {"selected_trainers": ["sta2", "sta3", "sta4"]}
2026-04-24 20:27:03,722 - EXECUT - INFO - received weights from trainer sta2!
2026-04-24 20:27:09,745 - EXECUT - INFO - received weights from trainer sta3!
2026-04-24 20:27:16,885 - EXECUT - INFO - received weights from trainer sta4!
2026-04-24 20:27:17,343 - EXECUT - INFO - sent aggregated weights to trainers!
2026-04-24 20:27:32,860 - METRIC - INFO - {"loss": 0.09661905467510223, "accuracy": 0.9708284735679626, "energy_consumption": 2.2835133765395046, "selected": false, "host_energy_consumption": 0.79403631888, "client_name": "sta0"}
2026-04-24 20:27:33,269 - METRIC - INFO - {"loss": 0.08512842655181885, "accuracy": 0.9696615934371948, "energy_consumption": 3.0336120193922125, "selected": false, "host_energy_consumption": 1.0441361602, "client_name": "sta1"}
2026-04-24 20:27:41,290 - METRIC - INFO - {"loss": 0.08917219936847687, "accuracy": 0.9701213836669922, "energy_consumption": 5.3580331040087295, "selected": true, "host_energy_consumption": 1.8486098002400002, "client_name": "sta2"}
2026-04-24 20:27:42,431 - METRIC - INFO - {"loss": 0.08021968603134155, "accuracy": 0.9728546142578125, "energy_consumption": 3.32523532968606, "selected": true, "host_energy_consumption": 1.22162995192, "client_name": "sta4"}
2026-04-24 20:27:42,681 - METRIC - INFO - {"loss": 0.07988379895687103, "accuracy": 0.9737303256988525, "energy_consumption": 1.4732247226178963, "selected": false, "host_energy_consumption": 0.5379484023200001, "client_name": "sta5"}
2026-04-24 20:27:43,016 - METRIC - INFO - {"loss": 0.08962647616863251, "accuracy": 0.9696545004844666, "energy_consumption": 6.2302478447267085, "selected": true, "host_energy_consumption": 2.1112045746400003, "client_name": "sta3"}
2026-04-24 20:27:43,370 - METRIC - INFO - mean_accuracy: 0.9711418151855469

2026-04-24 20:27:43,376 - METRIC - INFO - stop_condition: rounds
