2025-11-05 00:55:14,731 - EXECUT - INFO - starting server...
2025-11-05 00:55:22,682 - EXECUT - INFO - trainer number sta0 just joined the pool
2025-11-05 00:55:22,784 - EXECUT - INFO - trainer number sta1 just joined the pool
2025-11-05 00:55:22,934 - EXECUT - INFO - trainer number sta2 just joined the pool
2025-11-05 00:55:23,480 - EXECUT - INFO - trainer number sta3 just joined the pool
2025-11-05 00:55:23,526 - EXECUT - INFO - trainer number sta5 just joined the pool
2025-11-05 00:55:23,572 - EXECUT - INFO - trainer number sta4 just joined the pool
2025-11-05 00:55:23,750 - METRIC - INFO - round: 1
2025-11-05 00:55:23,751 - METRIC - INFO - n_selected: 6
2025-11-05 00:55:23,751 - METRIC - INFO - {"selected_trainers": ["sta0", "sta1", "sta2", "sta3", "sta5", "sta4"]}
2025-11-05 00:57:51,123 - EXECUT - INFO - received weights from trainer sta0!
2025-11-05 00:59:19,199 - EXECUT - INFO - received weights from trainer sta1!
2025-11-05 01:00:36,501 - EXECUT - INFO - received weights from trainer sta2!
2025-11-05 01:02:06,431 - EXECUT - INFO - received weights from trainer sta3!
2025-11-05 01:03:36,314 - EXECUT - INFO - received weights from trainer sta5!
2025-11-05 01:05:05,679 - EXECUT - INFO - received weights from trainer sta4!
2025-11-05 01:05:07,239 - EXECUT - INFO - sent aggregated weights to trainers!
2025-11-05 01:05:44,487 - METRIC - INFO - {"loss": 0.2735474109649658, "accuracy": 0.9234360456466675, "energy_consumption": 0.018469264250000006, "selected": true, "client_name": "sta1"}
2025-11-05 01:05:46,294 - METRIC - INFO - {"loss": 0.290893018245697, "accuracy": 0.9136320948600769, "energy_consumption": 0.047961666, "selected": true, "client_name": "sta0"}
2025-11-05 01:05:46,871 - METRIC - INFO - {"loss": 0.31281575560569763, "accuracy": 0.9056956171989441, "energy_consumption": 0.01984194291666666, "selected": true, "client_name": "sta5"}
2025-11-05 01:05:51,245 - METRIC - INFO - {"loss": 0.25744345784187317, "accuracy": 0.9299719929695129, "energy_consumption": 0.018847954583333326, "selected": true, "client_name": "sta3"}
2025-11-05 01:05:52,274 - METRIC - INFO - {"loss": 0.2857130467891693, "accuracy": 0.9159663915634155, "energy_consumption": 0.018947958750000007, "selected": true, "client_name": "sta4"}
2025-11-05 01:05:53,453 - METRIC - INFO - {"loss": 0.30330008268356323, "accuracy": 0.916900098323822, "energy_consumption": 0.016953772750000005, "selected": true, "client_name": "sta2"}
2025-11-05 01:05:54,297 - METRIC - INFO - mean_accuracy: 0.9176003734270731

2025-11-05 01:05:54,297 - METRIC - INFO - round: 2
2025-11-05 01:05:54,297 - METRIC - INFO - n_selected: 6
2025-11-05 01:05:54,297 - METRIC - INFO - {"selected_trainers": ["sta0", "sta1", "sta2", "sta3", "sta5", "sta4"]}
2025-11-05 01:07:19,164 - EXECUT - INFO - received weights from trainer sta0!
2025-11-05 01:08:46,838 - EXECUT - INFO - received weights from trainer sta1!
2025-11-05 01:10:17,389 - EXECUT - INFO - received weights from trainer sta2!
2025-11-05 01:11:41,667 - EXECUT - INFO - received weights from trainer sta3!
2025-11-05 01:13:11,780 - EXECUT - INFO - received weights from trainer sta5!
2025-11-05 01:14:24,098 - EXECUT - INFO - received weights from trainer sta4!
2025-11-05 01:14:25,610 - EXECUT - INFO - sent aggregated weights to trainers!
2025-11-05 01:14:56,916 - METRIC - INFO - {"loss": 0.3919627070426941, "accuracy": 0.8935574293136597, "energy_consumption": 0.03668946616666666, "selected": true, "client_name": "sta1"}
2025-11-05 01:15:00,942 - METRIC - INFO - {"loss": 0.4043915569782257, "accuracy": 0.8828197717666626, "energy_consumption": 0.07836439033333333, "selected": true, "client_name": "sta0"}
2025-11-05 01:15:07,582 - METRIC - INFO - {"loss": 0.37350204586982727, "accuracy": 0.8958916664123535, "energy_consumption": 0.03678589166666668, "selected": true, "client_name": "sta3"}
2025-11-05 01:15:07,755 - METRIC - INFO - {"loss": 0.42331379652023315, "accuracy": 0.8804855346679688, "energy_consumption": 0.039213207500000014, "selected": true, "client_name": "sta5"}
2025-11-05 01:15:10,103 - METRIC - INFO - {"loss": 0.3977302014827728, "accuracy": 0.8842203617095947, "energy_consumption": 0.03848866258333332, "selected": true, "client_name": "sta4"}
2025-11-05 01:15:11,347 - METRIC - INFO - {"loss": 0.42637374997138977, "accuracy": 0.8818860650062561, "energy_consumption": 0.03611533283333334, "selected": true, "client_name": "sta2"}
2025-11-05 01:15:11,661 - METRIC - INFO - mean_accuracy: 0.8864768048127493

2025-11-05 01:15:11,661 - METRIC - INFO - round: 3
2025-11-05 01:15:11,661 - METRIC - INFO - n_selected: 6
2025-11-05 01:15:11,661 - METRIC - INFO - {"selected_trainers": ["sta0", "sta1", "sta2", "sta3", "sta5", "sta4"]}
2025-11-05 01:16:37,379 - EXECUT - INFO - received weights from trainer sta0!
2025-11-05 01:18:04,132 - EXECUT - INFO - received weights from trainer sta1!
2025-11-05 01:19:32,713 - EXECUT - INFO - received weights from trainer sta2!
2025-11-05 01:20:48,967 - EXECUT - INFO - received weights from trainer sta3!
2025-11-05 01:22:18,653 - EXECUT - INFO - received weights from trainer sta5!
2025-11-05 01:23:49,196 - EXECUT - INFO - received weights from trainer sta4!
2025-11-05 01:23:50,701 - EXECUT - INFO - sent aggregated weights to trainers!
2025-11-05 01:24:27,208 - METRIC - INFO - {"loss": 0.25256094336509705, "accuracy": 0.9299719929695129, "energy_consumption": 0.055687499583333216, "selected": true, "client_name": "sta1"}
2025-11-05 01:24:30,062 - METRIC - INFO - {"loss": 0.26152822375297546, "accuracy": 0.9253034591674805, "energy_consumption": 0.1313431549166667, "selected": true, "client_name": "sta0"}
2025-11-05 01:24:36,215 - METRIC - INFO - {"loss": 0.2377627044916153, "accuracy": 0.9351073503494263, "energy_consumption": 0.058163976000000034, "selected": true, "client_name": "sta3"}
2025-11-05 01:24:36,796 - METRIC - INFO - {"loss": 0.25695541501045227, "accuracy": 0.9248365759849548, "energy_consumption": 0.061059044333333354, "selected": true, "client_name": "sta4"}
2025-11-05 01:24:37,182 - METRIC - INFO - {"loss": 0.28617164492607117, "accuracy": 0.9154995083808899, "energy_consumption": 0.06347586916666671, "selected": true, "client_name": "sta5"}
2025-11-05 01:24:39,069 - METRIC - INFO - {"loss": 0.2866470217704773, "accuracy": 0.9192343354225159, "energy_consumption": 0.05545449299999999, "selected": true, "client_name": "sta2"}
2025-11-05 01:24:39,752 - METRIC - INFO - mean_accuracy: 0.9249922037124634

2025-11-05 01:24:39,752 - METRIC - INFO - round: 4
2025-11-05 01:24:39,752 - METRIC - INFO - n_selected: 6
2025-11-05 01:24:39,752 - METRIC - INFO - {"selected_trainers": ["sta0", "sta1", "sta2", "sta3", "sta5", "sta4"]}
2025-11-05 01:26:06,410 - EXECUT - INFO - received weights from trainer sta0!
2025-11-05 01:27:19,096 - EXECUT - INFO - received weights from trainer sta1!
2025-11-05 01:28:39,463 - EXECUT - INFO - received weights from trainer sta2!
2025-11-05 01:30:08,687 - EXECUT - INFO - received weights from trainer sta3!
2025-11-05 01:31:30,928 - EXECUT - INFO - received weights from trainer sta5!
2025-11-05 01:32:41,780 - EXECUT - INFO - received weights from trainer sta4!
2025-11-05 01:32:43,283 - EXECUT - INFO - sent aggregated weights to trainers!
2025-11-05 01:33:16,006 - METRIC - INFO - {"loss": 0.18702758848667145, "accuracy": 0.9463118314743042, "energy_consumption": 0.09952327683333326, "selected": true, "client_name": "sta1"}
2025-11-05 01:33:21,584 - METRIC - INFO - {"loss": 0.19517754018306732, "accuracy": 0.9458450078964233, "energy_consumption": 0.15105217874999993, "selected": true, "client_name": "sta0"}
2025-11-05 01:33:26,452 - METRIC - INFO - {"loss": 0.1768808215856552, "accuracy": 0.9537814855575562, "energy_consumption": 0.07728967725000008, "selected": true, "client_name": "sta3"}
2025-11-05 01:33:28,277 - METRIC - INFO - {"loss": 0.2109462022781372, "accuracy": 0.9374416470527649, "energy_consumption": 0.08017665000000011, "selected": true, "client_name": "sta5"}
2025-11-05 01:33:29,638 - METRIC - INFO - {"loss": 0.18843461573123932, "accuracy": 0.9449113011360168, "energy_consumption": 0.07699171325000002, "selected": true, "client_name": "sta4"}
2025-11-05 01:33:30,614 - METRIC - INFO - {"loss": 0.21862642467021942, "accuracy": 0.9341736435890198, "energy_consumption": 0.07503186666666672, "selected": true, "client_name": "sta2"}
2025-11-05 01:33:31,333 - METRIC - INFO - mean_accuracy: 0.9437441527843475

2025-11-05 01:33:31,333 - METRIC - INFO - round: 5
2025-11-05 01:33:31,333 - METRIC - INFO - n_selected: 6
2025-11-05 01:33:31,333 - METRIC - INFO - {"selected_trainers": ["sta0", "sta1", "sta2", "sta3", "sta5", "sta4"]}
2025-11-05 01:35:56,884 - EXECUT - INFO - received weights from trainer sta0!
2025-11-05 01:37:08,851 - EXECUT - INFO - received weights from trainer sta1!
2025-11-05 01:38:31,354 - EXECUT - INFO - received weights from trainer sta2!
2025-11-05 01:39:58,613 - EXECUT - INFO - received weights from trainer sta3!
2025-11-05 01:41:27,064 - EXECUT - INFO - received weights from trainer sta5!
2025-11-05 01:42:37,222 - EXECUT - INFO - received weights from trainer sta4!
2025-11-05 01:42:38,702 - EXECUT - INFO - sent aggregated weights to trainers!
2025-11-05 01:43:12,729 - METRIC - INFO - {"loss": 0.1561518758535385, "accuracy": 0.9561157822608948, "energy_consumption": 0.17984619491666737, "selected": true, "client_name": "sta0"}
2025-11-05 01:43:16,381 - METRIC - INFO - {"loss": 0.1478363424539566, "accuracy": 0.9570494890213013, "energy_consumption": 0.1162860404166661, "selected": true, "client_name": "sta1"}
2025-11-05 01:43:24,070 - METRIC - INFO - {"loss": 0.14176149666309357, "accuracy": 0.9626517295837402, "energy_consumption": 0.09687249975000012, "selected": true, "client_name": "sta3"}
2025-11-05 01:43:24,587 - METRIC - INFO - {"loss": 0.16669952869415283, "accuracy": 0.9495798349380493, "energy_consumption": 0.10475483425000011, "selected": true, "client_name": "sta5"}
2025-11-05 01:43:24,979 - METRIC - INFO - {"loss": 0.17505711317062378, "accuracy": 0.9463118314743042, "energy_consumption": 0.09307075991666677, "selected": true, "client_name": "sta2"}
2025-11-05 01:43:25,332 - METRIC - INFO - {"loss": 0.1482875794172287, "accuracy": 0.9551820755004883, "energy_consumption": 0.09261227491666675, "selected": true, "client_name": "sta4"}
2025-11-05 01:43:25,750 - METRIC - INFO - mean_accuracy: 0.9544817904631296

2025-11-05 01:43:25,750 - METRIC - INFO - round: 6
2025-11-05 01:43:25,750 - METRIC - INFO - n_selected: 6
2025-11-05 01:43:25,750 - METRIC - INFO - {"selected_trainers": ["sta0", "sta1", "sta2", "sta3", "sta5", "sta4"]}
2025-11-05 01:44:53,548 - EXECUT - INFO - received weights from trainer sta0!
2025-11-05 01:46:37,541 - EXECUT - INFO - received weights from trainer sta1!
2025-11-05 01:48:00,225 - EXECUT - INFO - received weights from trainer sta2!
2025-11-05 01:49:28,878 - EXECUT - INFO - received weights from trainer sta3!
2025-11-05 01:50:53,835 - EXECUT - INFO - received weights from trainer sta5!
2025-11-05 01:52:03,439 - EXECUT - INFO - received weights from trainer sta4!
2025-11-05 01:52:04,938 - EXECUT - INFO - sent aggregated weights to trainers!
2025-11-05 01:52:41,739 - METRIC - INFO - {"loss": 0.12338268011808395, "accuracy": 0.9654528498649597, "energy_consumption": 0.13325687408333273, "selected": true, "client_name": "sta1"}
2025-11-05 01:52:42,094 - METRIC - INFO - {"loss": 0.13078314065933228, "accuracy": 0.9621848464012146, "energy_consumption": 0.22336658708333473, "selected": true, "client_name": "sta0"}
2025-11-05 01:52:50,551 - METRIC - INFO - {"loss": 0.12127741426229477, "accuracy": 0.9631185531616211, "energy_consumption": 0.1087465382500001, "selected": true, "client_name": "sta4"}
2025-11-05 01:52:50,566 - METRIC - INFO - {"loss": 0.13493622839450836, "accuracy": 0.9589169025421143, "energy_consumption": 0.12284206750000011, "selected": true, "client_name": "sta5"}
2025-11-05 01:52:53,012 - METRIC - INFO - {"loss": 0.11824629455804825, "accuracy": 0.9673202633857727, "energy_consumption": 0.11860908358333366, "selected": true, "client_name": "sta3"}
2025-11-05 01:52:53,620 - METRIC - INFO - {"loss": 0.14823459088802338, "accuracy": 0.9579831957817078, "energy_consumption": 0.11133525066666675, "selected": true, "client_name": "sta2"}
2025-11-05 01:52:53,988 - METRIC - INFO - mean_accuracy: 0.9624961018562317

2025-11-05 01:52:53,988 - METRIC - INFO - round: 7
2025-11-05 01:52:53,988 - METRIC - INFO - n_selected: 6
2025-11-05 01:52:53,988 - METRIC - INFO - {"selected_trainers": ["sta0", "sta1", "sta2", "sta3", "sta5", "sta4"]}
2025-11-05 01:54:20,876 - EXECUT - INFO - received weights from trainer sta0!
2025-11-05 01:55:48,057 - EXECUT - INFO - received weights from trainer sta1!
2025-11-05 01:57:17,654 - EXECUT - INFO - received weights from trainer sta2!
2025-11-05 01:58:45,207 - EXECUT - INFO - received weights from trainer sta3!
2025-11-05 02:00:07,285 - EXECUT - INFO - received weights from trainer sta5!
2025-11-05 02:01:17,401 - EXECUT - INFO - received weights from trainer sta4!
2025-11-05 02:01:18,886 - EXECUT - INFO - sent aggregated weights to trainers!
2025-11-05 02:01:53,815 - METRIC - INFO - {"loss": 0.10505098104476929, "accuracy": 0.9701213836669922, "energy_consumption": 0.1512286475833324, "selected": true, "client_name": "sta1"}
2025-11-05 02:01:55,829 - METRIC - INFO - {"loss": 0.11177898943424225, "accuracy": 0.9682539701461792, "energy_consumption": 0.2522959291666678, "selected": true, "client_name": "sta0"}
2025-11-05 02:02:01,189 - METRIC - INFO - {"loss": 0.1041366457939148, "accuracy": 0.9677870869636536, "energy_consumption": 0.1259273336666668, "selected": true, "client_name": "sta4"}
2025-11-05 02:02:01,248 - METRIC - INFO - {"loss": 0.10155820101499557, "accuracy": 0.9719887971878052, "energy_consumption": 0.137382282916667, "selected": true, "client_name": "sta3"}
2025-11-05 02:02:02,561 - METRIC - INFO - {"loss": 0.1267436444759369, "accuracy": 0.9635854363441467, "energy_consumption": 0.1315395658333333, "selected": true, "client_name": "sta2"}
2025-11-05 02:02:04,237 - METRIC - INFO - {"loss": 0.11568394303321838, "accuracy": 0.9635854363441467, "energy_consumption": 0.14191267116666662, "selected": true, "client_name": "sta5"}
2025-11-05 02:02:04,932 - METRIC - INFO - mean_accuracy: 0.9675536851088206

2025-11-05 02:02:04,932 - METRIC - INFO - round: 8
2025-11-05 02:02:04,932 - METRIC - INFO - n_selected: 6
2025-11-05 02:02:04,932 - METRIC - INFO - {"selected_trainers": ["sta0", "sta1", "sta2", "sta3", "sta5", "sta4"]}
2025-11-05 02:03:32,573 - EXECUT - INFO - received weights from trainer sta0!
2025-11-05 02:04:44,700 - EXECUT - INFO - received weights from trainer sta1!
2025-11-05 02:06:13,173 - EXECUT - INFO - received weights from trainer sta2!
2025-11-05 02:07:31,212 - EXECUT - INFO - received weights from trainer sta3!
2025-11-05 02:08:58,511 - EXECUT - INFO - received weights from trainer sta5!
2025-11-05 02:10:25,704 - EXECUT - INFO - received weights from trainer sta4!
2025-11-05 02:10:27,228 - EXECUT - INFO - sent aggregated weights to trainers!
2025-11-05 02:11:03,331 - METRIC - INFO - {"loss": 0.09910444915294647, "accuracy": 0.9710550904273987, "energy_consumption": 0.2986438070833342, "selected": true, "client_name": "sta0"}
2025-11-05 02:11:03,352 - METRIC - INFO - {"loss": 0.09344373643398285, "accuracy": 0.9719887971878052, "energy_consumption": 0.19099997824999956, "selected": true, "client_name": "sta1"}
2025-11-05 02:11:14,249 - METRIC - INFO - {"loss": 0.11032066494226456, "accuracy": 0.9663865566253662, "energy_consumption": 0.15229689149999995, "selected": true, "client_name": "sta2"}
2025-11-05 02:11:14,784 - METRIC - INFO - {"loss": 0.0900685116648674, "accuracy": 0.9738562107086182, "energy_consumption": 0.15511132358333374, "selected": true, "client_name": "sta3"}
2025-11-05 02:11:15,623 - METRIC - INFO - {"loss": 0.100185826420784, "accuracy": 0.9701213836669922, "energy_consumption": 0.16180192558333317, "selected": true, "client_name": "sta5"}
2025-11-05 02:11:16,531 - METRIC - INFO - {"loss": 0.08911312371492386, "accuracy": 0.9719887971878052, "energy_consumption": 0.14483186966666678, "selected": true, "client_name": "sta4"}
2025-11-05 02:11:17,279 - METRIC - INFO - mean_accuracy: 0.9708994726339976

2025-11-05 02:11:17,279 - METRIC - INFO - round: 9
2025-11-05 02:11:17,279 - METRIC - INFO - n_selected: 6
2025-11-05 02:11:17,279 - METRIC - INFO - {"selected_trainers": ["sta0", "sta1", "sta2", "sta3", "sta5", "sta4"]}
2025-11-05 02:12:44,047 - EXECUT - INFO - received weights from trainer sta0!
2025-11-05 02:13:56,070 - EXECUT - INFO - received weights from trainer sta1!
2025-11-05 02:15:26,207 - EXECUT - INFO - received weights from trainer sta2!
2025-11-05 02:16:54,829 - EXECUT - INFO - received weights from trainer sta3!
2025-11-05 02:18:25,380 - EXECUT - INFO - received weights from trainer sta5!
2025-11-05 02:19:52,899 - EXECUT - INFO - received weights from trainer sta4!
2025-11-05 02:19:54,383 - EXECUT - INFO - sent aggregated weights to trainers!
2025-11-05 02:20:29,058 - METRIC - INFO - {"loss": 0.08481203019618988, "accuracy": 0.9738562107086182, "energy_consumption": 0.2076067401666659, "selected": true, "client_name": "sta1"}
2025-11-05 02:20:33,068 - METRIC - INFO - {"loss": 0.09061957895755768, "accuracy": 0.9719887971878052, "energy_consumption": 0.31750400891666747, "selected": true, "client_name": "sta0"}
2025-11-05 02:20:38,298 - METRIC - INFO - {"loss": 0.0795368105173111, "accuracy": 0.9766573309898376, "energy_consumption": 0.17423388266666706, "selected": true, "client_name": "sta3"}
2025-11-05 02:20:39,417 - METRIC - INFO - {"loss": 0.10273102670907974, "accuracy": 0.9701213836669922, "energy_consumption": 0.1718249806666666, "selected": true, "client_name": "sta2"}
2025-11-05 02:20:41,531 - METRIC - INFO - {"loss": 0.0792558416724205, "accuracy": 0.9747899174690247, "energy_consumption": 0.16194499558333353, "selected": true, "client_name": "sta4"}
2025-11-05 02:20:42,255 - METRIC - INFO - {"loss": 0.09126724302768707, "accuracy": 0.9691876769065857, "energy_consumption": 0.18128569191666655, "selected": true, "client_name": "sta5"}
2025-11-05 02:20:42,432 - METRIC - INFO - mean_accuracy: 0.9727668861548106

2025-11-05 02:20:42,432 - METRIC - INFO - round: 10
2025-11-05 02:20:42,432 - METRIC - INFO - n_selected: 6
2025-11-05 02:20:42,432 - METRIC - INFO - {"selected_trainers": ["sta0", "sta1", "sta2", "sta3", "sta5", "sta4"]}
2025-11-05 02:22:10,432 - EXECUT - INFO - received weights from trainer sta0!
2025-11-05 02:23:21,475 - EXECUT - INFO - received weights from trainer sta1!
2025-11-05 02:24:50,237 - EXECUT - INFO - received weights from trainer sta2!
2025-11-05 02:26:17,816 - EXECUT - INFO - received weights from trainer sta3!
2025-11-05 02:27:44,754 - EXECUT - INFO - received weights from trainer sta5!
2025-11-05 02:29:12,211 - EXECUT - INFO - received weights from trainer sta4!
2025-11-05 02:29:13,699 - EXECUT - INFO - sent aggregated weights to trainers!
2025-11-05 02:29:49,166 - METRIC - INFO - {"loss": 0.07980439811944962, "accuracy": 0.9747899174690247, "energy_consumption": 0.331140160666668, "selected": true, "client_name": "sta0"}
2025-11-05 02:29:49,243 - METRIC - INFO - {"loss": 0.07565923035144806, "accuracy": 0.9771241545677185, "energy_consumption": 0.2246995034166663, "selected": true, "client_name": "sta1"}
2025-11-05 02:29:57,157 - METRIC - INFO - {"loss": 0.0747511014342308, "accuracy": 0.9775910377502441, "energy_consumption": 0.1917728273333339, "selected": true, "client_name": "sta3"}
2025-11-05 02:29:57,756 - METRIC - INFO - {"loss": 0.07128595560789108, "accuracy": 0.9785247445106506, "energy_consumption": 0.18251666308333347, "selected": true, "client_name": "sta4"}
2025-11-05 02:29:58,421 - METRIC - INFO - {"loss": 0.08127264678478241, "accuracy": 0.9710550904273987, "energy_consumption": 0.20258002249999985, "selected": true, "client_name": "sta5"}
2025-11-05 02:29:59,491 - METRIC - INFO - {"loss": 0.09052063524723053, "accuracy": 0.9710550904273987, "energy_consumption": 0.1924859861666666, "selected": true, "client_name": "sta2"}
2025-11-05 02:29:59,745 - METRIC - INFO - mean_accuracy: 0.9750233391920725

2025-11-05 02:29:59,745 - METRIC - INFO - round: 11
2025-11-05 02:29:59,745 - METRIC - INFO - n_selected: 6
2025-11-05 02:29:59,745 - METRIC - INFO - {"selected_trainers": ["sta0", "sta1", "sta2", "sta3", "sta5", "sta4"]}
2025-11-05 02:32:24,422 - EXECUT - INFO - received weights from trainer sta0!
2025-11-05 02:33:52,020 - EXECUT - INFO - received weights from trainer sta1!
2025-11-05 02:35:19,802 - EXECUT - INFO - received weights from trainer sta2!
2025-11-05 02:36:48,103 - EXECUT - INFO - received weights from trainer sta3!
2025-11-05 02:38:16,984 - EXECUT - INFO - received weights from trainer sta5!
2025-11-05 02:39:44,486 - EXECUT - INFO - received weights from trainer sta4!
2025-11-05 02:39:45,980 - EXECUT - INFO - sent aggregated weights to trainers!
2025-11-05 02:40:23,812 - METRIC - INFO - {"loss": 0.06917380541563034, "accuracy": 0.9775910377502441, "energy_consumption": 0.24454358199999945, "selected": true, "client_name": "sta1"}
2025-11-05 02:40:25,413 - METRIC - INFO - {"loss": 0.07225888222455978, "accuracy": 0.9775910377502441, "energy_consumption": 0.3474824345833352, "selected": true, "client_name": "sta0"}
2025-11-05 02:40:32,959 - METRIC - INFO - {"loss": 0.06831833720207214, "accuracy": 0.9794584512710571, "energy_consumption": 0.21095419966666729, "selected": true, "client_name": "sta3"}
2025-11-05 02:40:34,240 - METRIC - INFO - {"loss": 0.07396086305379868, "accuracy": 0.9733893275260925, "energy_consumption": 0.22277783258333317, "selected": true, "client_name": "sta5"}
2025-11-05 02:40:34,583 - METRIC - INFO - {"loss": 0.06473389267921448, "accuracy": 0.9775910377502441, "energy_consumption": 0.2010340001666674, "selected": true, "client_name": "sta4"}
2025-11-05 02:40:35,533 - METRIC - INFO - {"loss": 0.08335797488689423, "accuracy": 0.9733893275260925, "energy_consumption": 0.21592267133333357, "selected": true, "client_name": "sta2"}
2025-11-05 02:40:36,032 - METRIC - INFO - mean_accuracy: 0.9765017032623291

2025-11-05 02:40:36,032 - METRIC - INFO - round: 12
2025-11-05 02:40:36,032 - METRIC - INFO - n_selected: 6
2025-11-05 02:40:36,032 - METRIC - INFO - {"selected_trainers": ["sta0", "sta1", "sta2", "sta3", "sta5", "sta4"]}
2025-11-05 02:42:04,831 - EXECUT - INFO - received weights from trainer sta0!
2025-11-05 02:43:31,526 - EXECUT - INFO - received weights from trainer sta1!
2025-11-05 02:45:01,500 - EXECUT - INFO - received weights from trainer sta2!
2025-11-05 02:46:29,804 - EXECUT - INFO - received weights from trainer sta3!
2025-11-05 02:47:58,617 - EXECUT - INFO - received weights from trainer sta5!
2025-11-05 02:49:08,531 - EXECUT - INFO - received weights from trainer sta4!
2025-11-05 02:49:10,016 - EXECUT - INFO - sent aggregated weights to trainers!
2025-11-05 02:49:42,394 - METRIC - INFO - {"loss": 0.06577036529779434, "accuracy": 0.978057861328125, "energy_consumption": 0.26296178174999985, "selected": true, "client_name": "sta1"}
2025-11-05 02:49:47,110 - METRIC - INFO - {"loss": 0.06829363107681274, "accuracy": 0.9766573309898376, "energy_consumption": 0.40389200183333523, "selected": true, "client_name": "sta0"}
2025-11-05 02:49:53,059 - METRIC - INFO - {"loss": 0.06928282976150513, "accuracy": 0.9766573309898376, "energy_consumption": 0.2416477526666665, "selected": true, "client_name": "sta5"}
2025-11-05 02:49:54,007 - METRIC - INFO - {"loss": 0.060191962867975235, "accuracy": 0.9803921580314636, "energy_consumption": 0.22083204200000084, "selected": true, "client_name": "sta4"}
2025-11-05 02:49:54,243 - METRIC - INFO - {"loss": 0.07930145412683487, "accuracy": 0.9733893275260925, "energy_consumption": 0.2363348385833334, "selected": true, "client_name": "sta2"}
2025-11-05 02:49:54,869 - METRIC - INFO - {"loss": 0.06468676775693893, "accuracy": 0.9803921580314636, "energy_consumption": 0.230320478083334, "selected": true, "client_name": "sta3"}
2025-11-05 02:49:55,061 - METRIC - INFO - mean_accuracy: 0.9775910278161367

2025-11-05 02:49:55,061 - METRIC - INFO - round: 13
2025-11-05 02:49:55,061 - METRIC - INFO - n_selected: 6
2025-11-05 02:49:55,061 - METRIC - INFO - {"selected_trainers": ["sta0", "sta1", "sta2", "sta3", "sta5", "sta4"]}
2025-11-05 02:51:25,737 - EXECUT - INFO - received weights from trainer sta0!
2025-11-05 02:52:52,334 - EXECUT - INFO - received weights from trainer sta1!
2025-11-05 02:54:12,252 - EXECUT - INFO - received weights from trainer sta2!
2025-11-05 02:56:11,557 - EXECUT - INFO - received weights from trainer sta3!
2025-11-05 02:57:39,907 - EXECUT - INFO - received weights from trainer sta5!
2025-11-05 02:58:49,700 - EXECUT - INFO - received weights from trainer sta4!
2025-11-05 02:58:51,172 - EXECUT - INFO - sent aggregated weights to trainers!
2025-11-05 02:59:27,980 - METRIC - INFO - {"loss": 0.06215357035398483, "accuracy": 0.979925274848938, "energy_consumption": 0.3041484340000009, "selected": true, "client_name": "sta1"}
2025-11-05 02:59:30,574 - METRIC - INFO - {"loss": 0.06447621434926987, "accuracy": 0.9808589816093445, "energy_consumption": 0.4303237754166683, "selected": true, "client_name": "sta0"}
2025-11-05 02:59:38,743 - METRIC - INFO - {"loss": 0.06494145095348358, "accuracy": 0.9785247445106506, "energy_consumption": 0.26014392149999976, "selected": true, "client_name": "sta5"}
2025-11-05 02:59:39,706 - METRIC - INFO - {"loss": 0.07525011152029037, "accuracy": 0.9766573309898376, "energy_consumption": 0.2544636368333333, "selected": true, "client_name": "sta2"}
2025-11-05 02:59:40,390 - METRIC - INFO - {"loss": 0.05679825693368912, "accuracy": 0.9789915680885315, "energy_consumption": 0.23651625508333407, "selected": true, "client_name": "sta4"}
2025-11-05 02:59:40,902 - METRIC - INFO - {"loss": 0.06141148880124092, "accuracy": 0.9803921580314636, "energy_consumption": 0.25050761908333397, "selected": true, "client_name": "sta3"}
2025-11-05 02:59:41,223 - METRIC - INFO - mean_accuracy: 0.9792250096797943

2025-11-05 02:59:41,223 - METRIC - INFO - round: 14
2025-11-05 02:59:41,223 - METRIC - INFO - n_selected: 6
2025-11-05 02:59:41,223 - METRIC - INFO - {"selected_trainers": ["sta0", "sta1", "sta2", "sta3", "sta5", "sta4"]}
2025-11-05 03:02:07,880 - EXECUT - INFO - received weights from trainer sta0!
2025-11-05 03:03:35,816 - EXECUT - INFO - received weights from trainer sta1!
2025-11-05 03:04:55,464 - EXECUT - INFO - received weights from trainer sta2!
2025-11-05 03:06:23,629 - EXECUT - INFO - received weights from trainer sta3!
2025-11-05 03:07:50,623 - EXECUT - INFO - received weights from trainer sta5!
2025-11-05 03:09:22,192 - EXECUT - INFO - received weights from trainer sta4!
2025-11-05 03:09:23,681 - EXECUT - INFO - sent aggregated weights to trainers!
2025-11-05 03:10:00,188 - METRIC - INFO - {"loss": 0.05749087408185005, "accuracy": 0.9813258647918701, "energy_consumption": 0.3224138370833347, "selected": true, "client_name": "sta1"}
2025-11-05 03:10:04,012 - METRIC - INFO - {"loss": 0.06209367513656616, "accuracy": 0.9803921580314636, "energy_consumption": 0.4486559194166673, "selected": true, "client_name": "sta0"}
2025-11-05 03:10:06,940 - METRIC - INFO - {"loss": 0.0538642443716526, "accuracy": 0.978057861328125, "energy_consumption": 0.25463748866666747, "selected": true, "client_name": "sta4"}
2025-11-05 03:10:08,780 - METRIC - INFO - {"loss": 0.05633567273616791, "accuracy": 0.981792688369751, "energy_consumption": 0.2729227743333337, "selected": true, "client_name": "sta3"}
2025-11-05 03:10:10,894 - METRIC - INFO - {"loss": 0.06147404760122299, "accuracy": 0.978057861328125, "energy_consumption": 0.27906733400000017, "selected": true, "client_name": "sta5"}
2025-11-05 03:10:11,245 - METRIC - INFO - {"loss": 0.06957770884037018, "accuracy": 0.976190447807312, "energy_consumption": 0.27290038041666687, "selected": true, "client_name": "sta2"}
2025-11-05 03:10:11,730 - METRIC - INFO - mean_accuracy: 0.9793028136094412

2025-11-05 03:10:11,730 - METRIC - INFO - round: 15
2025-11-05 03:10:11,730 - METRIC - INFO - n_selected: 6
2025-11-05 03:10:11,730 - METRIC - INFO - {"selected_trainers": ["sta0", "sta1", "sta2", "sta3", "sta5", "sta4"]}
2025-11-05 03:12:37,301 - EXECUT - INFO - received weights from trainer sta0!
2025-11-05 03:13:51,046 - EXECUT - INFO - received weights from trainer sta1!
2025-11-05 03:15:11,024 - EXECUT - INFO - received weights from trainer sta2!
2025-11-05 03:16:31,806 - EXECUT - INFO - received weights from trainer sta3!
2025-11-05 03:18:01,138 - EXECUT - INFO - received weights from trainer sta5!
2025-11-05 03:19:10,898 - EXECUT - INFO - received weights from trainer sta4!
2025-11-05 03:19:12,345 - EXECUT - INFO - sent aggregated weights to trainers!
2025-11-05 03:19:46,530 - METRIC - INFO - {"loss": 0.05533098801970482, "accuracy": 0.9827263951301575, "energy_consumption": 0.33906952558333536, "selected": true, "client_name": "sta1"}
2025-11-05 03:19:51,936 - METRIC - INFO - {"loss": 0.05952150374650955, "accuracy": 0.981792688369751, "energy_consumption": 0.47125287033333324, "selected": true, "client_name": "sta0"}
2025-11-05 03:19:56,633 - METRIC - INFO - {"loss": 0.05474000424146652, "accuracy": 0.981792688369751, "energy_consumption": 0.290248322583334, "selected": true, "client_name": "sta3"}
2025-11-05 03:19:57,223 - METRIC - INFO - {"loss": 0.051634836941957474, "accuracy": 0.981792688369751, "energy_consumption": 0.2708516178333341, "selected": true, "client_name": "sta4"}
2025-11-05 03:19:57,782 - METRIC - INFO - {"loss": 0.05812894552946091, "accuracy": 0.9813258647918701, "energy_consumption": 0.2975545720833338, "selected": true, "client_name": "sta5"}
2025-11-05 03:19:58,096 - METRIC - INFO - {"loss": 0.06770892441272736, "accuracy": 0.9771241545677185, "energy_consumption": 0.29155102800000043, "selected": true, "client_name": "sta2"}
2025-11-05 03:19:58,391 - METRIC - INFO - mean_accuracy: 0.9810924132664999

2025-11-05 03:19:58,391 - METRIC - INFO - round: 16
2025-11-05 03:19:58,391 - METRIC - INFO - n_selected: 6
2025-11-05 03:19:58,391 - METRIC - INFO - {"selected_trainers": ["sta0", "sta1", "sta2", "sta3", "sta5", "sta4"]}
2025-11-05 03:21:24,268 - EXECUT - INFO - received weights from trainer sta0!
2025-11-05 03:22:51,841 - EXECUT - INFO - received weights from trainer sta1!
2025-11-05 03:24:11,519 - EXECUT - INFO - received weights from trainer sta2!
2025-11-05 03:25:33,690 - EXECUT - INFO - received weights from trainer sta3!
2025-11-05 03:26:56,475 - EXECUT - INFO - received weights from trainer sta5!
2025-11-05 03:28:23,662 - EXECUT - INFO - received weights from trainer sta4!
2025-11-05 03:28:25,126 - EXECUT - INFO - sent aggregated weights to trainers!
2025-11-05 03:29:03,052 - METRIC - INFO - {"loss": 0.05350980535149574, "accuracy": 0.981792688369751, "energy_consumption": 0.3575070957500013, "selected": true, "client_name": "sta1"}
2025-11-05 03:29:04,418 - METRIC - INFO - {"loss": 0.058365315198898315, "accuracy": 0.9808589816093445, "energy_consumption": 0.49376947991666637, "selected": true, "client_name": "sta0"}
2025-11-05 03:29:11,690 - METRIC - INFO - {"loss": 0.06510407477617264, "accuracy": 0.9771241545677185, "energy_consumption": 0.30973777750000053, "selected": true, "client_name": "sta2"}
2025-11-05 03:29:11,849 - METRIC - INFO - {"loss": 0.052929554134607315, "accuracy": 0.9808589816093445, "energy_consumption": 0.3196959956666675, "selected": true, "client_name": "sta5"}
2025-11-05 03:29:13,103 - METRIC - INFO - {"loss": 0.05401918292045593, "accuracy": 0.9813258647918701, "energy_consumption": 0.3082061808333342, "selected": true, "client_name": "sta3"}
2025-11-05 03:29:13,270 - METRIC - INFO - {"loss": 0.05000755935907364, "accuracy": 0.9822595715522766, "energy_consumption": 0.2896062896666678, "selected": true, "client_name": "sta4"}
2025-11-05 03:29:14,176 - METRIC - INFO - mean_accuracy: 0.9807033737500509

2025-11-05 03:29:14,176 - METRIC - INFO - round: 17
2025-11-05 03:29:14,176 - METRIC - INFO - n_selected: 6
2025-11-05 03:29:14,176 - METRIC - INFO - {"selected_trainers": ["sta0", "sta1", "sta2", "sta3", "sta5", "sta4"]}
2025-11-05 03:31:39,686 - EXECUT - INFO - received weights from trainer sta0!
2025-11-05 03:32:51,440 - EXECUT - INFO - received weights from trainer sta1!
2025-11-05 03:34:22,052 - EXECUT - INFO - received weights from trainer sta2!
2025-11-05 03:35:43,023 - EXECUT - INFO - received weights from trainer sta3!
2025-11-05 03:37:09,704 - EXECUT - INFO - received weights from trainer sta5!
2025-11-05 03:38:19,425 - EXECUT - INFO - received weights from trainer sta4!
2025-11-05 03:38:20,891 - EXECUT - INFO - sent aggregated weights to trainers!
2025-11-05 03:38:57,974 - METRIC - INFO - {"loss": 0.05121404677629471, "accuracy": 0.9841269850730896, "energy_consumption": 0.40097958341666695, "selected": true, "client_name": "sta1"}
2025-11-05 03:38:58,995 - METRIC - INFO - {"loss": 0.05480019748210907, "accuracy": 0.981792688369751, "energy_consumption": 0.5440656214166668, "selected": true, "client_name": "sta0"}
2025-11-05 03:39:05,928 - METRIC - INFO - {"loss": 0.06318618357181549, "accuracy": 0.9757236242294312, "energy_consumption": 0.3289271905833341, "selected": true, "client_name": "sta2"}
2025-11-05 03:39:06,324 - METRIC - INFO - {"loss": 0.05363495275378227, "accuracy": 0.981792688369751, "energy_consumption": 0.33763296608333415, "selected": true, "client_name": "sta5"}
2025-11-05 03:39:06,584 - METRIC - INFO - {"loss": 0.05018983036279678, "accuracy": 0.9850606918334961, "energy_consumption": 0.3257500186666674, "selected": true, "client_name": "sta3"}
2025-11-05 03:39:08,720 - METRIC - INFO - {"loss": 0.04900496080517769, "accuracy": 0.9831932783126831, "energy_consumption": 0.3081581500833347, "selected": true, "client_name": "sta4"}
2025-11-05 03:39:08,941 - METRIC - INFO - mean_accuracy: 0.981948326031367

2025-11-05 03:39:08,941 - METRIC - INFO - round: 18
2025-11-05 03:39:08,941 - METRIC - INFO - n_selected: 6
2025-11-05 03:39:08,941 - METRIC - INFO - {"selected_trainers": ["sta0", "sta1", "sta2", "sta3", "sta5", "sta4"]}
2025-11-05 03:41:34,632 - EXECUT - INFO - received weights from trainer sta0!
2025-11-05 03:43:01,746 - EXECUT - INFO - received weights from trainer sta1!
2025-11-05 03:44:23,163 - EXECUT - INFO - received weights from trainer sta2!
2025-11-05 03:45:42,992 - EXECUT - INFO - received weights from trainer sta3!
2025-11-05 03:47:11,012 - EXECUT - INFO - received weights from trainer sta5!
2025-11-05 03:48:38,468 - EXECUT - INFO - received weights from trainer sta4!
2025-11-05 03:48:39,954 - EXECUT - INFO - sent aggregated weights to trainers!
2025-11-05 03:49:13,284 - METRIC - INFO - {"loss": 0.05012555047869682, "accuracy": 0.9827263951301575, "energy_consumption": 0.4217019344166668, "selected": true, "client_name": "sta1"}
2025-11-05 03:49:16,813 - METRIC - INFO - {"loss": 0.05519337207078934, "accuracy": 0.9827263951301575, "energy_consumption": 0.6002269017499997, "selected": true, "client_name": "sta0"}
2025-11-05 03:49:21,510 - METRIC - INFO - {"loss": 0.049636729061603546, "accuracy": 0.9845938086509705, "energy_consumption": 0.34512336250000064, "selected": true, "client_name": "sta3"}
2025-11-05 03:49:23,018 - METRIC - INFO - {"loss": 0.047965824604034424, "accuracy": 0.9827263951301575, "energy_consumption": 0.35644786258333416, "selected": true, "client_name": "sta5"}
2025-11-05 03:49:23,239 - METRIC - INFO - {"loss": 0.05975564196705818, "accuracy": 0.9771241545677185, "energy_consumption": 0.3483001995000009, "selected": true, "client_name": "sta2"}
2025-11-05 03:49:25,138 - METRIC - INFO - {"loss": 0.046128980815410614, "accuracy": 0.9841269850730896, "energy_consumption": 0.32586592283333493, "selected": true, "client_name": "sta4"}
2025-11-05 03:49:26,001 - METRIC - INFO - mean_accuracy: 0.9823373556137085

2025-11-05 03:49:26,001 - METRIC - INFO - round: 19
2025-11-05 03:49:26,001 - METRIC - INFO - n_selected: 6
2025-11-05 03:49:26,001 - METRIC - INFO - {"selected_trainers": ["sta0", "sta1", "sta2", "sta3", "sta5", "sta4"]}
2025-11-05 03:51:51,364 - EXECUT - INFO - received weights from trainer sta0!
2025-11-05 03:53:03,175 - EXECUT - INFO - received weights from trainer sta1!
2025-11-05 03:54:31,140 - EXECUT - INFO - received weights from trainer sta2!
2025-11-05 03:55:52,344 - EXECUT - INFO - received weights from trainer sta3!
2025-11-05 03:57:20,741 - EXECUT - INFO - received weights from trainer sta5!
2025-11-05 03:58:30,513 - EXECUT - INFO - received weights from trainer sta4!
2025-11-05 03:58:31,966 - EXECUT - INFO - sent aggregated weights to trainers!
2025-11-05 03:59:06,605 - METRIC - INFO - {"loss": 0.04942670464515686, "accuracy": 0.9822595715522766, "energy_consumption": 0.46204393916666797, "selected": true, "client_name": "sta1"}
2025-11-05 03:59:11,222 - METRIC - INFO - {"loss": 0.051219258457422256, "accuracy": 0.981792688369751, "energy_consumption": 0.6362026130833325, "selected": true, "client_name": "sta0"}
2025-11-05 03:59:15,986 - METRIC - INFO - {"loss": 0.04495676979422569, "accuracy": 0.9845938086509705, "energy_consumption": 0.34219352775000156, "selected": true, "client_name": "sta4"}
2025-11-05 03:59:17,997 - METRIC - INFO - {"loss": 0.04796508327126503, "accuracy": 0.9845938086509705, "energy_consumption": 0.3631223949166674, "selected": true, "client_name": "sta3"}
2025-11-05 03:59:18,013 - METRIC - INFO - {"loss": 0.059686511754989624, "accuracy": 0.9775910377502441, "energy_consumption": 0.36879446450000086, "selected": true, "client_name": "sta2"}
2025-11-05 03:59:18,272 - METRIC - INFO - {"loss": 0.051541518419981, "accuracy": 0.9822595715522766, "energy_consumption": 0.3763968453333346, "selected": true, "client_name": "sta5"}
2025-11-05 03:59:19,013 - METRIC - INFO - mean_accuracy: 0.9821817477544149

2025-11-05 03:59:19,013 - METRIC - INFO - round: 20
2025-11-05 03:59:19,013 - METRIC - INFO - n_selected: 6
2025-11-05 03:59:19,013 - METRIC - INFO - {"selected_trainers": ["sta0", "sta1", "sta2", "sta3", "sta5", "sta4"]}
2025-11-05 04:01:44,673 - EXECUT - INFO - received weights from trainer sta0!
2025-11-05 04:02:56,194 - EXECUT - INFO - received weights from trainer sta1!
2025-11-05 04:04:23,873 - EXECUT - INFO - received weights from trainer sta2!
2025-11-05 04:05:51,504 - EXECUT - INFO - received weights from trainer sta3!
2025-11-05 04:07:13,765 - EXECUT - INFO - received weights from trainer sta5!
2025-11-05 04:08:23,834 - EXECUT - INFO - received weights from trainer sta4!
2025-11-05 04:08:25,338 - EXECUT - INFO - sent aggregated weights to trainers!
2025-11-05 04:08:58,075 - METRIC - INFO - {"loss": 0.047864485532045364, "accuracy": 0.983660101890564, "energy_consumption": 0.4788911799166673, "selected": true, "client_name": "sta1"}
2025-11-05 04:09:02,152 - METRIC - INFO - {"loss": 0.05192349851131439, "accuracy": 0.9822595715522766, "energy_consumption": 0.6669493876666639, "selected": true, "client_name": "sta0"}
2025-11-05 04:09:08,475 - METRIC - INFO - {"loss": 0.04569995775818825, "accuracy": 0.9850606918334961, "energy_consumption": 0.3951410771666679, "selected": true, "client_name": "sta5"}
2025-11-05 04:09:09,421 - METRIC - INFO - {"loss": 0.04455765336751938, "accuracy": 0.9827263951301575, "energy_consumption": 0.3581702199166682, "selected": true, "client_name": "sta4"}
2025-11-05 04:09:09,501 - METRIC - INFO - {"loss": 0.049017760902643204, "accuracy": 0.9831932783126831, "energy_consumption": 0.3823606326666674, "selected": true, "client_name": "sta3"}
2025-11-05 04:09:11,364 - METRIC - INFO - {"loss": 0.05619101971387863, "accuracy": 0.9785247445106506, "energy_consumption": 0.39251022033333405, "selected": true, "client_name": "sta2"}
2025-11-05 04:09:11,385 - METRIC - INFO - mean_accuracy: 0.9825707972049713

2025-11-05 04:09:11,390 - METRIC - INFO - stop_condition: rounds
