2025-10-30 10:20:02,192 - EXECUT - INFO - starting server...
2025-10-30 10:20:10,145 - EXECUT - INFO - trainer number sta0 just joined the pool
2025-10-30 10:20:10,189 - EXECUT - INFO - trainer number sta2 just joined the pool
2025-10-30 10:20:10,189 - EXECUT - INFO - trainer number sta1 just joined the pool
2025-10-30 10:20:11,213 - METRIC - INFO - round: 1
2025-10-30 10:20:11,214 - METRIC - INFO - n_selected: 3
2025-10-30 10:20:11,214 - METRIC - INFO - {"selected_trainers": ["sta0", "sta2", "sta1"]}
2025-10-30 10:21:39,518 - EXECUT - INFO - received weights from trainer sta0!
2025-10-30 10:22:31,615 - EXECUT - INFO - received weights from trainer sta2!
2025-10-30 10:23:23,658 - EXECUT - INFO - received weights from trainer sta1!
2025-10-30 10:23:24,832 - EXECUT - INFO - sent aggregated weights to trainers!
2025-10-30 10:23:36,221 - METRIC - INFO - {"loss": 0.29165732860565186, "accuracy": 0.9229691624641418, "energy_consumption": 0.024096110166666653, "selected": true, "client_name": "sta0"}
2025-10-30 10:23:39,643 - METRIC - INFO - {"loss": 0.28095605969429016, "accuracy": 0.9154995083808899, "energy_consumption": 0.022347909416666673, "selected": true, "client_name": "sta1"}
2025-10-30 10:23:42,095 - METRIC - INFO - {"loss": 0.27333325147628784, "accuracy": 0.9215686321258545, "energy_consumption": 0.02045457708333333, "selected": true, "client_name": "sta2"}
2025-10-30 10:23:42,851 - METRIC - INFO - mean_accuracy: 0.9200124343236288

2025-10-30 10:23:42,851 - METRIC - INFO - round: 2
2025-10-30 10:23:42,851 - METRIC - INFO - n_selected: 3
2025-10-30 10:23:42,851 - METRIC - INFO - {"selected_trainers": ["sta0", "sta2", "sta1"]}
2025-10-30 10:25:10,156 - EXECUT - INFO - received weights from trainer sta0!
2025-10-30 10:26:38,019 - EXECUT - INFO - received weights from trainer sta2!
2025-10-30 10:27:30,090 - EXECUT - INFO - received weights from trainer sta1!
2025-10-30 10:27:31,250 - EXECUT - INFO - sent aggregated weights to trainers!
2025-10-30 10:27:42,961 - METRIC - INFO - {"loss": 0.3025575578212738, "accuracy": 0.920634925365448, "energy_consumption": 0.04690670833333335, "selected": true, "client_name": "sta0"}
2025-10-30 10:27:47,400 - METRIC - INFO - {"loss": 0.298902690410614, "accuracy": 0.9126983880996704, "energy_consumption": 0.04986506333333335, "selected": true, "client_name": "sta1"}
2025-10-30 10:27:48,880 - METRIC - INFO - {"loss": 0.2974228858947754, "accuracy": 0.916900098323822, "energy_consumption": 0.04195136225000001, "selected": true, "client_name": "sta2"}
2025-10-30 10:27:49,267 - METRIC - INFO - mean_accuracy: 0.9167444705963135

2025-10-30 10:27:49,270 - METRIC - INFO - stop_condition: rounds
