2025-10-30 10:39:20,789 - EXECUT - INFO - starting server...
2025-10-30 10:39:28,839 - EXECUT - INFO - trainer number sta2 just joined the pool
2025-10-30 10:39:28,883 - EXECUT - INFO - trainer number sta1 just joined the pool
2025-10-30 10:39:28,883 - EXECUT - INFO - trainer number sta0 just joined the pool
2025-10-30 10:39:29,809 - METRIC - INFO - round: 1
2025-10-30 10:39:29,810 - METRIC - INFO - n_selected: 3
2025-10-30 10:39:29,810 - METRIC - INFO - {"selected_trainers": ["sta2", "sta1", "sta0"]}
2025-10-30 10:39:58,613 - EXECUT - INFO - received weights from trainer sta2!
2025-10-30 10:40:24,277 - EXECUT - INFO - received weights from trainer sta1!
2025-10-30 10:41:10,278 - EXECUT - INFO - received weights from trainer sta0!
2025-10-30 10:41:11,358 - EXECUT - INFO - sent aggregated weights to trainers!
2025-10-30 10:41:18,421 - METRIC - INFO - {"loss": 0.2877708375453949, "accuracy": 0.9112978577613831, "energy_consumption": 0.012215201749999998, "selected": true, "client_name": "sta0"}
2025-10-30 10:41:20,897 - METRIC - INFO - {"loss": 0.2716977894306183, "accuracy": 0.920634925365448, "energy_consumption": 0.007833270499999998, "selected": true, "client_name": "sta1"}
2025-10-30 10:41:26,300 - METRIC - INFO - {"loss": 0.2864309847354889, "accuracy": 0.9201680421829224, "energy_consumption": 0.011940766833333335, "selected": true, "client_name": "sta2"}
2025-10-30 10:41:26,375 - METRIC - INFO - mean_accuracy: 0.9173669417699178

2025-10-30 10:41:26,376 - METRIC - INFO - round: 2
2025-10-30 10:41:26,376 - METRIC - INFO - n_selected: 3
2025-10-30 10:41:26,376 - METRIC - INFO - {"selected_trainers": ["sta2", "sta1", "sta0"]}
2025-10-30 10:42:12,600 - EXECUT - INFO - received weights from trainer sta2!
2025-10-30 10:42:59,155 - EXECUT - INFO - received weights from trainer sta1!
2025-10-30 10:43:30,728 - EXECUT - INFO - received weights from trainer sta0!
2025-10-30 10:43:31,806 - EXECUT - INFO - sent aggregated weights to trainers!
2025-10-30 10:43:44,284 - METRIC - INFO - {"loss": 0.2931283712387085, "accuracy": 0.9136320948600769, "energy_consumption": 0.030267783416666607, "selected": true, "client_name": "sta0"}
2025-10-30 10:43:45,018 - METRIC - INFO - {"loss": 0.29238811135292053, "accuracy": 0.9164332151412964, "energy_consumption": 0.01942726700000006, "selected": true, "client_name": "sta1"}
2025-10-30 10:43:50,155 - METRIC - INFO - {"loss": 0.3032671809196472, "accuracy": 0.918767511844635, "energy_consumption": 0.025896567999999984, "selected": true, "client_name": "sta2"}
2025-10-30 10:43:50,825 - METRIC - INFO - mean_accuracy: 0.9162776072820028

2025-10-30 10:43:50,828 - METRIC - INFO - stop_condition: rounds
