2025-11-04 12:09:58,305 - EXECUT - INFO - starting server...
2025-11-04 12:10:05,918 - EXECUT - INFO - trainer number sta3 just joined the pool
2025-11-04 12:10:06,175 - EXECUT - INFO - trainer number sta0 just joined the pool
2025-11-04 12:10:06,177 - EXECUT - INFO - trainer number sta2 just joined the pool
2025-11-04 12:10:06,218 - EXECUT - INFO - trainer number sta1 just joined the pool
2025-11-04 12:10:06,218 - EXECUT - INFO - trainer number sta5 just joined the pool
2025-11-04 12:10:06,512 - EXECUT - INFO - trainer number sta4 just joined the pool
2025-11-04 12:10:07,325 - METRIC - INFO - round: 1
2025-11-04 12:10:07,325 - METRIC - INFO - n_selected: 6
2025-11-04 12:10:07,325 - METRIC - INFO - {"selected_trainers": ["sta3", "sta0", "sta2", "sta1", "sta5", "sta4"]}
2025-11-04 12:10:54,028 - EXECUT - INFO - received weights from trainer sta3!
2025-11-04 12:11:44,825 - EXECUT - INFO - received weights from trainer sta0!
2025-11-04 12:12:25,296 - EXECUT - INFO - received weights from trainer sta2!
2025-11-04 12:13:11,183 - EXECUT - INFO - received weights from trainer sta1!
2025-11-04 12:13:57,828 - EXECUT - INFO - received weights from trainer sta5!
2025-11-04 12:14:38,013 - EXECUT - INFO - received weights from trainer sta4!
2025-11-04 12:14:39,296 - EXECUT - INFO - sent aggregated weights to trainers!
2025-11-04 12:14:54,304 - METRIC - INFO - {"loss": 0.2966265380382538, "accuracy": 0.9089635610580444, "energy_consumption": 0.03424800758333333, "selected": true, "client_name": "sta1"}
2025-11-04 12:14:59,114 - METRIC - INFO - {"loss": 0.273872047662735, "accuracy": 0.920634925365448, "energy_consumption": 0.012671099250000002, "selected": true, "client_name": "sta0"}
2025-11-04 12:14:59,800 - METRIC - INFO - {"loss": 0.287100225687027, "accuracy": 0.9112978577613831, "energy_consumption": 0.01058730283333333, "selected": true, "client_name": "sta5"}
2025-11-04 12:15:03,840 - METRIC - INFO - {"loss": 0.2861045002937317, "accuracy": 0.9136320948600769, "energy_consumption": 0.014246391916666665, "selected": true, "client_name": "sta3"}
2025-11-04 12:15:04,486 - METRIC - INFO - {"loss": 0.3003475069999695, "accuracy": 0.9122315645217896, "energy_consumption": 0.010442763416666667, "selected": true, "client_name": "sta2"}
2025-11-04 12:15:07,991 - METRIC - INFO - {"loss": 0.29709380865097046, "accuracy": 0.9103641510009766, "energy_consumption": 0.010026315249999997, "selected": true, "client_name": "sta4"}
2025-11-04 12:15:08,331 - METRIC - INFO - mean_accuracy: 0.9128540257612864

2025-11-04 12:15:08,347 - METRIC - INFO - stop_condition: rounds
