2025-10-30 12:14:07,627 - EXECUT - INFO - starting server...
2025-10-30 12:14:15,422 - EXECUT - INFO - trainer number sta1 just joined the pool
2025-10-30 12:14:15,473 - EXECUT - INFO - trainer number sta5 just joined the pool
2025-10-30 12:14:15,519 - EXECUT - INFO - trainer number sta4 just joined the pool
2025-10-30 12:14:15,519 - EXECUT - INFO - trainer number sta0 just joined the pool
2025-10-30 12:14:15,519 - EXECUT - INFO - trainer number sta2 just joined the pool
2025-10-30 12:14:15,604 - EXECUT - INFO - trainer number sta3 just joined the pool
2025-10-30 12:14:15,646 - METRIC - INFO - round: 1
2025-10-30 12:14:15,647 - METRIC - INFO - n_selected: 6
2025-10-30 12:14:15,647 - METRIC - INFO - {"selected_trainers": ["sta1", "sta5", "sta4", "sta2", "sta0", "sta3"]}
2025-10-30 12:15:01,610 - EXECUT - INFO - received weights from trainer sta1!
2025-10-30 12:15:48,570 - EXECUT - INFO - received weights from trainer sta5!
2025-10-30 12:16:34,386 - EXECUT - INFO - received weights from trainer sta4!
2025-10-30 12:17:20,299 - EXECUT - INFO - received weights from trainer sta2!
2025-10-30 12:18:08,981 - EXECUT - INFO - received weights from trainer sta0!
2025-10-30 12:18:55,448 - EXECUT - INFO - received weights from trainer sta3!
2025-10-30 12:18:56,740 - EXECUT - INFO - sent aggregated weights to trainers!
2025-10-30 12:19:12,844 - METRIC - INFO - {"loss": 0.2794196605682373, "accuracy": 0.9220354557037354, "energy_consumption": 0.012542073666666669, "selected": true, "client_name": "sta1"}
2025-10-30 12:19:16,370 - METRIC - INFO - {"loss": 0.27108827233314514, "accuracy": 0.918767511844635, "energy_consumption": 0.020583495083333347, "selected": true, "client_name": "sta0"}
2025-10-30 12:19:20,725 - METRIC - INFO - {"loss": 0.3047139346599579, "accuracy": 0.9140989780426025, "energy_consumption": 0.011401080500000002, "selected": true, "client_name": "sta5"}
2025-10-30 12:19:20,941 - METRIC - INFO - {"loss": 0.29207223653793335, "accuracy": 0.913165271282196, "energy_consumption": 0.01147418016666667, "selected": true, "client_name": "sta3"}
2025-10-30 12:19:21,196 - METRIC - INFO - {"loss": 0.28574803471565247, "accuracy": 0.9192343354225159, "energy_consumption": 0.010645040083333336, "selected": true, "client_name": "sta4"}
2025-10-30 12:19:23,058 - METRIC - INFO - {"loss": 0.2751820981502533, "accuracy": 0.9201680421829224, "energy_consumption": 0.011288541083333336, "selected": true, "client_name": "sta2"}
2025-10-30 12:19:23,775 - METRIC - INFO - mean_accuracy: 0.9179115990797678

2025-10-30 12:19:23,775 - METRIC - INFO - round: 2
2025-10-30 12:19:23,775 - METRIC - INFO - n_selected: 6
2025-10-30 12:19:23,775 - METRIC - INFO - {"selected_trainers": ["sta1", "sta5", "sta4", "sta2", "sta0", "sta3"]}
2025-10-30 12:20:07,136 - EXECUT - INFO - received weights from trainer sta1!
2025-10-30 12:20:51,119 - EXECUT - INFO - received weights from trainer sta5!
2025-10-30 12:21:29,800 - EXECUT - INFO - received weights from trainer sta4!
2025-10-30 12:22:13,200 - EXECUT - INFO - received weights from trainer sta2!
2025-10-30 12:23:03,035 - EXECUT - INFO - received weights from trainer sta0!
2025-10-30 12:23:45,408 - EXECUT - INFO - received weights from trainer sta3!
2025-10-30 12:23:46,681 - EXECUT - INFO - sent aggregated weights to trainers!
2025-10-30 12:24:04,487 - METRIC - INFO - {"loss": 0.35388514399528503, "accuracy": 0.9052287340164185, "energy_consumption": 0.050157068583333395, "selected": true, "client_name": "sta1"}
2025-10-30 12:24:07,025 - METRIC - INFO - {"loss": 0.34475603699684143, "accuracy": 0.8963585495948792, "energy_consumption": 0.0294401095833334, "selected": true, "client_name": "sta0"}
2025-10-30 12:24:11,423 - METRIC - INFO - {"loss": 0.3673545718193054, "accuracy": 0.893090546131134, "energy_consumption": 0.025927141666666674, "selected": true, "client_name": "sta5"}
2025-10-30 12:24:13,413 - METRIC - INFO - {"loss": 0.3782992959022522, "accuracy": 0.8954248428344727, "energy_consumption": 0.02152603491666667, "selected": true, "client_name": "sta3"}
2025-10-30 12:24:13,653 - METRIC - INFO - {"loss": 0.36226433515548706, "accuracy": 0.8944911360740662, "energy_consumption": 0.024949586250000006, "selected": true, "client_name": "sta2"}
2025-10-30 12:24:13,759 - METRIC - INFO - {"loss": 0.3558597266674042, "accuracy": 0.8954248428344727, "energy_consumption": 0.02100653258333335, "selected": true, "client_name": "sta4"}
2025-10-30 12:24:14,710 - METRIC - INFO - mean_accuracy: 0.8966697752475739

2025-10-30 12:24:14,724 - METRIC - INFO - stop_condition: rounds
