2025-11-05 12:39:00,653 - EXECUT - INFO - starting server...
2025-11-05 12:39:07,669 - EXECUT - INFO - trainer number sta2 just joined the pool
2025-11-05 12:39:07,739 - EXECUT - INFO - trainer number sta4 just joined the pool
2025-11-05 12:39:07,792 - EXECUT - INFO - trainer number sta1 just joined the pool
2025-11-05 12:39:08,339 - EXECUT - INFO - trainer number sta0 just joined the pool
2025-11-05 12:39:08,384 - EXECUT - INFO - trainer number sta5 just joined the pool
2025-11-05 12:39:08,966 - EXECUT - INFO - trainer number sta3 just joined the pool
2025-11-05 12:39:09,673 - METRIC - INFO - round: 1
2025-11-05 12:39:09,673 - METRIC - INFO - n_selected: 6
2025-11-05 12:39:09,674 - METRIC - INFO - {"selected_trainers": ["sta2", "sta4", "sta1", "sta0", "sta5", "sta3"]}
2025-11-05 12:40:53,579 - EXECUT - INFO - received weights from trainer sta2!
2025-11-05 12:43:22,310 - EXECUT - INFO - received weights from trainer sta4!
2025-11-05 12:45:03,156 - EXECUT - INFO - received weights from trainer sta1!
2025-11-05 12:47:07,462 - EXECUT - INFO - received weights from trainer sta0!
2025-11-05 12:49:06,887 - EXECUT - INFO - received weights from trainer sta5!
2025-11-05 12:51:38,003 - EXECUT - INFO - received weights from trainer sta3!
2025-11-05 12:51:39,549 - EXECUT - INFO - sent aggregated weights to trainers!
2025-11-05 12:52:15,609 - METRIC - INFO - {"loss": 0.2524379789829254, "accuracy": 0.9266886115074158, "energy_consumption": 0.029783979916666682, "selected": true, "client_name": "sta0"}
2025-11-05 12:52:16,947 - METRIC - INFO - {"loss": 0.24556615948677063, "accuracy": 0.9291598200798035, "energy_consumption": 0.023425059916666668, "selected": true, "client_name": "sta1"}
2025-11-05 12:52:19,712 - METRIC - INFO - {"loss": 0.25838643312454224, "accuracy": 0.9312910437583923, "energy_consumption": 0.025939264333333337, "selected": true, "client_name": "sta5"}
2025-11-05 12:52:22,621 - METRIC - INFO - {"loss": 0.264390766620636, "accuracy": 0.9238055944442749, "energy_consumption": 0.025211676083333336, "selected": true, "client_name": "sta4"}
2025-11-05 12:52:23,107 - METRIC - INFO - {"loss": 0.27521201968193054, "accuracy": 0.9176276922225952, "energy_consumption": 0.025538014583333334, "selected": true, "client_name": "sta2"}
2025-11-05 12:52:23,237 - METRIC - INFO - {"loss": 0.25005650520324707, "accuracy": 0.925571084022522, "energy_consumption": 0.02417180841666667, "selected": true, "client_name": "sta3"}
2025-11-05 12:52:23,603 - METRIC - INFO - mean_accuracy: 0.925690641005834

2025-11-05 12:52:23,608 - METRIC - INFO - stop_condition: rounds
