2025-11-18 13:39:15,979 - EXECUT - INFO - starting server...
2025-11-18 13:39:24,391 - EXECUT - INFO - trainer number sta1 just joined the pool
2025-11-18 13:39:25,094 - EXECUT - INFO - trainer number sta0 just joined the pool
2025-11-18 13:39:26,002 - METRIC - INFO - round: 1
2025-11-18 13:39:26,002 - METRIC - INFO - n_selected: 2
2025-11-18 13:39:26,002 - METRIC - INFO - {"selected_trainers": ["sta1", "sta0"]}
2025-11-18 13:40:56,617 - EXECUT - INFO - received weights from trainer sta1!
2025-11-18 13:41:48,379 - EXECUT - INFO - received weights from trainer sta0!
2025-11-18 13:41:49,502 - EXECUT - INFO - sent aggregated weights to trainers!
2025-11-18 13:41:54,059 - METRIC - INFO - {"loss": 0.24390004575252533, "accuracy": 0.9311552047729492, "energy_consumption": 2.099877203060556e-25, "selected": true, "host_energy_consumption": 2216037600.0, "client_name": "sta1"}
2025-11-18 13:41:54,170 - METRIC - INFO - {"loss": 0.23841136693954468, "accuracy": 0.9310979843139648, "energy_consumption": 1.4213470538388885e-25, "selected": true, "host_energy_consumption": 1591366654.0, "client_name": "sta0"}
2025-11-18 13:41:54,507 - METRIC - INFO - mean_accuracy: 0.931126594543457

2025-11-18 13:41:54,507 - METRIC - INFO - round: 2
2025-11-18 13:41:54,507 - METRIC - INFO - n_selected: 2
2025-11-18 13:41:54,507 - METRIC - INFO - {"selected_trainers": ["sta1", "sta0"]}
2025-11-18 13:43:20,570 - EXECUT - INFO - received weights from trainer sta1!
2025-11-18 13:44:47,371 - EXECUT - INFO - received weights from trainer sta0!
2025-11-18 13:44:48,484 - EXECUT - INFO - sent aggregated weights to trainers!
2025-11-18 13:44:53,318 - METRIC - INFO - {"loss": 0.23765744268894196, "accuracy": 0.9299926161766052, "energy_consumption": 3.981657290420557e-25, "selected": true, "host_energy_consumption": 4045823688.0, "client_name": "sta0"}
2025-11-18 13:44:53,715 - METRIC - INFO - {"loss": 0.24520520865917206, "accuracy": 0.9237650632858276, "energy_consumption": 4.162894143486666e-25, "selected": true, "host_energy_consumption": 4495491603.0, "client_name": "sta1"}
2025-11-18 13:44:54,490 - METRIC - INFO - mean_accuracy: 0.9268788397312164

2025-11-18 13:44:54,493 - METRIC - INFO - stop_condition: rounds
