2025-11-13 13:35:30,760 - EXECUT - INFO - starting server...
2025-11-13 13:35:38,840 - EXECUT - INFO - trainer number sta4 just joined the pool
2025-11-13 13:35:38,886 - EXECUT - INFO - trainer number sta0 just joined the pool
2025-11-13 13:35:38,970 - EXECUT - INFO - trainer number sta5 just joined the pool
2025-11-13 13:35:39,138 - EXECUT - INFO - trainer number sta3 just joined the pool
2025-11-13 13:35:39,225 - EXECUT - INFO - trainer number sta2 just joined the pool
2025-11-13 13:35:39,528 - EXECUT - INFO - trainer number sta1 just joined the pool
2025-11-13 13:35:39,775 - METRIC - INFO - round: 1
2025-11-13 13:35:39,776 - METRIC - INFO - n_selected: 6
2025-11-13 13:35:39,776 - METRIC - INFO - {"selected_trainers": ["sta4", "sta0", "sta5", "sta3", "sta2", "sta1"]}
2025-11-13 13:36:27,347 - EXECUT - INFO - received weights from trainer sta4!
2025-11-13 13:36:58,803 - EXECUT - INFO - received weights from trainer sta0!
2025-11-13 13:37:44,571 - EXECUT - INFO - received weights from trainer sta5!
2025-11-13 13:38:31,809 - EXECUT - INFO - received weights from trainer sta3!
2025-11-13 13:39:59,332 - EXECUT - INFO - received weights from trainer sta2!
2025-11-13 13:41:27,167 - EXECUT - INFO - received weights from trainer sta1!
2025-11-13 13:41:28,514 - EXECUT - INFO - sent aggregated weights to trainers!
2025-11-13 13:41:53,590 - METRIC - INFO - {"loss": 0.26334917545318604, "accuracy": 0.9260393977165222, "energy_consumption": 0.014134664500000005, "selected": true, "host_energy_consumption": 657843513.0, "client_name": "sta1"}
2025-11-13 13:41:56,488 - METRIC - INFO - {"loss": 0.3002315163612366, "accuracy": 0.9267982244491577, "energy_consumption": 0.003911496166666662, "selected": true, "host_energy_consumption": 318879933.0, "client_name": "sta0"}
2025-11-13 13:42:00,618 - METRIC - INFO - {"loss": 0.2781578302383423, "accuracy": 0.9163920879364014, "energy_consumption": 0.011506681166666664, "selected": true, "host_energy_consumption": 432448752.0, "client_name": "sta3"}
2025-11-13 13:42:00,638 - METRIC - INFO - {"loss": 0.24917005002498627, "accuracy": 0.9270449280738831, "energy_consumption": 0.01608967216666667, "selected": true, "host_energy_consumption": 673176704.0, "client_name": "sta2"}
2025-11-13 13:42:01,013 - METRIC - INFO - {"loss": 0.3097330927848816, "accuracy": 0.9114999771118164, "energy_consumption": 0.009519201083333333, "selected": true, "host_energy_consumption": 444381209.0, "client_name": "sta5"}
2025-11-13 13:42:02,587 - METRIC - INFO - {"loss": 0.29723820090293884, "accuracy": 0.9242520928382874, "energy_consumption": 0.009535109083333335, "selected": true, "host_energy_consumption": 358477098.0, "client_name": "sta4"}
2025-11-13 13:42:03,555 - METRIC - INFO - mean_accuracy: 0.9220044513543447

2025-11-13 13:42:03,556 - METRIC - INFO - round: 2
2025-11-13 13:42:03,556 - METRIC - INFO - n_selected: 6
2025-11-13 13:42:03,556 - METRIC - INFO - {"selected_trainers": ["sta4", "sta0", "sta5", "sta3", "sta2", "sta1"]}
2025-11-13 13:42:50,270 - EXECUT - INFO - received weights from trainer sta4!
2025-11-13 13:43:20,382 - EXECUT - INFO - received weights from trainer sta0!
2025-11-13 13:44:01,033 - EXECUT - INFO - received weights from trainer sta5!
2025-11-13 13:44:47,882 - EXECUT - INFO - received weights from trainer sta3!
2025-11-13 13:46:15,701 - EXECUT - INFO - received weights from trainer sta2!
2025-11-13 13:47:43,980 - EXECUT - INFO - received weights from trainer sta1!
2025-11-13 13:47:45,303 - EXECUT - INFO - sent aggregated weights to trainers!
2025-11-13 13:48:09,310 - METRIC - INFO - {"loss": 0.4170030653476715, "accuracy": 0.887969434261322, "energy_consumption": 0.01038134925, "selected": true, "host_energy_consumption": 638556714.0, "client_name": "sta0"}
2025-11-13 13:48:12,343 - METRIC - INFO - {"loss": 0.35225456953048706, "accuracy": 0.8971553444862366, "energy_consumption": 0.02748640508333336, "selected": true, "host_energy_consumption": 1343179332.0, "client_name": "sta1"}
2025-11-13 13:48:14,777 - METRIC - INFO - {"loss": 0.4145224094390869, "accuracy": 0.8892425298690796, "energy_consumption": 0.024314864416666665, "selected": true, "host_energy_consumption": 715587231.0, "client_name": "sta4"}
2025-11-13 13:48:17,091 - METRIC - INFO - {"loss": 0.39947864413261414, "accuracy": 0.8880000114440918, "energy_consumption": 0.01765180183333334, "selected": true, "host_energy_consumption": 806876959.0, "client_name": "sta5"}
2025-11-13 13:48:17,236 - METRIC - INFO - {"loss": 0.35380667448043823, "accuracy": 0.8986820578575134, "energy_consumption": 0.02712047316666666, "selected": true, "host_energy_consumption": 862996174.0, "client_name": "sta3"}
2025-11-13 13:48:17,880 - METRIC - INFO - {"loss": 0.32633110880851746, "accuracy": 0.9086219668388367, "energy_consumption": 0.03216243558333333, "selected": true, "host_energy_consumption": 1350801557.0, "client_name": "sta2"}
2025-11-13 13:48:18,337 - METRIC - INFO - mean_accuracy: 0.89494522412618

2025-11-13 13:48:18,337 - METRIC - INFO - round: 3
2025-11-13 13:48:18,337 - METRIC - INFO - n_selected: 6
2025-11-13 13:48:18,337 - METRIC - INFO - {"selected_trainers": ["sta4", "sta0", "sta5", "sta3", "sta2", "sta1"]}
2025-11-13 13:48:51,957 - EXECUT - INFO - received weights from trainer sta4!
2025-11-13 13:49:38,905 - EXECUT - INFO - received weights from trainer sta0!
2025-11-13 13:50:20,428 - EXECUT - INFO - received weights from trainer sta5!
2025-11-13 13:51:07,241 - EXECUT - INFO - received weights from trainer sta3!
2025-11-13 13:52:09,300 - EXECUT - INFO - received weights from trainer sta2!
2025-11-13 13:52:58,378 - EXECUT - INFO - received weights from trainer sta1!
2025-11-13 13:52:59,675 - EXECUT - INFO - sent aggregated weights to trainers!
2025-11-13 13:53:20,676 - METRIC - INFO - {"loss": 0.24130696058273315, "accuracy": 0.9308533668518066, "energy_consumption": 0.05381886800000005, "selected": true, "host_energy_consumption": 1741273889.0, "client_name": "sta1"}
2025-11-13 13:53:29,338 - METRIC - INFO - {"loss": 0.25695523619651794, "accuracy": 0.9318904876708984, "energy_consumption": 0.021803241583333292, "selected": true, "host_energy_consumption": 1135376007.0, "client_name": "sta0"}
2025-11-13 13:53:29,616 - METRIC - INFO - {"loss": 0.27003076672554016, "accuracy": 0.921500027179718, "energy_consumption": 0.026897352083333353, "selected": true, "host_energy_consumption": 1210705257.0, "client_name": "sta5"}
2025-11-13 13:53:30,630 - METRIC - INFO - {"loss": 0.25538307428359985, "accuracy": 0.9217059016227722, "energy_consumption": 0.03099319116666667, "selected": true, "host_energy_consumption": 964166279.0, "client_name": "sta4"}
2025-11-13 13:53:31,002 - METRIC - INFO - {"loss": 0.25332826375961304, "accuracy": 0.9205107092857361, "energy_consumption": 0.037975849000000006, "selected": true, "host_energy_consumption": 1304765626.0, "client_name": "sta3"}
2025-11-13 13:53:32,732 - METRIC - INFO - {"loss": 0.22533032298088074, "accuracy": 0.934045672416687, "energy_consumption": 0.047240065083333296, "selected": true, "host_energy_consumption": 1838048209.0, "client_name": "sta2"}
2025-11-13 13:53:33,710 - METRIC - INFO - mean_accuracy: 0.926751027504603

2025-11-13 13:53:33,710 - METRIC - INFO - round: 4
2025-11-13 13:53:33,710 - METRIC - INFO - n_selected: 6
2025-11-13 13:53:33,710 - METRIC - INFO - {"selected_trainers": ["sta4", "sta0", "sta5", "sta3", "sta2", "sta1"]}
2025-11-13 13:54:06,507 - EXECUT - INFO - received weights from trainer sta4!
2025-11-13 13:54:53,043 - EXECUT - INFO - received weights from trainer sta0!
2025-11-13 13:55:32,938 - EXECUT - INFO - received weights from trainer sta5!
2025-11-13 13:56:21,695 - EXECUT - INFO - received weights from trainer sta3!
2025-11-13 13:57:20,716 - EXECUT - INFO - received weights from trainer sta2!
2025-11-13 13:58:49,108 - EXECUT - INFO - received weights from trainer sta1!
2025-11-13 13:58:50,431 - EXECUT - INFO - sent aggregated weights to trainers!
2025-11-13 13:59:19,159 - METRIC - INFO - {"loss": 0.17954319715499878, "accuracy": 0.9474835991859436, "energy_consumption": 0.06736029525000012, "selected": true, "host_energy_consumption": 2420743435.0, "client_name": "sta1"}
2025-11-13 13:59:20,040 - METRIC - INFO - {"loss": 0.18901748955249786, "accuracy": 0.9471673965454102, "energy_consumption": 0.03326988616666653, "selected": true, "host_energy_consumption": 1600711042.0, "client_name": "sta0"}
2025-11-13 13:59:23,103 - METRIC - INFO - {"loss": 0.19361725449562073, "accuracy": 0.9394563436508179, "energy_consumption": 0.04980864391666662, "selected": true, "host_energy_consumption": 1739410156.0, "client_name": "sta3"}
2025-11-13 13:59:23,375 - METRIC - INFO - {"loss": 0.19680485129356384, "accuracy": 0.9409999847412109, "energy_consumption": 0.03611521333333334, "selected": true, "host_energy_consumption": 1597097506.0, "client_name": "sta5"}
2025-11-13 13:59:23,642 - METRIC - INFO - {"loss": 0.18859294056892395, "accuracy": 0.9452577829360962, "energy_consumption": 0.03864782908333335, "selected": true, "host_energy_consumption": 1224421085.0, "client_name": "sta4"}
2025-11-13 13:59:29,085 - METRIC - INFO - {"loss": 0.1651981770992279, "accuracy": 0.9498894810676575, "energy_consumption": 0.06177776725000002, "selected": true, "host_energy_consumption": 2309324175.0, "client_name": "sta2"}
2025-11-13 13:59:29,470 - METRIC - INFO - mean_accuracy: 0.9450424313545227

2025-11-13 13:59:29,471 - METRIC - INFO - round: 5
2025-11-13 13:59:29,471 - METRIC - INFO - n_selected: 6
2025-11-13 13:59:29,471 - METRIC - INFO - {"selected_trainers": ["sta4", "sta0", "sta5", "sta3", "sta2", "sta1"]}
2025-11-13 14:00:04,064 - EXECUT - INFO - received weights from trainer sta4!
2025-11-13 14:00:50,523 - EXECUT - INFO - received weights from trainer sta0!
2025-11-13 14:01:40,549 - EXECUT - INFO - received weights from trainer sta5!
2025-11-13 14:03:06,679 - EXECUT - INFO - received weights from trainer sta3!
2025-11-13 14:04:07,972 - EXECUT - INFO - received weights from trainer sta2!
2025-11-13 14:04:57,539 - EXECUT - INFO - received weights from trainer sta1!
2025-11-13 14:04:58,830 - EXECUT - INFO - sent aggregated weights to trainers!
2025-11-13 14:05:21,862 - METRIC - INFO - {"loss": 0.14274941384792328, "accuracy": 0.9619256258010864, "energy_consumption": 0.07903955625000028, "selected": true, "host_energy_consumption": 2860871766.0, "client_name": "sta1"}
2025-11-13 14:05:23,297 - METRIC - INFO - {"loss": 0.14363889396190643, "accuracy": 0.9598981738090515, "energy_consumption": 0.04145091424999952, "selected": true, "host_energy_consumption": 2096936921.0, "client_name": "sta0"}
2025-11-13 14:05:29,241 - METRIC - INFO - {"loss": 0.15513582527637482, "accuracy": 0.953459620475769, "energy_consumption": 0.06337317400000006, "selected": true, "host_energy_consumption": 2608482812.0, "client_name": "sta3"}
2025-11-13 14:05:29,257 - METRIC - INFO - {"loss": 0.14277157187461853, "accuracy": 0.9592615962028503, "energy_consumption": 0.04666131708333342, "selected": true, "host_energy_consumption": 1489915808.0, "client_name": "sta4"}
2025-11-13 14:05:29,667 - METRIC - INFO - {"loss": 0.126224547624588, "accuracy": 0.9613116979598999, "energy_consumption": 0.07651939658333347, "selected": true, "host_energy_consumption": 2812378574.0, "client_name": "sta2"}
2025-11-13 14:05:30,292 - METRIC - INFO - {"loss": 0.14873477816581726, "accuracy": 0.9545000195503235, "energy_consumption": 0.045455051833333426, "selected": true, "host_energy_consumption": 2058306931.0, "client_name": "sta5"}
2025-11-13 14:05:30,863 - METRIC - INFO - mean_accuracy: 0.9583927889664968

2025-11-13 14:05:30,863 - METRIC - INFO - round: 6
2025-11-13 14:05:30,863 - METRIC - INFO - n_selected: 6
2025-11-13 14:05:30,863 - METRIC - INFO - {"selected_trainers": ["sta4", "sta0", "sta5", "sta3", "sta2", "sta1"]}
2025-11-13 14:06:03,216 - EXECUT - INFO - received weights from trainer sta4!
2025-11-13 14:06:34,072 - EXECUT - INFO - received weights from trainer sta0!
2025-11-13 14:07:22,890 - EXECUT - INFO - received weights from trainer sta5!
2025-11-13 14:08:10,899 - EXECUT - INFO - received weights from trainer sta3!
2025-11-13 14:09:12,206 - EXECUT - INFO - received weights from trainer sta2!
2025-11-13 14:09:59,245 - EXECUT - INFO - received weights from trainer sta1!
2025-11-13 14:10:00,551 - EXECUT - INFO - sent aggregated weights to trainers!
2025-11-13 14:10:23,353 - METRIC - INFO - {"loss": 0.11540716886520386, "accuracy": 0.9675366282463074, "energy_consumption": 0.047373461083332895, "selected": true, "host_energy_consumption": 2427777706.0, "client_name": "sta0"}
2025-11-13 14:10:24,939 - METRIC - INFO - {"loss": 0.11499850451946259, "accuracy": 0.9645514488220215, "energy_consumption": 0.09074048933333348, "selected": true, "host_energy_consumption": 3265381654.0, "client_name": "sta1"}
2025-11-13 14:10:29,421 - METRIC - INFO - {"loss": 0.11777029931545258, "accuracy": 0.9629999995231628, "energy_consumption": 0.05567545858333339, "selected": true, "host_energy_consumption": 2511979804.0, "client_name": "sta5"}
2025-11-13 14:10:30,378 - METRIC - INFO - {"loss": 0.10246019065380096, "accuracy": 0.9701547622680664, "energy_consumption": 0.09213146333333348, "selected": true, "host_energy_consumption": 3311168896.0, "client_name": "sta2"}
2025-11-13 14:10:32,179 - METRIC - INFO - {"loss": 0.11394013464450836, "accuracy": 0.9675366282463074, "energy_consumption": 0.0533458675000001, "selected": true, "host_energy_consumption": 1751278695.0, "client_name": "sta4"}
2025-11-13 14:10:33,077 - METRIC - INFO - {"loss": 0.12737606465816498, "accuracy": 0.9588138461112976, "energy_consumption": 0.08082628925000016, "selected": true, "host_energy_consumption": 3074966043.0, "client_name": "sta3"}
2025-11-13 14:10:33,584 - METRIC - INFO - mean_accuracy: 0.9652655522028605

2025-11-13 14:10:33,585 - METRIC - INFO - round: 7
2025-11-13 14:10:33,585 - METRIC - INFO - n_selected: 6
2025-11-13 14:10:33,585 - METRIC - INFO - {"selected_trainers": ["sta4", "sta0", "sta5", "sta3", "sta2", "sta1"]}
2025-11-13 14:11:07,009 - EXECUT - INFO - received weights from trainer sta4!
2025-11-13 14:11:40,656 - EXECUT - INFO - received weights from trainer sta0!
2025-11-13 14:12:28,736 - EXECUT - INFO - received weights from trainer sta5!
2025-11-13 14:13:14,743 - EXECUT - INFO - received weights from trainer sta3!
2025-11-13 14:14:43,179 - EXECUT - INFO - received weights from trainer sta2!
2025-11-13 14:16:12,045 - EXECUT - INFO - received weights from trainer sta1!
2025-11-13 14:16:13,342 - EXECUT - INFO - sent aggregated weights to trainers!
2025-11-13 14:16:38,110 - METRIC - INFO - {"loss": 0.09376335144042969, "accuracy": 0.9739019870758057, "energy_consumption": 0.05472955583333288, "selected": true, "host_energy_consumption": 2767561159.0, "client_name": "sta0"}
2025-11-13 14:16:40,407 - METRIC - INFO - {"loss": 0.09821043163537979, "accuracy": 0.9680525064468384, "energy_consumption": 0.10511518024999958, "selected": true, "host_energy_consumption": 3975900757.0, "client_name": "sta1"}
2025-11-13 14:16:43,373 - METRIC - INFO - {"loss": 0.10588207095861435, "accuracy": 0.9678747653961182, "energy_consumption": 0.09165578625000018, "selected": true, "host_energy_consumption": 3507209818.0, "client_name": "sta3"}
2025-11-13 14:16:44,705 - METRIC - INFO - {"loss": 0.09360243380069733, "accuracy": 0.9726288914680481, "energy_consumption": 0.0605130180000001, "selected": true, "host_energy_consumption": 2015996786.0, "client_name": "sta4"}
2025-11-13 14:16:44,837 - METRIC - INFO - {"loss": 0.09629452973604202, "accuracy": 0.9714999794960022, "energy_consumption": 0.06771602741666666, "selected": true, "host_energy_consumption": 2994559188.0, "client_name": "sta5"}
2025-11-13 14:16:46,335 - METRIC - INFO - {"loss": 0.08580409735441208, "accuracy": 0.9764185547828674, "energy_consumption": 0.10818076758333343, "selected": true, "host_energy_consumption": -61525491540.0, "client_name": "sta2"}
2025-11-13 14:16:46,376 - METRIC - INFO - mean_accuracy: 0.97172944744428

2025-11-13 14:16:46,376 - METRIC - INFO - round: 8
2025-11-13 14:16:46,376 - METRIC - INFO - n_selected: 6
2025-11-13 14:16:46,376 - METRIC - INFO - {"selected_trainers": ["sta4", "sta0", "sta5", "sta3", "sta2", "sta1"]}
2025-11-13 14:17:19,519 - EXECUT - INFO - received weights from trainer sta4!
2025-11-13 14:17:51,527 - EXECUT - INFO - received weights from trainer sta0!
2025-11-13 14:18:41,675 - EXECUT - INFO - received weights from trainer sta5!
2025-11-13 14:19:32,104 - EXECUT - INFO - received weights from trainer sta3!
2025-11-13 14:21:02,361 - EXECUT - INFO - received weights from trainer sta2!
2025-11-13 14:21:50,957 - EXECUT - INFO - received weights from trainer sta1!
2025-11-13 14:21:52,245 - EXECUT - INFO - sent aggregated weights to trainers!
2025-11-13 14:22:17,565 - METRIC - INFO - {"loss": 0.08728204667568207, "accuracy": 0.9750546813011169, "energy_consumption": 0.11698404949999933, "selected": true, "host_energy_consumption": 4379479206.0, "client_name": "sta1"}
2025-11-13 14:22:18,939 - METRIC - INFO - {"loss": 0.08194369077682495, "accuracy": 0.9770846366882324, "energy_consumption": 0.06179752908333274, "selected": true, "host_energy_consumption": 3099718039.0, "client_name": "sta0"}
2025-11-13 14:22:24,774 - METRIC - INFO - {"loss": 0.08114726841449738, "accuracy": 0.9777212142944336, "energy_consumption": 0.07087889183333347, "selected": true, "host_energy_consumption": 2268543860.0, "client_name": "sta4"}
2025-11-13 14:22:24,905 - METRIC - INFO - {"loss": 0.07597685605287552, "accuracy": 0.97826087474823, "energy_consumption": 0.12409748824999993, "selected": true, "host_energy_consumption": -60788992961.0, "client_name": "sta2"}
2025-11-13 14:22:26,505 - METRIC - INFO - {"loss": 0.08355638384819031, "accuracy": 0.9760000109672546, "energy_consumption": 0.07809102500000004, "selected": true, "host_energy_consumption": 3453604556.0, "client_name": "sta5"}
2025-11-13 14:22:27,078 - METRIC - INFO - {"loss": 0.09210778027772903, "accuracy": 0.9707578420639038, "energy_consumption": 0.10729377900000017, "selected": true, "host_energy_consumption": 3952970564.0, "client_name": "sta3"}
2025-11-13 14:22:27,280 - METRIC - INFO - mean_accuracy: 0.9758132100105286

2025-11-13 14:22:27,281 - METRIC - INFO - round: 9
2025-11-13 14:22:27,281 - METRIC - INFO - n_selected: 6
2025-11-13 14:22:27,281 - METRIC - INFO - {"selected_trainers": ["sta4", "sta0", "sta5", "sta3", "sta2", "sta1"]}
2025-11-13 14:22:59,482 - EXECUT - INFO - received weights from trainer sta4!
2025-11-13 14:23:30,883 - EXECUT - INFO - received weights from trainer sta0!
2025-11-13 14:24:16,792 - EXECUT - INFO - received weights from trainer sta5!
2025-11-13 14:25:02,766 - EXECUT - INFO - received weights from trainer sta3!
2025-11-13 14:26:03,758 - EXECUT - INFO - received weights from trainer sta2!
2025-11-13 14:26:55,324 - EXECUT - INFO - received weights from trainer sta1!
2025-11-13 14:26:56,621 - EXECUT - INFO - sent aggregated weights to trainers!
2025-11-13 14:27:21,305 - METRIC - INFO - {"loss": 0.0716405063867569, "accuracy": 0.97835773229599, "energy_consumption": 0.06834536066666635, "selected": true, "host_energy_consumption": 3446103598.0, "client_name": "sta0"}
2025-11-13 14:27:21,515 - METRIC - INFO - {"loss": 0.07751186937093735, "accuracy": 0.974617063999176, "energy_consumption": 0.130179600333333, "selected": true, "host_energy_consumption": 4839729605.0, "client_name": "sta1"}
2025-11-13 14:27:30,228 - METRIC - INFO - {"loss": 0.08640089631080627, "accuracy": 0.9711697101593018, "energy_consumption": 0.11849068025000017, "selected": true, "host_energy_consumption": 4444274166.0, "client_name": "sta3"}
2025-11-13 14:27:31,732 - METRIC - INFO - {"loss": 0.0742567703127861, "accuracy": 0.9775000214576721, "energy_consumption": 0.08854691649999985, "selected": true, "host_energy_consumption": 3934040496.0, "client_name": "sta5"}
2025-11-13 14:27:32,268 - METRIC - INFO - {"loss": 0.06620199978351593, "accuracy": 0.9797347187995911, "energy_consumption": 0.14394969983333322, "selected": true, "host_energy_consumption": -60289947220.0, "client_name": "sta2"}
2025-11-13 14:27:33,268 - METRIC - INFO - {"loss": 0.07574166357517242, "accuracy": 0.9809038639068604, "energy_consumption": 0.08212336966666679, "selected": true, "host_energy_consumption": 2554774022.0, "client_name": "sta4"}
2025-11-13 14:27:33,659 - METRIC - INFO - mean_accuracy: 0.9770471851030985

2025-11-13 14:27:33,660 - METRIC - INFO - round: 10
2025-11-13 14:27:33,660 - METRIC - INFO - n_selected: 6
2025-11-13 14:27:33,660 - METRIC - INFO - {"selected_trainers": ["sta4", "sta0", "sta5", "sta3", "sta2", "sta1"]}
2025-11-13 14:28:22,861 - EXECUT - INFO - received weights from trainer sta4!
2025-11-13 14:28:55,242 - EXECUT - INFO - received weights from trainer sta0!
2025-11-13 14:29:37,759 - EXECUT - INFO - received weights from trainer sta5!
2025-11-13 14:30:26,707 - EXECUT - INFO - received weights from trainer sta3!
2025-11-13 14:31:27,249 - EXECUT - INFO - received weights from trainer sta2!
2025-11-13 14:32:14,766 - EXECUT - INFO - received weights from trainer sta1!
2025-11-13 14:32:16,057 - EXECUT - INFO - sent aggregated weights to trainers!
2025-11-13 14:32:37,179 - METRIC - INFO - {"loss": 0.0705748051404953, "accuracy": 0.9754923582077026, "energy_consumption": 0.1693545202500001, "selected": true, "host_energy_consumption": 5234396374.0, "client_name": "sta1"}
2025-11-13 14:32:38,824 - METRIC - INFO - {"loss": 0.06230117380619049, "accuracy": 0.9821769595146179, "energy_consumption": 0.07920636183333313, "selected": true, "host_energy_consumption": 3785303692.0, "client_name": "sta0"}
2025-11-13 14:32:44,841 - METRIC - INFO - {"loss": 0.06909909099340439, "accuracy": 0.9789999723434448, "energy_consumption": 0.09819066641666646, "selected": true, "host_energy_consumption": 4360164425.0, "client_name": "sta5"}
2025-11-13 14:32:45,064 - METRIC - INFO - {"loss": 0.07533452659845352, "accuracy": 0.9744645953178406, "energy_consumption": 0.13258847825000034, "selected": true, "host_energy_consumption": 4911825442.0, "client_name": "sta3"}
2025-11-13 14:32:45,699 - METRIC - INFO - {"loss": 0.06616173684597015, "accuracy": 0.9821769595146179, "energy_consumption": 0.09263513516666684, "selected": true, "host_energy_consumption": 2929159889.0, "client_name": "sta4"}
2025-11-13 14:32:47,193 - METRIC - INFO - {"loss": 0.0592997744679451, "accuracy": 0.9826824069023132, "energy_consumption": 0.16240734658333317, "selected": true, "host_energy_consumption": -59793714886.0, "client_name": "sta2"}
2025-11-13 14:32:48,089 - METRIC - INFO - mean_accuracy: 0.9793322086334229

2025-11-13 14:32:48,090 - METRIC - INFO - round: 11
2025-11-13 14:32:48,090 - METRIC - INFO - n_selected: 6
2025-11-13 14:32:48,090 - METRIC - INFO - {"selected_trainers": ["sta4", "sta0", "sta5", "sta3", "sta2", "sta1"]}
2025-11-13 14:33:20,143 - EXECUT - INFO - received weights from trainer sta4!
2025-11-13 14:33:51,158 - EXECUT - INFO - received weights from trainer sta0!
2025-11-13 14:34:34,130 - EXECUT - INFO - received weights from trainer sta5!
2025-11-13 14:35:19,040 - EXECUT - INFO - received weights from trainer sta3!
2025-11-13 14:36:49,616 - EXECUT - INFO - received weights from trainer sta2!
2025-11-13 14:38:18,176 - EXECUT - INFO - received weights from trainer sta1!
2025-11-13 14:38:19,464 - EXECUT - INFO - sent aggregated weights to trainers!
2025-11-13 14:38:39,721 - METRIC - INFO - {"loss": 0.05856652930378914, "accuracy": 0.9821769595146179, "energy_consumption": 0.09195167016666644, "selected": true, "host_energy_consumption": 4122942786.0, "client_name": "sta0"}
2025-11-13 14:38:40,904 - METRIC - INFO - {"loss": 0.06396286189556122, "accuracy": 0.9781181812286377, "energy_consumption": 0.1831576961666669, "selected": true, "host_energy_consumption": 5927378496.0, "client_name": "sta1"}
2025-11-13 14:38:47,006 - METRIC - INFO - {"loss": 0.06124282255768776, "accuracy": 0.9804999828338623, "energy_consumption": 0.10727994449999972, "selected": true, "host_energy_consumption": 4770611460.0, "client_name": "sta5"}
2025-11-13 14:38:50,472 - METRIC - INFO - {"loss": 0.07033708691596985, "accuracy": 0.9761120080947876, "energy_consumption": 0.14332551141666702, "selected": true, "host_energy_consumption": 5363091229.0, "client_name": "sta3"}
2025-11-13 14:38:52,159 - METRIC - INFO - {"loss": 0.061505988240242004, "accuracy": 0.9828134775161743, "energy_consumption": 0.10290451700000015, "selected": true, "host_energy_consumption": 3196849369.0, "client_name": "sta4"}
2025-11-13 14:38:54,010 - METRIC - INFO - {"loss": 0.05519496276974678, "accuracy": 0.9819454550743103, "energy_consumption": 0.17843487808333325, "selected": true, "host_energy_consumption": -59064478716.0, "client_name": "sta2"}
2025-11-13 14:38:54,499 - METRIC - INFO - mean_accuracy: 0.9802776773770651

2025-11-13 14:38:54,500 - METRIC - INFO - round: 12
2025-11-13 14:38:54,500 - METRIC - INFO - n_selected: 6
2025-11-13 14:38:54,500 - METRIC - INFO - {"selected_trainers": ["sta4", "sta0", "sta5", "sta3", "sta2", "sta1"]}
2025-11-13 14:39:28,794 - EXECUT - INFO - received weights from trainer sta4!
2025-11-13 14:40:14,083 - EXECUT - INFO - received weights from trainer sta0!
2025-11-13 14:40:54,705 - EXECUT - INFO - received weights from trainer sta5!
2025-11-13 14:41:40,841 - EXECUT - INFO - received weights from trainer sta3!
2025-11-13 14:42:40,862 - EXECUT - INFO - received weights from trainer sta2!
2025-11-13 14:43:29,148 - EXECUT - INFO - received weights from trainer sta1!
2025-11-13 14:43:30,450 - EXECUT - INFO - sent aggregated weights to trainers!
2025-11-13 14:43:53,588 - METRIC - INFO - {"loss": 0.053465161472558975, "accuracy": 0.9840865731239319, "energy_consumption": 0.11999772391666713, "selected": true, "host_energy_consumption": 4611525826.0, "client_name": "sta0"}
2025-11-13 14:43:54,054 - METRIC - INFO - {"loss": 0.061539195477962494, "accuracy": 0.9785557985305786, "energy_consumption": 0.22138133116666717, "selected": true, "host_energy_consumption": 6329953487.0, "client_name": "sta1"}
2025-11-13 14:43:57,822 - METRIC - INFO - {"loss": 0.056708768010139465, "accuracy": 0.9825000166893005, "energy_consumption": 0.11590575141666626, "selected": true, "host_energy_consumption": 5158926919.0, "client_name": "sta5"}
2025-11-13 14:44:00,140 - METRIC - INFO - {"loss": 0.06537429243326187, "accuracy": 0.9765238761901855, "energy_consumption": 0.15384190850000026, "selected": true, "host_energy_consumption": 5791396411.0, "client_name": "sta3"}
2025-11-13 14:44:03,200 - METRIC - INFO - {"loss": 0.05666916444897652, "accuracy": 0.9834500551223755, "energy_consumption": 0.11134076158333357, "selected": true, "host_energy_consumption": 3467219374.0, "client_name": "sta4"}
2025-11-13 14:44:03,563 - METRIC - INFO - {"loss": 0.051054343581199646, "accuracy": 0.9852616190910339, "energy_consumption": 0.1975250544166669, "selected": true, "host_energy_consumption": -58540798355.0, "client_name": "sta2"}
2025-11-13 14:44:04,486 - METRIC - INFO - mean_accuracy: 0.981729656457901

2025-11-13 14:44:04,486 - METRIC - INFO - round: 13
2025-11-13 14:44:04,486 - METRIC - INFO - n_selected: 6
2025-11-13 14:44:04,486 - METRIC - INFO - {"selected_trainers": ["sta4", "sta0", "sta5", "sta3", "sta2", "sta1"]}
2025-11-13 14:44:36,814 - EXECUT - INFO - received weights from trainer sta4!
2025-11-13 14:45:21,010 - EXECUT - INFO - received weights from trainer sta0!
2025-11-13 14:46:02,603 - EXECUT - INFO - received weights from trainer sta5!
2025-11-13 14:46:45,261 - EXECUT - INFO - received weights from trainer sta3!
2025-11-13 14:47:44,727 - EXECUT - INFO - received weights from trainer sta2!
2025-11-13 14:48:33,121 - EXECUT - INFO - received weights from trainer sta1!
2025-11-13 14:48:34,414 - EXECUT - INFO - sent aggregated weights to trainers!
2025-11-13 14:49:01,000 - METRIC - INFO - {"loss": 0.04996154084801674, "accuracy": 0.9847230911254883, "energy_consumption": 0.127697477750001, "selected": true, "host_energy_consumption": 5070344155.0, "client_name": "sta0"}
2025-11-13 14:49:01,195 - METRIC - INFO - {"loss": 0.05746614933013916, "accuracy": 0.9763675928115845, "energy_consumption": 0.2341385135000004, "selected": true, "host_energy_consumption": 6730769261.0, "client_name": "sta1"}
2025-11-13 14:49:05,707 - METRIC - INFO - {"loss": 0.061503250151872635, "accuracy": 0.9794068932533264, "energy_consumption": 0.16559290841666666, "selected": true, "host_energy_consumption": 6228411272.0, "client_name": "sta3"}
2025-11-13 14:49:06,065 - METRIC - INFO - {"loss": 0.05340670049190521, "accuracy": 0.9835000038146973, "energy_consumption": 0.12443571824999983, "selected": true, "host_energy_consumption": 5534065707.0, "client_name": "sta5"}
2025-11-13 14:49:10,391 - METRIC - INFO - {"loss": 0.04761399328708649, "accuracy": 0.9871038794517517, "energy_consumption": 0.210949477166667, "selected": true, "host_energy_consumption": -58081812052.0, "client_name": "sta2"}
2025-11-13 14:49:10,831 - METRIC - INFO - {"loss": 0.054675955325365067, "accuracy": 0.9840865731239319, "energy_consumption": 0.11832854741666683, "selected": true, "host_energy_consumption": 3717252845.0, "client_name": "sta4"}
2025-11-13 14:49:11,452 - METRIC - INFO - mean_accuracy: 0.98253133893013

2025-11-13 14:49:11,452 - METRIC - INFO - round: 14
2025-11-13 14:49:11,452 - METRIC - INFO - n_selected: 6
2025-11-13 14:49:11,452 - METRIC - INFO - {"selected_trainers": ["sta4", "sta0", "sta5", "sta3", "sta2", "sta1"]}
2025-11-13 14:49:44,281 - EXECUT - INFO - received weights from trainer sta4!
2025-11-13 14:50:16,695 - EXECUT - INFO - received weights from trainer sta0!
2025-11-13 14:51:02,474 - EXECUT - INFO - received weights from trainer sta5!
2025-11-13 14:51:50,675 - EXECUT - INFO - received weights from trainer sta3!
2025-11-13 14:52:51,027 - EXECUT - INFO - received weights from trainer sta2!
2025-11-13 14:53:38,015 - EXECUT - INFO - received weights from trainer sta1!
2025-11-13 14:53:39,313 - EXECUT - INFO - sent aggregated weights to trainers!
2025-11-13 14:54:01,135 - METRIC - INFO - {"loss": 0.05340747907757759, "accuracy": 0.9816192388534546, "energy_consumption": 0.245892363250002, "selected": true, "host_energy_consumption": 7130078201.0, "client_name": "sta1"}
2025-11-13 14:54:02,950 - METRIC - INFO - {"loss": 0.04693090170621872, "accuracy": 0.9847230911254883, "energy_consumption": 0.13539738891666792, "selected": true, "host_energy_consumption": 5424908628.0, "client_name": "sta0"}
2025-11-13 14:54:09,533 - METRIC - INFO - {"loss": 0.0625099390745163, "accuracy": 0.9781713485717773, "energy_consumption": 0.1775110857500001, "selected": true, "host_energy_consumption": 6685864102.0, "client_name": "sta3"}
2025-11-13 14:54:09,696 - METRIC - INFO - {"loss": 0.05016104504466057, "accuracy": 0.984000027179718, "energy_consumption": 0.1370171846666664, "selected": true, "host_energy_consumption": 6024291225.0, "client_name": "sta5"}
2025-11-13 14:54:11,773 - METRIC - INFO - {"loss": 0.05313311889767647, "accuracy": 0.9840865731239319, "energy_consumption": 0.1269747320833337, "selected": true, "host_energy_consumption": 3985339079.0, "client_name": "sta4"}
2025-11-13 14:54:12,159 - METRIC - INFO - {"loss": 0.04526198282837868, "accuracy": 0.9878408312797546, "energy_consumption": 0.22935350400000043, "selected": true, "host_energy_consumption": -57569640175.0, "client_name": "sta2"}
2025-11-13 14:54:12,347 - METRIC - INFO - mean_accuracy: 0.9834068516890208

2025-11-13 14:54:12,348 - METRIC - INFO - round: 15
2025-11-13 14:54:12,348 - METRIC - INFO - n_selected: 6
2025-11-13 14:54:12,348 - METRIC - INFO - {"selected_trainers": ["sta4", "sta0", "sta5", "sta3", "sta2", "sta1"]}
2025-11-13 14:54:46,198 - EXECUT - INFO - received weights from trainer sta4!
2025-11-13 14:55:16,799 - EXECUT - INFO - received weights from trainer sta0!
2025-11-13 14:56:03,227 - EXECUT - INFO - received weights from trainer sta5!
2025-11-13 14:56:49,157 - EXECUT - INFO - received weights from trainer sta3!
2025-11-13 14:58:18,505 - EXECUT - INFO - received weights from trainer sta2!
2025-11-13 14:59:46,877 - EXECUT - INFO - received weights from trainer sta1!
2025-11-13 14:59:48,158 - EXECUT - INFO - sent aggregated weights to trainers!
2025-11-13 15:00:15,522 - METRIC - INFO - {"loss": 0.05370461940765381, "accuracy": 0.9816192388534546, "energy_consumption": 0.25985340241667243, "selected": true, "host_energy_consumption": 7798672837.0, "client_name": "sta1"}
2025-11-13 15:00:16,013 - METRIC - INFO - {"loss": 0.044350169599056244, "accuracy": 0.9866327047348022, "energy_consumption": 0.14165074541666817, "selected": true, "host_energy_consumption": 5757200022.0, "client_name": "sta0"}
2025-11-13 15:00:17,506 - METRIC - INFO - {"loss": 0.05970451980829239, "accuracy": 0.9785832166671753, "energy_consumption": 0.19298010550000003, "selected": true, "host_energy_consumption": 7110332354.0, "client_name": "sta3"}
2025-11-13 15:00:17,737 - METRIC - INFO - {"loss": 0.04833972826600075, "accuracy": 0.9853596687316895, "energy_consumption": 0.13894344466666703, "selected": true, "host_energy_consumption": 4245777683.0, "client_name": "sta4"}
2025-11-13 15:00:19,540 - METRIC - INFO - {"loss": 0.04203081876039505, "accuracy": 0.9878408312797546, "energy_consumption": 0.24544068816666753, "selected": true, "host_energy_consumption": -56859264375.0, "client_name": "sta2"}
2025-11-13 15:00:21,260 - METRIC - INFO - {"loss": 0.047279808670282364, "accuracy": 0.984499990940094, "energy_consumption": 0.1472903448333333, "selected": true, "host_energy_consumption": 6481200656.0, "client_name": "sta5"}
2025-11-13 15:00:22,192 - METRIC - INFO - mean_accuracy: 0.9840892752011617

2025-11-13 15:00:22,193 - METRIC - INFO - round: 16
2025-11-13 15:00:22,193 - METRIC - INFO - n_selected: 6
2025-11-13 15:00:22,193 - METRIC - INFO - {"selected_trainers": ["sta4", "sta0", "sta5", "sta3", "sta2", "sta1"]}
2025-11-13 15:01:09,736 - EXECUT - INFO - received weights from trainer sta4!
2025-11-13 15:01:40,278 - EXECUT - INFO - received weights from trainer sta0!
2025-11-13 15:02:22,750 - EXECUT - INFO - received weights from trainer sta5!
2025-11-13 15:03:10,186 - EXECUT - INFO - received weights from trainer sta3!
2025-11-13 15:04:39,973 - EXECUT - INFO - received weights from trainer sta2!
2025-11-13 15:06:06,948 - EXECUT - INFO - received weights from trainer sta1!
2025-11-13 15:06:08,226 - EXECUT - INFO - sent aggregated weights to trainers!
2025-11-13 15:06:30,034 - METRIC - INFO - {"loss": 0.04273495450615883, "accuracy": 0.9853596687316895, "energy_consumption": 0.15225659433333355, "selected": true, "host_energy_consumption": 6096471737.0, "client_name": "sta0"}
2025-11-13 15:06:31,337 - METRIC - INFO - {"loss": 0.04933121055364609, "accuracy": 0.9820569157600403, "energy_consumption": 0.2734332238333418, "selected": true, "host_energy_consumption": 8504039954.0, "client_name": "sta1"}
2025-11-13 15:06:36,184 - METRIC - INFO - {"loss": 0.04570960998535156, "accuracy": 0.9854999780654907, "energy_consumption": 0.15656836366666643, "selected": true, "host_energy_consumption": 6885189179.0, "client_name": "sta5"}
2025-11-13 15:06:39,136 - METRIC - INFO - {"loss": 0.04701569303870201, "accuracy": 0.9859961867332458, "energy_consumption": 0.1473436540833341, "selected": true, "host_energy_consumption": 4618315591.0, "client_name": "sta4"}
2025-11-13 15:06:40,538 - METRIC - INFO - {"loss": 0.04042893648147583, "accuracy": 0.9882093071937561, "energy_consumption": 0.2618325678333344, "selected": true, "host_energy_consumption": -56126927980.0, "client_name": "sta2"}
2025-11-13 15:06:41,946 - METRIC - INFO - {"loss": 0.05644012987613678, "accuracy": 0.9806424975395203, "energy_consumption": 0.20376955766666652, "selected": true, "host_energy_consumption": 7554815852.0, "client_name": "sta3"}
2025-11-13 15:06:42,261 - METRIC - INFO - mean_accuracy: 0.9846274256706238

2025-11-13 15:06:42,261 - METRIC - INFO - round: 17
2025-11-13 15:06:42,261 - METRIC - INFO - n_selected: 6
2025-11-13 15:06:42,261 - METRIC - INFO - {"selected_trainers": ["sta4", "sta0", "sta5", "sta3", "sta2", "sta1"]}
2025-11-13 15:07:12,070 - EXECUT - INFO - received weights from trainer sta4!
2025-11-13 15:07:41,006 - EXECUT - INFO - received weights from trainer sta0!
2025-11-13 15:08:21,780 - EXECUT - INFO - received weights from trainer sta5!
2025-11-13 15:09:07,669 - EXECUT - INFO - received weights from trainer sta3!
2025-11-13 15:10:03,374 - EXECUT - INFO - received weights from trainer sta2!
2025-11-13 15:11:32,820 - EXECUT - INFO - received weights from trainer sta1!
2025-11-13 15:11:34,106 - EXECUT - INFO - sent aggregated weights to trainers!
2025-11-13 15:11:56,671 - METRIC - INFO - {"loss": 0.04027629643678665, "accuracy": 0.9879058003425598, "energy_consumption": 0.17913283366666727, "selected": true, "host_energy_consumption": 6412161755.0, "client_name": "sta0"}
2025-11-13 15:11:56,954 - METRIC - INFO - {"loss": 0.04655206948518753, "accuracy": 0.9820569157600403, "energy_consumption": 0.3115420169166766, "selected": true, "host_energy_consumption": 9153592879.0, "client_name": "sta1"}
2025-11-13 15:12:03,974 - METRIC - INFO - {"loss": 0.056875262409448624, "accuracy": 0.9802306294441223, "energy_consumption": 0.2146971775833332, "selected": true, "host_energy_consumption": 7964989510.0, "client_name": "sta3"}
2025-11-13 15:12:04,132 - METRIC - INFO - {"loss": 0.04387718811631203, "accuracy": 0.9869999885559082, "energy_consumption": 0.1662174665000003, "selected": true, "host_energy_consumption": 7273192673.0, "client_name": "sta5"}
2025-11-13 15:12:07,692 - METRIC - INFO - {"loss": 0.04604600742459297, "accuracy": 0.9866327047348022, "energy_consumption": 0.15691268816666754, "selected": true, "host_energy_consumption": 4862287196.0, "client_name": "sta4"}
2025-11-13 15:12:08,782 - METRIC - INFO - {"loss": 0.03890828788280487, "accuracy": 0.9889461994171143, "energy_consumption": 0.27603509166666795, "selected": true, "host_energy_consumption": -55686012153.0, "client_name": "sta2"}
2025-11-13 15:12:09,141 - METRIC - INFO - mean_accuracy: 0.9854620397090912

2025-11-13 15:12:09,142 - METRIC - INFO - round: 18
2025-11-13 15:12:09,142 - METRIC - INFO - n_selected: 6
2025-11-13 15:12:09,142 - METRIC - INFO - {"selected_trainers": ["sta4", "sta0", "sta5", "sta3", "sta2", "sta1"]}
2025-11-13 15:12:38,884 - EXECUT - INFO - received weights from trainer sta4!
2025-11-13 15:13:08,360 - EXECUT - INFO - received weights from trainer sta0!
2025-11-13 15:13:53,383 - EXECUT - INFO - received weights from trainer sta5!
2025-11-13 15:14:39,770 - EXECUT - INFO - received weights from trainer sta3!
2025-11-13 15:15:35,842 - EXECUT - INFO - received weights from trainer sta2!
2025-11-13 15:17:03,188 - EXECUT - INFO - received weights from trainer sta1!
2025-11-13 15:17:04,480 - EXECUT - INFO - sent aggregated weights to trainers!
2025-11-13 15:17:27,642 - METRIC - INFO - {"loss": 0.04498423635959625, "accuracy": 0.9824945330619812, "energy_consumption": 0.32472033525001176, "selected": true, "host_energy_consumption": 9803389597.0, "client_name": "sta1"}
2025-11-13 15:17:28,592 - METRIC - INFO - {"loss": 0.03886932134628296, "accuracy": 0.9879058003425598, "energy_consumption": 0.1927687520000005, "selected": true, "host_energy_consumption": 6728716353.0, "client_name": "sta0"}
2025-11-13 15:17:36,124 - METRIC - INFO - {"loss": 0.03836989775300026, "accuracy": 0.9889461994171143, "energy_consumption": 0.2896065460833346, "selected": true, "host_energy_consumption": -55246418355.0, "client_name": "sta2"}
2025-11-13 15:17:36,368 - METRIC - INFO - {"loss": 0.04220566898584366, "accuracy": 0.9869999885559082, "energy_consumption": 0.18217460408333336, "selected": true, "host_energy_consumption": 7712049159.0, "client_name": "sta5"}
2025-11-13 15:17:36,706 - METRIC - INFO - {"loss": 0.051636092364788055, "accuracy": 0.9802306294441223, "energy_consumption": 0.22674843566666683, "selected": true, "host_energy_consumption": 8391871685.0, "client_name": "sta3"}
2025-11-13 15:17:37,186 - METRIC - INFO - {"loss": 0.04510881379246712, "accuracy": 0.9853596687316895, "energy_consumption": 0.16635899716666774, "selected": true, "host_energy_consumption": 5105633635.0, "client_name": "sta4"}
2025-11-13 15:17:37,513 - METRIC - INFO - mean_accuracy: 0.9853228032588959

2025-11-13 15:17:37,514 - METRIC - INFO - round: 19
2025-11-13 15:17:37,514 - METRIC - INFO - n_selected: 6
2025-11-13 15:17:37,514 - METRIC - INFO - {"selected_trainers": ["sta4", "sta0", "sta5", "sta3", "sta2", "sta1"]}
2025-11-13 15:18:06,843 - EXECUT - INFO - received weights from trainer sta4!
2025-11-13 15:18:36,349 - EXECUT - INFO - received weights from trainer sta0!
2025-11-13 15:19:26,165 - EXECUT - INFO - received weights from trainer sta5!
2025-11-13 15:20:15,609 - EXECUT - INFO - received weights from trainer sta3!
2025-11-13 15:21:12,080 - EXECUT - INFO - received weights from trainer sta2!
2025-11-13 15:22:00,189 - EXECUT - INFO - received weights from trainer sta1!
2025-11-13 15:22:01,473 - EXECUT - INFO - sent aggregated weights to trainers!
2025-11-13 15:22:23,241 - METRIC - INFO - {"loss": 0.03843355551362038, "accuracy": 0.9866327047348022, "energy_consumption": 0.2017751934166671, "selected": true, "host_energy_consumption": 7041804319.0, "client_name": "sta0"}
2025-11-13 15:22:25,558 - METRIC - INFO - {"loss": 0.042770035564899445, "accuracy": 0.9833698272705078, "energy_consumption": 0.33628758325001307, "selected": true, "host_energy_consumption": 10175507209.0, "client_name": "sta1"}
2025-11-13 15:22:32,135 - METRIC - INFO - {"loss": 0.04038766771554947, "accuracy": 0.9869999885559082, "energy_consumption": 0.1923356135, "selected": true, "host_energy_consumption": 8150970003.0, "client_name": "sta5"}
2025-11-13 15:22:32,625 - METRIC - INFO - {"loss": 0.04698267579078674, "accuracy": 0.9866327047348022, "energy_consumption": 0.1746266914166678, "selected": true, "host_energy_consumption": 5346147030.0, "client_name": "sta4"}
2025-11-13 15:22:32,665 - METRIC - INFO - {"loss": 0.05181269347667694, "accuracy": 0.98270183801651, "energy_consumption": 0.23747116400000048, "selected": true, "host_energy_consumption": 8817353329.0, "client_name": "sta3"}
2025-11-13 15:22:34,767 - METRIC - INFO - {"loss": 0.03697248548269272, "accuracy": 0.9893146753311157, "energy_consumption": 0.30394441925000126, "selected": true, "host_energy_consumption": -54807002404.0, "client_name": "sta2"}
2025-11-13 15:22:35,508 - METRIC - INFO - mean_accuracy: 0.9859419564406077

2025-11-13 15:22:35,508 - METRIC - INFO - round: 20
2025-11-13 15:22:35,508 - METRIC - INFO - n_selected: 6
2025-11-13 15:22:35,508 - METRIC - INFO - {"selected_trainers": ["sta4", "sta0", "sta5", "sta3", "sta2", "sta1"]}
2025-11-13 15:23:05,215 - EXECUT - INFO - received weights from trainer sta4!
2025-11-13 15:23:34,821 - EXECUT - INFO - received weights from trainer sta0!
2025-11-13 15:24:17,788 - EXECUT - INFO - received weights from trainer sta5!
2025-11-13 15:25:02,224 - EXECUT - INFO - received weights from trainer sta3!
2025-11-13 15:25:59,892 - EXECUT - INFO - received weights from trainer sta2!
2025-11-13 15:27:26,883 - EXECUT - INFO - received weights from trainer sta1!
2025-11-13 15:27:28,160 - EXECUT - INFO - sent aggregated weights to trainers!
2025-11-13 15:27:52,802 - METRIC - INFO - {"loss": 0.04173525422811508, "accuracy": 0.9829321503639221, "energy_consumption": 0.3496643387500148, "selected": true, "host_energy_consumption": 10852597225.0, "client_name": "sta1"}
2025-11-13 15:27:53,475 - METRIC - INFO - {"loss": 0.03587818890810013, "accuracy": 0.9885423183441162, "energy_consumption": 0.21887980883333386, "selected": true, "host_energy_consumption": 7358254996.0, "client_name": "sta0"}
2025-11-13 15:27:58,601 - METRIC - INFO - {"loss": 0.05257803946733475, "accuracy": 0.98270183801651, "energy_consumption": 0.24811150508333416, "selected": true, "host_energy_consumption": 9227566688.0, "client_name": "sta3"}
2025-11-13 15:27:59,367 - METRIC - INFO - {"loss": 0.04548203945159912, "accuracy": 0.9847230911254883, "energy_consumption": 0.1812696995000012, "selected": true, "host_energy_consumption": 5590582341.0, "client_name": "sta4"}
2025-11-13 15:27:59,581 - METRIC - INFO - {"loss": 0.03643348067998886, "accuracy": 0.9893146753311157, "energy_consumption": 0.3187004075000016, "selected": true, "host_energy_consumption": -54366538976.0, "client_name": "sta2"}
2025-11-13 15:27:59,731 - METRIC - INFO - {"loss": 0.041553933173418045, "accuracy": 0.9860000014305115, "energy_consumption": 0.20164696883333294, "selected": true, "host_energy_consumption": 8534867082.0, "client_name": "sta5"}
2025-11-13 15:28:00,191 - METRIC - INFO - mean_accuracy: 0.9857023457686106

2025-11-13 15:28:00,211 - METRIC - INFO - stop_condition: rounds
