2025-11-18 13:45:22,092 - EXECUT - INFO - starting server...
2025-11-18 13:45:29,501 - EXECUT - INFO - trainer number sta1 just joined the pool
2025-11-18 13:45:29,623 - EXECUT - INFO - trainer number sta0 just joined the pool
2025-11-18 13:45:30,105 - METRIC - INFO - round: 1
2025-11-18 13:45:30,105 - METRIC - INFO - n_selected: 2
2025-11-18 13:45:30,105 - METRIC - INFO - {"selected_trainers": ["sta1", "sta0"]}
2025-11-18 13:46:16,108 - EXECUT - INFO - received weights from trainer sta1!
2025-11-18 13:47:16,687 - EXECUT - INFO - received weights from trainer sta0!
2025-11-18 13:47:17,819 - EXECUT - INFO - sent aggregated weights to trainers!
2025-11-18 13:47:21,126 - METRIC - INFO - {"loss": 0.31953880190849304, "accuracy": 0.9138655662536621, "energy_consumption": 9.532513052094442e-26, "selected": true, "host_energy_consumption": 1132408783.0, "client_name": "sta1"}
2025-11-18 13:47:22,148 - METRIC - INFO - {"loss": 0.2463303506374359, "accuracy": 0.9299926161766052, "energy_consumption": 1.3864938425555557e-25, "selected": true, "host_energy_consumption": 1683248987.0, "client_name": "sta0"}
2025-11-18 13:47:22,824 - METRIC - INFO - mean_accuracy: 0.9219290912151337

2025-11-18 13:47:22,824 - METRIC - INFO - round: 2
2025-11-18 13:47:22,824 - METRIC - INFO - n_selected: 2
2025-11-18 13:47:22,825 - METRIC - INFO - {"selected_trainers": ["sta1", "sta0"]}
2025-11-18 13:48:07,331 - EXECUT - INFO - received weights from trainer sta1!
2025-11-18 13:49:32,318 - EXECUT - INFO - received weights from trainer sta0!
2025-11-18 13:49:33,440 - EXECUT - INFO - sent aggregated weights to trainers!
2025-11-18 13:49:36,868 - METRIC - INFO - {"loss": 0.2533362805843353, "accuracy": 0.9271708726882935, "energy_consumption": 1.8620846798488897e-25, "selected": true, "host_energy_consumption": 2253476226.0, "client_name": "sta1"}
2025-11-18 13:49:37,904 - METRIC - INFO - {"loss": 0.21223914623260498, "accuracy": 0.9406779408454895, "energy_consumption": 3.437486010243887e-25, "selected": true, "host_energy_consumption": 4039237646.0, "client_name": "sta0"}
2025-11-18 13:49:38,445 - METRIC - INFO - mean_accuracy: 0.9339244067668915

2025-11-18 13:49:38,448 - METRIC - INFO - stop_condition: rounds
