2025-11-12 14:44:28,467 - EXECUT - INFO - starting server...
2025-11-12 14:44:37,466 - EXECUT - INFO - trainer number sta0 just joined the pool
2025-11-12 14:44:37,815 - EXECUT - INFO - trainer number sta1 just joined the pool
2025-11-12 14:44:38,543 - METRIC - INFO - round: 1
2025-11-12 14:44:38,543 - METRIC - INFO - n_selected: 2
2025-11-12 14:44:38,543 - METRIC - INFO - {"selected_trainers": ["sta0", "sta1"]}
2025-11-12 14:46:26,444 - EXECUT - INFO - received weights from trainer sta0!
2025-11-12 14:47:52,980 - EXECUT - INFO - received weights from trainer sta1!
2025-11-12 14:47:54,093 - EXECUT - INFO - sent aggregated weights to trainers!
2025-11-12 14:48:00,186 - METRIC - INFO - {"loss": 0.3145963251590729, "accuracy": 0.9122239947319031, "energy_consumption": 0.03915983475, "selected": true, "client_name": "sta0"}
2025-11-12 14:48:00,494 - METRIC - INFO - {"loss": 0.26021096110343933, "accuracy": 0.9229918718338013, "energy_consumption": 0.0351672520833333, "selected": true, "client_name": "sta1"}
2025-11-12 14:48:01,101 - METRIC - INFO - mean_accuracy: 0.9176079332828522

2025-11-12 14:48:01,102 - METRIC - INFO - round: 2
2025-11-12 14:48:01,102 - METRIC - INFO - n_selected: 2
2025-11-12 14:48:01,102 - METRIC - INFO - {"selected_trainers": ["sta0", "sta1"]}
2025-11-12 14:49:43,194 - EXECUT - INFO - received weights from trainer sta0!
2025-11-12 14:51:07,004 - EXECUT - INFO - received weights from trainer sta1!
2025-11-12 14:51:08,115 - EXECUT - INFO - sent aggregated weights to trainers!
2025-11-12 14:51:11,117 - METRIC - INFO - {"loss": 0.23592427372932434, "accuracy": 0.9310979843139648, "energy_consumption": 0.07589447983333346, "selected": true, "client_name": "sta1"}
2025-11-12 14:51:12,206 - METRIC - INFO - {"loss": 0.2707185745239258, "accuracy": 0.9170705676078796, "energy_consumption": 0.07486075800000005, "selected": true, "client_name": "sta0"}
2025-11-12 14:51:13,120 - METRIC - INFO - mean_accuracy: 0.9240842759609222

2025-11-12 14:51:13,124 - METRIC - INFO - stop_condition: rounds
