2025-11-12 16:03:27,855 - EXECUT - INFO - starting server...
2025-11-12 16:03:38,285 - EXECUT - INFO - trainer number sta0 just joined the pool
2025-11-12 16:03:38,685 - EXECUT - INFO - trainer number sta1 just joined the pool
2025-11-12 16:03:38,937 - METRIC - INFO - round: 1
2025-11-12 16:03:38,938 - METRIC - INFO - n_selected: 2
2025-11-12 16:03:38,939 - METRIC - INFO - {"selected_trainers": ["sta0", "sta1"]}
2025-11-12 16:04:49,033 - EXECUT - INFO - received weights from trainer sta0!
2025-11-12 16:06:16,434 - EXECUT - INFO - received weights from trainer sta1!
2025-11-12 16:06:17,561 - EXECUT - INFO - sent aggregated weights to trainers!
2025-11-12 16:06:21,667 - METRIC - INFO - {"loss": 0.3327404260635376, "accuracy": 0.9066510796546936, "energy_consumption": 0.030952480666666646, "selected": true, "client_name": "sta0"}
2025-11-12 16:06:22,423 - METRIC - INFO - {"loss": 0.30233168601989746, "accuracy": 0.9100000262260437, "energy_consumption": 0.02689151733333329, "selected": true, "client_name": "sta1"}
2025-11-12 16:06:22,568 - METRIC - INFO - mean_accuracy: 0.9083255529403687

2025-11-12 16:06:22,569 - METRIC - INFO - round: 2
2025-11-12 16:06:22,569 - METRIC - INFO - n_selected: 2
2025-11-12 16:06:22,569 - METRIC - INFO - {"selected_trainers": ["sta0", "sta1"]}
2025-11-12 16:07:46,757 - EXECUT - INFO - received weights from trainer sta0!
2025-11-12 16:08:50,626 - EXECUT - INFO - received weights from trainer sta1!
2025-11-12 16:08:51,737 - EXECUT - INFO - sent aggregated weights to trainers!
2025-11-12 16:08:53,957 - METRIC - INFO - {"loss": 0.30034103989601135, "accuracy": 0.9144999980926514, "energy_consumption": 0.06059436608333335, "selected": true, "client_name": "sta1"}
2025-11-12 16:08:55,210 - METRIC - INFO - {"loss": 0.29874810576438904, "accuracy": 0.9235705733299255, "energy_consumption": 0.062393967416666696, "selected": true, "client_name": "sta0"}
2025-11-12 16:08:55,742 - METRIC - INFO - mean_accuracy: 0.9190352857112885

2025-11-12 16:08:55,781 - METRIC - INFO - stop_condition: rounds
