2025-11-19 08:49:53,337 - EXECUT - INFO - starting server...
2025-11-19 08:50:03,528 - EXECUT - INFO - trainer number sta1 just joined the pool
2025-11-19 08:50:03,788 - EXECUT - INFO - trainer number sta2 just joined the pool
2025-11-19 08:50:03,836 - EXECUT - INFO - trainer number sta4 just joined the pool
2025-11-19 08:50:03,989 - EXECUT - INFO - trainer number sta5 just joined the pool
2025-11-19 08:50:04,036 - EXECUT - INFO - trainer number sta0 just joined the pool
2025-11-19 08:50:04,081 - EXECUT - INFO - trainer number sta3 just joined the pool
2025-11-19 08:50:04,360 - METRIC - INFO - round: 1
2025-11-19 08:50:04,360 - METRIC - INFO - n_selected: 6
2025-11-19 08:50:04,360 - METRIC - INFO - {"selected_trainers": ["sta1", "sta2", "sta4", "sta5", "sta0", "sta3"]}
2025-11-19 08:50:29,102 - EXECUT - INFO - received weights from trainer sta1!
2025-11-19 08:51:01,853 - EXECUT - INFO - received weights from trainer sta2!
2025-11-19 08:51:32,803 - EXECUT - INFO - received weights from trainer sta4!
2025-11-19 08:52:04,557 - EXECUT - INFO - received weights from trainer sta5!
2025-11-19 08:52:38,580 - EXECUT - INFO - received weights from trainer sta0!
2025-11-19 08:53:14,087 - EXECUT - INFO - received weights from trainer sta3!
2025-11-19 08:53:15,604 - EXECUT - INFO - sent aggregated weights to trainers!
2025-11-19 08:53:30,376 - METRIC - INFO - {"loss": 0.32375866174697876, "accuracy": 0.91343092918396, "energy_consumption": 0.34335674657191095, "selected": true, "host_energy_consumption": 0.16446885168, "client_name": "sta1"}
2025-11-19 08:53:35,136 - METRIC - INFO - {"loss": 0.2503780424594879, "accuracy": 0.9245429635047913, "energy_consumption": 0.4806869566548504, "selected": true, "host_energy_consumption": 0.24390695868, "client_name": "sta0"}
2025-11-19 08:53:50,789 - METRIC - INFO - {"loss": 0.2776198387145996, "accuracy": 0.9267039895057678, "energy_consumption": 0.41202638901557254, "selected": true, "host_energy_consumption": 0.22282255436, "client_name": "sta2"}
2025-11-19 08:53:54,818 - METRIC - INFO - {"loss": 0.267617404460907, "accuracy": 0.9260393977165222, "energy_consumption": 0.4806979468803725, "selected": true, "host_energy_consumption": 0.2248780814, "client_name": "sta5"}
2025-11-19 08:53:56,635 - METRIC - INFO - {"loss": 0.27965497970581055, "accuracy": 0.9192343354225159, "energy_consumption": 0.41202761456718884, "selected": true, "host_energy_consumption": 0.21163839116000002, "client_name": "sta4"}
2025-11-19 08:53:58,152 - METRIC - INFO - {"loss": 0.2783590853214264, "accuracy": 0.9185703992843628, "energy_consumption": 0.5494083726934615, "selected": true, "host_energy_consumption": 0.25597428864, "client_name": "sta3"}
2025-11-19 08:53:58,654 - METRIC - INFO - mean_accuracy: 0.9214203357696533

2025-11-19 08:53:58,654 - METRIC - INFO - round: 2
2025-11-19 08:53:58,654 - METRIC - INFO - n_selected: 6
2025-11-19 08:53:58,654 - METRIC - INFO - {"selected_trainers": ["sta1", "sta2", "sta4", "sta5", "sta0", "sta3"]}
2025-11-19 08:54:20,633 - EXECUT - INFO - received weights from trainer sta1!
2025-11-19 08:54:51,703 - EXECUT - INFO - received weights from trainer sta2!
2025-11-19 08:55:22,365 - EXECUT - INFO - received weights from trainer sta4!
2025-11-19 08:55:53,998 - EXECUT - INFO - received weights from trainer sta5!
2025-11-19 08:56:27,060 - EXECUT - INFO - received weights from trainer sta0!
2025-11-19 08:57:02,768 - EXECUT - INFO - received weights from trainer sta3!
2025-11-19 08:57:04,266 - EXECUT - INFO - sent aggregated weights to trainers!
2025-11-19 08:57:17,991 - METRIC - INFO - {"loss": 0.4509182870388031, "accuracy": 0.8809675574302673, "energy_consumption": 0.6523730885885879, "selected": true, "host_energy_consumption": 0.31015498724, "client_name": "sta1"}
2025-11-19 08:57:21,942 - METRIC - INFO - {"loss": 0.33472496271133423, "accuracy": 0.9031504988670349, "energy_consumption": 0.9270624467144946, "selected": true, "host_energy_consumption": 0.48244982212000004, "client_name": "sta0"}
2025-11-19 08:57:27,021 - METRIC - INFO - {"loss": 0.3568413257598877, "accuracy": 0.8967177271842957, "energy_consumption": 0.8927147142825378, "selected": true, "host_energy_consumption": 0.43647080876000005, "client_name": "sta5"}
2025-11-19 08:57:44,330 - METRIC - INFO - {"loss": 0.3667762577533722, "accuracy": 0.894957959651947, "energy_consumption": 0.8240438542350671, "selected": true, "host_energy_consumption": 0.42565547752000005, "client_name": "sta2"}
2025-11-19 08:57:46,178 - METRIC - INFO - {"loss": 0.3657892644405365, "accuracy": 0.8977590799331665, "energy_consumption": 0.8240503730251834, "selected": true, "host_energy_consumption": 0.41232104144000004, "client_name": "sta4"}
2025-11-19 08:57:46,199 - METRIC - INFO - {"loss": 0.35005491971969604, "accuracy": 0.8983050584793091, "energy_consumption": 1.0300952927884062, "selected": true, "host_energy_consumption": 0.50955077544, "client_name": "sta3"}
2025-11-19 08:57:46,310 - METRIC - INFO - mean_accuracy: 0.8953096469243368

2025-11-19 08:57:46,310 - METRIC - INFO - round: 3
2025-11-19 08:57:46,310 - METRIC - INFO - n_selected: 6
2025-11-19 08:57:46,310 - METRIC - INFO - {"selected_trainers": ["sta1", "sta2", "sta4", "sta5", "sta0", "sta3"]}
2025-11-19 08:58:07,940 - EXECUT - INFO - received weights from trainer sta1!
2025-11-19 08:58:39,340 - EXECUT - INFO - received weights from trainer sta2!
2025-11-19 08:59:08,646 - EXECUT - INFO - received weights from trainer sta4!
2025-11-19 08:59:39,513 - EXECUT - INFO - received weights from trainer sta5!
2025-11-19 09:00:12,757 - EXECUT - INFO - received weights from trainer sta0!
2025-11-19 09:00:47,887 - EXECUT - INFO - received weights from trainer sta3!
2025-11-19 09:00:49,367 - EXECUT - INFO - sent aggregated weights to trainers!
2025-11-19 09:01:07,020 - METRIC - INFO - {"loss": 0.27544400095939636, "accuracy": 0.9147040247917175, "energy_consumption": 0.9614225952082895, "selected": true, "host_energy_consumption": 0.45705268728000004, "client_name": "sta1"}
2025-11-19 09:01:07,483 - METRIC - INFO - {"loss": 0.23019127547740936, "accuracy": 0.929599404335022, "energy_consumption": 1.3734147864061161, "selected": true, "host_energy_consumption": 0.72140022612, "client_name": "sta0"}
2025-11-19 09:01:16,443 - METRIC - INFO - {"loss": 0.24746346473693848, "accuracy": 0.9285187721252441, "energy_consumption": 1.5451316350187678, "selected": true, "host_energy_consumption": 0.76098926036, "client_name": "sta3"}
2025-11-19 09:01:17,455 - METRIC - INFO - {"loss": 0.24314582347869873, "accuracy": 0.9295404553413391, "energy_consumption": 1.3390813361807448, "selected": true, "host_energy_consumption": 0.64878783592, "client_name": "sta5"}
2025-11-19 09:01:18,403 - METRIC - INFO - {"loss": 0.24215348064899445, "accuracy": 0.9304388165473938, "energy_consumption": 1.2360614895376019, "selected": true, "host_energy_consumption": 0.62595928136, "client_name": "sta2"}
2025-11-19 09:01:29,506 - METRIC - INFO - {"loss": 0.24598489701747894, "accuracy": 0.9281045794487, "energy_consumption": 1.2361241007602053, "selected": true, "host_energy_consumption": 0.61323763424, "client_name": "sta4"}
2025-11-19 09:01:30,410 - METRIC - INFO - mean_accuracy: 0.9268176754315695

2025-11-19 09:01:30,410 - METRIC - INFO - round: 4
2025-11-19 09:01:30,410 - METRIC - INFO - n_selected: 6
2025-11-19 09:01:30,410 - METRIC - INFO - {"selected_trainers": ["sta1", "sta2", "sta4", "sta5", "sta0", "sta3"]}
2025-11-19 09:01:51,483 - EXECUT - INFO - received weights from trainer sta1!
2025-11-19 09:02:20,614 - EXECUT - INFO - received weights from trainer sta2!
2025-11-19 09:02:51,147 - EXECUT - INFO - received weights from trainer sta4!
2025-11-19 09:03:25,242 - EXECUT - INFO - received weights from trainer sta5!
2025-11-19 09:03:58,294 - EXECUT - INFO - received weights from trainer sta0!
2025-11-19 09:04:34,307 - EXECUT - INFO - received weights from trainer sta3!
2025-11-19 09:04:35,783 - EXECUT - INFO - sent aggregated weights to trainers!
2025-11-19 09:04:50,745 - METRIC - INFO - {"loss": 0.20116779208183289, "accuracy": 0.9369828104972839, "energy_consumption": 1.2361108803804433, "selected": true, "host_energy_consumption": 0.6031461581600001, "client_name": "sta1"}
2025-11-19 09:04:53,545 - METRIC - INFO - {"loss": 0.17014479637145996, "accuracy": 0.9506028890609741, "energy_consumption": 1.8197926878299637, "selected": true, "host_energy_consumption": 0.95971456448, "client_name": "sta0"}
2025-11-19 09:04:55,876 - METRIC - INFO - {"loss": 0.17958460748195648, "accuracy": 0.9472455382347107, "energy_consumption": 1.6137431074735682, "selected": true, "host_energy_consumption": 0.82560333324, "client_name": "sta2"}
2025-11-19 09:04:59,084 - METRIC - INFO - {"loss": 0.18502874672412872, "accuracy": 0.9474835991859436, "energy_consumption": 1.7511068509377035, "selected": true, "host_energy_consumption": 0.8636333675200001, "client_name": "sta5"}
2025-11-19 09:04:59,136 - METRIC - INFO - {"loss": 0.18475906550884247, "accuracy": 0.9458364248275757, "energy_consumption": 2.0601882028247083, "selected": true, "host_energy_consumption": 1.01530305268, "client_name": "sta3"}
2025-11-19 09:05:00,956 - METRIC - INFO - {"loss": 0.17985504865646362, "accuracy": 0.9463118314743042, "energy_consumption": 1.6825111946159619, "selected": true, "host_energy_consumption": 0.8154669628000001, "client_name": "sta4"}
2025-11-19 09:05:01,811 - METRIC - INFO - mean_accuracy: 0.9457438488801321

2025-11-19 09:05:01,811 - METRIC - INFO - round: 5
2025-11-19 09:05:01,811 - METRIC - INFO - n_selected: 6
2025-11-19 09:05:01,811 - METRIC - INFO - {"selected_trainers": ["sta1", "sta2", "sta4", "sta5", "sta0", "sta3"]}
2025-11-19 09:05:23,063 - EXECUT - INFO - received weights from trainer sta1!
2025-11-19 09:05:53,258 - EXECUT - INFO - received weights from trainer sta2!
2025-11-19 09:06:23,409 - EXECUT - INFO - received weights from trainer sta4!
2025-11-19 09:06:56,511 - EXECUT - INFO - received weights from trainer sta5!
2025-11-19 09:07:30,912 - EXECUT - INFO - received weights from trainer sta0!
2025-11-19 09:08:05,484 - EXECUT - INFO - received weights from trainer sta3!
2025-11-19 09:08:06,963 - EXECUT - INFO - sent aggregated weights to trainers!
2025-11-19 09:08:24,848 - METRIC - INFO - {"loss": 0.13353493809700012, "accuracy": 0.9614936113357544, "energy_consumption": 2.26614395138871, "selected": true, "host_energy_consumption": 1.1997956975200001, "client_name": "sta0"}
2025-11-19 09:08:25,754 - METRIC - INFO - {"loss": 0.15646176040172577, "accuracy": 0.9535327553749084, "energy_consumption": 1.5451504315789046, "selected": true, "host_energy_consumption": 0.7492501741200001, "client_name": "sta1"}
2025-11-19 09:08:30,370 - METRIC - INFO - {"loss": 0.13976070284843445, "accuracy": 0.9584500193595886, "energy_consumption": 2.025774699122654, "selected": true, "host_energy_consumption": 1.0249943536000001, "client_name": "sta2"}
2025-11-19 09:08:36,770 - METRIC - INFO - {"loss": 0.14411254227161407, "accuracy": 0.9566739797592163, "energy_consumption": 2.1631351378892356, "selected": true, "host_energy_consumption": 1.07753942156, "client_name": "sta5"}
2025-11-19 09:08:37,844 - METRIC - INFO - {"loss": 0.14165283739566803, "accuracy": 0.9579831957817078, "energy_consumption": 2.094549076158367, "selected": true, "host_energy_consumption": 1.0181793000400001, "client_name": "sta4"}
2025-11-19 09:08:37,950 - METRIC - INFO - {"loss": 0.1453229933977127, "accuracy": 0.9605748057365417, "energy_consumption": 2.575241427783638, "selected": true, "host_energy_consumption": 1.26856033668, "client_name": "sta3"}
2025-11-19 09:08:37,995 - METRIC - INFO - mean_accuracy: 0.9581180612246195

2025-11-19 09:08:37,995 - METRIC - INFO - round: 6
2025-11-19 09:08:37,995 - METRIC - INFO - n_selected: 6
2025-11-19 09:08:37,995 - METRIC - INFO - {"selected_trainers": ["sta1", "sta2", "sta4", "sta5", "sta0", "sta3"]}
2025-11-19 09:08:58,922 - EXECUT - INFO - received weights from trainer sta1!
2025-11-19 09:09:26,670 - EXECUT - INFO - received weights from trainer sta2!
2025-11-19 09:09:56,677 - EXECUT - INFO - received weights from trainer sta4!
2025-11-19 09:10:30,217 - EXECUT - INFO - received weights from trainer sta5!
2025-11-19 09:11:03,935 - EXECUT - INFO - received weights from trainer sta0!
2025-11-19 09:11:41,540 - EXECUT - INFO - received weights from trainer sta3!
2025-11-19 09:11:43,006 - EXECUT - INFO - sent aggregated weights to trainers!
2025-11-19 09:11:59,368 - METRIC - INFO - {"loss": 0.1093427985906601, "accuracy": 0.970050573348999, "energy_consumption": 2.7468372424445993, "selected": true, "host_energy_consumption": 1.43820987492, "client_name": "sta0"}
2025-11-19 09:12:03,062 - METRIC - INFO - {"loss": 0.1287282258272171, "accuracy": 0.9618077874183655, "energy_consumption": 1.85414269492387, "selected": true, "host_energy_consumption": 0.89532937536, "client_name": "sta1"}
2025-11-19 09:12:12,392 - METRIC - INFO - {"loss": 0.11553504317998886, "accuracy": 0.9663865566253662, "energy_consumption": 2.4378403836784566, "selected": true, "host_energy_consumption": 1.2245479834000002, "client_name": "sta2"}
2025-11-19 09:12:13,736 - METRIC - INFO - {"loss": 0.11618638783693314, "accuracy": 0.9676148891448975, "energy_consumption": 2.57515144272912, "selected": true, "host_energy_consumption": 1.29401173076, "client_name": "sta5"}
2025-11-19 09:12:13,790 - METRIC - INFO - {"loss": 0.1233137845993042, "accuracy": 0.964996337890625, "energy_consumption": 3.055947238222828, "selected": true, "host_energy_consumption": 1.52164691028, "client_name": "sta3"}
2025-11-19 09:12:14,167 - METRIC - INFO - {"loss": 0.11348667740821838, "accuracy": 0.9659196734428406, "energy_consumption": 2.472233628424154, "selected": true, "host_energy_consumption": 1.22030465396, "client_name": "sta4"}
2025-11-19 09:12:15,039 - METRIC - INFO - mean_accuracy: 0.9661293029785156

2025-11-19 09:12:15,039 - METRIC - INFO - round: 7
2025-11-19 09:12:15,039 - METRIC - INFO - n_selected: 6
2025-11-19 09:12:15,039 - METRIC - INFO - {"selected_trainers": ["sta1", "sta2", "sta4", "sta5", "sta0", "sta3"]}
2025-11-19 09:12:35,294 - EXECUT - INFO - received weights from trainer sta1!
2025-11-19 09:13:03,904 - EXECUT - INFO - received weights from trainer sta2!
2025-11-19 09:13:34,049 - EXECUT - INFO - received weights from trainer sta4!
2025-11-19 09:14:07,969 - EXECUT - INFO - received weights from trainer sta5!
2025-11-19 09:14:42,361 - EXECUT - INFO - received weights from trainer sta0!
2025-11-19 09:15:20,620 - EXECUT - INFO - received weights from trainer sta3!
2025-11-19 09:15:22,096 - EXECUT - INFO - sent aggregated weights to trainers!
2025-11-19 09:15:36,274 - METRIC - INFO - {"loss": 0.11036497354507446, "accuracy": 0.9656270146369934, "energy_consumption": 2.1631568608313865, "selected": true, "host_energy_consumption": 1.0410056675200001, "client_name": "sta1"}
2025-11-19 09:15:36,679 - METRIC - INFO - {"loss": 0.09443003684282303, "accuracy": 0.9719953536987305, "energy_consumption": 3.1931899175336196, "selected": true, "host_energy_consumption": 1.6769589099200002, "client_name": "sta0"}
2025-11-19 09:15:44,160 - METRIC - INFO - {"loss": 0.09672412276268005, "accuracy": 0.9729225039482117, "energy_consumption": 2.884252072813291, "selected": true, "host_energy_consumption": 1.42052425648, "client_name": "sta4"}
2025-11-19 09:15:46,407 - METRIC - INFO - {"loss": 0.09955795109272003, "accuracy": 0.971991240978241, "energy_consumption": 3.0215034740458835, "selected": true, "host_energy_consumption": 1.50767627136, "client_name": "sta5"}
2025-11-19 09:15:48,784 - METRIC - INFO - {"loss": 0.10727908462285995, "accuracy": 0.9686809182167053, "energy_consumption": 3.5366372500141274, "selected": true, "host_energy_consumption": 1.7718415310400002, "client_name": "sta3"}
2025-11-19 09:15:49,211 - METRIC - INFO - {"loss": 0.10070448368787766, "accuracy": 0.9696545004844666, "energy_consumption": 2.815528928921748, "selected": true, "host_energy_consumption": 1.42471771764, "client_name": "sta2"}
2025-11-19 09:15:50,126 - METRIC - INFO - mean_accuracy: 0.9701452553272247

2025-11-19 09:15:50,126 - METRIC - INFO - round: 8
2025-11-19 09:15:50,126 - METRIC - INFO - n_selected: 6
2025-11-19 09:15:50,126 - METRIC - INFO - {"selected_trainers": ["sta1", "sta2", "sta4", "sta5", "sta0", "sta3"]}
2025-11-19 09:16:11,418 - EXECUT - INFO - received weights from trainer sta1!
2025-11-19 09:16:40,506 - EXECUT - INFO - received weights from trainer sta2!
2025-11-19 09:17:11,554 - EXECUT - INFO - received weights from trainer sta4!
2025-11-19 09:17:42,302 - EXECUT - INFO - received weights from trainer sta5!
2025-11-19 09:18:17,353 - EXECUT - INFO - received weights from trainer sta0!
2025-11-19 09:18:52,843 - EXECUT - INFO - received weights from trainer sta3!
2025-11-19 09:18:54,317 - EXECUT - INFO - sent aggregated weights to trainers!
2025-11-19 09:19:07,582 - METRIC - INFO - {"loss": 0.09855867177248001, "accuracy": 0.9694462418556213, "energy_consumption": 2.4378398336903055, "selected": true, "host_energy_consumption": 1.18626910416, "client_name": "sta1"}
2025-11-19 09:19:09,981 - METRIC - INFO - {"loss": 0.08511867374181747, "accuracy": 0.9735511541366577, "energy_consumption": 3.673874353144552, "selected": true, "host_energy_consumption": 1.9161199456000002, "client_name": "sta0"}
2025-11-19 09:19:20,189 - METRIC - INFO - {"loss": 0.0880674496293068, "accuracy": 0.9763675928115845, "energy_consumption": 3.4678541510565823, "selected": true, "host_energy_consumption": 1.7199992969600002, "client_name": "sta5"}
2025-11-19 09:19:20,891 - METRIC - INFO - {"loss": 0.08395694941282272, "accuracy": 0.974323034286499, "energy_consumption": 3.26193598289638, "selected": true, "host_energy_consumption": 1.6222166066400001, "client_name": "sta4"}
2025-11-19 09:19:23,856 - METRIC - INFO - {"loss": 0.08803950995206833, "accuracy": 0.9752567410469055, "energy_consumption": 3.1932222078780272, "selected": true, "host_energy_consumption": 1.62577034536, "client_name": "sta2"}
2025-11-19 09:19:23,908 - METRIC - INFO - {"loss": 0.09616753458976746, "accuracy": 0.9716286063194275, "energy_consumption": 4.017331455067644, "selected": true, "host_energy_consumption": 2.0257583614800003, "client_name": "sta3"}
2025-11-19 09:19:24,349 - METRIC - INFO - mean_accuracy: 0.973428895076116

2025-11-19 09:19:24,349 - METRIC - INFO - round: 9
2025-11-19 09:19:24,349 - METRIC - INFO - n_selected: 6
2025-11-19 09:19:24,349 - METRIC - INFO - {"selected_trainers": ["sta1", "sta2", "sta4", "sta5", "sta0", "sta3"]}
2025-11-19 09:19:45,401 - EXECUT - INFO - received weights from trainer sta1!
2025-11-19 09:20:13,954 - EXECUT - INFO - received weights from trainer sta2!
2025-11-19 09:20:45,035 - EXECUT - INFO - received weights from trainer sta4!
2025-11-19 09:21:16,610 - EXECUT - INFO - received weights from trainer sta5!
2025-11-19 09:21:49,614 - EXECUT - INFO - received weights from trainer sta0!
2025-11-19 09:22:27,368 - EXECUT - INFO - received weights from trainer sta3!
2025-11-19 09:22:28,843 - EXECUT - INFO - sent aggregated weights to trainers!
2025-11-19 09:22:44,133 - METRIC - INFO - {"loss": 0.08895692229270935, "accuracy": 0.9713557958602905, "energy_consumption": 2.712528288945504, "selected": true, "host_energy_consumption": 1.33219647932, "client_name": "sta1"}
2025-11-19 09:22:46,016 - METRIC - INFO - {"loss": 0.07633449137210846, "accuracy": 0.9735511541366577, "energy_consumption": 4.154566580784042, "selected": true, "host_energy_consumption": 2.1567760480000002, "client_name": "sta0"}
2025-11-19 09:22:49,999 - METRIC - INFO - {"loss": 0.07752136886119843, "accuracy": 0.9785557985305786, "energy_consumption": 3.9142275190521376, "selected": true, "host_energy_consumption": 1.93375202104, "client_name": "sta5"}
2025-11-19 09:22:56,770 - METRIC - INFO - {"loss": 0.08935628831386566, "accuracy": 0.9727339744567871, "energy_consumption": 4.532373885317064, "selected": true, "host_energy_consumption": 2.2810604056800003, "client_name": "sta3"}
2025-11-19 09:22:57,443 - METRIC - INFO - {"loss": 0.07615546137094498, "accuracy": 0.978057861328125, "energy_consumption": 3.6396179918643745, "selected": true, "host_energy_consumption": 1.82447784204, "client_name": "sta4"}
2025-11-19 09:22:57,700 - METRIC - INFO - {"loss": 0.08054345846176147, "accuracy": 0.976190447807312, "energy_consumption": 3.5709130071189756, "selected": true, "host_energy_consumption": 1.8285923479600001, "client_name": "sta2"}
2025-11-19 09:22:57,874 - METRIC - INFO - mean_accuracy: 0.9750741720199585

2025-11-19 09:22:57,874 - METRIC - INFO - round: 10
2025-11-19 09:22:57,874 - METRIC - INFO - n_selected: 6
2025-11-19 09:22:57,874 - METRIC - INFO - {"selected_trainers": ["sta1", "sta2", "sta4", "sta5", "sta0", "sta3"]}
2025-11-19 09:23:19,161 - EXECUT - INFO - received weights from trainer sta1!
2025-11-19 09:23:49,031 - EXECUT - INFO - received weights from trainer sta2!
2025-11-19 09:24:18,516 - EXECUT - INFO - received weights from trainer sta4!
2025-11-19 09:24:48,866 - EXECUT - INFO - received weights from trainer sta5!
2025-11-19 09:25:21,938 - EXECUT - INFO - received weights from trainer sta0!
2025-11-19 09:25:58,865 - EXECUT - INFO - received weights from trainer sta3!
2025-11-19 09:26:00,341 - EXECUT - INFO - sent aggregated weights to trainers!
2025-11-19 09:26:16,462 - METRIC - INFO - {"loss": 0.08245386928319931, "accuracy": 0.9739019870758057, "energy_consumption": 3.0215657625875965, "selected": true, "host_energy_consumption": 1.47729258964, "client_name": "sta1"}
2025-11-19 09:26:20,643 - METRIC - INFO - {"loss": 0.06924670189619064, "accuracy": 0.9782186150550842, "energy_consumption": 4.600925830297804, "selected": true, "host_energy_consumption": 2.39711516912, "client_name": "sta0"}
2025-11-19 09:26:23,256 - METRIC - INFO - {"loss": 0.07152318209409714, "accuracy": 0.9798687100410461, "energy_consumption": 4.326269654260071, "selected": true, "host_energy_consumption": 2.14678097508, "client_name": "sta5"}
2025-11-19 09:26:29,577 - METRIC - INFO - {"loss": 0.07389070093631744, "accuracy": 0.9789915680885315, "energy_consumption": 3.98295330797339, "selected": true, "host_energy_consumption": 2.03170014348, "client_name": "sta2"}
2025-11-19 09:26:29,677 - METRIC - INFO - {"loss": 0.08228970319032669, "accuracy": 0.9745762944221497, "energy_consumption": 5.047421821806161, "selected": true, "host_energy_consumption": 2.53476684384, "client_name": "sta3"}
2025-11-19 09:26:30,208 - METRIC - INFO - {"loss": 0.06910250335931778, "accuracy": 0.9794584512710571, "energy_consumption": 4.017309654237009, "selected": true, "host_energy_consumption": 2.0263666738, "client_name": "sta4"}
2025-11-19 09:26:30,371 - METRIC - INFO - mean_accuracy: 0.9775026043256124

2025-11-19 09:26:30,371 - METRIC - INFO - round: 11
2025-11-19 09:26:30,371 - METRIC - INFO - n_selected: 6
2025-11-19 09:26:30,371 - METRIC - INFO - {"selected_trainers": ["sta1", "sta2", "sta4", "sta5", "sta0", "sta3"]}
2025-11-19 09:26:51,172 - EXECUT - INFO - received weights from trainer sta1!
2025-11-19 09:27:20,624 - EXECUT - INFO - received weights from trainer sta2!
2025-11-19 09:27:50,892 - EXECUT - INFO - received weights from trainer sta4!
2025-11-19 09:28:23,291 - EXECUT - INFO - received weights from trainer sta5!
2025-11-19 09:28:56,088 - EXECUT - INFO - received weights from trainer sta0!
2025-11-19 09:29:31,323 - EXECUT - INFO - received weights from trainer sta3!
2025-11-19 09:29:32,808 - EXECUT - INFO - sent aggregated weights to trainers!
2025-11-19 09:29:50,226 - METRIC - INFO - {"loss": 0.07597032934427261, "accuracy": 0.9745385050773621, "energy_consumption": 3.2962647645807595, "selected": true, "host_energy_consumption": 1.6236500982800002, "client_name": "sta1"}
2025-11-19 09:29:51,346 - METRIC - INFO - {"loss": 0.06479338556528091, "accuracy": 0.9786075353622437, "energy_consumption": 5.081625369918399, "selected": true, "host_energy_consumption": 2.6361273352400003, "client_name": "sta0"}
2025-11-19 09:29:56,025 - METRIC - INFO - {"loss": 0.0664924904704094, "accuracy": 0.979925274848938, "energy_consumption": 4.394992645553769, "selected": true, "host_energy_consumption": 2.2273964692000003, "client_name": "sta4"}
2025-11-19 09:29:59,075 - METRIC - INFO - {"loss": 0.06737741827964783, "accuracy": 0.9820569157600403, "energy_consumption": 4.738284752623064, "selected": true, "host_energy_consumption": 2.3601071040400003, "client_name": "sta5"}
2025-11-19 09:30:00,390 - METRIC - INFO - {"loss": 0.0696253627538681, "accuracy": 0.979925274848938, "energy_consumption": 4.360650198412501, "selected": true, "host_energy_consumption": 2.23305561892, "client_name": "sta2"}
2025-11-19 09:30:06,137 - METRIC - INFO - {"loss": 0.07736433297395706, "accuracy": 0.977523922920227, "energy_consumption": 5.5624768715812465, "selected": true, "host_energy_consumption": 2.78950540288, "client_name": "sta3"}
2025-11-19 09:30:06,844 - METRIC - INFO - mean_accuracy: 0.9787629048029581

2025-11-19 09:30:06,844 - METRIC - INFO - round: 12
2025-11-19 09:30:06,844 - METRIC - INFO - n_selected: 6
2025-11-19 09:30:06,844 - METRIC - INFO - {"selected_trainers": ["sta1", "sta2", "sta4", "sta5", "sta0", "sta3"]}
2025-11-19 09:30:28,153 - EXECUT - INFO - received weights from trainer sta1!
2025-11-19 09:30:56,669 - EXECUT - INFO - received weights from trainer sta2!
2025-11-19 09:31:26,141 - EXECUT - INFO - received weights from trainer sta4!
2025-11-19 09:31:57,364 - EXECUT - INFO - received weights from trainer sta5!
2025-11-19 09:32:31,393 - EXECUT - INFO - received weights from trainer sta0!
2025-11-19 09:33:06,935 - EXECUT - INFO - received weights from trainer sta3!
2025-11-19 09:33:08,411 - EXECUT - INFO - sent aggregated weights to trainers!
2025-11-19 09:33:25,295 - METRIC - INFO - {"loss": 0.07113758474588394, "accuracy": 0.9745385050773621, "energy_consumption": 3.570961148566778, "selected": true, "host_energy_consumption": 1.76924463296, "client_name": "sta1"}
2025-11-19 09:33:26,717 - METRIC - INFO - {"loss": 0.060078516602516174, "accuracy": 0.9789965152740479, "energy_consumption": 5.562316354521094, "selected": true, "host_energy_consumption": 2.8742815250800002, "client_name": "sta0"}
2025-11-19 09:33:33,923 - METRIC - INFO - {"loss": 0.06540893018245697, "accuracy": 0.9803921580314636, "energy_consumption": 4.772687094427014, "selected": true, "host_energy_consumption": 2.4324987456000002, "client_name": "sta2"}
2025-11-19 09:33:37,150 - METRIC - INFO - {"loss": 0.0726858526468277, "accuracy": 0.9767870306968689, "energy_consumption": 6.043168741569481, "selected": true, "host_energy_consumption": 3.04342746316, "client_name": "sta3"}
2025-11-19 09:33:38,364 - METRIC - INFO - {"loss": 0.05904537811875343, "accuracy": 0.9808589816093445, "energy_consumption": 4.772698302422411, "selected": true, "host_energy_consumption": 2.42764871272, "client_name": "sta4"}
2025-11-19 09:33:38,898 - METRIC - INFO - {"loss": 0.06287500262260437, "accuracy": 0.9807440042495728, "energy_consumption": 5.150346011840743, "selected": true, "host_energy_consumption": 2.57394649064, "client_name": "sta5"}
2025-11-19 09:33:39,444 - METRIC - INFO - mean_accuracy: 0.9787195324897766

2025-11-19 09:33:39,444 - METRIC - INFO - round: 13
2025-11-19 09:33:39,444 - METRIC - INFO - n_selected: 6
2025-11-19 09:33:39,444 - METRIC - INFO - {"selected_trainers": ["sta1", "sta2", "sta4", "sta5", "sta0", "sta3"]}
2025-11-19 09:34:00,989 - EXECUT - INFO - received weights from trainer sta1!
2025-11-19 09:34:30,546 - EXECUT - INFO - received weights from trainer sta2!
2025-11-19 09:35:00,086 - EXECUT - INFO - received weights from trainer sta4!
2025-11-19 09:35:34,383 - EXECUT - INFO - received weights from trainer sta5!
2025-11-19 09:36:08,946 - EXECUT - INFO - received weights from trainer sta0!
2025-11-19 09:36:47,919 - EXECUT - INFO - received weights from trainer sta3!
2025-11-19 09:36:49,397 - EXECUT - INFO - sent aggregated weights to trainers!
2025-11-19 09:37:04,481 - METRIC - INFO - {"loss": 0.06759148836135864, "accuracy": 0.9758116006851196, "energy_consumption": 3.845668920168589, "selected": true, "host_energy_consumption": 1.9152360267600002, "client_name": "sta1"}
2025-11-19 09:37:06,742 - METRIC - INFO - {"loss": 0.060815900564193726, "accuracy": 0.9801633358001709, "energy_consumption": 6.042800906001418, "selected": true, "host_energy_consumption": 3.113049905, "client_name": "sta0"}
2025-11-19 09:37:08,701 - METRIC - INFO - {"loss": 0.05987248942255974, "accuracy": 0.9829321503639221, "energy_consumption": 5.562372116324878, "selected": true, "host_energy_consumption": 2.78979228836, "client_name": "sta5"}
2025-11-19 09:37:09,446 - METRIC - INFO - {"loss": 0.0686744824051857, "accuracy": 0.97826087474823, "energy_consumption": 6.5582039997191615, "selected": true, "host_energy_consumption": 3.2999976556400004, "client_name": "sta3"}
2025-11-19 09:37:10,026 - METRIC - INFO - {"loss": 0.06279503554105759, "accuracy": 0.9808589816093445, "energy_consumption": 5.150369960168441, "selected": true, "host_energy_consumption": 2.6319573218400003, "client_name": "sta2"}
2025-11-19 09:37:14,848 - METRIC - INFO - {"loss": 0.057004451751708984, "accuracy": 0.9813258647918701, "energy_consumption": 5.18475630780849, "selected": true, "host_energy_consumption": 2.6281134166, "client_name": "sta4"}
2025-11-19 09:37:15,426 - METRIC - INFO - mean_accuracy: 0.9798921346664429

2025-11-19 09:37:15,426 - METRIC - INFO - round: 14
2025-11-19 09:37:15,426 - METRIC - INFO - n_selected: 6
2025-11-19 09:37:15,426 - METRIC - INFO - {"selected_trainers": ["sta1", "sta2", "sta4", "sta5", "sta0", "sta3"]}
2025-11-19 09:37:37,586 - EXECUT - INFO - received weights from trainer sta1!
2025-11-19 09:38:05,997 - EXECUT - INFO - received weights from trainer sta2!
2025-11-19 09:38:35,690 - EXECUT - INFO - received weights from trainer sta4!
2025-11-19 09:39:08,894 - EXECUT - INFO - received weights from trainer sta5!
2025-11-19 09:39:41,573 - EXECUT - INFO - received weights from trainer sta0!
2025-11-19 09:40:16,738 - EXECUT - INFO - received weights from trainer sta3!
2025-11-19 09:40:18,214 - EXECUT - INFO - sent aggregated weights to trainers!
2025-11-19 09:40:33,259 - METRIC - INFO - {"loss": 0.06453819572925568, "accuracy": 0.9770846366882324, "energy_consumption": 4.120369912292259, "selected": true, "host_energy_consumption": 2.06088817088, "client_name": "sta1"}
2025-11-19 09:40:34,067 - METRIC - INFO - {"loss": 0.05588072910904884, "accuracy": 0.9813302159309387, "energy_consumption": 6.48916291340371, "selected": true, "host_energy_consumption": 3.35166258028, "client_name": "sta0"}
2025-11-19 09:40:43,779 - METRIC - INFO - {"loss": 0.05739489570260048, "accuracy": 0.9829321503639221, "energy_consumption": 5.974403466360667, "selected": true, "host_energy_consumption": 3.00594202776, "client_name": "sta5"}
2025-11-19 09:40:49,364 - METRIC - INFO - {"loss": 0.05360599607229233, "accuracy": 0.9827263951301575, "energy_consumption": 5.596792741260726, "selected": true, "host_energy_consumption": 2.83012890076, "client_name": "sta4"}
2025-11-19 09:40:49,935 - METRIC - INFO - {"loss": 0.061708059161901474, "accuracy": 0.981792688369751, "energy_consumption": 5.562400377131866, "selected": true, "host_energy_consumption": 2.8321836404400003, "client_name": "sta2"}
2025-11-19 09:40:50,365 - METRIC - INFO - {"loss": 0.06741809099912643, "accuracy": 0.9797347187995911, "energy_consumption": 7.038895639221046, "selected": true, "host_energy_consumption": 3.5541465313200002, "client_name": "sta3"}
2025-11-19 09:40:51,249 - METRIC - INFO - mean_accuracy: 0.9809334675470988

2025-11-19 09:40:51,249 - METRIC - INFO - round: 15
2025-11-19 09:40:51,249 - METRIC - INFO - n_selected: 6
2025-11-19 09:40:51,249 - METRIC - INFO - {"selected_trainers": ["sta1", "sta2", "sta4", "sta5", "sta0", "sta3"]}
2025-11-19 09:41:13,473 - EXECUT - INFO - received weights from trainer sta1!
2025-11-19 09:41:42,347 - EXECUT - INFO - received weights from trainer sta2!
2025-11-19 09:42:11,695 - EXECUT - INFO - received weights from trainer sta4!
2025-11-19 09:42:43,567 - EXECUT - INFO - received weights from trainer sta5!
2025-11-19 09:43:17,171 - EXECUT - INFO - received weights from trainer sta0!
2025-11-19 09:43:54,521 - EXECUT - INFO - received weights from trainer sta3!
2025-11-19 09:43:56,006 - EXECUT - INFO - sent aggregated weights to trainers!
2025-11-19 09:44:10,982 - METRIC - INFO - {"loss": 0.05297346040606499, "accuracy": 0.9805523157119751, "energy_consumption": 6.935518497389559, "selected": true, "host_energy_consumption": 3.5902125702800003, "client_name": "sta0"}
2025-11-19 09:44:12,196 - METRIC - INFO - {"loss": 0.060367994010448456, "accuracy": 0.97835773229599, "energy_consumption": 4.395049817298241, "selected": true, "host_energy_consumption": 2.2072317682800002, "client_name": "sta1"}
2025-11-19 09:44:20,223 - METRIC - INFO - {"loss": 0.05817143991589546, "accuracy": 0.9822595715522766, "energy_consumption": 5.940098672743006, "selected": true, "host_energy_consumption": 3.0323890408, "client_name": "sta2"}
2025-11-19 09:44:22,659 - METRIC - INFO - {"loss": 0.06531298905611038, "accuracy": 0.97826087474823, "energy_consumption": 7.553932029138245, "selected": true, "host_energy_consumption": 3.8080369919200003, "client_name": "sta3"}
2025-11-19 09:44:23,885 - METRIC - INFO - {"loss": 0.056733645498752594, "accuracy": 0.9829321503639221, "energy_consumption": 6.386437800002672, "selected": true, "host_energy_consumption": 3.2202950819200002, "client_name": "sta5"}
2025-11-19 09:44:24,862 - METRIC - INFO - {"loss": 0.051907386630773544, "accuracy": 0.9822595715522766, "energy_consumption": 6.008829351154246, "selected": true, "host_energy_consumption": 3.03172944396, "client_name": "sta4"}
2025-11-19 09:44:25,037 - METRIC - INFO - mean_accuracy: 0.9807703693707784

2025-11-19 09:44:25,037 - METRIC - INFO - round: 16
2025-11-19 09:44:25,037 - METRIC - INFO - n_selected: 6
2025-11-19 09:44:25,037 - METRIC - INFO - {"selected_trainers": ["sta1", "sta2", "sta4", "sta5", "sta0", "sta3"]}
2025-11-19 09:44:47,549 - EXECUT - INFO - received weights from trainer sta1!
2025-11-19 09:45:15,909 - EXECUT - INFO - received weights from trainer sta2!
2025-11-19 09:45:47,162 - EXECUT - INFO - received weights from trainer sta4!
2025-11-19 09:46:18,762 - EXECUT - INFO - received weights from trainer sta5!
2025-11-19 09:46:52,290 - EXECUT - INFO - received weights from trainer sta0!
2025-11-19 09:47:31,571 - EXECUT - INFO - received weights from trainer sta3!
2025-11-19 09:47:33,028 - EXECUT - INFO - sent aggregated weights to trainers!
2025-11-19 09:47:48,369 - METRIC - INFO - {"loss": 0.052126847207546234, "accuracy": 0.9805523157119751, "energy_consumption": 7.416226388564247, "selected": true, "host_energy_consumption": 3.8296748308, "client_name": "sta0"}
2025-11-19 09:47:53,083 - METRIC - INFO - {"loss": 0.059698861092329025, "accuracy": 0.97835773229599, "energy_consumption": 4.669734454427652, "selected": true, "host_energy_consumption": 2.35340783468, "client_name": "sta1"}
2025-11-19 09:47:58,801 - METRIC - INFO - {"loss": 0.06356528401374817, "accuracy": 0.9812085628509521, "energy_consumption": 8.034624290158526, "selected": true, "host_energy_consumption": 4.0603294536000005, "client_name": "sta3"}
2025-11-19 09:47:59,946 - METRIC - INFO - {"loss": 0.050095416605472565, "accuracy": 0.9827263951301575, "energy_consumption": 6.420858437655026, "selected": true, "host_energy_consumption": 3.2357082212000003, "client_name": "sta4"}
2025-11-19 09:48:00,055 - METRIC - INFO - {"loss": 0.05363665148615837, "accuracy": 0.9838074445724487, "energy_consumption": 6.7984628760407775, "selected": true, "host_energy_consumption": 3.43807816212, "client_name": "sta5"}
2025-11-19 09:48:00,113 - METRIC - INFO - {"loss": 0.05846470966935158, "accuracy": 0.983660101890564, "energy_consumption": 6.317807325934347, "selected": true, "host_energy_consumption": 3.23373592024, "client_name": "sta2"}
2025-11-19 09:48:01,058 - METRIC - INFO - mean_accuracy: 0.9817187587420145

2025-11-19 09:48:01,058 - METRIC - INFO - round: 17
2025-11-19 09:48:01,058 - METRIC - INFO - n_selected: 6
2025-11-19 09:48:01,058 - METRIC - INFO - {"selected_trainers": ["sta1", "sta2", "sta4", "sta5", "sta0", "sta3"]}
2025-11-19 09:48:22,052 - EXECUT - INFO - received weights from trainer sta1!
2025-11-19 09:48:51,009 - EXECUT - INFO - received weights from trainer sta2!
2025-11-19 09:49:22,354 - EXECUT - INFO - received weights from trainer sta4!
2025-11-19 09:49:56,555 - EXECUT - INFO - received weights from trainer sta5!
2025-11-19 09:50:30,606 - EXECUT - INFO - received weights from trainer sta0!
2025-11-19 09:51:08,777 - EXECUT - INFO - received weights from trainer sta3!
2025-11-19 09:51:10,247 - EXECUT - INFO - sent aggregated weights to trainers!
2025-11-19 09:51:26,789 - METRIC - INFO - {"loss": 0.05089230090379715, "accuracy": 0.9813302159309387, "energy_consumption": 7.931248714044713, "selected": true, "host_energy_consumption": 4.0686148949600005, "client_name": "sta0"}
2025-11-19 09:51:28,501 - METRIC - INFO - {"loss": 0.05836562067270279, "accuracy": 0.9809038639068604, "energy_consumption": 4.944395969801126, "selected": true, "host_energy_consumption": 2.50024502, "client_name": "sta1"}
2025-11-19 09:51:33,922 - METRIC - INFO - {"loss": 0.061309922486543655, "accuracy": 0.9823139309883118, "energy_consumption": 8.515315964630759, "selected": true, "host_energy_consumption": 4.31430098876, "client_name": "sta3"}
2025-11-19 09:51:36,883 - METRIC - INFO - {"loss": 0.05543157085776329, "accuracy": 0.9841269850730896, "energy_consumption": 6.6954903681170785, "selected": true, "host_energy_consumption": 3.43331433032, "client_name": "sta2"}
2025-11-19 09:51:38,736 - METRIC - INFO - {"loss": 0.04949985444545746, "accuracy": 0.981792688369751, "energy_consumption": 6.8328835423052166, "selected": true, "host_energy_consumption": 3.43750914276, "client_name": "sta4"}
2025-11-19 09:51:38,985 - METRIC - INFO - {"loss": 0.05251084640622139, "accuracy": 0.9842450618743896, "energy_consumption": 7.244817247191503, "selected": true, "host_energy_consumption": 3.65332996924, "client_name": "sta5"}
2025-11-19 09:51:39,277 - METRIC - INFO - mean_accuracy: 0.9824521243572235

2025-11-19 09:51:39,277 - METRIC - INFO - round: 18
2025-11-19 09:51:39,277 - METRIC - INFO - n_selected: 6
2025-11-19 09:51:39,277 - METRIC - INFO - {"selected_trainers": ["sta1", "sta2", "sta4", "sta5", "sta0", "sta3"]}
2025-11-19 09:52:01,467 - EXECUT - INFO - received weights from trainer sta1!
2025-11-19 09:52:30,508 - EXECUT - INFO - received weights from trainer sta2!
2025-11-19 09:53:01,554 - EXECUT - INFO - received weights from trainer sta4!
2025-11-19 09:53:33,434 - EXECUT - INFO - received weights from trainer sta5!
2025-11-19 09:54:08,124 - EXECUT - INFO - received weights from trainer sta0!
2025-11-19 09:54:43,949 - EXECUT - INFO - received weights from trainer sta3!
2025-11-19 09:54:45,411 - EXECUT - INFO - sent aggregated weights to trainers!
2025-11-19 09:55:04,214 - METRIC - INFO - {"loss": 0.05627316236495972, "accuracy": 0.980267345905304, "energy_consumption": 5.21910228854409, "selected": true, "host_energy_consumption": 2.64673707676, "client_name": "sta1"}
2025-11-19 09:55:04,843 - METRIC - INFO - {"loss": 0.04851571097970009, "accuracy": 0.9824970960617065, "energy_consumption": 8.377611379525305, "selected": true, "host_energy_consumption": 4.308278763600001, "client_name": "sta0"}
2025-11-19 09:55:07,766 - METRIC - INFO - {"loss": 0.05419198051095009, "accuracy": 0.9845938086509705, "energy_consumption": 7.107508108330642, "selected": true, "host_energy_consumption": 3.63318085732, "client_name": "sta2"}
2025-11-19 09:55:10,549 - METRIC - INFO - {"loss": 0.06104886159300804, "accuracy": 0.9819454550743103, "energy_consumption": 8.996006327715058, "selected": true, "host_energy_consumption": 4.56840336316, "client_name": "sta3"}
2025-11-19 09:55:12,573 - METRIC - INFO - {"loss": 0.050853170454502106, "accuracy": 0.9846827387809753, "energy_consumption": 7.656839792648317, "selected": true, "host_energy_consumption": 3.8670705598, "client_name": "sta5"}
2025-11-19 09:55:13,278 - METRIC - INFO - {"loss": 0.04712235927581787, "accuracy": 0.9822595715522766, "energy_consumption": 7.21057018643342, "selected": true, "host_energy_consumption": 3.63859835948, "client_name": "sta4"}
2025-11-19 09:55:13,441 - METRIC - INFO - mean_accuracy: 0.9827076693375906

2025-11-19 09:55:13,441 - METRIC - INFO - round: 19
2025-11-19 09:55:13,441 - METRIC - INFO - n_selected: 6
2025-11-19 09:55:13,441 - METRIC - INFO - {"selected_trainers": ["sta1", "sta2", "sta4", "sta5", "sta0", "sta3"]}
2025-11-19 09:55:35,010 - EXECUT - INFO - received weights from trainer sta1!
2025-11-19 09:56:07,819 - EXECUT - INFO - received weights from trainer sta2!
2025-11-19 09:56:37,715 - EXECUT - INFO - received weights from trainer sta4!
2025-11-19 09:57:10,026 - EXECUT - INFO - received weights from trainer sta5!
2025-11-19 09:57:43,810 - EXECUT - INFO - received weights from trainer sta0!
2025-11-19 09:58:22,897 - EXECUT - INFO - received weights from trainer sta3!
2025-11-19 09:58:24,370 - EXECUT - INFO - sent aggregated weights to trainers!
2025-11-19 09:58:40,340 - METRIC - INFO - {"loss": 0.05636436864733696, "accuracy": 0.9809038639068604, "energy_consumption": 5.528140876468496, "selected": true, "host_energy_consumption": 2.7935672035600003, "client_name": "sta1"}
2025-11-19 09:58:41,384 - METRIC - INFO - {"loss": 0.04795795679092407, "accuracy": 0.9817191958427429, "energy_consumption": 8.823974006856417, "selected": true, "host_energy_consumption": 4.54618921932, "client_name": "sta0"}
2025-11-19 09:58:45,408 - METRIC - INFO - {"loss": 0.049734774976968765, "accuracy": 0.9846827387809753, "energy_consumption": 8.068863733739764, "selected": true, "host_energy_consumption": 4.08122850044, "client_name": "sta5"}
2025-11-19 09:58:49,533 - METRIC - INFO - {"loss": 0.05205676704645157, "accuracy": 0.9845938086509705, "energy_consumption": 7.51957653805851, "selected": true, "host_energy_consumption": 3.8322933479600003, "client_name": "sta2"}
2025-11-19 09:58:52,687 - METRIC - INFO - {"loss": 0.0610288642346859, "accuracy": 0.9812085628509521, "energy_consumption": 9.476711643800733, "selected": true, "host_energy_consumption": -68.57982060244001, "client_name": "sta3"}
2025-11-19 09:58:53,128 - METRIC - INFO - {"loss": 0.04686954244971275, "accuracy": 0.9822595715522766, "energy_consumption": 7.588261446647072, "selected": true, "host_energy_consumption": 3.8398468872400002, "client_name": "sta4"}
2025-11-19 09:58:53,401 - METRIC - INFO - mean_accuracy: 0.9825612902641296

2025-11-19 09:58:53,401 - METRIC - INFO - round: 20
2025-11-19 09:58:53,401 - METRIC - INFO - n_selected: 6
2025-11-19 09:58:53,401 - METRIC - INFO - {"selected_trainers": ["sta1", "sta2", "sta4", "sta5", "sta0", "sta3"]}
2025-11-19 09:59:14,122 - EXECUT - INFO - received weights from trainer sta1!
2025-11-19 09:59:45,476 - EXECUT - INFO - received weights from trainer sta2!
2025-11-19 10:00:15,259 - EXECUT - INFO - received weights from trainer sta4!
2025-11-19 10:00:45,875 - EXECUT - INFO - received weights from trainer sta5!
2025-11-19 10:01:19,792 - EXECUT - INFO - received weights from trainer sta0!
2025-11-19 10:01:56,160 - EXECUT - INFO - received weights from trainer sta3!
2025-11-19 10:01:57,624 - EXECUT - INFO - sent aggregated weights to trainers!
2025-11-19 10:02:13,249 - METRIC - INFO - {"loss": 0.05384610593318939, "accuracy": 0.9834500551223755, "energy_consumption": 5.837161910869566, "selected": true, "host_energy_consumption": 2.94057248436, "client_name": "sta1"}
2025-11-19 10:02:14,648 - METRIC - INFO - {"loss": 0.0898420438170433, "accuracy": 0.9716063737869263, "energy_consumption": 9.304713428565307, "selected": true, "host_energy_consumption": 4.78483210912, "client_name": "sta0"}
2025-11-19 10:02:19,298 - METRIC - INFO - {"loss": 0.04620586335659027, "accuracy": 0.9827263951301575, "energy_consumption": 8.000315300099507, "selected": true, "host_energy_consumption": 4.04109738032, "client_name": "sta4"}
2025-11-19 10:02:20,226 - METRIC - INFO - {"loss": 0.050244469195604324, "accuracy": 0.9838074445724487, "energy_consumption": 8.48091312847328, "selected": true, "host_energy_consumption": 4.2986022119600005, "client_name": "sta5"}
2025-11-19 10:02:21,022 - METRIC - INFO - {"loss": 0.05878594145178795, "accuracy": 0.9823139309883118, "energy_consumption": 9.99177075172529, "selected": true, "host_energy_consumption": -68.32714062916, "client_name": "sta3"}
2025-11-19 10:02:26,195 - METRIC - INFO - {"loss": 0.05180615559220314, "accuracy": 0.9841269850730896, "energy_consumption": 7.931619739861966, "selected": true, "host_energy_consumption": 4.0319016990000005, "client_name": "sta2"}
2025-11-19 10:02:26,655 - METRIC - INFO - mean_accuracy: 0.9813385307788849

2025-11-19 10:02:26,660 - METRIC - INFO - stop_condition: rounds
