2025-11-19 12:38:03,718 - EXECUT - INFO - starting server...
2025-11-19 12:38:12,563 - EXECUT - INFO - trainer number sta4 just joined the pool
2025-11-19 12:38:12,718 - EXECUT - INFO - trainer number sta0 just joined the pool
2025-11-19 12:38:12,776 - EXECUT - INFO - trainer number sta3 just joined the pool
2025-11-19 12:38:12,875 - EXECUT - INFO - trainer number sta2 just joined the pool
2025-11-19 12:38:12,979 - EXECUT - INFO - trainer number sta5 just joined the pool
2025-11-19 12:38:13,025 - EXECUT - INFO - trainer number sta1 just joined the pool
2025-11-19 12:38:13,737 - METRIC - INFO - round: 1
2025-11-19 12:38:13,737 - METRIC - INFO - n_selected: 6
2025-11-19 12:38:13,737 - METRIC - INFO - {"selected_trainers": ["sta4", "sta0", "sta3", "sta2", "sta5", "sta1"]}
2025-11-19 12:38:32,826 - EXECUT - INFO - received weights from trainer sta4!
2025-11-19 12:38:54,232 - EXECUT - INFO - received weights from trainer sta0!
2025-11-19 12:39:16,804 - EXECUT - INFO - received weights from trainer sta3!
2025-11-19 12:39:41,418 - EXECUT - INFO - received weights from trainer sta2!
2025-11-19 12:40:10,095 - EXECUT - INFO - received weights from trainer sta5!
2025-11-19 12:40:36,899 - EXECUT - INFO - received weights from trainer sta1!
2025-11-19 12:40:38,359 - EXECUT - INFO - sent aggregated weights to trainers!
2025-11-19 12:40:55,051 - METRIC - INFO - {"loss": 0.26107466220855713, "accuracy": 0.9221006631851196, "energy_consumption": 0.5207744194073061, "selected": true, "host_energy_consumption": 0.21580252624000001, "client_name": "sta1"}
2025-11-19 12:40:58,088 - METRIC - INFO - {"loss": 0.32753825187683105, "accuracy": 0.9189031720161438, "energy_consumption": 0.4177548843181389, "selected": true, "host_energy_consumption": 0.16125272184, "client_name": "sta0"}
2025-11-19 12:40:58,815 - METRIC - INFO - {"loss": 0.30866527557373047, "accuracy": 0.9197630882263184, "energy_consumption": 0.45964033302415563, "selected": true, "host_energy_consumption": 0.17451997836000002, "client_name": "sta3"}
2025-11-19 12:41:12,683 - METRIC - INFO - {"loss": 0.27517372369766235, "accuracy": 0.920922577381134, "energy_consumption": 0.5626250408293783, "selected": true, "host_energy_consumption": 0.22652858032, "client_name": "sta5"}
2025-11-19 12:41:14,713 - METRIC - INFO - {"loss": 0.28575289249420166, "accuracy": 0.9164999723434448, "energy_consumption": 0.46161469508904407, "selected": true, "host_energy_consumption": 0.18817713768000002, "client_name": "sta2"}
2025-11-19 12:41:16,320 - METRIC - INFO - {"loss": 0.3758670687675476, "accuracy": 0.8851540684700012, "energy_consumption": 0.3338092846026278, "selected": true, "host_energy_consumption": 0.13465205516, "client_name": "sta4"}
2025-11-19 12:41:16,405 - METRIC - INFO - mean_accuracy: 0.9138905902703603

2025-11-19 12:41:16,405 - METRIC - INFO - round: 2
2025-11-19 12:41:16,405 - METRIC - INFO - n_selected: 6
2025-11-19 12:41:16,405 - METRIC - INFO - {"selected_trainers": ["sta4", "sta0", "sta3", "sta2", "sta5", "sta1"]}
2025-11-19 12:41:35,544 - EXECUT - INFO - received weights from trainer sta4!
2025-11-19 12:41:55,231 - EXECUT - INFO - received weights from trainer sta0!
2025-11-19 12:42:17,961 - EXECUT - INFO - received weights from trainer sta3!
2025-11-19 12:42:41,994 - EXECUT - INFO - received weights from trainer sta2!
2025-11-19 12:43:11,886 - EXECUT - INFO - received weights from trainer sta5!
2025-11-19 12:43:37,846 - EXECUT - INFO - received weights from trainer sta1!
2025-11-19 12:43:39,282 - EXECUT - INFO - sent aggregated weights to trainers!
2025-11-19 12:43:58,513 - METRIC - INFO - {"loss": 0.33822938799858093, "accuracy": 0.9041575789451599, "energy_consumption": 1.001460439810662, "selected": true, "host_energy_consumption": 0.42602861644, "client_name": "sta1"}
2025-11-19 12:44:01,892 - METRIC - INFO - {"loss": 0.40449777245521545, "accuracy": 0.8982229232788086, "energy_consumption": 0.8773956671880883, "selected": true, "host_energy_consumption": 0.34464153752000004, "client_name": "sta3"}
2025-11-19 12:44:02,649 - METRIC - INFO - {"loss": 0.45407363772392273, "accuracy": 0.8798133134841919, "energy_consumption": 0.8354998926930948, "selected": true, "host_energy_consumption": 0.31629010532, "client_name": "sta0"}
2025-11-19 12:44:14,787 - METRIC - INFO - {"loss": 0.35590076446533203, "accuracy": 0.9003294706344604, "energy_consumption": 1.0452211732375107, "selected": true, "host_energy_consumption": 0.44783865336, "client_name": "sta5"}
2025-11-19 12:44:18,301 - METRIC - INFO - {"loss": 0.38581106066703796, "accuracy": 0.8945000171661377, "energy_consumption": 0.8812605737604784, "selected": true, "host_energy_consumption": 0.37234996428, "client_name": "sta2"}
2025-11-19 12:44:23,374 - METRIC - INFO - {"loss": 0.5055952072143555, "accuracy": 0.8613445162773132, "energy_consumption": 0.6657474427762896, "selected": true, "host_energy_consumption": 0.2631453398, "client_name": "sta4"}
2025-11-19 12:44:24,329 - METRIC - INFO - mean_accuracy: 0.8897279699643453

2025-11-19 12:44:24,329 - METRIC - INFO - round: 3
2025-11-19 12:44:24,329 - METRIC - INFO - n_selected: 6
2025-11-19 12:44:24,329 - METRIC - INFO - {"selected_trainers": ["sta4", "sta0", "sta3", "sta2", "sta5", "sta1"]}
2025-11-19 12:44:44,510 - EXECUT - INFO - received weights from trainer sta4!
2025-11-19 12:45:04,684 - EXECUT - INFO - received weights from trainer sta0!
2025-11-19 12:45:26,973 - EXECUT - INFO - received weights from trainer sta3!
2025-11-19 12:45:51,029 - EXECUT - INFO - received weights from trainer sta2!
2025-11-19 12:46:21,226 - EXECUT - INFO - received weights from trainer sta5!
2025-11-19 12:46:49,203 - EXECUT - INFO - received weights from trainer sta1!
2025-11-19 12:46:50,620 - EXECUT - INFO - sent aggregated weights to trainers!
2025-11-19 12:47:06,604 - METRIC - INFO - {"loss": 0.30607807636260986, "accuracy": 0.9154025912284851, "energy_consumption": 1.2113002888974795, "selected": true, "host_energy_consumption": 0.47149965184000003, "client_name": "sta0"}
2025-11-19 12:47:08,860 - METRIC - INFO - {"loss": 0.23911403119564056, "accuracy": 0.9317286610603333, "energy_consumption": 1.4821587761335056, "selected": true, "host_energy_consumption": 0.6351748877600001, "client_name": "sta1"}
2025-11-19 12:47:12,365 - METRIC - INFO - {"loss": 0.2719471752643585, "accuracy": 0.9246096014976501, "energy_consumption": 1.3371204440567124, "selected": true, "host_energy_consumption": 0.51495492944, "client_name": "sta3"}
2025-11-19 12:47:18,794 - METRIC - INFO - {"loss": 0.25222069025039673, "accuracy": 0.9287479519844055, "energy_consumption": 1.527818148113036, "selected": true, "host_energy_consumption": 0.66892073164, "client_name": "sta5"}
2025-11-19 12:47:34,960 - METRIC - INFO - {"loss": 0.26457393169403076, "accuracy": 0.9204999804496765, "energy_consumption": 1.340959499596753, "selected": true, "host_energy_consumption": 0.5561222576, "client_name": "sta2"}
2025-11-19 12:47:36,613 - METRIC - INFO - {"loss": 0.3292723298072815, "accuracy": 0.8977590799331665, "energy_consumption": 0.9575986293718796, "selected": true, "host_energy_consumption": 0.3922335032, "client_name": "sta4"}
2025-11-19 12:47:36,666 - METRIC - INFO - mean_accuracy: 0.9197913110256195

2025-11-19 12:47:36,666 - METRIC - INFO - round: 4
2025-11-19 12:47:36,666 - METRIC - INFO - n_selected: 6
2025-11-19 12:47:36,666 - METRIC - INFO - {"selected_trainers": ["sta4", "sta0", "sta3", "sta2", "sta5", "sta1"]}
2025-11-19 12:47:56,865 - EXECUT - INFO - received weights from trainer sta4!
2025-11-19 12:48:16,816 - EXECUT - INFO - received weights from trainer sta0!
2025-11-19 12:48:39,990 - EXECUT - INFO - received weights from trainer sta3!
2025-11-19 12:49:05,329 - EXECUT - INFO - received weights from trainer sta2!
2025-11-19 12:49:34,908 - EXECUT - INFO - received weights from trainer sta5!
2025-11-19 12:50:00,282 - EXECUT - INFO - received weights from trainer sta1!
2025-11-19 12:50:01,697 - EXECUT - INFO - sent aggregated weights to trainers!
2025-11-19 12:50:17,492 - METRIC - INFO - {"loss": 0.18252778053283691, "accuracy": 0.9479212164878845, "energy_consumption": 1.962890846122249, "selected": true, "host_energy_consumption": 0.8449897806000001, "client_name": "sta1"}
2025-11-19 12:50:17,958 - METRIC - INFO - {"loss": 0.22987350821495056, "accuracy": 0.9340723156929016, "energy_consumption": 1.547025288707802, "selected": true, "host_energy_consumption": 0.62691453216, "client_name": "sta0"}
2025-11-19 12:50:28,984 - METRIC - INFO - {"loss": 0.20282675325870514, "accuracy": 0.9461497068405151, "energy_consumption": 1.7567693222299643, "selected": true, "host_energy_consumption": 0.68683518288, "client_name": "sta3"}
2025-11-19 12:50:39,168 - METRIC - INFO - {"loss": 0.20294925570487976, "accuracy": 0.9350000023841858, "energy_consumption": 1.800676800759467, "selected": true, "host_energy_consumption": 0.73922461368, "client_name": "sta2"}
2025-11-19 12:50:40,986 - METRIC - INFO - {"loss": 0.19060198962688446, "accuracy": 0.9419274926185608, "energy_consumption": 2.0104129993349154, "selected": true, "host_energy_consumption": 0.8907375685600001, "client_name": "sta5"}
2025-11-19 12:50:46,221 - METRIC - INFO - {"loss": 0.25390303134918213, "accuracy": 0.9236694574356079, "energy_consumption": 1.2895184742119823, "selected": true, "host_energy_consumption": 0.52151642172, "client_name": "sta4"}
2025-11-19 12:50:46,744 - METRIC - INFO - mean_accuracy: 0.938123365243276

2025-11-19 12:50:46,744 - METRIC - INFO - round: 5
2025-11-19 12:50:46,744 - METRIC - INFO - n_selected: 6
2025-11-19 12:50:46,744 - METRIC - INFO - {"selected_trainers": ["sta4", "sta0", "sta3", "sta2", "sta5", "sta1"]}
2025-11-19 12:51:04,449 - EXECUT - INFO - received weights from trainer sta4!
2025-11-19 12:51:24,193 - EXECUT - INFO - received weights from trainer sta0!
2025-11-19 12:51:48,059 - EXECUT - INFO - received weights from trainer sta3!
2025-11-19 12:52:12,872 - EXECUT - INFO - received weights from trainer sta2!
2025-11-19 12:52:42,370 - EXECUT - INFO - received weights from trainer sta5!
2025-11-19 12:53:08,151 - EXECUT - INFO - received weights from trainer sta1!
2025-11-19 12:53:09,567 - EXECUT - INFO - sent aggregated weights to trainers!
2025-11-19 12:53:24,978 - METRIC - INFO - {"loss": 0.14662830531597137, "accuracy": 0.9566739797592163, "energy_consumption": 2.4435746427296077, "selected": true, "host_energy_consumption": 1.05310237564, "client_name": "sta1"}
2025-11-19 12:53:32,032 - METRIC - INFO - {"loss": 0.18157365918159485, "accuracy": 0.9439906477928162, "energy_consumption": 1.922801110297408, "selected": true, "host_energy_consumption": 0.7817705420000001, "client_name": "sta0"}
2025-11-19 12:53:34,491 - METRIC - INFO - {"loss": 0.15650874376296997, "accuracy": 0.9558427333831787, "energy_consumption": 2.1745140381256722, "selected": true, "host_energy_consumption": 0.8571634428, "client_name": "sta3"}
2025-11-19 12:53:35,127 - METRIC - INFO - {"loss": 0.1503187119960785, "accuracy": 0.9571663737297058, "energy_consumption": 2.4930057873064633, "selected": true, "host_energy_consumption": 1.111915777, "client_name": "sta5"}
2025-11-19 12:53:50,306 - METRIC - INFO - {"loss": 0.16062632203102112, "accuracy": 0.9480000138282776, "energy_consumption": 2.2603960888735717, "selected": true, "host_energy_consumption": 0.921337214, "client_name": "sta2"}
2025-11-19 12:53:52,223 - METRIC - INFO - {"loss": 0.20124520361423492, "accuracy": 0.9376750588417053, "energy_consumption": 1.6214345517922566, "selected": true, "host_energy_consumption": 0.6503139216, "client_name": "sta4"}
2025-11-19 12:53:52,612 - METRIC - INFO - mean_accuracy: 0.94989146788915

2025-11-19 12:53:52,613 - METRIC - INFO - round: 6
2025-11-19 12:53:52,613 - METRIC - INFO - n_selected: 6
2025-11-19 12:53:52,613 - METRIC - INFO - {"selected_trainers": ["sta4", "sta0", "sta3", "sta2", "sta5", "sta1"]}
2025-11-19 12:54:12,647 - EXECUT - INFO - received weights from trainer sta4!
2025-11-19 12:54:32,983 - EXECUT - INFO - received weights from trainer sta0!
2025-11-19 12:54:56,359 - EXECUT - INFO - received weights from trainer sta3!
2025-11-19 12:55:20,259 - EXECUT - INFO - received weights from trainer sta2!
2025-11-19 12:55:48,079 - EXECUT - INFO - received weights from trainer sta5!
2025-11-19 12:56:13,356 - EXECUT - INFO - received weights from trainer sta1!
2025-11-19 12:56:14,772 - EXECUT - INFO - sent aggregated weights to trainers!
2025-11-19 12:56:29,141 - METRIC - INFO - {"loss": 0.1493150293827057, "accuracy": 0.9527420997619629, "energy_consumption": 2.3004834006177273, "selected": true, "host_energy_consumption": 0.93758674184, "client_name": "sta0"}
2025-11-19 12:56:29,474 - METRIC - INFO - {"loss": 0.12166328728199005, "accuracy": 0.9663019776344299, "energy_consumption": 2.884221259171141, "selected": true, "host_energy_consumption": 1.2630911398, "client_name": "sta1"}
2025-11-19 12:56:33,929 - METRIC - INFO - {"loss": 0.1297011375427246, "accuracy": 0.9639202952384949, "energy_consumption": 2.592258418623992, "selected": true, "host_energy_consumption": 1.0275934043200001, "client_name": "sta3"}
2025-11-19 12:56:40,570 - METRIC - INFO - {"loss": 0.12615635991096497, "accuracy": 0.9662273526191711, "energy_consumption": 3.0156520436765546, "selected": true, "host_energy_consumption": 1.33268564128, "client_name": "sta5"}
2025-11-19 12:56:44,002 - METRIC - INFO - {"loss": 0.13512331247329712, "accuracy": 0.9580000042915344, "energy_consumption": 2.680043107260323, "selected": true, "host_energy_consumption": 1.10383120736, "client_name": "sta2"}
2025-11-19 12:56:52,966 - METRIC - INFO - {"loss": 0.17009925842285156, "accuracy": 0.9467787146568298, "energy_consumption": 1.9132806708670222, "selected": true, "host_energy_consumption": 0.7796787684, "client_name": "sta4"}
2025-11-19 12:56:53,813 - METRIC - INFO - mean_accuracy: 0.9589950740337372

2025-11-19 12:56:53,813 - METRIC - INFO - round: 7
2025-11-19 12:56:53,813 - METRIC - INFO - n_selected: 6
2025-11-19 12:56:53,813 - METRIC - INFO - {"selected_trainers": ["sta4", "sta0", "sta3", "sta2", "sta5", "sta1"]}
2025-11-19 12:57:11,421 - EXECUT - INFO - received weights from trainer sta4!
2025-11-19 12:57:30,267 - EXECUT - INFO - received weights from trainer sta0!
2025-11-19 12:57:54,340 - EXECUT - INFO - received weights from trainer sta3!
2025-11-19 12:58:18,741 - EXECUT - INFO - received weights from trainer sta2!
2025-11-19 12:58:48,354 - EXECUT - INFO - received weights from trainer sta5!
2025-11-19 12:59:14,221 - EXECUT - INFO - received weights from trainer sta1!
2025-11-19 12:59:15,639 - EXECUT - INFO - sent aggregated weights to trainers!
2025-11-19 12:59:30,943 - METRIC - INFO - {"loss": 0.12439091503620148, "accuracy": 0.9603267312049866, "energy_consumption": 2.6362056504873284, "selected": true, "host_energy_consumption": 1.0930236338000001, "client_name": "sta0"}
2025-11-19 12:59:37,328 - METRIC - INFO - {"loss": 0.10630472004413605, "accuracy": 0.9693654179573059, "energy_consumption": 3.36492632569573, "selected": true, "host_energy_consumption": 1.47220601696, "client_name": "sta1"}
2025-11-19 12:59:39,312 - METRIC - INFO - {"loss": 0.11402162164449692, "accuracy": 0.9645000100135803, "energy_consumption": 3.0996959132390796, "selected": true, "host_energy_consumption": 1.2865389255600002, "client_name": "sta2"}
2025-11-19 12:59:48,554 - METRIC - INFO - {"loss": 0.10970740020275116, "accuracy": 0.9699341058731079, "energy_consumption": 3.5383257501774756, "selected": true, "host_energy_consumption": 1.55454304936, "client_name": "sta5"}
2025-11-19 12:59:49,676 - METRIC - INFO - {"loss": 0.10894448310136795, "accuracy": 0.9676898121833801, "energy_consumption": 2.969961584650378, "selected": true, "host_energy_consumption": 1.19833682696, "client_name": "sta3"}
2025-11-19 12:59:51,381 - METRIC - INFO - {"loss": 0.14432735741138458, "accuracy": 0.9572829008102417, "energy_consumption": 2.2051573889931766, "selected": true, "host_energy_consumption": 0.9091919718, "client_name": "sta4"}
2025-11-19 12:59:51,676 - METRIC - INFO - mean_accuracy: 0.9648498296737671

2025-11-19 12:59:51,676 - METRIC - INFO - round: 8
2025-11-19 12:59:51,676 - METRIC - INFO - n_selected: 6
2025-11-19 12:59:51,676 - METRIC - INFO - {"selected_trainers": ["sta4", "sta0", "sta3", "sta2", "sta5", "sta1"]}
2025-11-19 13:00:09,945 - EXECUT - INFO - received weights from trainer sta4!
2025-11-19 13:00:29,664 - EXECUT - INFO - received weights from trainer sta0!
2025-11-19 13:00:52,831 - EXECUT - INFO - received weights from trainer sta3!
2025-11-19 13:01:17,533 - EXECUT - INFO - received weights from trainer sta2!
2025-11-19 13:01:47,119 - EXECUT - INFO - received weights from trainer sta5!
2025-11-19 13:02:14,585 - EXECUT - INFO - received weights from trainer sta1!
2025-11-19 13:02:16,039 - EXECUT - INFO - sent aggregated weights to trainers!
2025-11-19 13:02:30,664 - METRIC - INFO - {"loss": 0.10779335349798203, "accuracy": 0.9644107222557068, "energy_consumption": 2.9719241489927075, "selected": true, "host_energy_consumption": 1.2484524080000001, "client_name": "sta0"}
2025-11-19 13:02:33,322 - METRIC - INFO - {"loss": 0.09333762526512146, "accuracy": 0.971991240978241, "energy_consumption": 3.8856762817575397, "selected": true, "host_energy_consumption": 1.69159036032, "client_name": "sta1"}
2025-11-19 13:02:38,420 - METRIC - INFO - {"loss": 0.10360869020223618, "accuracy": 0.9682283401489258, "energy_consumption": 3.3476460097512697, "selected": true, "host_energy_consumption": 1.36933396488, "client_name": "sta3"}
2025-11-19 13:02:39,930 - METRIC - INFO - {"loss": 0.0986771509051323, "accuracy": 0.968999981880188, "energy_consumption": 3.5193520334527495, "selected": true, "host_energy_consumption": 1.47890856736, "client_name": "sta2"}
2025-11-19 13:02:41,270 - METRIC - INFO - {"loss": 0.09958577901124954, "accuracy": 0.9732289910316467, "energy_consumption": 4.060979901897605, "selected": true, "host_energy_consumption": 1.78936054192, "client_name": "sta5"}
2025-11-19 13:02:54,732 - METRIC - INFO - {"loss": 0.12032254785299301, "accuracy": 0.9614846110343933, "energy_consumption": 2.4966339621321487, "selected": true, "host_energy_consumption": 1.03893527248, "client_name": "sta4"}
2025-11-19 13:02:55,081 - METRIC - INFO - mean_accuracy: 0.9680573145548502

2025-11-19 13:02:55,081 - METRIC - INFO - round: 9
2025-11-19 13:02:55,081 - METRIC - INFO - n_selected: 6
2025-11-19 13:02:55,081 - METRIC - INFO - {"selected_trainers": ["sta4", "sta0", "sta3", "sta2", "sta5", "sta1"]}
2025-11-19 13:03:17,946 - EXECUT - INFO - received weights from trainer sta4!
2025-11-19 13:03:39,126 - EXECUT - INFO - received weights from trainer sta0!
2025-11-19 13:04:03,281 - EXECUT - INFO - received weights from trainer sta3!
2025-11-19 13:04:27,532 - EXECUT - INFO - received weights from trainer sta2!
2025-11-19 13:04:57,221 - EXECUT - INFO - received weights from trainer sta5!
2025-11-19 13:05:23,095 - EXECUT - INFO - received weights from trainer sta1!
2025-11-19 13:05:24,521 - EXECUT - INFO - sent aggregated weights to trainers!
2025-11-19 13:05:40,899 - METRIC - INFO - {"loss": 0.09756183624267578, "accuracy": 0.9684947729110718, "energy_consumption": 3.3496085820414, "selected": true, "host_energy_consumption": 1.4147962668, "client_name": "sta0"}
2025-11-19 13:05:42,729 - METRIC - INFO - {"loss": 0.08106561750173569, "accuracy": 0.9781181812286377, "energy_consumption": 4.3663785093259975, "selected": true, "host_energy_consumption": 1.9000223121600002, "client_name": "sta1"}
2025-11-19 13:05:48,528 - METRIC - INFO - {"loss": 0.090986467897892, "accuracy": 0.9744645953178406, "energy_consumption": 4.5435770166545115, "selected": true, "host_energy_consumption": 2.01194295064, "client_name": "sta5"}
2025-11-19 13:05:49,963 - METRIC - INFO - {"loss": 0.08994827419519424, "accuracy": 0.9714999794960022, "energy_consumption": 3.939000342563114, "selected": true, "host_energy_consumption": 1.66427576616, "client_name": "sta2"}
2025-11-19 13:05:50,927 - METRIC - INFO - {"loss": 0.08526460081338882, "accuracy": 0.9730748534202576, "energy_consumption": 3.765423895018682, "selected": true, "host_energy_consumption": 1.55000121276, "client_name": "sta3"}
2025-11-19 13:06:07,460 - METRIC - INFO - {"loss": 0.10798810422420502, "accuracy": 0.9698879718780518, "energy_consumption": 2.8304477213493064, "selected": true, "host_energy_consumption": 1.1781936266800002, "client_name": "sta4"}
2025-11-19 13:06:07,566 - METRIC - INFO - mean_accuracy: 0.9725900590419769

2025-11-19 13:06:07,566 - METRIC - INFO - round: 10
2025-11-19 13:06:07,566 - METRIC - INFO - n_selected: 6
2025-11-19 13:06:07,566 - METRIC - INFO - {"selected_trainers": ["sta4", "sta0", "sta3", "sta2", "sta5", "sta1"]}
2025-11-19 13:06:27,483 - EXECUT - INFO - received weights from trainer sta4!
2025-11-19 13:06:47,454 - EXECUT - INFO - received weights from trainer sta0!
2025-11-19 13:07:11,774 - EXECUT - INFO - received weights from trainer sta3!
2025-11-19 13:07:34,670 - EXECUT - INFO - received weights from trainer sta2!
2025-11-19 13:08:03,592 - EXECUT - INFO - received weights from trainer sta5!
2025-11-19 13:08:28,824 - EXECUT - INFO - received weights from trainer sta1!
2025-11-19 13:08:30,242 - EXECUT - INFO - sent aggregated weights to trainers!
2025-11-19 13:08:46,658 - METRIC - INFO - {"loss": 0.0744524896144867, "accuracy": 0.9798687100410461, "energy_consumption": 4.847091762090322, "selected": true, "host_energy_consumption": 2.10871305484, "client_name": "sta1"}
2025-11-19 13:08:48,606 - METRIC - INFO - {"loss": 0.08873910456895828, "accuracy": 0.9714118838310242, "energy_consumption": 3.7272976391233588, "selected": true, "host_energy_consumption": 1.56947946456, "client_name": "sta0"}
2025-11-19 13:08:49,166 - METRIC - INFO - {"loss": 0.08209755271673203, "accuracy": 0.9725000262260437, "energy_consumption": 4.358668354283454, "selected": true, "host_energy_consumption": 1.8460513554000002, "client_name": "sta2"}
2025-11-19 13:08:50,596 - METRIC - INFO - {"loss": 0.08549118041992188, "accuracy": 0.9769357442855835, "energy_consumption": 5.066228145029415, "selected": true, "host_energy_consumption": 2.2341220230000003, "client_name": "sta5"}
2025-11-19 13:08:51,843 - METRIC - INFO - {"loss": 0.07908668369054794, "accuracy": 0.9763058423995972, "energy_consumption": 4.225150641353526, "selected": true, "host_energy_consumption": 1.7210199694800001, "client_name": "sta3"}
2025-11-19 13:09:11,432 - METRIC - INFO - {"loss": 0.0988602414727211, "accuracy": 0.970588207244873, "energy_consumption": 3.162394529914534, "selected": true, "host_energy_consumption": 1.3072453377200002, "client_name": "sta4"}
2025-11-19 13:09:12,285 - METRIC - INFO - mean_accuracy: 0.9746017356713613

2025-11-19 13:09:12,285 - METRIC - INFO - round: 11
2025-11-19 13:09:12,285 - METRIC - INFO - n_selected: 6
2025-11-19 13:09:12,285 - METRIC - INFO - {"selected_trainers": ["sta4", "sta0", "sta3", "sta2", "sta5", "sta1"]}
2025-11-19 13:09:32,315 - EXECUT - INFO - received weights from trainer sta4!
2025-11-19 13:09:51,418 - EXECUT - INFO - received weights from trainer sta0!
2025-11-19 13:10:15,670 - EXECUT - INFO - received weights from trainer sta3!
2025-11-19 13:10:38,378 - EXECUT - INFO - received weights from trainer sta2!
2025-11-19 13:11:06,066 - EXECUT - INFO - received weights from trainer sta5!
2025-11-19 13:11:31,639 - EXECUT - INFO - received weights from trainer sta1!
2025-11-19 13:11:33,061 - EXECUT - INFO - sent aggregated weights to trainers!
2025-11-19 13:11:47,966 - METRIC - INFO - {"loss": 0.07953119277954102, "accuracy": 0.9737456440925598, "energy_consumption": 4.063010071863539, "selected": true, "host_energy_consumption": 1.72452604296, "client_name": "sta0"}
2025-11-19 13:11:50,883 - METRIC - INFO - {"loss": 0.06864096224308014, "accuracy": 0.9798687100410461, "energy_consumption": 5.367849014237635, "selected": true, "host_energy_consumption": 2.31741442772, "client_name": "sta1"}
2025-11-19 13:11:59,026 - METRIC - INFO - {"loss": 0.07638631761074066, "accuracy": 0.9735000133514404, "energy_consumption": 4.818381770558824, "selected": true, "host_energy_consumption": 2.02960071244, "client_name": "sta2"}
2025-11-19 13:11:59,218 - METRIC - INFO - {"loss": 0.08964452147483826, "accuracy": 0.9747899174690247, "energy_consumption": 3.4542484251222567, "selected": true, "host_energy_consumption": 1.4376165521200002, "client_name": "sta4"}
2025-11-19 13:12:00,209 - METRIC - INFO - {"loss": 0.07065504789352417, "accuracy": 0.9763058423995972, "energy_consumption": 4.644798588043965, "selected": true, "host_energy_consumption": 1.8931634055600002, "client_name": "sta3"}
2025-11-19 13:12:04,371 - METRIC - INFO - {"loss": 0.08015117794275284, "accuracy": 0.9769357442855835, "energy_consumption": 5.548821802490901, "selected": true, "host_energy_consumption": 2.45529190844, "client_name": "sta5"}
2025-11-19 13:12:05,094 - METRIC - INFO - mean_accuracy: 0.9758576452732086

2025-11-19 13:12:05,094 - METRIC - INFO - round: 12
2025-11-19 13:12:05,094 - METRIC - INFO - n_selected: 6
2025-11-19 13:12:05,094 - METRIC - INFO - {"selected_trainers": ["sta4", "sta0", "sta3", "sta2", "sta5", "sta1"]}
2025-11-19 13:12:24,807 - EXECUT - INFO - received weights from trainer sta4!
2025-11-19 13:12:44,633 - EXECUT - INFO - received weights from trainer sta0!
2025-11-19 13:13:08,725 - EXECUT - INFO - received weights from trainer sta3!
2025-11-19 13:13:32,517 - EXECUT - INFO - received weights from trainer sta2!
2025-11-19 13:14:00,100 - EXECUT - INFO - received weights from trainer sta5!
2025-11-19 13:14:26,159 - EXECUT - INFO - received weights from trainer sta1!
2025-11-19 13:14:27,575 - EXECUT - INFO - sent aggregated weights to trainers!
2025-11-19 13:14:45,879 - METRIC - INFO - {"loss": 0.07432369887828827, "accuracy": 0.9754959344863892, "energy_consumption": 4.44069350348874, "selected": true, "host_energy_consumption": 1.8791179640800002, "client_name": "sta0"}
2025-11-19 13:14:46,593 - METRIC - INFO - {"loss": 0.06311467289924622, "accuracy": 0.9824945330619812, "energy_consumption": 5.808478061260217, "selected": true, "host_energy_consumption": 2.5253470326, "client_name": "sta1"}
2025-11-19 13:14:52,183 - METRIC - INFO - {"loss": 0.08521834015846252, "accuracy": 0.9747899174690247, "energy_consumption": 3.7460945950629827, "selected": true, "host_energy_consumption": 1.5671301828000002, "client_name": "sta4"}
2025-11-19 13:14:55,634 - METRIC - INFO - {"loss": 0.06547120958566666, "accuracy": 0.9811524152755737, "energy_consumption": 5.064446329681022, "selected": true, "host_energy_consumption": 2.06415015296, "client_name": "sta3"}
2025-11-19 13:14:55,750 - METRIC - INFO - {"loss": 0.06775404512882233, "accuracy": 0.9760000109672546, "energy_consumption": 5.278114073999314, "selected": true, "host_energy_consumption": 2.2128661049600002, "client_name": "sta2"}
2025-11-19 13:14:58,761 - METRIC - INFO - {"loss": 0.07658243924379349, "accuracy": 0.9773476123809814, "energy_consumption": 6.033326217318967, "selected": true, "host_energy_consumption": 2.67467743088, "client_name": "sta5"}
2025-11-19 13:14:59,609 - METRIC - INFO - mean_accuracy: 0.9778800706068674

2025-11-19 13:14:59,609 - METRIC - INFO - round: 13
2025-11-19 13:14:59,609 - METRIC - INFO - n_selected: 6
2025-11-19 13:14:59,609 - METRIC - INFO - {"selected_trainers": ["sta4", "sta0", "sta3", "sta2", "sta5", "sta1"]}
2025-11-19 13:15:18,066 - EXECUT - INFO - received weights from trainer sta4!
2025-11-19 13:15:37,236 - EXECUT - INFO - received weights from trainer sta0!
2025-11-19 13:16:00,262 - EXECUT - INFO - received weights from trainer sta3!
2025-11-19 13:16:24,525 - EXECUT - INFO - received weights from trainer sta2!
2025-11-19 13:16:52,186 - EXECUT - INFO - received weights from trainer sta5!
2025-11-19 13:17:18,913 - EXECUT - INFO - received weights from trainer sta1!
2025-11-19 13:17:20,330 - EXECUT - INFO - sent aggregated weights to trainers!
2025-11-19 13:17:37,772 - METRIC - INFO - {"loss": 0.06184053421020508, "accuracy": 0.9816192388534546, "energy_consumption": 6.289162223466626, "selected": true, "host_energy_consumption": 2.73382232424, "client_name": "sta1"}
2025-11-19 13:17:39,329 - METRIC - INFO - {"loss": 0.06797560304403305, "accuracy": 0.97782963514328, "energy_consumption": 4.818384097676303, "selected": true, "host_energy_consumption": 2.035033952, "client_name": "sta0"}
2025-11-19 13:17:51,405 - METRIC - INFO - {"loss": 0.07803270220756531, "accuracy": 0.9768907427787781, "energy_consumption": 4.0379410956324175, "selected": true, "host_energy_consumption": 1.69752222948, "client_name": "sta4"}
2025-11-19 13:17:51,420 - METRIC - INFO - {"loss": 0.0637008398771286, "accuracy": 0.9785000085830688, "energy_consumption": 5.697769539313812, "selected": true, "host_energy_consumption": 2.39606060904, "client_name": "sta2"}
2025-11-19 13:17:52,082 - METRIC - INFO - {"loss": 0.06070327013731003, "accuracy": 0.9816908836364746, "energy_consumption": 5.482206661425092, "selected": true, "host_energy_consumption": 2.2351718317600002, "client_name": "sta3"}
2025-11-19 13:17:58,023 - METRIC - INFO - {"loss": 0.07402921468019485, "accuracy": 0.9781713485717773, "energy_consumption": 6.515938040284832, "selected": true, "host_energy_consumption": 2.89435443696, "client_name": "sta5"}
2025-11-19 13:17:58,369 - METRIC - INFO - mean_accuracy: 0.9791169762611389

2025-11-19 13:17:58,369 - METRIC - INFO - round: 14
2025-11-19 13:17:58,369 - METRIC - INFO - n_selected: 6
2025-11-19 13:17:58,369 - METRIC - INFO - {"selected_trainers": ["sta4", "sta0", "sta3", "sta2", "sta5", "sta1"]}
2025-11-19 13:18:16,502 - EXECUT - INFO - received weights from trainer sta4!
2025-11-19 13:18:36,787 - EXECUT - INFO - received weights from trainer sta0!
2025-11-19 13:19:01,357 - EXECUT - INFO - received weights from trainer sta3!
2025-11-19 13:19:25,470 - EXECUT - INFO - received weights from trainer sta2!
2025-11-19 13:19:54,820 - EXECUT - INFO - received weights from trainer sta5!
2025-11-19 13:20:20,762 - EXECUT - INFO - received weights from trainer sta1!
2025-11-19 13:20:22,177 - EXECUT - INFO - sent aggregated weights to trainers!
2025-11-19 13:20:39,611 - METRIC - INFO - {"loss": 0.06339314579963684, "accuracy": 0.9789965152740479, "energy_consumption": 5.1941697284475286, "selected": true, "host_energy_consumption": 2.1903853781600002, "client_name": "sta0"}
2025-11-19 13:20:43,408 - METRIC - INFO - {"loss": 0.05592286214232445, "accuracy": 0.9820569157600403, "energy_consumption": 6.769865102755119, "selected": true, "host_energy_consumption": 2.94310972284, "client_name": "sta1"}
2025-11-19 13:20:51,676 - METRIC - INFO - {"loss": 0.06039229780435562, "accuracy": 0.9779999852180481, "energy_consumption": 6.117437190203782, "selected": true, "host_energy_consumption": 2.57811230096, "client_name": "sta2"}
2025-11-19 13:20:53,695 - METRIC - INFO - {"loss": 0.05800671502947807, "accuracy": 0.9833064079284668, "energy_consumption": 5.859889277605443, "selected": true, "host_energy_consumption": 2.4057780919200003, "client_name": "sta3"}
2025-11-19 13:20:54,425 - METRIC - INFO - {"loss": 0.07368509471416473, "accuracy": 0.9775910377502441, "energy_consumption": 4.32974030040055, "selected": true, "host_energy_consumption": 1.8265827244000001, "client_name": "sta4"}
2025-11-19 13:20:55,503 - METRIC - INFO - {"loss": 0.0700296014547348, "accuracy": 0.9781713485717773, "energy_consumption": 7.038603241044237, "selected": true, "host_energy_consumption": 3.1136568005200003, "client_name": "sta5"}
2025-11-19 13:20:56,212 - METRIC - INFO - mean_accuracy: 0.9796870350837708

2025-11-19 13:20:56,212 - METRIC - INFO - round: 15
2025-11-19 13:20:56,212 - METRIC - INFO - n_selected: 6
2025-11-19 13:20:56,212 - METRIC - INFO - {"selected_trainers": ["sta4", "sta0", "sta3", "sta2", "sta5", "sta1"]}
2025-11-19 13:21:14,310 - EXECUT - INFO - received weights from trainer sta4!
2025-11-19 13:21:34,548 - EXECUT - INFO - received weights from trainer sta0!
2025-11-19 13:21:56,059 - EXECUT - INFO - received weights from trainer sta3!
2025-11-19 13:22:19,803 - EXECUT - INFO - received weights from trainer sta2!
2025-11-19 13:22:48,256 - EXECUT - INFO - received weights from trainer sta5!
2025-11-19 13:23:13,682 - EXECUT - INFO - received weights from trainer sta1!
2025-11-19 13:23:15,101 - EXECUT - INFO - sent aggregated weights to trainers!
2025-11-19 13:23:33,452 - METRIC - INFO - {"loss": 0.05433543771505356, "accuracy": 0.9820569157600403, "energy_consumption": 7.250556328971122, "selected": true, "host_energy_consumption": 3.15175584416, "client_name": "sta1"}
2025-11-19 13:23:34,752 - METRIC - INFO - {"loss": 0.06243577599525452, "accuracy": 0.97782963514328, "energy_consumption": 5.52990834602789, "selected": true, "host_energy_consumption": 2.34530815792, "client_name": "sta0"}
2025-11-19 13:23:40,881 - METRIC - INFO - {"loss": 0.052770327776670456, "accuracy": 0.9827678799629211, "energy_consumption": 6.237586371508389, "selected": true, "host_energy_consumption": 2.5764711336, "client_name": "sta3"}
2025-11-19 13:23:41,329 - METRIC - INFO - {"loss": 0.06779955327510834, "accuracy": 0.9794068932533264, "energy_consumption": 7.563165997865214, "selected": true, "host_energy_consumption": 3.3357803654000002, "client_name": "sta5"}
2025-11-19 13:23:43,004 - METRIC - INFO - {"loss": 0.060456082224845886, "accuracy": 0.9789999723434448, "energy_consumption": 6.5771666721733, "selected": true, "host_energy_consumption": 2.7602092980000004, "client_name": "sta2"}
2025-11-19 13:23:44,456 - METRIC - INFO - {"loss": 0.07063573598861694, "accuracy": 0.9782913327217102, "energy_consumption": 4.6216090055491446, "selected": true, "host_energy_consumption": 1.95557523616, "client_name": "sta4"}
2025-11-19 13:23:45,133 - METRIC - INFO - mean_accuracy: 0.9798921048641205

2025-11-19 13:23:45,133 - METRIC - INFO - round: 16
2025-11-19 13:23:45,133 - METRIC - INFO - n_selected: 6
2025-11-19 13:23:45,133 - METRIC - INFO - {"selected_trainers": ["sta4", "sta0", "sta3", "sta2", "sta5", "sta1"]}
2025-11-19 13:24:02,935 - EXECUT - INFO - received weights from trainer sta4!
2025-11-19 13:24:21,963 - EXECUT - INFO - received weights from trainer sta0!
2025-11-19 13:24:46,783 - EXECUT - INFO - received weights from trainer sta3!
2025-11-19 13:25:09,855 - EXECUT - INFO - received weights from trainer sta2!
2025-11-19 13:25:38,122 - EXECUT - INFO - received weights from trainer sta5!
2025-11-19 13:26:03,634 - EXECUT - INFO - received weights from trainer sta1!
2025-11-19 13:26:05,050 - EXECUT - INFO - sent aggregated weights to trainers!
2025-11-19 13:26:25,661 - METRIC - INFO - {"loss": 0.05109342187643051, "accuracy": 0.9833698272705078, "energy_consumption": 7.7713415573939955, "selected": true, "host_energy_consumption": 3.3619864975200002, "client_name": "sta1"}
2025-11-19 13:26:27,084 - METRIC - INFO - {"loss": 0.055879540741443634, "accuracy": 0.9784130454063416, "energy_consumption": 5.865632145719575, "selected": true, "host_energy_consumption": 2.5005788514000002, "client_name": "sta0"}
2025-11-19 13:26:34,433 - METRIC - INFO - {"loss": 0.06509572267532349, "accuracy": 0.9802306294441223, "energy_consumption": 8.045760885647, "selected": true, "host_energy_consumption": 3.55783169168, "client_name": "sta5"}
2025-11-19 13:26:37,424 - METRIC - INFO - {"loss": 0.06662652641534805, "accuracy": 0.9782913327217102, "energy_consumption": 4.913454816249056, "selected": true, "host_energy_consumption": 2.08522652548, "client_name": "sta4"}
2025-11-19 13:26:37,786 - METRIC - INFO - {"loss": 0.05525564029812813, "accuracy": 0.9819999933242798, "energy_consumption": 7.036870725933705, "selected": true, "host_energy_consumption": 2.942880906, "client_name": "sta2"}
2025-11-19 13:26:39,366 - METRIC - INFO - {"loss": 0.05213276296854019, "accuracy": 0.9843834042549133, "energy_consumption": 6.697291658768233, "selected": true, "host_energy_consumption": 2.74712973948, "client_name": "sta3"}
2025-11-19 13:26:40,087 - METRIC - INFO - mean_accuracy: 0.9811147054036459

2025-11-19 13:26:40,087 - METRIC - INFO - round: 17
2025-11-19 13:26:40,087 - METRIC - INFO - n_selected: 6
2025-11-19 13:26:40,087 - METRIC - INFO - {"selected_trainers": ["sta4", "sta0", "sta3", "sta2", "sta5", "sta1"]}
2025-11-19 13:26:58,613 - EXECUT - INFO - received weights from trainer sta4!
2025-11-19 13:27:18,126 - EXECUT - INFO - received weights from trainer sta0!
2025-11-19 13:27:40,484 - EXECUT - INFO - received weights from trainer sta3!
2025-11-19 13:28:03,969 - EXECUT - INFO - received weights from trainer sta2!
2025-11-19 13:28:32,548 - EXECUT - INFO - received weights from trainer sta5!
