2025-11-18 20:04:18,223 - EXECUT - INFO - starting server...
2025-11-18 20:04:28,286 - EXECUT - INFO - trainer number sta4 just joined the pool
2025-11-18 20:04:28,491 - EXECUT - INFO - trainer number sta2 just joined the pool
2025-11-18 20:04:28,536 - EXECUT - INFO - trainer number sta5 just joined the pool
2025-11-18 20:04:28,537 - EXECUT - INFO - trainer number sta3 just joined the pool
2025-11-18 20:04:28,622 - EXECUT - INFO - trainer number sta0 just joined the pool
2025-11-18 20:04:29,029 - EXECUT - INFO - trainer number sta1 just joined the pool
2025-11-18 20:04:29,244 - METRIC - INFO - round: 1
2025-11-18 20:04:29,245 - METRIC - INFO - n_selected: 6
2025-11-18 20:04:29,245 - METRIC - INFO - {"selected_trainers": ["sta4", "sta2", "sta5", "sta3", "sta0", "sta1"]}
2025-11-18 20:04:59,421 - EXECUT - INFO - received weights from trainer sta4!
2025-11-18 20:05:34,597 - EXECUT - INFO - received weights from trainer sta2!
2025-11-18 20:06:10,910 - EXECUT - INFO - received weights from trainer sta5!
2025-11-18 20:06:47,414 - EXECUT - INFO - received weights from trainer sta3!
2025-11-18 20:07:20,332 - EXECUT - INFO - received weights from trainer sta0!
2025-11-18 20:07:52,287 - EXECUT - INFO - received weights from trainer sta1!
2025-11-18 20:07:53,812 - EXECUT - INFO - sent aggregated weights to trainers!
2025-11-18 20:08:09,329 - METRIC - INFO - {"loss": 0.2771434485912323, "accuracy": 0.9192751049995422, "energy_consumption": 0.4520937199765558, "selected": true, "host_energy_consumption": 0.23482824176, "client_name": "sta1"}
2025-11-18 20:08:14,688 - METRIC - INFO - {"loss": 0.24883003532886505, "accuracy": 0.9274134039878845, "energy_consumption": 0.5474549085885001, "selected": true, "host_energy_consumption": 0.25556785884, "client_name": "sta0"}
2025-11-18 20:08:16,612 - METRIC - INFO - {"loss": 0.2845694422721863, "accuracy": 0.9192751049995422, "energy_consumption": 0.4368168280427722, "selected": true, "host_energy_consumption": 0.23646812728000002, "client_name": "sta2"}
2025-11-18 20:08:29,085 - METRIC - INFO - {"loss": 0.345421701669693, "accuracy": 0.8975175023078918, "energy_consumption": 0.2727982540928946, "selected": true, "host_energy_consumption": 0.17061304484, "client_name": "sta4"}
2025-11-18 20:08:31,779 - METRIC - INFO - {"loss": 0.2842895984649658, "accuracy": 0.9094304442405701, "energy_consumption": 0.3204677977700221, "selected": true, "host_energy_consumption": 0.22446309004, "client_name": "sta3"}
2025-11-18 20:08:35,704 - METRIC - INFO - {"loss": 0.281981498003006, "accuracy": 0.9108309745788574, "energy_consumption": 0.32810347869536116, "selected": true, "host_energy_consumption": 0.22535353708, "client_name": "sta5"}
2025-11-18 20:08:35,862 - METRIC - INFO - mean_accuracy: 0.9139570891857147

2025-11-18 20:08:35,862 - METRIC - INFO - round: 2
2025-11-18 20:08:35,862 - METRIC - INFO - n_selected: 6
2025-11-18 20:08:35,862 - METRIC - INFO - {"selected_trainers": ["sta4", "sta2", "sta5", "sta3", "sta0", "sta1"]}
2025-11-18 20:09:05,687 - EXECUT - INFO - received weights from trainer sta4!
2025-11-18 20:09:37,185 - EXECUT - INFO - received weights from trainer sta2!
2025-11-18 20:10:13,639 - EXECUT - INFO - received weights from trainer sta5!
2025-11-18 20:10:51,119 - EXECUT - INFO - received weights from trainer sta3!
2025-11-18 20:11:23,452 - EXECUT - INFO - received weights from trainer sta0!
2025-11-18 20:11:54,559 - EXECUT - INFO - received weights from trainer sta1!
2025-11-18 20:11:56,058 - EXECUT - INFO - sent aggregated weights to trainers!
2025-11-18 20:12:10,664 - METRIC - INFO - {"loss": 0.35233891010284424, "accuracy": 0.8995057940483093, "energy_consumption": 0.8698387553740505, "selected": true, "host_energy_consumption": 0.46355258824, "client_name": "sta1"}
2025-11-18 20:12:15,360 - METRIC - INFO - {"loss": 0.34907281398773193, "accuracy": 0.9028006792068481, "energy_consumption": 0.8736301828945165, "selected": true, "host_energy_consumption": 0.4660123734, "client_name": "sta2"}
2025-11-18 20:12:18,697 - METRIC - INFO - {"loss": 0.3251321315765381, "accuracy": 0.906042754650116, "energy_consumption": 1.0949131171058677, "selected": true, "host_energy_consumption": 0.5069094441600001, "client_name": "sta0"}
2025-11-18 20:12:31,407 - METRIC - INFO - {"loss": 0.3700946867465973, "accuracy": 0.8954248428344727, "energy_consumption": 0.6752685943300623, "selected": true, "host_energy_consumption": 0.44410082332, "client_name": "sta3"}
2025-11-18 20:12:31,934 - METRIC - INFO - {"loss": 0.46388688683509827, "accuracy": 0.8676002621650696, "energy_consumption": 0.5150786007125006, "selected": true, "host_energy_consumption": 0.33274807888, "client_name": "sta4"}
2025-11-18 20:12:36,225 - METRIC - INFO - {"loss": 0.36036577820777893, "accuracy": 0.8977590799331665, "energy_consumption": 0.6562150418985331, "selected": true, "host_energy_consumption": 0.44411288908, "client_name": "sta5"}
2025-11-18 20:12:37,101 - METRIC - INFO - mean_accuracy: 0.8948555688063303

2025-11-18 20:12:37,101 - METRIC - INFO - round: 3
2025-11-18 20:12:37,101 - METRIC - INFO - n_selected: 6
2025-11-18 20:12:37,101 - METRIC - INFO - {"selected_trainers": ["sta4", "sta2", "sta5", "sta3", "sta0", "sta1"]}
2025-11-18 20:13:04,996 - EXECUT - INFO - received weights from trainer sta4!
2025-11-18 20:13:37,935 - EXECUT - INFO - received weights from trainer sta2!
2025-11-18 20:14:14,048 - EXECUT - INFO - received weights from trainer sta5!
2025-11-18 20:14:49,140 - EXECUT - INFO - received weights from trainer sta3!
2025-11-18 20:15:19,259 - EXECUT - INFO - received weights from trainer sta0!
2025-11-18 20:15:50,840 - EXECUT - INFO - received weights from trainer sta1!
2025-11-18 20:15:52,322 - EXECUT - INFO - sent aggregated weights to trainers!
2025-11-18 20:16:05,752 - METRIC - INFO - {"loss": 0.2507084012031555, "accuracy": 0.9258649349212646, "energy_consumption": 1.32191434163745, "selected": true, "host_energy_consumption": 0.69410773012, "client_name": "sta1"}
2025-11-18 20:16:08,813 - METRIC - INFO - {"loss": 0.23605798184871674, "accuracy": 0.9329403042793274, "energy_consumption": 1.6423668573669512, "selected": true, "host_energy_consumption": 0.7573950188, "client_name": "sta0"}
2025-11-18 20:16:14,092 - METRIC - INFO - {"loss": 0.25259923934936523, "accuracy": 0.9303953647613525, "energy_consumption": 1.310446232052344, "selected": true, "host_energy_consumption": 0.69768281268, "client_name": "sta2"}
2025-11-18 20:16:17,673 - METRIC - INFO - {"loss": 0.24044375121593475, "accuracy": 0.9253034591674805, "energy_consumption": 1.0186641881859684, "selected": true, "host_energy_consumption": 0.66182860128, "client_name": "sta5"}
2025-11-18 20:16:19,430 - METRIC - INFO - {"loss": 0.2593706250190735, "accuracy": 0.9234360456466675, "energy_consumption": 1.0300737462875442, "selected": true, "host_energy_consumption": 0.66144255968, "client_name": "sta3"}
2025-11-18 20:16:32,412 - METRIC - INFO - {"loss": 0.2963392734527588, "accuracy": 0.9121578335762024, "energy_consumption": 0.7230142239393342, "selected": true, "host_energy_consumption": 0.49469979076000004, "client_name": "sta4"}
2025-11-18 20:16:33,364 - METRIC - INFO - mean_accuracy: 0.9250163237253824

2025-11-18 20:16:33,364 - METRIC - INFO - round: 4
2025-11-18 20:16:33,364 - METRIC - INFO - n_selected: 6
2025-11-18 20:16:33,364 - METRIC - INFO - {"selected_trainers": ["sta4", "sta2", "sta5", "sta3", "sta0", "sta1"]}
2025-11-18 20:17:01,999 - EXECUT - INFO - received weights from trainer sta4!
2025-11-18 20:17:35,494 - EXECUT - INFO - received weights from trainer sta2!
2025-11-18 20:18:13,180 - EXECUT - INFO - received weights from trainer sta5!
2025-11-18 20:18:50,022 - EXECUT - INFO - received weights from trainer sta3!
2025-11-18 20:19:23,808 - EXECUT - INFO - received weights from trainer sta0!
2025-11-18 20:19:56,018 - EXECUT - INFO - received weights from trainer sta1!
2025-11-18 20:19:57,499 - EXECUT - INFO - sent aggregated weights to trainers!
2025-11-18 20:20:13,414 - METRIC - INFO - {"loss": 0.18266363441944122, "accuracy": 0.9458364248275757, "energy_consumption": 2.2241782838916673, "selected": true, "host_energy_consumption": 1.00922533824, "client_name": "sta0"}
2025-11-18 20:20:15,375 - METRIC - INFO - {"loss": 0.18887165188789368, "accuracy": 0.9390444755554199, "energy_consumption": 1.8083420793126979, "selected": true, "host_energy_consumption": 0.9229293684800001, "client_name": "sta1"}
2025-11-18 20:20:23,115 - METRIC - INFO - {"loss": 0.1804916113615036, "accuracy": 0.9430438876152039, "energy_consumption": 1.3467641555408365, "selected": true, "host_energy_consumption": 0.8832797503600001, "client_name": "sta5"}
2025-11-18 20:20:24,382 - METRIC - INFO - {"loss": 0.1950989067554474, "accuracy": 0.9460461139678955, "energy_consumption": 1.747275921234065, "selected": true, "host_energy_consumption": 0.9285959180400001, "client_name": "sta2"}
2025-11-18 20:20:27,178 - METRIC - INFO - {"loss": 0.19930100440979004, "accuracy": 0.9397758841514587, "energy_consumption": 1.3849120119820924, "selected": true, "host_energy_consumption": 0.88457223512, "client_name": "sta3"}
2025-11-18 20:20:36,477 - METRIC - INFO - {"loss": 0.22994159162044525, "accuracy": 0.9369828104972839, "energy_consumption": 0.9309320488504071, "selected": true, "host_energy_consumption": 0.6575759923600001, "client_name": "sta4"}
2025-11-18 20:20:36,540 - METRIC - INFO - mean_accuracy: 0.9417882661024729

2025-11-18 20:20:36,540 - METRIC - INFO - round: 5
2025-11-18 20:20:36,540 - METRIC - INFO - n_selected: 6
2025-11-18 20:20:36,540 - METRIC - INFO - {"selected_trainers": ["sta4", "sta2", "sta5", "sta3", "sta0", "sta1"]}
2025-11-18 20:21:04,902 - EXECUT - INFO - received weights from trainer sta4!
2025-11-18 20:21:37,858 - EXECUT - INFO - received weights from trainer sta2!
2025-11-18 20:22:15,963 - EXECUT - INFO - received weights from trainer sta5!
2025-11-18 20:22:51,879 - EXECUT - INFO - received weights from trainer sta3!
2025-11-18 20:23:23,761 - EXECUT - INFO - received weights from trainer sta0!
2025-11-18 20:23:55,343 - EXECUT - INFO - received weights from trainer sta1!
2025-11-18 20:23:56,821 - EXECUT - INFO - sent aggregated weights to trainers!
2025-11-18 20:24:11,410 - METRIC - INFO - {"loss": 0.1491233855485916, "accuracy": 0.9555189609527588, "energy_consumption": 2.2260852088264254, "selected": true, "host_energy_consumption": 1.15373860168, "client_name": "sta1"}
2025-11-18 20:24:13,562 - METRIC - INFO - {"loss": 0.1481204330921173, "accuracy": 0.9576271176338196, "energy_consumption": 2.7315792313176828, "selected": true, "host_energy_consumption": 1.25848109688, "client_name": "sta0"}
2025-11-18 20:24:22,482 - METRIC - INFO - {"loss": 0.14370760321617126, "accuracy": 0.9551820755004883, "energy_consumption": 1.7092126246752377, "selected": true, "host_energy_consumption": 1.1027113129200001, "client_name": "sta5"}
2025-11-18 20:24:22,905 - METRIC - INFO - {"loss": 0.15635357797145844, "accuracy": 0.95222407579422, "energy_consumption": 2.1497663296802596, "selected": true, "host_energy_consumption": 1.16034503872, "client_name": "sta2"}
2025-11-18 20:24:23,059 - METRIC - INFO - {"loss": 0.18721351027488708, "accuracy": 0.9471673965454102, "energy_consumption": 1.1388572588624002, "selected": true, "host_energy_consumption": 0.8204863223200001, "client_name": "sta4"}
2025-11-18 20:24:24,778 - METRIC - INFO - {"loss": 0.15645533800125122, "accuracy": 0.9523809552192688, "energy_consumption": 1.678665044864682, "selected": true, "host_energy_consumption": 1.10327640444, "client_name": "sta3"}
2025-11-18 20:24:24,851 - METRIC - INFO - mean_accuracy: 0.9533500969409943

2025-11-18 20:24:24,851 - METRIC - INFO - round: 6
2025-11-18 20:24:24,851 - METRIC - INFO - n_selected: 6
2025-11-18 20:24:24,851 - METRIC - INFO - {"selected_trainers": ["sta4", "sta2", "sta5", "sta3", "sta0", "sta1"]}
2025-11-18 20:24:52,744 - EXECUT - INFO - received weights from trainer sta4!
2025-11-18 20:25:25,167 - EXECUT - INFO - received weights from trainer sta2!
2025-11-18 20:26:01,784 - EXECUT - INFO - received weights from trainer sta5!
2025-11-18 20:26:38,986 - EXECUT - INFO - received weights from trainer sta3!
2025-11-18 20:27:24,855 - EXECUT - INFO - received weights from trainer sta0!
2025-11-18 20:27:58,184 - EXECUT - INFO - received weights from trainer sta1!
2025-11-18 20:27:59,657 - EXECUT - INFO - sent aggregated weights to trainers!
2025-11-18 20:28:12,350 - METRIC - INFO - {"loss": 0.12280865758657455, "accuracy": 0.9664701819419861, "energy_consumption": 3.5994935877116894, "selected": true, "host_energy_consumption": 1.59167971396, "client_name": "sta0"}
2025-11-18 20:28:16,198 - METRIC - INFO - {"loss": 0.12192092835903168, "accuracy": 0.9633443355560303, "energy_consumption": 2.6781614070708595, "selected": true, "host_energy_consumption": 1.3844200720000002, "client_name": "sta1"}
2025-11-18 20:28:22,276 - METRIC - INFO - {"loss": 0.13065692782402039, "accuracy": 0.9617180228233337, "energy_consumption": 1.9991341937616471, "selected": true, "host_energy_consumption": 1.3225479716400002, "client_name": "sta3"}
2025-11-18 20:28:28,150 - METRIC - INFO - {"loss": 0.11793135851621628, "accuracy": 0.9654528498649597, "energy_consumption": 2.0373051385780583, "selected": true, "host_energy_consumption": 1.32022336572, "client_name": "sta5"}
2025-11-18 20:28:29,921 - METRIC - INFO - {"loss": 0.157612144947052, "accuracy": 0.9554423689842224, "energy_consumption": 1.346780763275318, "selected": true, "host_energy_consumption": 0.9861240986800001, "client_name": "sta4"}
2025-11-18 20:28:30,262 - METRIC - INFO - {"loss": 0.12997101247310638, "accuracy": 0.9616968631744385, "energy_consumption": 2.586583710890304, "selected": true, "host_energy_consumption": 1.39132284592, "client_name": "sta2"}
2025-11-18 20:28:30,690 - METRIC - INFO - mean_accuracy: 0.9623541037241617

2025-11-18 20:28:30,690 - METRIC - INFO - round: 7
2025-11-18 20:28:30,690 - METRIC - INFO - n_selected: 6
2025-11-18 20:28:30,690 - METRIC - INFO - {"selected_trainers": ["sta4", "sta2", "sta5", "sta3", "sta0", "sta1"]}
2025-11-18 20:28:59,855 - EXECUT - INFO - received weights from trainer sta4!
2025-11-18 20:29:31,692 - EXECUT - INFO - received weights from trainer sta2!
2025-11-18 20:30:07,482 - EXECUT - INFO - received weights from trainer sta5!
2025-11-18 20:30:42,634 - EXECUT - INFO - received weights from trainer sta3!
2025-11-18 20:31:14,140 - EXECUT - INFO - received weights from trainer sta0!
2025-11-18 20:31:45,559 - EXECUT - INFO - received weights from trainer sta1!
2025-11-18 20:31:47,033 - EXECUT - INFO - sent aggregated weights to trainers!
2025-11-18 20:32:03,142 - METRIC - INFO - {"loss": 0.10256542265415192, "accuracy": 0.9707578420639038, "energy_consumption": 3.164571313049563, "selected": true, "host_energy_consumption": 1.6171844640000002, "client_name": "sta1"}
2025-11-18 20:32:03,143 - METRIC - INFO - {"loss": 0.10486813634634018, "accuracy": 0.9708916544914246, "energy_consumption": 4.181292138791411, "selected": true, "host_energy_consumption": 1.84368557996, "client_name": "sta0"}
2025-11-18 20:32:08,231 - METRIC - INFO - {"loss": 0.11106850206851959, "accuracy": 0.9649917483329773, "energy_consumption": 3.0234142647932725, "selected": true, "host_energy_consumption": 1.6217693315600001, "client_name": "sta2"}
2025-11-18 20:32:09,483 - METRIC - INFO - {"loss": 0.10166732221841812, "accuracy": 0.970588207244873, "energy_consumption": 2.399734771413285, "selected": true, "host_energy_consumption": 1.53862825872, "client_name": "sta5"}
2025-11-18 20:32:09,589 - METRIC - INFO - {"loss": 0.1373695433139801, "accuracy": 0.9630808234214783, "energy_consumption": 1.5890331352089242, "selected": true, "host_energy_consumption": 1.1518576123600002, "client_name": "sta4"}
2025-11-18 20:32:14,255 - METRIC - INFO - {"loss": 0.11061575263738632, "accuracy": 0.9635854363441467, "energy_consumption": 2.319589545268161, "selected": true, "host_energy_consumption": 1.5418142756800002, "client_name": "sta3"}
2025-11-18 20:32:15,062 - METRIC - INFO - mean_accuracy: 0.9673159519831339

2025-11-18 20:32:15,062 - METRIC - INFO - round: 8
2025-11-18 20:32:15,062 - METRIC - INFO - n_selected: 6
2025-11-18 20:32:15,062 - METRIC - INFO - {"selected_trainers": ["sta4", "sta2", "sta5", "sta3", "sta0", "sta1"]}
2025-11-18 20:32:43,424 - EXECUT - INFO - received weights from trainer sta4!
2025-11-18 20:33:15,879 - EXECUT - INFO - received weights from trainer sta2!
2025-11-18 20:33:51,273 - EXECUT - INFO - received weights from trainer sta5!
2025-11-18 20:34:26,935 - EXECUT - INFO - received weights from trainer sta3!
2025-11-18 20:34:57,460 - EXECUT - INFO - received weights from trainer sta0!
2025-11-18 20:35:28,578 - EXECUT - INFO - received weights from trainer sta1!
2025-11-18 20:35:30,047 - EXECUT - INFO - sent aggregated weights to trainers!
2025-11-18 20:35:43,882 - METRIC - INFO - {"loss": 0.09240949153900146, "accuracy": 0.9742078185081482, "energy_consumption": 4.7630786823264994, "selected": true, "host_energy_consumption": 2.09433668612, "client_name": "sta0"}
2025-11-18 20:35:46,722 - METRIC - INFO - {"loss": 0.09156963229179382, "accuracy": 0.9728171229362488, "energy_consumption": 3.6166674602859312, "selected": true, "host_energy_consumption": 1.8490972542000002, "client_name": "sta1"}
2025-11-18 20:35:47,697 - METRIC - INFO - {"loss": 0.0877571776509285, "accuracy": 0.972455620765686, "energy_consumption": 2.727842025316284, "selected": true, "host_energy_consumption": 1.7598377927200002, "client_name": "sta5"}
2025-11-18 20:35:53,104 - METRIC - INFO - {"loss": 0.09847372770309448, "accuracy": 0.9677870869636536, "energy_consumption": 2.6744094070241635, "selected": true, "host_energy_consumption": 1.76465908108, "client_name": "sta3"}
2025-11-18 20:35:53,236 - METRIC - INFO - {"loss": 0.1249043419957161, "accuracy": 0.9681731462478638, "energy_consumption": 1.7969678635128532, "selected": true, "host_energy_consumption": 1.31508562444, "client_name": "sta4"}
2025-11-18 20:35:53,777 - METRIC - INFO - {"loss": 0.09563276916742325, "accuracy": 0.9682866334915161, "energy_consumption": 3.4259047145680572, "selected": true, "host_energy_consumption": 1.8509807201200001, "client_name": "sta2"}
2025-11-18 20:35:54,073 - METRIC - INFO - mean_accuracy: 0.970621238152186

2025-11-18 20:35:54,073 - METRIC - INFO - round: 9
2025-11-18 20:35:54,073 - METRIC - INFO - n_selected: 6
2025-11-18 20:35:54,073 - METRIC - INFO - {"selected_trainers": ["sta4", "sta2", "sta5", "sta3", "sta0", "sta1"]}
2025-11-18 20:36:23,482 - EXECUT - INFO - received weights from trainer sta4!
2025-11-18 20:36:55,430 - EXECUT - INFO - received weights from trainer sta2!
2025-11-18 20:37:32,645 - EXECUT - INFO - received weights from trainer sta5!
2025-11-18 20:38:07,807 - EXECUT - INFO - received weights from trainer sta3!
2025-11-18 20:38:39,451 - EXECUT - INFO - received weights from trainer sta0!
2025-11-18 20:39:11,520 - EXECUT - INFO - received weights from trainer sta1!
2025-11-18 20:39:12,998 - EXECUT - INFO - sent aggregated weights to trainers!
2025-11-18 20:39:27,095 - METRIC - INFO - {"loss": 0.08208370208740234, "accuracy": 0.9761120080947876, "energy_consumption": 4.068741806691662, "selected": true, "host_energy_consumption": 2.0806285318, "client_name": "sta1"}
2025-11-18 20:39:27,780 - METRIC - INFO - {"loss": 0.08101718127727509, "accuracy": 0.9767870306968689, "energy_consumption": 5.344896559290204, "selected": true, "host_energy_consumption": 2.34463114536, "client_name": "sta0"}
2025-11-18 20:39:37,351 - METRIC - INFO - {"loss": 0.08712102472782135, "accuracy": 0.9752567410469055, "energy_consumption": 3.029219755256917, "selected": true, "host_energy_consumption": 1.9872442926, "client_name": "sta3"}
2025-11-18 20:39:39,276 - METRIC - INFO - {"loss": 0.08795629441738129, "accuracy": 0.9699341058731079, "energy_consumption": 3.897094296324232, "selected": true, "host_energy_consumption": 2.0795381334000003, "client_name": "sta2"}
2025-11-18 20:39:39,896 - METRIC - INFO - {"loss": 0.11384675651788712, "accuracy": 0.9707192778587341, "energy_consumption": 2.0048832722910377, "selected": true, "host_energy_consumption": 1.4773127216400002, "client_name": "sta4"}
2025-11-18 20:39:40,285 - METRIC - INFO - {"loss": 0.08120214939117432, "accuracy": 0.9747899174690247, "energy_consumption": 3.0559597973451558, "selected": true, "host_energy_consumption": 1.9815991053600002, "client_name": "sta5"}
2025-11-18 20:39:41,027 - METRIC - INFO - mean_accuracy: 0.9739331801732382

2025-11-18 20:39:41,027 - METRIC - INFO - round: 10
2025-11-18 20:39:41,027 - METRIC - INFO - n_selected: 6
2025-11-18 20:39:41,027 - METRIC - INFO - {"selected_trainers": ["sta4", "sta2", "sta5", "sta3", "sta0", "sta1"]}
2025-11-18 20:40:10,807 - EXECUT - INFO - received weights from trainer sta4!
2025-11-18 20:40:42,698 - EXECUT - INFO - received weights from trainer sta2!
2025-11-18 20:41:17,278 - EXECUT - INFO - received weights from trainer sta5!
2025-11-18 20:41:52,677 - EXECUT - INFO - received weights from trainer sta3!
2025-11-18 20:42:23,948 - EXECUT - INFO - received weights from trainer sta0!
2025-11-18 20:42:56,449 - EXECUT - INFO - received weights from trainer sta1!
2025-11-18 20:42:57,927 - EXECUT - INFO - sent aggregated weights to trainers!
2025-11-18 20:43:14,203 - METRIC - INFO - {"loss": 0.07395023107528687, "accuracy": 0.9798187613487244, "energy_consumption": 4.5551564829432465, "selected": true, "host_energy_consumption": 2.31268323524, "client_name": "sta1"}
2025-11-18 20:43:14,558 - METRIC - INFO - {"loss": 0.07382521778345108, "accuracy": 0.9793662428855896, "energy_consumption": 5.852300272552567, "selected": true, "host_energy_consumption": 2.59522776968, "client_name": "sta0"}
2025-11-18 20:43:18,770 - METRIC - INFO - {"loss": 0.07840172201395035, "accuracy": 0.9736408591270447, "energy_consumption": 4.3339244750907735, "selected": true, "host_energy_consumption": 2.3125796534400003, "client_name": "sta2"}
2025-11-18 20:43:22,535 - METRIC - INFO - {"loss": 0.07992743700742722, "accuracy": 0.976190447807312, "energy_consumption": 3.322985679480115, "selected": true, "host_energy_consumption": 2.20591091532, "client_name": "sta3"}
2025-11-18 20:43:22,843 - METRIC - INFO - {"loss": 0.07121828943490982, "accuracy": 0.978057861328125, "energy_consumption": 3.3840673786977424, "selected": true, "host_energy_consumption": 2.1989726626, "client_name": "sta5"}
2025-11-18 20:43:23,853 - METRIC - INFO - {"loss": 0.10728458315134048, "accuracy": 0.9732654094696045, "energy_consumption": 2.247150687831001, "selected": true, "host_energy_consumption": 1.6390397198000002, "client_name": "sta4"}
2025-11-18 20:43:23,955 - METRIC - INFO - mean_accuracy: 0.9767232636610667

2025-11-18 20:43:23,955 - METRIC - INFO - round: 11
2025-11-18 20:43:23,955 - METRIC - INFO - n_selected: 6
2025-11-18 20:43:23,955 - METRIC - INFO - {"selected_trainers": ["sta4", "sta2", "sta5", "sta3", "sta0", "sta1"]}
2025-11-18 20:43:52,703 - EXECUT - INFO - received weights from trainer sta4!
2025-11-18 20:44:25,132 - EXECUT - INFO - received weights from trainer sta2!
2025-11-18 20:45:01,115 - EXECUT - INFO - received weights from trainer sta5!
2025-11-18 20:45:36,619 - EXECUT - INFO - received weights from trainer sta3!
2025-11-18 20:46:08,741 - EXECUT - INFO - received weights from trainer sta0!
2025-11-18 20:46:40,804 - EXECUT - INFO - received weights from trainer sta1!
2025-11-18 20:46:42,282 - EXECUT - INFO - sent aggregated weights to trainers!
2025-11-18 20:46:55,351 - METRIC - INFO - {"loss": 0.06676951050758362, "accuracy": 0.9818781018257141, "energy_consumption": 5.041580741069225, "selected": true, "host_energy_consumption": 2.54376147956, "client_name": "sta1"}
2025-11-18 20:46:59,479 - METRIC - INFO - {"loss": 0.06861806660890579, "accuracy": 0.9808400869369507, "energy_consumption": 6.399764643798369, "selected": true, "host_energy_consumption": 2.84634723912, "client_name": "sta0"}
2025-11-18 20:47:09,015 - METRIC - INFO - {"loss": 0.07375886291265488, "accuracy": 0.9744645953178406, "energy_consumption": 4.736405659313837, "selected": true, "host_energy_consumption": 2.54285447164, "client_name": "sta2"}
2025-11-18 20:47:09,862 - METRIC - INFO - {"loss": 0.10111702233552933, "accuracy": 0.9739019870758057, "energy_consumption": 2.4550659551382297, "selected": true, "host_energy_consumption": 1.8076725690800002, "client_name": "sta4"}
2025-11-18 20:47:09,932 - METRIC - INFO - {"loss": 0.07443961501121521, "accuracy": 0.9789915680885315, "energy_consumption": 3.6778129056727478, "selected": true, "host_energy_consumption": 2.4273885538, "client_name": "sta3"}
2025-11-18 20:47:09,947 - METRIC - INFO - {"loss": 0.0659007579088211, "accuracy": 0.9785247445106506, "energy_consumption": 3.7121584508686203, "selected": true, "host_energy_consumption": 2.4183096501200003, "client_name": "sta5"}
2025-11-18 20:47:10,310 - METRIC - INFO - mean_accuracy: 0.9781001806259155

2025-11-18 20:47:10,310 - METRIC - INFO - round: 12
2025-11-18 20:47:10,310 - METRIC - INFO - n_selected: 6
2025-11-18 20:47:10,310 - METRIC - INFO - {"selected_trainers": ["sta4", "sta2", "sta5", "sta3", "sta0", "sta1"]}
2025-11-18 20:47:38,747 - EXECUT - INFO - received weights from trainer sta4!
2025-11-18 20:48:11,230 - EXECUT - INFO - received weights from trainer sta2!
2025-11-18 20:48:46,841 - EXECUT - INFO - received weights from trainer sta5!
2025-11-18 20:49:21,306 - EXECUT - INFO - received weights from trainer sta3!
2025-11-18 20:49:52,512 - EXECUT - INFO - received weights from trainer sta0!
2025-11-18 20:50:26,269 - EXECUT - INFO - received weights from trainer sta1!
2025-11-18 20:50:27,737 - EXECUT - INFO - sent aggregated weights to trainers!
2025-11-18 20:50:39,937 - METRIC - INFO - {"loss": 0.06411588937044144, "accuracy": 0.9815769791603088, "energy_consumption": 6.9472269788163725, "selected": true, "host_energy_consumption": 3.0949359313600002, "client_name": "sta0"}
2025-11-18 20:50:42,835 - METRIC - INFO - {"loss": 0.06172279641032219, "accuracy": 0.9855848550796509, "energy_consumption": 5.528007359693454, "selected": true, "host_energy_consumption": 2.77494649992, "client_name": "sta1"}
2025-11-18 20:50:45,444 - METRIC - INFO - {"loss": 0.06666216999292374, "accuracy": 0.9777594804763794, "energy_consumption": 5.207576576443449, "selected": true, "host_energy_consumption": 2.77384991576, "client_name": "sta2"}
2025-11-18 20:50:51,587 - METRIC - INFO - {"loss": 0.06795582920312881, "accuracy": 0.979925274848938, "energy_consumption": 3.998277417819952, "selected": true, "host_energy_consumption": 2.645339319, "client_name": "sta3"}
2025-11-18 20:50:52,038 - METRIC - INFO - {"loss": 0.09578652679920197, "accuracy": 0.9758116006851196, "energy_consumption": 2.662996302611744, "selected": true, "host_energy_consumption": 1.9689024076400001, "client_name": "sta4"}
2025-11-18 20:50:55,352 - METRIC - INFO - {"loss": 0.06295686215162277, "accuracy": 0.979925274848938, "energy_consumption": 4.040266024273392, "selected": true, "host_energy_consumption": 2.6372775142, "client_name": "sta5"}
2025-11-18 20:50:55,767 - METRIC - INFO - mean_accuracy: 0.9800972441832224

2025-11-18 20:50:55,767 - METRIC - INFO - round: 13
2025-11-18 20:50:55,767 - METRIC - INFO - n_selected: 6
2025-11-18 20:50:55,767 - METRIC - INFO - {"selected_trainers": ["sta4", "sta2", "sta5", "sta3", "sta0", "sta1"]}
2025-11-18 20:51:25,781 - EXECUT - INFO - received weights from trainer sta4!
2025-11-18 20:52:01,171 - EXECUT - INFO - received weights from trainer sta2!
2025-11-18 20:52:36,784 - EXECUT - INFO - received weights from trainer sta5!
2025-11-18 20:53:11,781 - EXECUT - INFO - received weights from trainer sta3!
2025-11-18 20:53:42,857 - EXECUT - INFO - received weights from trainer sta0!
2025-11-18 20:54:14,901 - EXECUT - INFO - received weights from trainer sta1!
2025-11-18 20:54:16,377 - EXECUT - INFO - sent aggregated weights to trainers!
2025-11-18 20:54:29,241 - METRIC - INFO - {"loss": 0.060001809149980545, "accuracy": 0.9826824069023132, "energy_consumption": 7.488950559504408, "selected": true, "host_energy_consumption": 3.3440453323200003, "client_name": "sta0"}
2025-11-18 20:54:30,403 - METRIC - INFO - {"loss": 0.057328205555677414, "accuracy": 0.984761118888855, "energy_consumption": 5.980090311983041, "selected": true, "host_energy_consumption": 3.00695622332, "client_name": "sta1"}
2025-11-18 20:54:40,731 - METRIC - INFO - {"loss": 0.06582500040531158, "accuracy": 0.9803921580314636, "energy_consumption": 4.3531054944277825, "selected": true, "host_energy_consumption": 2.86302831976, "client_name": "sta3"}
2025-11-18 20:54:43,549 - METRIC - INFO - {"loss": 0.059179116040468216, "accuracy": 0.9808589816093445, "energy_consumption": 4.368356481284123, "selected": true, "host_energy_consumption": 2.8536869673200003, "client_name": "sta5"}
2025-11-18 20:54:44,318 - METRIC - INFO - {"loss": 0.09371954947710037, "accuracy": 0.9751750230789185, "energy_consumption": 2.8957252658148094, "selected": true, "host_energy_consumption": 2.13140030964, "client_name": "sta4"}
2025-11-18 20:54:44,423 - METRIC - INFO - {"loss": 0.06562084704637527, "accuracy": 0.9777594804763794, "energy_consumption": 5.644398777202779, "selected": true, "host_energy_consumption": 3.0038763843200003, "client_name": "sta2"}
2025-11-18 20:54:45,408 - METRIC - INFO - mean_accuracy: 0.9802715281645457

2025-11-18 20:54:45,408 - METRIC - INFO - round: 14
2025-11-18 20:54:45,408 - METRIC - INFO - n_selected: 6
2025-11-18 20:54:45,408 - METRIC - INFO - {"selected_trainers": ["sta4", "sta2", "sta5", "sta3", "sta0", "sta1"]}
2025-11-18 20:55:13,343 - EXECUT - INFO - received weights from trainer sta4!
2025-11-18 20:55:45,990 - EXECUT - INFO - received weights from trainer sta2!
2025-11-18 20:56:22,171 - EXECUT - INFO - received weights from trainer sta5!
2025-11-18 20:56:57,519 - EXECUT - INFO - received weights from trainer sta3!
2025-11-18 20:57:28,607 - EXECUT - INFO - received weights from trainer sta0!
2025-11-18 20:58:00,865 - EXECUT - INFO - received weights from trainer sta1!
2025-11-18 20:58:02,340 - EXECUT - INFO - sent aggregated weights to trainers!
2025-11-18 20:58:14,579 - METRIC - INFO - {"loss": 0.05496073514223099, "accuracy": 0.9823139309883118, "energy_consumption": 8.036403851509261, "selected": true, "host_energy_consumption": 3.59354421048, "client_name": "sta0"}
2025-11-18 20:58:15,875 - METRIC - INFO - {"loss": 0.05414912477135658, "accuracy": 0.984349250793457, "energy_consumption": 6.432166573809916, "selected": true, "host_energy_consumption": 3.2382200452000003, "client_name": "sta1"}
2025-11-18 20:58:27,631 - METRIC - INFO - {"loss": 0.08871002495288849, "accuracy": 0.9745385050773621, "energy_consumption": 3.12843906619443, "selected": true, "host_energy_consumption": 2.2927467864, "client_name": "sta4"}
2025-11-18 20:58:28,979 - METRIC - INFO - {"loss": 0.05776631459593773, "accuracy": 0.9813258647918701, "energy_consumption": 4.73078416054875, "selected": true, "host_energy_consumption": 3.0711846648, "client_name": "sta5"}
2025-11-18 20:58:29,730 - METRIC - INFO - {"loss": 0.06100064888596535, "accuracy": 0.981792688369751, "energy_consumption": 4.646864443656834, "selected": true, "host_energy_consumption": 3.0806828682000003, "client_name": "sta3"}
2025-11-18 20:58:30,489 - METRIC - INFO - {"loss": 0.059641629457473755, "accuracy": 0.9773476123809814, "energy_consumption": 6.081226226692882, "selected": true, "host_energy_consumption": 3.23271612076, "client_name": "sta2"}
2025-11-18 20:58:31,371 - METRIC - INFO - mean_accuracy: 0.9802779754002889

2025-11-18 20:58:31,371 - METRIC - INFO - round: 15
2025-11-18 20:58:31,371 - METRIC - INFO - n_selected: 6
2025-11-18 20:58:31,371 - METRIC - INFO - {"selected_trainers": ["sta4", "sta2", "sta5", "sta3", "sta0", "sta1"]}
2025-11-18 20:59:01,219 - EXECUT - INFO - received weights from trainer sta4!
2025-11-18 20:59:32,540 - EXECUT - INFO - received weights from trainer sta2!
2025-11-18 21:00:07,851 - EXECUT - INFO - received weights from trainer sta5!
2025-11-18 21:00:44,427 - EXECUT - INFO - received weights from trainer sta3!
2025-11-18 21:01:15,515 - EXECUT - INFO - received weights from trainer sta0!
2025-11-18 21:01:47,120 - EXECUT - INFO - received weights from trainer sta1!
2025-11-18 21:01:48,594 - EXECUT - INFO - sent aggregated weights to trainers!
2025-11-18 21:02:05,752 - METRIC - INFO - {"loss": 0.05161372944712639, "accuracy": 0.984349250793457, "energy_consumption": 6.918503367925304, "selected": true, "host_energy_consumption": 3.4701952474000004, "client_name": "sta1"}
2025-11-18 21:02:07,310 - METRIC - INFO - {"loss": 0.05290843918919563, "accuracy": 0.9837877750396729, "energy_consumption": 8.578155101687555, "selected": true, "host_energy_consumption": 3.8449179762, "client_name": "sta0"}
2025-11-18 21:02:10,180 - METRIC - INFO - {"loss": 0.05715435743331909, "accuracy": 0.9802306294441223, "energy_consumption": 6.518059045720433, "selected": true, "host_energy_consumption": 3.4627636274, "client_name": "sta2"}
2025-11-18 21:02:12,423 - METRIC - INFO - {"loss": 0.08778566122055054, "accuracy": 0.9745385050773621, "energy_consumption": 3.3611523054589854, "selected": true, "host_energy_consumption": 2.4546595844400003, "client_name": "sta4"}
2025-11-18 21:02:13,664 - METRIC - INFO - {"loss": 0.06006881594657898, "accuracy": 0.9827263951301575, "energy_consumption": 5.00166202612431, "selected": true, "host_energy_consumption": 3.30135608992, "client_name": "sta3"}
2025-11-18 21:02:14,256 - METRIC - INFO - {"loss": 0.05371503531932831, "accuracy": 0.9813258647918701, "energy_consumption": 5.093212760169272, "selected": true, "host_energy_consumption": 3.2911573410800004, "client_name": "sta5"}
2025-11-18 21:02:14,621 - METRIC - INFO - mean_accuracy: 0.9811597367127737

2025-11-18 21:02:14,621 - METRIC - INFO - round: 16
2025-11-18 21:02:14,621 - METRIC - INFO - n_selected: 6
2025-11-18 21:02:14,621 - METRIC - INFO - {"selected_trainers": ["sta4", "sta2", "sta5", "sta3", "sta0", "sta1"]}
2025-11-18 21:02:43,060 - EXECUT - INFO - received weights from trainer sta4!
2025-11-18 21:03:15,235 - EXECUT - INFO - received weights from trainer sta2!
2025-11-18 21:03:50,936 - EXECUT - INFO - received weights from trainer sta5!
2025-11-18 21:04:26,465 - EXECUT - INFO - received weights from trainer sta3!
2025-11-18 21:04:57,926 - EXECUT - INFO - received weights from trainer sta0!
2025-11-18 21:05:29,931 - EXECUT - INFO - received weights from trainer sta1!
2025-11-18 21:05:31,401 - EXECUT - INFO - sent aggregated weights to trainers!
2025-11-18 21:05:45,990 - METRIC - INFO - {"loss": 0.0506187342107296, "accuracy": 0.9848931431770325, "energy_consumption": 9.159945296444517, "selected": true, "host_energy_consumption": 4.09701270944, "client_name": "sta0"}
2025-11-18 21:05:47,012 - METRIC - INFO - {"loss": 0.05025703087449074, "accuracy": 0.9876441359519958, "energy_consumption": 7.370582614947942, "selected": true, "host_energy_consumption": 3.6979988460800004, "client_name": "sta1"}
2025-11-18 21:05:53,877 - METRIC - INFO - {"loss": 0.05492230877280235, "accuracy": 0.9794068932533264, "energy_consumption": 6.954885520809588, "selected": true, "host_energy_consumption": 3.68958133264, "client_name": "sta2"}
2025-11-18 21:05:58,449 - METRIC - INFO - {"loss": 0.08679575473070145, "accuracy": 0.9745385050773621, "energy_consumption": 3.593860809420987, "selected": true, "host_energy_consumption": 2.6183986155600003, "client_name": "sta4"}
2025-11-18 21:05:58,777 - METRIC - INFO - {"loss": 0.05137982219457626, "accuracy": 0.981792688369751, "energy_consumption": 5.421318130442365, "selected": true, "host_energy_consumption": 3.5077443402400004, "client_name": "sta5"}
2025-11-18 21:05:59,263 - METRIC - INFO - {"loss": 0.056556135416030884, "accuracy": 0.9845938086509705, "energy_consumption": 5.322119065744732, "selected": true, "host_energy_consumption": 3.519023165, "client_name": "sta3"}
2025-11-18 21:05:59,430 - METRIC - INFO - mean_accuracy: 0.9821448624134064

2025-11-18 21:05:59,430 - METRIC - INFO - round: 17
2025-11-18 21:05:59,430 - METRIC - INFO - n_selected: 6
2025-11-18 21:05:59,430 - METRIC - INFO - {"selected_trainers": ["sta4", "sta2", "sta5", "sta3", "sta0", "sta1"]}
2025-11-18 21:06:27,567 - EXECUT - INFO - received weights from trainer sta4!
2025-11-18 21:07:01,832 - EXECUT - INFO - received weights from trainer sta2!
2025-11-18 21:07:38,821 - EXECUT - INFO - received weights from trainer sta5!
2025-11-18 21:08:14,633 - EXECUT - INFO - received weights from trainer sta3!
2025-11-18 21:08:47,286 - EXECUT - INFO - received weights from trainer sta0!
2025-11-18 21:09:19,597 - EXECUT - INFO - received weights from trainer sta1!
2025-11-18 21:09:21,054 - EXECUT - INFO - sent aggregated weights to trainers!
2025-11-18 21:09:36,371 - METRIC - INFO - {"loss": 0.048511579632759094, "accuracy": 0.984524667263031, "energy_consumption": 9.7073939278562, "selected": true, "host_energy_consumption": 4.35149591296, "client_name": "sta0"}
2025-11-18 21:09:38,087 - METRIC - INFO - {"loss": 0.04847757890820503, "accuracy": 0.9876441359519958, "energy_consumption": 7.857001943844914, "selected": true, "host_energy_consumption": 3.92967360968, "client_name": "sta1"}
2025-11-18 21:09:42,340 - METRIC - INFO - {"loss": 0.051704831421375275, "accuracy": 0.9831932783126831, "energy_consumption": 5.722705156136391, "selected": true, "host_energy_consumption": 3.73020522336, "client_name": "sta5"}
2025-11-18 21:09:42,390 - METRIC - INFO - {"loss": 0.05674616992473602, "accuracy": 0.9845938086509705, "energy_consumption": 5.676933589754536, "selected": true, "host_energy_consumption": 3.7414951053200003, "client_name": "sta3"}
2025-11-18 21:09:45,158 - METRIC - INFO - {"loss": 0.05386209115386009, "accuracy": 0.9802306294441223, "energy_consumption": 7.391722634831259, "selected": true, "host_energy_consumption": 3.91978509188, "client_name": "sta2"}
2025-11-18 21:09:45,388 - METRIC - INFO - {"loss": 0.08178553730249405, "accuracy": 0.976448118686676, "energy_consumption": 3.80177913186469, "selected": true, "host_energy_consumption": 2.78373145904, "client_name": "sta4"}
2025-11-18 21:09:46,082 - METRIC - INFO - mean_accuracy: 0.9827724397182465

2025-11-18 21:09:46,082 - METRIC - INFO - round: 18
2025-11-18 21:09:46,082 - METRIC - INFO - n_selected: 6
2025-11-18 21:09:46,082 - METRIC - INFO - {"selected_trainers": ["sta4", "sta2", "sta5", "sta3", "sta0", "sta1"]}
2025-11-18 21:10:15,638 - EXECUT - INFO - received weights from trainer sta4!
2025-11-18 21:10:49,921 - EXECUT - INFO - received weights from trainer sta2!
2025-11-18 21:11:24,770 - EXECUT - INFO - received weights from trainer sta5!
2025-11-18 21:11:59,463 - EXECUT - INFO - received weights from trainer sta3!
2025-11-18 21:12:31,632 - EXECUT - INFO - received weights from trainer sta0!
2025-11-18 21:13:02,651 - EXECUT - INFO - received weights from trainer sta1!
2025-11-18 21:13:04,123 - EXECUT - INFO - sent aggregated weights to trainers!
2025-11-18 21:13:18,701 - METRIC - INFO - {"loss": 0.0470125675201416, "accuracy": 0.986735463142395, "energy_consumption": 10.249130232980937, "selected": true, "host_energy_consumption": 4.60417696284, "client_name": "sta0"}
2025-11-18 21:13:20,263 - METRIC - INFO - {"loss": 0.04684500768780708, "accuracy": 0.9868203997612, "energy_consumption": 8.343452811223884, "selected": true, "host_energy_consumption": 4.1620485256, "client_name": "sta1"}
2025-11-18 21:13:33,886 - METRIC - INFO - {"loss": 0.048497021198272705, "accuracy": 0.9827263951301575, "energy_consumption": 6.085132918058199, "selected": true, "host_energy_consumption": 3.9558026144, "client_name": "sta5"}
2025-11-18 21:13:33,959 - METRIC - INFO - {"loss": 0.05251191556453705, "accuracy": 0.9794068932533264, "energy_consumption": 7.828548524961915, "selected": true, "host_energy_consumption": 4.15204090896, "client_name": "sta2"}
2025-11-18 21:13:34,754 - METRIC - INFO - {"loss": 0.08163804560899734, "accuracy": 0.9777212142944336, "energy_consumption": 4.0097078134781565, "selected": true, "host_energy_consumption": 2.94749041776, "client_name": "sta4"}
2025-11-18 21:13:35,300 - METRIC - INFO - {"loss": 0.05435647815465927, "accuracy": 0.983660101890564, "energy_consumption": 6.031739890964697, "selected": true, "host_energy_consumption": 3.9662916008800004, "client_name": "sta3"}
2025-11-18 21:13:36,157 - METRIC - INFO - mean_accuracy: 0.9828450779120127

2025-11-18 21:13:36,157 - METRIC - INFO - round: 19
2025-11-18 21:13:36,157 - METRIC - INFO - n_selected: 6
2025-11-18 21:13:36,157 - METRIC - INFO - {"selected_trainers": ["sta4", "sta2", "sta5", "sta3", "sta0", "sta1"]}
2025-11-18 21:14:04,184 - EXECUT - INFO - received weights from trainer sta4!
2025-11-18 21:14:36,025 - EXECUT - INFO - received weights from trainer sta2!
2025-11-18 21:15:11,370 - EXECUT - INFO - received weights from trainer sta5!
2025-11-18 21:15:46,069 - EXECUT - INFO - received weights from trainer sta3!
2025-11-18 21:16:18,079 - EXECUT - INFO - received weights from trainer sta0!
2025-11-18 21:16:50,058 - EXECUT - INFO - received weights from trainer sta1!
2025-11-18 21:16:51,524 - EXECUT - INFO - sent aggregated weights to trainers!
2025-11-18 21:17:07,091 - METRIC - INFO - {"loss": 0.04389465972781181, "accuracy": 0.9876441359519958, "energy_consumption": 8.795527747356793, "selected": true, "host_energy_consumption": 4.39235576304, "client_name": "sta1"}
2025-11-18 21:17:09,732 - METRIC - INFO - {"loss": 0.04509666934609413, "accuracy": 0.9874723553657532, "energy_consumption": 10.830931422732098, "selected": true, "host_energy_consumption": 4.8575660775600005, "client_name": "sta0"}
2025-11-18 21:17:13,160 - METRIC - INFO - {"loss": 0.05427311360836029, "accuracy": 0.983660101890564, "energy_consumption": 6.325500242186638, "selected": true, "host_energy_consumption": 4.1893583004, "client_name": "sta3"}
2025-11-18 21:17:18,060 - METRIC - INFO - {"loss": 0.049559954553842545, "accuracy": 0.9831932783126831, "energy_consumption": 6.420800641213005, "selected": true, "host_energy_consumption": 4.17954506144, "client_name": "sta5"}
2025-11-18 21:17:19,550 - METRIC - INFO - {"loss": 0.051287755370140076, "accuracy": 0.9810543656349182, "energy_consumption": 8.299704215685635, "selected": true, "host_energy_consumption": 4.3833439174, "client_name": "sta2"}
2025-11-18 21:17:20,222 - METRIC - INFO - {"loss": 0.07794219255447388, "accuracy": 0.9777212142944336, "energy_consumption": 4.217635260002629, "selected": true, "host_energy_consumption": 3.1131269296400004, "client_name": "sta4"}
2025-11-18 21:17:20,554 - METRIC - INFO - mean_accuracy: 0.9834575752417246

2025-11-18 21:17:20,554 - METRIC - INFO - round: 20
2025-11-18 21:17:20,554 - METRIC - INFO - n_selected: 6
2025-11-18 21:17:20,554 - METRIC - INFO - {"selected_trainers": ["sta4", "sta2", "sta5", "sta3", "sta0", "sta1"]}
2025-11-18 21:17:48,204 - EXECUT - INFO - received weights from trainer sta4!
2025-11-18 21:18:20,031 - EXECUT - INFO - received weights from trainer sta2!
2025-11-18 21:18:55,112 - EXECUT - INFO - received weights from trainer sta5!
2025-11-18 21:19:31,538 - EXECUT - INFO - received weights from trainer sta3!
2025-11-18 21:20:03,591 - EXECUT - INFO - received weights from trainer sta0!
2025-11-18 21:20:35,343 - EXECUT - INFO - received weights from trainer sta1!
2025-11-18 21:20:36,801 - EXECUT - INFO - sent aggregated weights to trainers!
2025-11-18 21:20:50,654 - METRIC - INFO - {"loss": 0.044837139546871185, "accuracy": 0.9868203997612, "energy_consumption": 9.281967901093857, "selected": true, "host_energy_consumption": 4.6239271330000005, "client_name": "sta1"}
2025-11-18 21:20:51,249 - METRIC - INFO - {"loss": 0.043464161455631256, "accuracy": 0.9859985113143921, "energy_consumption": 11.338334846694329, "selected": true, "host_energy_consumption": 5.10890636368, "client_name": "sta0"}
2025-11-18 21:21:04,364 - METRIC - INFO - {"loss": 0.051168955862522125, "accuracy": 0.9831932783126831, "energy_consumption": 6.645963427050336, "selected": true, "host_energy_consumption": 4.40992088264, "client_name": "sta3"}
2025-11-18 21:21:06,138 - METRIC - INFO - {"loss": 0.07838797569274902, "accuracy": 0.9751750230789185, "energy_consumption": 4.450349279741692, "selected": true, "host_energy_consumption": 3.2780441148, "client_name": "sta4"}
2025-11-18 21:21:06,418 - METRIC - INFO - {"loss": 0.04931468889117241, "accuracy": 0.9814662337303162, "energy_consumption": 8.736546705603002, "selected": true, "host_energy_consumption": 4.61718874344, "client_name": "sta2"}
2025-11-18 21:21:06,492 - METRIC - INFO - {"loss": 0.046150870621204376, "accuracy": 0.9831932783126831, "energy_consumption": 6.722199103799233, "selected": true, "host_energy_consumption": 4.40028500212, "client_name": "sta5"}
2025-11-18 21:21:06,833 - METRIC - INFO - mean_accuracy: 0.9826411207516988

2025-11-18 21:21:06,838 - METRIC - INFO - stop_condition: rounds
