2025-12-15 23:17:35,396 - EXECUT - INFO - starting server...
2025-12-15 23:17:41,578 - EXECUT - INFO - trainer number sta5 just joined the pool
2025-12-15 23:17:41,622 - EXECUT - INFO - trainer number sta0 just joined the pool
2025-12-15 23:17:41,755 - EXECUT - INFO - trainer number sta4 just joined the pool
2025-12-15 23:17:41,842 - EXECUT - INFO - trainer number sta1 just joined the pool
2025-12-15 23:17:41,941 - EXECUT - INFO - trainer number sta3 just joined the pool
2025-12-15 23:17:42,015 - EXECUT - INFO - trainer number sta2 just joined the pool
2025-12-15 23:17:42,411 - EXECUT - INFO - mensagem de data_sz recebida: 
 {'id': 'sta0', 'dataset_sz': 259549440}
2025-12-15 23:17:42,412 - EXECUT - INFO - mensagem de data_sz recebida: 
 {'id': 'sta1', 'dataset_sz': 433053696}
2025-12-15 23:17:42,453 - EXECUT - INFO - mensagem de data_sz recebida: 
 {'id': 'sta3', 'dataset_sz': 518846400}
2025-12-15 23:17:42,453 - EXECUT - INFO - mensagem de data_sz recebida: 
 {'id': 'sta4', 'dataset_sz': 346402560}
2025-12-15 23:17:42,453 - EXECUT - INFO - mensagem de data_sz recebida: 
 {'id': 'sta5', 'dataset_sz': 173352768}
2025-12-15 23:17:42,453 - EXECUT - INFO - mensagem de data_sz recebida: 
 {'id': 'sta2', 'dataset_sz': 648368640}
2025-12-15 23:17:43,411 - METRIC - INFO - round: 1
2025-12-15 23:17:43,411 - METRIC - INFO - n_selected: 6
2025-12-15 23:17:43,411 - METRIC - INFO - {"selected_trainers": ["sta0", "sta1", "sta2", "sta3", "sta4", "sta5"]}
2025-12-15 23:17:56,729 - EXECUT - INFO - received weights from trainer sta0!
2025-12-15 23:18:12,099 - EXECUT - INFO - received weights from trainer sta1!
2025-12-15 23:18:34,523 - EXECUT - INFO - received weights from trainer sta2!
2025-12-15 23:18:53,492 - EXECUT - INFO - received weights from trainer sta3!
2025-12-15 23:19:10,405 - EXECUT - INFO - received weights from trainer sta4!
2025-12-15 23:19:20,918 - EXECUT - INFO - received weights from trainer sta5!
2025-12-15 23:19:22,373 - EXECUT - INFO - sent aggregated weights to trainers!
2025-12-15 23:19:38,725 - METRIC - INFO - {"loss": 0.16568967700004578, "accuracy": 0.9534883499145508, "energy_consumption": 0.21834504855203335, "selected": true, "host_energy_consumption": 0.08410880072, "client_name": "sta0"}
2025-12-15 23:19:40,745 - METRIC - INFO - {"loss": 0.140967458486557, "accuracy": 0.9529494643211365, "energy_consumption": 0.3649739034244113, "selected": true, "host_energy_consumption": 0.1425445182, "client_name": "sta1"}
2025-12-15 23:19:47,269 - METRIC - INFO - {"loss": 0.16158828139305115, "accuracy": 0.9594356417655945, "energy_consumption": 0.11730637842226121, "selected": true, "host_energy_consumption": 0.06004805492, "client_name": "sta5"}
2025-12-15 23:19:55,446 - METRIC - INFO - {"loss": 0.07166449725627899, "accuracy": 0.9785507321357727, "energy_consumption": 0.421559519501878, "selected": true, "host_energy_consumption": 0.16296183848, "client_name": "sta3"}
2025-12-15 23:20:02,646 - METRIC - INFO - {"loss": 0.20739927887916565, "accuracy": 0.9350877404212952, "energy_consumption": 0.28218128232347794, "selected": true, "host_energy_consumption": 0.11118333352000001, "client_name": "sta4"}
2025-12-15 23:20:04,604 - METRIC - INFO - {"loss": 0.07803411781787872, "accuracy": 0.9763888716697693, "energy_consumption": 0.55106823055515, "selected": true, "host_energy_consumption": 0.20628554156, "client_name": "sta2"}
2025-12-15 23:20:05,424 - METRIC - INFO - mean_accuracy: 0.9593168000380198

2025-12-15 23:20:05,424 - METRIC - INFO - round: 2
2025-12-15 23:20:05,424 - METRIC - INFO - n_selected: 6
2025-12-15 23:20:05,424 - METRIC - INFO - {"selected_trainers": ["sta0", "sta1", "sta2", "sta3", "sta4", "sta5"]}
2025-12-15 23:20:16,290 - EXECUT - INFO - received weights from trainer sta0!
2025-12-15 23:20:30,293 - EXECUT - INFO - received weights from trainer sta1!
2025-12-15 23:20:54,047 - EXECUT - INFO - received weights from trainer sta2!
2025-12-15 23:21:14,343 - EXECUT - INFO - received weights from trainer sta3!
2025-12-15 23:21:30,896 - EXECUT - INFO - received weights from trainer sta4!
2025-12-15 23:21:43,391 - EXECUT - INFO - received weights from trainer sta5!
2025-12-15 23:21:44,826 - EXECUT - INFO - sent aggregated weights to trainers!
2025-12-15 23:22:04,003 - METRIC - INFO - {"loss": 0.2363232970237732, "accuracy": 0.9290697574615479, "energy_consumption": 0.42279645714478337, "selected": true, "host_energy_consumption": 0.16347554076, "client_name": "sta0"}
2025-12-15 23:22:07,027 - METRIC - INFO - {"loss": 0.19690288603305817, "accuracy": 0.9410112500190735, "energy_consumption": 0.6784876542752007, "selected": true, "host_energy_consumption": 0.27822127760000004, "client_name": "sta1"}
2025-12-15 23:22:07,294 - METRIC - INFO - {"loss": 0.37162724137306213, "accuracy": 0.922398567199707, "energy_consumption": 0.23270056728337218, "selected": true, "host_energy_consumption": 0.11606694960000001, "client_name": "sta5"}
2025-12-15 23:22:07,416 - METRIC - INFO - {"loss": 0.09472490847110748, "accuracy": 0.9698550701141357, "energy_consumption": 0.7953742105332846, "selected": true, "host_energy_consumption": 0.32116630392, "client_name": "sta3"}
2025-12-15 23:22:30,758 - METRIC - INFO - {"loss": 0.31413838267326355, "accuracy": 0.9035087823867798, "energy_consumption": 0.4824243739718339, "selected": true, "host_energy_consumption": 0.21737031036, "client_name": "sta4"}
2025-12-15 23:22:30,938 - METRIC - INFO - {"loss": 0.09142610430717468, "accuracy": 0.9736111164093018, "energy_consumption": 1.1059201140873727, "selected": true, "host_energy_consumption": 0.40881987188, "client_name": "sta2"}
2025-12-15 23:22:31,875 - METRIC - INFO - mean_accuracy: 0.9399090905984243

2025-12-15 23:22:31,875 - METRIC - INFO - round: 3
2025-12-15 23:22:31,875 - METRIC - INFO - n_selected: 6
2025-12-15 23:22:31,875 - METRIC - INFO - {"selected_trainers": ["sta0", "sta1", "sta2", "sta3", "sta4", "sta5"]}
2025-12-15 23:22:42,926 - EXECUT - INFO - received weights from trainer sta0!
2025-12-15 23:22:58,926 - EXECUT - INFO - received weights from trainer sta1!
2025-12-15 23:23:21,686 - EXECUT - INFO - received weights from trainer sta2!
2025-12-15 23:23:40,691 - EXECUT - INFO - received weights from trainer sta3!
2025-12-15 23:23:57,718 - EXECUT - INFO - received weights from trainer sta4!
2025-12-15 23:24:11,989 - EXECUT - INFO - received weights from trainer sta5!
2025-12-15 23:24:13,412 - EXECUT - INFO - sent aggregated weights to trainers!
2025-12-15 23:24:25,959 - METRIC - INFO - {"loss": 0.1463591605424881, "accuracy": 0.9522472023963928, "energy_consumption": 1.0447152795182912, "selected": true, "host_energy_consumption": 0.41421048984000003, "client_name": "sta1"}
2025-12-15 23:24:27,015 - METRIC - INFO - {"loss": 0.15761911869049072, "accuracy": 0.9558139443397522, "energy_consumption": 0.5936249970156604, "selected": true, "host_energy_consumption": 0.24299232944000002, "client_name": "sta0"}
2025-12-15 23:24:29,891 - METRIC - INFO - {"loss": 0.1582953780889511, "accuracy": 0.9594356417655945, "energy_consumption": 0.34929709698980504, "selected": true, "host_energy_consumption": 0.17144319948, "client_name": "sta5"}
2025-12-15 23:24:31,316 - METRIC - INFO - {"loss": 0.07290808111429214, "accuracy": 0.980289876461029, "energy_consumption": 1.1661432198186243, "selected": true, "host_energy_consumption": 0.47823048672, "client_name": "sta3"}
2025-12-15 23:24:34,589 - METRIC - INFO - {"loss": 0.07175826281309128, "accuracy": 0.9800925850868225, "energy_consumption": 1.6158004923152918, "selected": true, "host_energy_consumption": 0.6095886717200001, "client_name": "sta2"}
2025-12-15 23:24:54,259 - METRIC - INFO - {"loss": 0.20920777320861816, "accuracy": 0.9271929860115051, "energy_consumption": 0.7155957072634349, "selected": true, "host_energy_consumption": 0.322929425, "client_name": "sta4"}
2025-12-15 23:24:54,455 - METRIC - INFO - mean_accuracy: 0.9591787060101827

2025-12-15 23:24:54,455 - METRIC - INFO - round: 4
2025-12-15 23:24:54,455 - METRIC - INFO - n_selected: 6
2025-12-15 23:24:54,455 - METRIC - INFO - {"selected_trainers": ["sta0", "sta1", "sta2", "sta3", "sta4", "sta5"]}
2025-12-15 23:25:05,761 - EXECUT - INFO - received weights from trainer sta0!
2025-12-15 23:25:21,435 - EXECUT - INFO - received weights from trainer sta1!
2025-12-15 23:25:44,564 - EXECUT - INFO - received weights from trainer sta2!
2025-12-15 23:26:02,432 - EXECUT - INFO - received weights from trainer sta3!
2025-12-15 23:26:20,412 - EXECUT - INFO - received weights from trainer sta4!
2025-12-15 23:26:31,697 - EXECUT - INFO - received weights from trainer sta5!
2025-12-15 23:26:33,122 - EXECUT - INFO - sent aggregated weights to trainers!
2025-12-15 23:26:50,381 - METRIC - INFO - {"loss": 0.13238373398780823, "accuracy": 0.9529494643211365, "energy_consumption": 1.4140875255596868, "selected": true, "host_energy_consumption": 0.55055132468, "client_name": "sta1"}
2025-12-15 23:26:52,505 - METRIC - INFO - {"loss": 0.13217762112617493, "accuracy": 0.9627906680107117, "energy_consumption": 0.7596200948335374, "selected": true, "host_energy_consumption": 0.32218307912, "client_name": "sta0"}
2025-12-15 23:26:58,440 - METRIC - INFO - {"loss": 0.05859461426734924, "accuracy": 0.9831883907318115, "energy_consumption": 1.5919047822671917, "selected": true, "host_energy_consumption": 0.63593490464, "client_name": "sta3"}
2025-12-15 23:26:59,312 - METRIC - INFO - {"loss": 0.1357237547636032, "accuracy": 0.9647266268730164, "energy_consumption": 0.5035387081371767, "selected": true, "host_energy_consumption": 0.22695157072000002, "client_name": "sta5"}
2025-12-15 23:26:59,770 - METRIC - INFO - {"loss": 0.0578046515583992, "accuracy": 0.9851852059364319, "energy_consumption": 2.1219739297853577, "selected": true, "host_energy_consumption": 0.81038802824, "client_name": "sta2"}
2025-12-15 23:27:09,429 - METRIC - INFO - {"loss": 0.1738244742155075, "accuracy": 0.942105233669281, "energy_consumption": 0.958169914456092, "selected": true, "host_energy_consumption": 0.43044723596, "client_name": "sta4"}
2025-12-15 23:27:10,161 - METRIC - INFO - mean_accuracy: 0.9651575982570648

2025-12-15 23:27:10,161 - METRIC - INFO - round: 5
2025-12-15 23:27:10,161 - METRIC - INFO - n_selected: 6
2025-12-15 23:27:10,161 - METRIC - INFO - {"selected_trainers": ["sta0", "sta1", "sta2", "sta3", "sta4", "sta5"]}
2025-12-15 23:27:22,361 - EXECUT - INFO - received weights from trainer sta0!
2025-12-15 23:27:38,467 - EXECUT - INFO - received weights from trainer sta1!
2025-12-15 23:28:00,657 - EXECUT - INFO - received weights from trainer sta2!
2025-12-15 23:28:22,217 - EXECUT - INFO - received weights from trainer sta3!
2025-12-15 23:28:39,918 - EXECUT - INFO - received weights from trainer sta4!
2025-12-15 23:28:51,418 - EXECUT - INFO - received weights from trainer sta5!
2025-12-15 23:28:52,844 - EXECUT - INFO - sent aggregated weights to trainers!
2025-12-15 23:29:09,847 - METRIC - INFO - {"loss": 0.12194590270519257, "accuracy": 0.9557584524154663, "energy_consumption": 1.7855188064072358, "selected": true, "host_energy_consumption": 0.68780625872, "client_name": "sta1"}
2025-12-15 23:29:10,513 - METRIC - INFO - {"loss": 0.11231318861246109, "accuracy": 0.9709302186965942, "energy_consumption": 0.9704503231497545, "selected": true, "host_energy_consumption": 0.40191494308000003, "client_name": "sta0"}
2025-12-15 23:29:18,145 - METRIC - INFO - {"loss": 0.04840883985161781, "accuracy": 0.9855072498321533, "energy_consumption": 1.9715579487448778, "selected": true, "host_energy_consumption": 0.79300517156, "client_name": "sta3"}
2025-12-15 23:29:24,610 - METRIC - INFO - {"loss": 0.11968005448579788, "accuracy": 0.9664903283119202, "energy_consumption": 0.6223064575147448, "selected": true, "host_energy_consumption": 0.28217989128000004, "client_name": "sta5"}
2025-12-15 23:29:29,831 - METRIC - INFO - {"loss": 0.047086816281080246, "accuracy": 0.9870370626449585, "energy_consumption": 2.623010916705181, "selected": true, "host_energy_consumption": 1.0131682806, "client_name": "sta2"}
2025-12-15 23:29:37,761 - METRIC - INFO - {"loss": 0.15368221700191498, "accuracy": 0.9508771896362305, "energy_consumption": 1.2382708904666258, "selected": true, "host_energy_consumption": 0.53711853748, "client_name": "sta4"}
2025-12-15 23:29:37,891 - METRIC - INFO - mean_accuracy: 0.9694334169228872

2025-12-15 23:29:37,891 - METRIC - INFO - round: 6
2025-12-15 23:29:37,891 - METRIC - INFO - n_selected: 6
2025-12-15 23:29:37,891 - METRIC - INFO - {"selected_trainers": ["sta0", "sta1", "sta2", "sta3", "sta4", "sta5"]}
2025-12-15 23:29:48,562 - EXECUT - INFO - received weights from trainer sta0!
2025-12-15 23:30:02,095 - EXECUT - INFO - received weights from trainer sta1!
2025-12-15 23:30:25,779 - EXECUT - INFO - received weights from trainer sta2!
2025-12-15 23:30:47,547 - EXECUT - INFO - received weights from trainer sta3!
2025-12-15 23:31:03,668 - EXECUT - INFO - received weights from trainer sta4!
2025-12-15 23:31:16,768 - EXECUT - INFO - received weights from trainer sta5!
2025-12-15 23:31:18,184 - EXECUT - INFO - sent aggregated weights to trainers!
2025-12-15 23:31:32,394 - METRIC - INFO - {"loss": 0.10987995564937592, "accuracy": 0.9571629166603088, "energy_consumption": 2.1857078991427166, "selected": true, "host_energy_consumption": 0.82490290736, "client_name": "sta1"}
2025-12-15 23:31:34,730 - METRIC - INFO - {"loss": 0.09451786428689957, "accuracy": 0.9697674512863159, "energy_consumption": 1.1421114067795015, "selected": true, "host_energy_consumption": 0.48124434232, "client_name": "sta0"}
2025-12-15 23:31:38,927 - METRIC - INFO - {"loss": 0.042090196162462234, "accuracy": 0.987500011920929, "energy_consumption": 3.1675534886501078, "selected": true, "host_energy_consumption": 1.2158417558, "client_name": "sta2"}
2025-12-15 23:31:48,388 - METRIC - INFO - {"loss": 0.10772383213043213, "accuracy": 0.9700176119804382, "energy_consumption": 0.7374580618651287, "selected": true, "host_energy_consumption": 0.33680369408, "client_name": "sta5"}
2025-12-15 23:31:50,858 - METRIC - INFO - {"loss": 0.038740791380405426, "accuracy": 0.9872463941574097, "energy_consumption": 2.368091956974639, "selected": true, "host_energy_consumption": 0.9497524414, "client_name": "sta3"}
2025-12-15 23:31:59,536 - METRIC - INFO - {"loss": 0.1431509107351303, "accuracy": 0.9561403393745422, "energy_consumption": 1.481184174887697, "selected": true, "host_energy_consumption": 0.64253749868, "client_name": "sta4"}
2025-12-15 23:32:00,228 - METRIC - INFO - mean_accuracy: 0.971305787563324

2025-12-15 23:32:00,228 - METRIC - INFO - round: 7
2025-12-15 23:32:00,228 - METRIC - INFO - n_selected: 6
2025-12-15 23:32:00,228 - METRIC - INFO - {"selected_trainers": ["sta0", "sta1", "sta2", "sta3", "sta4", "sta5"]}
2025-12-15 23:32:10,824 - EXECUT - INFO - received weights from trainer sta0!
2025-12-15 23:32:24,769 - EXECUT - INFO - received weights from trainer sta1!
2025-12-15 23:32:50,280 - EXECUT - INFO - received weights from trainer sta2!
2025-12-15 23:33:10,824 - EXECUT - INFO - received weights from trainer sta3!
2025-12-15 23:33:26,226 - EXECUT - INFO - received weights from trainer sta4!
2025-12-15 23:33:37,116 - EXECUT - INFO - received weights from trainer sta5!
2025-12-15 23:33:38,527 - EXECUT - INFO - sent aggregated weights to trainers!
2025-12-15 23:33:56,179 - METRIC - INFO - {"loss": 0.08074849098920822, "accuracy": 0.9767441749572754, "energy_consumption": 1.3103165779107533, "selected": true, "host_energy_consumption": 0.55935118848, "client_name": "sta0"}
2025-12-15 23:33:56,711 - METRIC - INFO - {"loss": 0.09985776245594025, "accuracy": 0.9634831547737122, "energy_consumption": 2.496535353708609, "selected": true, "host_energy_consumption": 0.9602136208000001, "client_name": "sta1"}
2025-12-15 23:34:03,931 - METRIC - INFO - {"loss": 0.10110219568014145, "accuracy": 0.9700176119804382, "energy_consumption": 0.8556864890533071, "selected": true, "host_energy_consumption": 0.39170671036000004, "client_name": "sta5"}
2025-12-15 23:34:05,615 - METRIC - INFO - {"loss": 0.03154473379254341, "accuracy": 0.9918840527534485, "energy_consumption": 2.7467062085639613, "selected": true, "host_energy_consumption": 1.10510520092, "client_name": "sta3"}
2025-12-15 23:34:05,943 - METRIC - INFO - {"loss": 0.03643414378166199, "accuracy": 0.9893518686294556, "energy_consumption": 3.7228560556754795, "selected": true, "host_energy_consumption": 1.4165247138000001, "client_name": "sta2"}
2025-12-15 23:34:23,830 - METRIC - INFO - {"loss": 0.11805790662765503, "accuracy": 0.9631578922271729, "energy_consumption": 1.7202107248832048, "selected": true, "host_energy_consumption": 0.74808504316, "client_name": "sta4"}
2025-12-15 23:34:24,574 - METRIC - INFO - mean_accuracy: 0.9757731258869171

2025-12-15 23:34:24,574 - METRIC - INFO - round: 8
2025-12-15 23:34:24,574 - METRIC - INFO - n_selected: 6
2025-12-15 23:34:24,574 - METRIC - INFO - {"selected_trainers": ["sta0", "sta1", "sta2", "sta3", "sta4", "sta5"]}
2025-12-15 23:34:34,836 - EXECUT - INFO - received weights from trainer sta0!
2025-12-15 23:35:43,938 - EXECUT - INFO - received weights from trainer sta1!
2025-12-15 23:36:06,797 - EXECUT - INFO - received weights from trainer sta2!
2025-12-15 23:36:25,796 - EXECUT - INFO - received weights from trainer sta3!
2025-12-15 23:36:41,226 - EXECUT - INFO - received weights from trainer sta4!
2025-12-15 23:36:52,358 - EXECUT - INFO - received weights from trainer sta5!
2025-12-15 23:36:53,774 - EXECUT - INFO - sent aggregated weights to trainers!
2025-12-15 23:37:10,317 - METRIC - INFO - {"loss": 0.09060321748256683, "accuracy": 0.966292142868042, "energy_consumption": 2.8579504412168717, "selected": true, "host_energy_consumption": 1.09655061068, "client_name": "sta1"}
2025-12-15 23:37:11,116 - METRIC - INFO - {"loss": 0.06822554767131805, "accuracy": 0.9825581312179565, "energy_consumption": 1.4796475636467532, "selected": true, "host_energy_consumption": 0.6381203668000001, "client_name": "sta0"}
2025-12-15 23:37:16,925 - METRIC - INFO - {"loss": 0.09678739309310913, "accuracy": 0.971781313419342, "energy_consumption": 1.0136646322281764, "selected": true, "host_energy_consumption": 0.44687885676, "client_name": "sta5"}
2025-12-15 23:37:17,749 - METRIC - INFO - {"loss": 0.0335494726896286, "accuracy": 0.9893518686294556, "energy_consumption": 4.2704615068281315, "selected": true, "host_energy_consumption": 1.6179598965600002, "client_name": "sta2"}
2025-12-15 23:37:18,920 - METRIC - INFO - {"loss": 0.026698384433984756, "accuracy": 0.9942029118537903, "energy_consumption": 3.1186007892511975, "selected": true, "host_energy_consumption": 1.26208673752, "client_name": "sta3"}
2025-12-15 23:37:33,443 - METRIC - INFO - {"loss": 0.10838150233030319, "accuracy": 0.9675438404083252, "energy_consumption": 1.9559606791795963, "selected": true, "host_energy_consumption": 0.85428958832, "client_name": "sta4"}
2025-12-15 23:37:33,816 - METRIC - INFO - mean_accuracy: 0.9786217013994852

2025-12-15 23:37:33,816 - METRIC - INFO - round: 9
2025-12-15 23:37:33,816 - METRIC - INFO - n_selected: 6
2025-12-15 23:37:33,816 - METRIC - INFO - {"selected_trainers": ["sta0", "sta1", "sta2", "sta3", "sta4", "sta5"]}
2025-12-15 23:37:45,343 - EXECUT - INFO - received weights from trainer sta0!
2025-12-15 23:37:59,282 - EXECUT - INFO - received weights from trainer sta1!
2025-12-15 23:38:22,234 - EXECUT - INFO - received weights from trainer sta2!
2025-12-15 23:38:43,103 - EXECUT - INFO - received weights from trainer sta3!
2025-12-15 23:38:58,302 - EXECUT - INFO - received weights from trainer sta4!
2025-12-15 23:39:11,360 - EXECUT - INFO - received weights from trainer sta5!
2025-12-15 23:39:12,775 - EXECUT - INFO - sent aggregated weights to trainers!
2025-12-15 23:39:29,508 - METRIC - INFO - {"loss": 0.08243754506111145, "accuracy": 0.9691011309623718, "energy_consumption": 3.2628650988509946, "selected": true, "host_energy_consumption": 1.23376603364, "client_name": "sta1"}
2025-12-15 23:39:29,532 - METRIC - INFO - {"loss": 0.05911475792527199, "accuracy": 0.984883725643158, "energy_consumption": 1.6799261072765708, "selected": true, "host_energy_consumption": 0.717875473, "client_name": "sta0"}
2025-12-15 23:39:37,597 - METRIC - INFO - {"loss": 0.08710205554962158, "accuracy": 0.9753086566925049, "energy_consumption": 1.160518031682232, "selected": true, "host_energy_consumption": 0.5018762089600001, "client_name": "sta5"}
2025-12-15 23:39:40,106 - METRIC - INFO - {"loss": 0.031213290989398956, "accuracy": 0.9902777671813965, "energy_consumption": 4.8229094017183565, "selected": true, "host_energy_consumption": 1.81968521252, "client_name": "sta2"}
2025-12-15 23:39:57,587 - METRIC - INFO - {"loss": 0.024343756958842278, "accuracy": 0.9953623414039612, "energy_consumption": 3.4913907188463726, "selected": true, "host_energy_consumption": 1.41797121144, "client_name": "sta3"}
2025-12-15 23:39:58,350 - METRIC - INFO - {"loss": 0.0971105694770813, "accuracy": 0.969298243522644, "energy_consumption": 2.202883407375327, "selected": true, "host_energy_consumption": 0.96056339848, "client_name": "sta4"}
2025-12-15 23:39:58,823 - METRIC - INFO - mean_accuracy: 0.9807053109010061

2025-12-15 23:39:58,823 - METRIC - INFO - round: 10
2025-12-15 23:39:58,823 - METRIC - INFO - n_selected: 6
2025-12-15 23:39:58,823 - METRIC - INFO - {"selected_trainers": ["sta0", "sta1", "sta2", "sta3", "sta4", "sta5"]}
2025-12-15 23:40:10,545 - EXECUT - INFO - received weights from trainer sta0!
2025-12-15 23:40:28,131 - EXECUT - INFO - received weights from trainer sta1!
2025-12-15 23:40:51,912 - EXECUT - INFO - received weights from trainer sta2!
2025-12-15 23:41:46,663 - EXECUT - INFO - received weights from trainer sta3!
2025-12-15 23:42:04,778 - EXECUT - INFO - received weights from trainer sta4!
2025-12-15 23:42:18,127 - EXECUT - INFO - received weights from trainer sta5!
2025-12-15 23:42:19,545 - EXECUT - INFO - sent aggregated weights to trainers!
2025-12-15 23:42:34,616 - METRIC - INFO - {"loss": 0.056027837097644806, "accuracy": 0.984883725643158, "energy_consumption": 1.847387416263337, "selected": true, "host_energy_consumption": 0.79810603404, "client_name": "sta0"}
2025-12-15 23:42:36,930 - METRIC - INFO - {"loss": 0.07765896618366241, "accuracy": 0.9726123809814453, "energy_consumption": 3.6338201583165883, "selected": true, "host_energy_consumption": 1.3699325525200001, "client_name": "sta1"}
2025-12-15 23:42:42,710 - METRIC - INFO - {"loss": 0.022493595257401466, "accuracy": 0.9965217113494873, "energy_consumption": 3.8622063626755976, "selected": true, "host_energy_consumption": 1.5740068274, "client_name": "sta3"}
2025-12-15 23:42:45,108 - METRIC - INFO - {"loss": 0.028405342251062393, "accuracy": 0.9916666746139526, "energy_consumption": 5.377752994099823, "selected": true, "host_energy_consumption": 2.0207769414000003, "client_name": "sta2"}
2025-12-15 23:42:49,950 - METRIC - INFO - {"loss": 0.08272407948970795, "accuracy": 0.9788359999656677, "energy_consumption": 1.3191033776641725, "selected": true, "host_energy_consumption": 0.56611006816, "client_name": "sta5"}
2025-12-15 23:43:03,589 - METRIC - INFO - {"loss": 0.11004281044006348, "accuracy": 0.9596491456031799, "energy_consumption": 2.4830007940147736, "selected": true, "host_energy_consumption": 1.07627400832, "client_name": "sta4"}
2025-12-15 23:43:03,591 - METRIC - INFO - mean_accuracy: 0.9806949396928152

2025-12-15 23:43:03,591 - METRIC - INFO - round: 11
2025-12-15 23:43:03,591 - METRIC - INFO - n_selected: 6
2025-12-15 23:43:03,591 - METRIC - INFO - {"selected_trainers": ["sta0", "sta1", "sta2", "sta3", "sta4", "sta5"]}
2025-12-15 23:43:15,557 - EXECUT - INFO - received weights from trainer sta0!
2025-12-15 23:43:29,688 - EXECUT - INFO - received weights from trainer sta1!
2025-12-15 23:43:52,712 - EXECUT - INFO - received weights from trainer sta2!
2025-12-15 23:44:13,670 - EXECUT - INFO - received weights from trainer sta3!
2025-12-15 23:44:30,763 - EXECUT - INFO - received weights from trainer sta4!
2025-12-15 23:44:40,584 - EXECUT - INFO - received weights from trainer sta5!
2025-12-15 23:44:42,002 - EXECUT - INFO - sent aggregated weights to trainers!
2025-12-15 23:45:00,256 - METRIC - INFO - {"loss": 0.04661170765757561, "accuracy": 0.9883720874786377, "energy_consumption": 2.0136584666587884, "selected": true, "host_energy_consumption": 0.87761972956, "client_name": "sta0"}
2025-12-15 23:45:03,117 - METRIC - INFO - {"loss": 0.06931502372026443, "accuracy": 0.9754213690757751, "energy_consumption": 4.0045830764037404, "selected": true, "host_energy_consumption": 1.50756165056, "client_name": "sta1"}
2025-12-15 23:45:05,565 - METRIC - INFO - {"loss": 0.0785437524318695, "accuracy": 0.9788359999656677, "energy_consumption": 1.47623539110135, "selected": true, "host_energy_consumption": 0.62066865672, "client_name": "sta5"}
2025-12-15 23:45:09,360 - METRIC - INFO - {"loss": 0.02611670270562172, "accuracy": 0.9930555820465088, "energy_consumption": 5.881077114666128, "selected": true, "host_energy_consumption": 2.22304593532, "client_name": "sta2"}
2025-12-15 23:45:15,057 - METRIC - INFO - {"loss": 0.018463052809238434, "accuracy": 0.9965217113494873, "energy_consumption": 4.279975864597721, "selected": true, "host_energy_consumption": 1.73120472056, "client_name": "sta3"}
2025-12-15 23:45:19,175 - METRIC - INFO - {"loss": 0.08804914355278015, "accuracy": 0.9719298481941223, "energy_consumption": 2.7218402765109273, "selected": true, "host_energy_consumption": 1.18436048164, "client_name": "sta4"}
2025-12-15 23:45:20,043 - METRIC - INFO - mean_accuracy: 0.9840227663516998

2025-12-15 23:45:20,043 - METRIC - INFO - round: 12
2025-12-15 23:45:20,043 - METRIC - INFO - n_selected: 6
2025-12-15 23:45:20,043 - METRIC - INFO - {"selected_trainers": ["sta0", "sta1", "sta2", "sta3", "sta4", "sta5"]}
2025-12-15 23:45:31,390 - EXECUT - INFO - received weights from trainer sta0!
2025-12-15 23:45:46,066 - EXECUT - INFO - received weights from trainer sta1!
2025-12-15 23:46:08,289 - EXECUT - INFO - received weights from trainer sta2!
2025-12-15 23:46:30,926 - EXECUT - INFO - received weights from trainer sta3!
2025-12-15 23:46:47,060 - EXECUT - INFO - received weights from trainer sta4!
2025-12-15 23:47:00,499 - EXECUT - INFO - received weights from trainer sta5!
2025-12-15 23:47:01,921 - EXECUT - INFO - sent aggregated weights to trainers!
2025-12-15 23:47:16,120 - METRIC - INFO - {"loss": 0.04315955936908722, "accuracy": 0.9872093200683594, "energy_consumption": 2.22233465845948, "selected": true, "host_energy_consumption": 0.95716293904, "client_name": "sta0"}
2025-12-15 23:47:19,840 - METRIC - INFO - {"loss": 0.06684063374996185, "accuracy": 0.9754213690757751, "energy_consumption": 4.3743925661990914, "selected": true, "host_energy_consumption": 1.64614634212, "client_name": "sta1"}
2025-12-15 23:47:23,950 - METRIC - INFO - {"loss": 0.017870187759399414, "accuracy": 0.9965217113494873, "energy_consumption": 4.701846836345479, "selected": true, "host_energy_consumption": 1.90623159944, "client_name": "sta3"}
2025-12-15 23:47:26,270 - METRIC - INFO - {"loss": 0.07749798893928528, "accuracy": 0.9788359999656677, "energy_consumption": 1.5954757408406643, "selected": true, "host_energy_consumption": 0.6750177924, "client_name": "sta5"}
2025-12-15 23:47:27,374 - METRIC - INFO - {"loss": 0.07823029905557632, "accuracy": 0.972806990146637, "energy_consumption": 2.92647274088291, "selected": true, "host_energy_consumption": 1.2908174944000002, "client_name": "sta4"}
2025-12-15 23:47:28,809 - METRIC - INFO - {"loss": 0.024297375231981277, "accuracy": 0.9935185313224792, "energy_consumption": 6.432859040674999, "selected": true, "host_energy_consumption": 2.4244600805600003, "client_name": "sta2"}
2025-12-15 23:47:28,949 - METRIC - INFO - mean_accuracy: 0.984052320321401

2025-12-15 23:47:28,949 - METRIC - INFO - round: 13
2025-12-15 23:47:28,949 - METRIC - INFO - n_selected: 6
2025-12-15 23:47:28,949 - METRIC - INFO - {"selected_trainers": ["sta0", "sta1", "sta2", "sta3", "sta4", "sta5"]}
2025-12-15 23:47:39,780 - EXECUT - INFO - received weights from trainer sta0!
2025-12-15 23:47:55,409 - EXECUT - INFO - received weights from trainer sta1!
2025-12-15 23:48:17,335 - EXECUT - INFO - received weights from trainer sta2!
2025-12-15 23:48:38,153 - EXECUT - INFO - received weights from trainer sta3!
2025-12-15 23:48:53,839 - EXECUT - INFO - received weights from trainer sta4!
2025-12-15 23:49:07,142 - EXECUT - INFO - received weights from trainer sta5!
2025-12-15 23:49:08,551 - EXECUT - INFO - sent aggregated weights to trainers!
2025-12-15 23:49:29,378 - METRIC - INFO - {"loss": 0.059059374034404755, "accuracy": 0.9810393452644348, "energy_consumption": 4.778671523374527, "selected": true, "host_energy_consumption": 1.78247945288, "client_name": "sta1"}
2025-12-15 23:49:31,667 - METRIC - INFO - {"loss": 0.03995326906442642, "accuracy": 0.9872093200683594, "energy_consumption": 2.433440990361574, "selected": true, "host_energy_consumption": 1.0372094600000001, "client_name": "sta0"}
2025-12-15 23:49:36,409 - METRIC - INFO - {"loss": 0.023777972906827927, "accuracy": 0.9930555820465088, "energy_consumption": 6.960158230127868, "selected": true, "host_energy_consumption": 2.6246631224800003, "client_name": "sta2"}
2025-12-15 23:49:38,752 - METRIC - INFO - {"loss": 0.07775513827800751, "accuracy": 0.9754385948181152, "energy_consumption": 3.198618488087507, "selected": true, "host_energy_consumption": 1.3974852071600001, "client_name": "sta4"}
2025-12-15 23:49:39,786 - METRIC - INFO - {"loss": 0.015455170534551144, "accuracy": 0.9965217113494873, "energy_consumption": 5.118453099036036, "selected": true, "host_energy_consumption": 2.0630298480400002, "client_name": "sta3"}
2025-12-15 23:49:45,494 - METRIC - INFO - {"loss": 0.07133069634437561, "accuracy": 0.9805996417999268, "energy_consumption": 1.7131012474993974, "selected": true, "host_energy_consumption": 0.72930593456, "client_name": "sta5"}
2025-12-15 23:49:45,587 - METRIC - INFO - mean_accuracy: 0.9856440325578054

2025-12-15 23:49:45,587 - METRIC - INFO - round: 14
2025-12-15 23:49:45,587 - METRIC - INFO - n_selected: 6
2025-12-15 23:49:45,587 - METRIC - INFO - {"selected_trainers": ["sta0", "sta1", "sta2", "sta3", "sta4", "sta5"]}
2025-12-15 23:49:56,290 - EXECUT - INFO - received weights from trainer sta0!
2025-12-15 23:50:11,315 - EXECUT - INFO - received weights from trainer sta1!
2025-12-15 23:50:32,164 - EXECUT - INFO - received weights from trainer sta2!
2025-12-15 23:50:54,338 - EXECUT - INFO - received weights from trainer sta3!
2025-12-15 23:51:13,328 - EXECUT - INFO - received weights from trainer sta4!
2025-12-15 23:51:26,843 - EXECUT - INFO - received weights from trainer sta5!
2025-12-15 23:51:28,264 - EXECUT - INFO - sent aggregated weights to trainers!
2025-12-15 23:51:44,247 - METRIC - INFO - {"loss": 0.036488305777311325, "accuracy": 0.9860464930534363, "energy_consumption": 2.6377067874929443, "selected": true, "host_energy_consumption": 1.1160212602000001, "client_name": "sta0"}
2025-12-15 23:51:45,362 - METRIC - INFO - {"loss": 0.05524328723549843, "accuracy": 0.9810393452644348, "energy_consumption": 5.092015901720245, "selected": true, "host_energy_consumption": 1.91855877976, "client_name": "sta1"}
2025-12-15 23:51:49,573 - METRIC - INFO - {"loss": 0.01567920669913292, "accuracy": 0.9971014261245728, "energy_consumption": 5.4921603468632485, "selected": true, "host_energy_consumption": 2.21868014032, "client_name": "sta3"}
2025-12-15 23:51:52,499 - METRIC - INFO - {"loss": 0.06715014576911926, "accuracy": 0.9805996417999268, "energy_consumption": 1.8310461542095546, "selected": true, "host_energy_consumption": 0.7840941074400001, "client_name": "sta5"}
2025-12-15 23:51:52,704 - METRIC - INFO - {"loss": 0.02220046892762184, "accuracy": 0.9939814805984497, "energy_consumption": 7.458763337966432, "selected": true, "host_energy_consumption": 2.8252519668800002, "client_name": "sta2"}
2025-12-15 23:51:54,630 - METRIC - INFO - {"loss": 0.07172416895627975, "accuracy": 0.9754385948181152, "energy_consumption": 3.4439108845191937, "selected": true, "host_energy_consumption": 1.5039218997600001, "client_name": "sta4"}
2025-12-15 23:51:55,292 - METRIC - INFO - mean_accuracy: 0.9857011636098226

2025-12-15 23:51:55,292 - METRIC - INFO - round: 15
2025-12-15 23:51:55,292 - METRIC - INFO - n_selected: 6
2025-12-15 23:51:55,292 - METRIC - INFO - {"selected_trainers": ["sta0", "sta1", "sta2", "sta3", "sta4", "sta5"]}
2025-12-15 23:52:07,387 - EXECUT - INFO - received weights from trainer sta0!
2025-12-15 23:52:22,766 - EXECUT - INFO - received weights from trainer sta1!
2025-12-15 23:52:48,489 - EXECUT - INFO - received weights from trainer sta2!
2025-12-15 23:53:14,880 - EXECUT - INFO - received weights from trainer sta3!
2025-12-15 23:53:32,231 - EXECUT - INFO - received weights from trainer sta4!
2025-12-15 23:53:43,732 - EXECUT - INFO - received weights from trainer sta5!
2025-12-15 23:53:45,142 - EXECUT - INFO - sent aggregated weights to trainers!
2025-12-15 23:54:04,975 - METRIC - INFO - {"loss": 0.03327008709311485, "accuracy": 0.9883720874786377, "energy_consumption": 2.8093693096755024, "selected": true, "host_energy_consumption": 1.19487761316, "client_name": "sta0"}
2025-12-15 23:54:06,652 - METRIC - INFO - {"loss": 0.05432986840605736, "accuracy": 0.9817415475845337, "energy_consumption": 5.457121837269668, "selected": true, "host_energy_consumption": 2.0540973510400002, "client_name": "sta1"}
2025-12-15 23:54:14,145 - METRIC - INFO - {"loss": 0.08318543434143066, "accuracy": 0.9710526466369629, "energy_consumption": 3.690042756785753, "selected": true, "host_energy_consumption": 1.6102837220400001, "client_name": "sta4"}
2025-12-15 23:54:15,840 - METRIC - INFO - {"loss": 0.06250886619091034, "accuracy": 0.9788359999656677, "energy_consumption": 1.94556027779281, "selected": true, "host_energy_consumption": 0.8385993588, "client_name": "sta5"}
2025-12-15 23:54:17,606 - METRIC - INFO - {"loss": 0.02145245485007763, "accuracy": 0.9935185313224792, "energy_consumption": 7.962190064702448, "selected": true, "host_energy_consumption": 3.0257190462800003, "client_name": "sta2"}
2025-12-15 23:54:17,615 - METRIC - INFO - {"loss": 0.015452800318598747, "accuracy": 0.9971014261245728, "energy_consumption": 6.0297231829918205, "selected": true, "host_energy_consumption": 2.41180884224, "client_name": "sta3"}
2025-12-15 23:54:18,177 - METRIC - INFO - mean_accuracy: 0.985103706518809

2025-12-15 23:54:18,177 - METRIC - INFO - round: 16
2025-12-15 23:54:18,177 - METRIC - INFO - n_selected: 6
2025-12-15 23:54:18,177 - METRIC - INFO - {"selected_trainers": ["sta0", "sta1", "sta2", "sta3", "sta4", "sta5"]}
2025-12-15 23:54:31,386 - EXECUT - INFO - received weights from trainer sta0!
2025-12-15 23:54:47,392 - EXECUT - INFO - received weights from trainer sta1!
2025-12-15 23:55:10,287 - EXECUT - INFO - received weights from trainer sta2!
2025-12-15 23:55:31,045 - EXECUT - INFO - received weights from trainer sta3!
2025-12-15 23:55:51,261 - EXECUT - INFO - received weights from trainer sta4!
2025-12-15 23:56:01,418 - EXECUT - INFO - received weights from trainer sta5!
2025-12-15 23:56:02,834 - EXECUT - INFO - sent aggregated weights to trainers!
2025-12-15 23:56:21,504 - METRIC - INFO - {"loss": 0.04934731125831604, "accuracy": 0.9838483333587646, "energy_consumption": 5.825101014207142, "selected": true, "host_energy_consumption": 2.1902619732, "client_name": "sta1"}
2025-12-15 23:56:23,123 - METRIC - INFO - {"loss": 0.03058232180774212, "accuracy": 0.989534854888916, "energy_consumption": 2.980168552345538, "selected": true, "host_energy_consumption": 1.27374319492, "client_name": "sta0"}
2025-12-15 23:56:27,821 - METRIC - INFO - {"loss": 0.060358189046382904, "accuracy": 0.9789473414421082, "energy_consumption": 3.9305177943437597, "selected": true, "host_energy_consumption": 1.7174096979200002, "client_name": "sta4"}
2025-12-15 23:56:28,905 - METRIC - INFO - {"loss": 0.014355731196701527, "accuracy": 0.9971014261245728, "energy_consumption": 6.401789426741698, "selected": true, "host_energy_consumption": 2.56833175676, "client_name": "sta3"}
2025-12-15 23:56:30,566 - METRIC - INFO - {"loss": 0.01979684829711914, "accuracy": 0.9939814805984497, "energy_consumption": 8.465519637463352, "selected": true, "host_energy_consumption": 3.22594839, "client_name": "sta2"}
2025-12-15 23:56:30,583 - METRIC - INFO - {"loss": 0.0633416697382927, "accuracy": 0.9805996417999268, "energy_consumption": 2.105476173850614, "selected": true, "host_energy_consumption": 0.8942534034, "client_name": "sta5"}
2025-12-15 23:56:30,864 - METRIC - INFO - mean_accuracy: 0.9873355130354563

2025-12-15 23:56:30,864 - METRIC - INFO - round: 17
2025-12-15 23:56:30,864 - METRIC - INFO - n_selected: 6
2025-12-15 23:56:30,864 - METRIC - INFO - {"selected_trainers": ["sta0", "sta1", "sta2", "sta3", "sta4", "sta5"]}
2025-12-15 23:56:41,321 - EXECUT - INFO - received weights from trainer sta0!
2025-12-15 23:56:55,726 - EXECUT - INFO - received weights from trainer sta1!
2025-12-15 23:57:19,150 - EXECUT - INFO - received weights from trainer sta2!
2025-12-15 23:57:38,457 - EXECUT - INFO - received weights from trainer sta3!
2025-12-15 23:57:53,938 - EXECUT - INFO - received weights from trainer sta4!
2025-12-15 23:58:03,256 - EXECUT - INFO - received weights from trainer sta5!
2025-12-15 23:58:04,682 - EXECUT - INFO - sent aggregated weights to trainers!
2025-12-15 23:58:15,862 - METRIC - INFO - {"loss": 0.028760896995663643, "accuracy": 0.989534854888916, "energy_consumption": 3.1895516712487355, "selected": true, "host_energy_consumption": 1.3524650171200001, "client_name": "sta0"}
2025-12-15 23:58:18,528 - METRIC - INFO - {"loss": 0.04631523787975311, "accuracy": 0.9852527976036072, "energy_consumption": 6.228028617130889, "selected": true, "host_energy_consumption": 2.3265531282, "client_name": "sta1"}
2025-12-15 23:58:30,667 - METRIC - INFO - {"loss": 0.01374975685030222, "accuracy": 0.9971014261245728, "energy_consumption": 6.817049372499743, "selected": true, "host_energy_consumption": 2.7237446726, "client_name": "sta3"}
2025-12-15 23:58:32,044 - METRIC - INFO - {"loss": 0.06053780019283295, "accuracy": 0.9805996417999268, "energy_consumption": 2.2213634684118113, "selected": true, "host_energy_consumption": 0.9492253596000001, "client_name": "sta5"}
2025-12-15 23:58:33,113 - METRIC - INFO - {"loss": 0.058218084275722504, "accuracy": 0.9789473414421082, "energy_consumption": 4.1756172673329415, "selected": true, "host_energy_consumption": 1.8249288755600002, "client_name": "sta4"}
2025-12-15 23:58:33,527 - METRIC - INFO - {"loss": 0.019704649224877357, "accuracy": 0.9939814805984497, "energy_consumption": 8.968127004260353, "selected": true, "host_energy_consumption": 3.42671402808, "client_name": "sta2"}
2025-12-15 23:58:33,711 - METRIC - INFO - mean_accuracy: 0.9875695904095968

2025-12-15 23:58:33,711 - METRIC - INFO - round: 18
2025-12-15 23:58:33,711 - METRIC - INFO - n_selected: 6
2025-12-15 23:58:33,711 - METRIC - INFO - {"selected_trainers": ["sta0", "sta1", "sta2", "sta3", "sta4", "sta5"]}
2025-12-15 23:58:44,577 - EXECUT - INFO - received weights from trainer sta0!
2025-12-15 23:58:58,232 - EXECUT - INFO - received weights from trainer sta1!
2025-12-15 23:59:20,756 - EXECUT - INFO - received weights from trainer sta2!
2025-12-15 23:59:41,417 - EXECUT - INFO - received weights from trainer sta3!
2025-12-16 00:00:00,032 - EXECUT - INFO - received weights from trainer sta4!
2025-12-16 00:00:13,456 - EXECUT - INFO - received weights from trainer sta5!
2025-12-16 00:00:14,867 - EXECUT - INFO - sent aggregated weights to trainers!
2025-12-16 00:00:35,204 - METRIC - INFO - {"loss": 0.0269091185182333, "accuracy": 0.989534854888916, "energy_consumption": 3.438476243431402, "selected": true, "host_energy_consumption": 1.43081575168, "client_name": "sta0"}
2025-12-16 00:00:39,198 - METRIC - INFO - {"loss": 0.04311881959438324, "accuracy": 0.9838483333587646, "energy_consumption": 6.634225781945844, "selected": true, "host_energy_consumption": 2.4621147026, "client_name": "sta1"}
2025-12-16 00:00:42,775 - METRIC - INFO - {"loss": 0.060000941157341, "accuracy": 0.9805996417999268, "energy_consumption": 2.340420947093103, "selected": true, "host_energy_consumption": 1.0050536006000002, "client_name": "sta5"}
2025-12-16 00:00:43,632 - METRIC - INFO - {"loss": 0.012840818613767624, "accuracy": 0.9971014261245728, "energy_consumption": 7.2369787430371035, "selected": true, "host_energy_consumption": 2.87958585796, "client_name": "sta3"}
2025-12-16 00:00:44,201 - METRIC - INFO - {"loss": 0.01830945536494255, "accuracy": 0.9935185313224792, "energy_consumption": 9.52147292328985, "selected": true, "host_energy_consumption": 3.6264805623200003, "client_name": "sta2"}
2025-12-16 00:00:44,838 - METRIC - INFO - {"loss": 0.05801836773753166, "accuracy": 0.9771929979324341, "energy_consumption": 4.4140063317926375, "selected": true, "host_energy_consumption": 1.9312231078000002, "client_name": "sta4"}
2025-12-16 00:00:44,898 - METRIC - INFO - mean_accuracy: 0.9869659642378489

2025-12-16 00:00:44,898 - METRIC - INFO - round: 19
2025-12-16 00:00:44,898 - METRIC - INFO - n_selected: 6
2025-12-16 00:00:44,898 - METRIC - INFO - {"selected_trainers": ["sta0", "sta1", "sta2", "sta3", "sta4", "sta5"]}
2025-12-16 00:00:57,402 - EXECUT - INFO - received weights from trainer sta0!
2025-12-16 00:01:13,178 - EXECUT - INFO - received weights from trainer sta1!
2025-12-16 00:01:33,492 - EXECUT - INFO - received weights from trainer sta2!
2025-12-16 00:01:53,873 - EXECUT - INFO - received weights from trainer sta3!
2025-12-16 00:02:11,912 - EXECUT - INFO - received weights from trainer sta4!
2025-12-16 00:02:23,174 - EXECUT - INFO - received weights from trainer sta5!
2025-12-16 00:02:24,593 - EXECUT - INFO - sent aggregated weights to trainers!
2025-12-16 00:02:40,778 - METRIC - INFO - {"loss": 0.025142468512058258, "accuracy": 0.9918604493141174, "energy_consumption": 3.6098886386357583, "selected": true, "host_energy_consumption": 1.50948854336, "client_name": "sta0"}
2025-12-16 00:02:44,173 - METRIC - INFO - {"loss": 0.041364237666130066, "accuracy": 0.9838483333587646, "energy_consumption": 6.98073670734702, "selected": true, "host_energy_consumption": 2.5972913288000004, "client_name": "sta1"}
2025-12-16 00:02:50,558 - METRIC - INFO - {"loss": 0.057561710476875305, "accuracy": 0.9788359999656677, "energy_consumption": 2.4605849637715473, "selected": true, "host_energy_consumption": 1.0636200206800002, "client_name": "sta5"}
2025-12-16 00:02:51,274 - METRIC - INFO - {"loss": 0.01774391159415245, "accuracy": 0.9935185313224792, "energy_consumption": 10.11300288194019, "selected": true, "host_energy_consumption": 3.8261115575200004, "client_name": "sta2"}
2025-12-16 00:02:53,009 - METRIC - INFO - {"loss": 0.012242292985320091, "accuracy": 0.9971014261245728, "energy_consumption": 7.607993778232978, "selected": true, "host_energy_consumption": 3.0358364638000004, "client_name": "sta3"}
2025-12-16 00:02:56,624 - METRIC - INFO - {"loss": 0.07042394578456879, "accuracy": 0.969298243522644, "energy_consumption": 4.6907111564442046, "selected": true, "host_energy_consumption": 2.05950003532, "client_name": "sta4"}
2025-12-16 00:02:56,626 - METRIC - INFO - mean_accuracy: 0.9857438306013743

2025-12-16 00:02:56,626 - METRIC - INFO - round: 20
2025-12-16 00:02:56,626 - METRIC - INFO - n_selected: 6
2025-12-16 00:02:56,626 - METRIC - INFO - {"selected_trainers": ["sta0", "sta1", "sta2", "sta3", "sta4", "sta5"]}
2025-12-16 00:03:09,171 - EXECUT - INFO - received weights from trainer sta0!
2025-12-16 00:03:25,236 - EXECUT - INFO - received weights from trainer sta1!
2025-12-16 00:03:47,475 - EXECUT - INFO - received weights from trainer sta2!
2025-12-16 00:04:08,239 - EXECUT - INFO - received weights from trainer sta3!
2025-12-16 00:04:24,326 - EXECUT - INFO - received weights from trainer sta4!
2025-12-16 00:04:35,608 - EXECUT - INFO - received weights from trainer sta5!
2025-12-16 00:04:37,025 - EXECUT - INFO - sent aggregated weights to trainers!
2025-12-16 00:04:51,976 - METRIC - INFO - {"loss": 0.0400531142950058, "accuracy": 0.9852527976036072, "energy_consumption": 7.342407691940309, "selected": true, "host_energy_consumption": 2.73381029152, "client_name": "sta1"}
2025-12-16 00:04:52,599 - METRIC - INFO - {"loss": 0.024339033290743828, "accuracy": 0.9906976819038391, "energy_consumption": 3.775836229240702, "selected": true, "host_energy_consumption": 1.58943397872, "client_name": "sta0"}
2025-12-16 00:05:04,790 - METRIC - INFO - {"loss": 0.054509762674570084, "accuracy": 0.9805996417999268, "energy_consumption": 2.577251458010276, "selected": true, "host_energy_consumption": 1.11901835052, "client_name": "sta5"}
2025-12-16 00:05:06,141 - METRIC - INFO - {"loss": 0.05177096277475357, "accuracy": 0.980701744556427, "energy_consumption": 4.9367830847717, "selected": true, "host_energy_consumption": 2.16706316848, "client_name": "sta4"}
2025-12-16 00:05:06,791 - METRIC - INFO - {"loss": 0.01164831779897213, "accuracy": 0.9971014261245728, "energy_consumption": 7.984891039955156, "selected": true, "host_energy_consumption": 3.19353266204, "client_name": "sta3"}
2025-12-16 00:05:06,851 - METRIC - INFO - {"loss": 0.01684158854186535, "accuracy": 0.9935185313224792, "energy_consumption": 10.705569811445656, "selected": true, "host_energy_consumption": 4.03592740684, "client_name": "sta2"}
2025-12-16 00:05:07,057 - METRIC - INFO - mean_accuracy: 0.9879786372184753

2025-12-16 00:05:07,057 - METRIC - INFO - round: 21
2025-12-16 00:05:07,057 - METRIC - INFO - n_selected: 6
2025-12-16 00:05:07,057 - METRIC - INFO - {"selected_trainers": ["sta0", "sta1", "sta2", "sta3", "sta4", "sta5"]}
2025-12-16 00:05:19,565 - EXECUT - INFO - received weights from trainer sta0!
2025-12-16 00:05:36,362 - EXECUT - INFO - received weights from trainer sta1!
2025-12-16 00:05:59,770 - EXECUT - INFO - received weights from trainer sta2!
2025-12-16 00:06:19,912 - EXECUT - INFO - received weights from trainer sta3!
2025-12-16 00:06:35,387 - EXECUT - INFO - received weights from trainer sta4!
2025-12-16 00:06:45,320 - EXECUT - INFO - received weights from trainer sta5!
2025-12-16 00:06:46,735 - EXECUT - INFO - sent aggregated weights to trainers!
2025-12-16 00:07:06,032 - METRIC - INFO - {"loss": 0.03759777545928955, "accuracy": 0.9852527976036072, "energy_consumption": 7.715505783389844, "selected": true, "host_energy_consumption": 2.87020075524, "client_name": "sta1"}
2025-12-16 00:07:07,487 - METRIC - INFO - {"loss": 0.01136497501283884, "accuracy": 0.9971014261245728, "energy_consumption": 8.396209522698566, "selected": true, "host_energy_consumption": 3.34982718896, "client_name": "sta3"}
2025-12-16 00:07:08,082 - METRIC - INFO - {"loss": 0.023520875722169876, "accuracy": 0.9930232763290405, "energy_consumption": 3.947439468741613, "selected": true, "host_energy_consumption": 1.6679613532400002, "client_name": "sta0"}
2025-12-16 00:07:13,718 - METRIC - INFO - {"loss": 0.05498325079679489, "accuracy": 0.9823633432388306, "energy_consumption": 2.6932891473064253, "selected": true, "host_energy_consumption": 1.1736632768000002, "client_name": "sta5"}
2025-12-16 00:07:14,249 - METRIC - INFO - {"loss": 0.05149226635694504, "accuracy": 0.980701744556427, "energy_consumption": 5.176837805812023, "selected": true, "host_energy_consumption": 2.27384215296, "client_name": "sta4"}
2025-12-16 00:07:16,838 - METRIC - INFO - {"loss": 0.01745458133518696, "accuracy": 0.9944444298744202, "energy_consumption": 11.259847446951753, "selected": true, "host_energy_consumption": 4.23614786308, "client_name": "sta2"}
2025-12-16 00:07:17,767 - METRIC - INFO - mean_accuracy: 0.988814502954483

2025-12-16 00:07:17,767 - METRIC - INFO - round: 22
2025-12-16 00:07:17,767 - METRIC - INFO - n_selected: 6
2025-12-16 00:07:17,767 - METRIC - INFO - {"selected_trainers": ["sta0", "sta1", "sta2", "sta3", "sta4", "sta5"]}
2025-12-16 00:07:28,384 - EXECUT - INFO - received weights from trainer sta0!
2025-12-16 00:07:43,513 - EXECUT - INFO - received weights from trainer sta1!
2025-12-16 00:08:07,149 - EXECUT - INFO - received weights from trainer sta2!
2025-12-16 00:08:29,499 - EXECUT - INFO - received weights from trainer sta3!
2025-12-16 00:08:44,467 - EXECUT - INFO - received weights from trainer sta4!
2025-12-16 00:08:55,847 - EXECUT - INFO - received weights from trainer sta5!
2025-12-16 00:08:57,258 - EXECUT - INFO - sent aggregated weights to trainers!
2025-12-16 00:09:14,973 - METRIC - INFO - {"loss": 0.04068545997142792, "accuracy": 0.9852527976036072, "energy_consumption": 8.081764912144592, "selected": true, "host_energy_consumption": 3.0074415562800003, "client_name": "sta1"}
2025-12-16 00:09:15,579 - METRIC - INFO - {"loss": 0.02219928242266178, "accuracy": 0.9918604493141174, "energy_consumption": 4.114509912598954, "selected": true, "host_energy_consumption": 1.7462606817600002, "client_name": "sta0"}
2025-12-16 00:09:23,618 - METRIC - INFO - {"loss": 0.010741500183939934, "accuracy": 0.9971014261245728, "energy_consumption": 8.826143091747081, "selected": true, "host_energy_consumption": 3.5056896854, "client_name": "sta3"}
2025-12-16 00:09:24,420 - METRIC - INFO - {"loss": 0.016012437641620636, "accuracy": 0.9939814805984497, "energy_consumption": 11.800747069100481, "selected": true, "host_energy_consumption": 4.4364754386400005, "client_name": "sta2"}
2025-12-16 00:09:26,039 - METRIC - INFO - {"loss": 0.061416853219270706, "accuracy": 0.9789473414421082, "energy_consumption": 5.422747484457797, "selected": true, "host_energy_consumption": 2.38046575676, "client_name": "sta4"}
2025-12-16 00:09:31,255 - METRIC - INFO - {"loss": 0.05125818029046059, "accuracy": 0.9823633432388306, "energy_consumption": 2.8058459139495633, "selected": true, "host_energy_consumption": 1.2282358958800002, "client_name": "sta5"}
2025-12-16 00:09:31,292 - METRIC - INFO - mean_accuracy: 0.988251139720281

2025-12-16 00:09:31,292 - METRIC - INFO - round: 23
2025-12-16 00:09:31,292 - METRIC - INFO - n_selected: 6
2025-12-16 00:09:31,292 - METRIC - INFO - {"selected_trainers": ["sta0", "sta1", "sta2", "sta3", "sta4", "sta5"]}
2025-12-16 00:09:42,148 - EXECUT - INFO - received weights from trainer sta0!
2025-12-16 00:09:56,481 - EXECUT - INFO - received weights from trainer sta1!
2025-12-16 00:10:23,290 - EXECUT - INFO - received weights from trainer sta2!
2025-12-16 00:10:41,314 - EXECUT - INFO - received weights from trainer sta3!
2025-12-16 00:10:58,589 - EXECUT - INFO - received weights from trainer sta4!
2025-12-16 00:11:10,435 - EXECUT - INFO - received weights from trainer sta5!
2025-12-16 00:11:11,858 - EXECUT - INFO - sent aggregated weights to trainers!
2025-12-16 00:11:26,749 - METRIC - INFO - {"loss": 0.03539091721177101, "accuracy": 0.9859550595283508, "energy_consumption": 8.455136923123035, "selected": true, "host_energy_consumption": 3.14492368232, "client_name": "sta1"}
2025-12-16 00:11:29,646 - METRIC - INFO - {"loss": 0.021183885633945465, "accuracy": 0.9930232763290405, "energy_consumption": 4.283635058118867, "selected": true, "host_energy_consumption": 1.82477115436, "client_name": "sta0"}
2025-12-16 00:11:40,605 - METRIC - INFO - {"loss": 0.011121648363769054, "accuracy": 0.9971014261245728, "energy_consumption": 9.203468423866038, "selected": true, "host_energy_consumption": 3.6616909848400003, "client_name": "sta3"}
2025-12-16 00:11:40,983 - METRIC - INFO - {"loss": 0.016516102477908134, "accuracy": 0.9939814805984497, "energy_consumption": 12.354111915034167, "selected": true, "host_energy_consumption": 4.63884187872, "client_name": "sta2"}
2025-12-16 00:11:41,461 - METRIC - INFO - {"loss": 0.04894781857728958, "accuracy": 0.9823633432388306, "energy_consumption": 2.9227454585114807, "selected": true, "host_energy_consumption": 1.28259106416, "client_name": "sta5"}
2025-12-16 00:11:43,539 - METRIC - INFO - {"loss": 0.044697798788547516, "accuracy": 0.9833333492279053, "energy_consumption": 5.660482853037489, "selected": true, "host_energy_consumption": 2.48709592348, "client_name": "sta4"}
2025-12-16 00:11:43,892 - METRIC - INFO - mean_accuracy: 0.9892929891745249

2025-12-16 00:11:43,892 - METRIC - INFO - round: 24
2025-12-16 00:11:43,892 - METRIC - INFO - n_selected: 6
2025-12-16 00:11:43,892 - METRIC - INFO - {"selected_trainers": ["sta0", "sta1", "sta2", "sta3", "sta4", "sta5"]}
2025-12-16 00:11:54,104 - EXECUT - INFO - received weights from trainer sta0!
2025-12-16 00:12:09,751 - EXECUT - INFO - received weights from trainer sta1!
2025-12-16 00:12:32,987 - EXECUT - INFO - received weights from trainer sta2!
2025-12-16 00:12:51,139 - EXECUT - INFO - received weights from trainer sta3!
2025-12-16 00:13:11,069 - EXECUT - INFO - received weights from trainer sta4!
2025-12-16 00:13:21,079 - EXECUT - INFO - received weights from trainer sta5!
2025-12-16 00:13:22,506 - EXECUT - INFO - sent aggregated weights to trainers!
2025-12-16 00:13:38,899 - METRIC - INFO - {"loss": 0.010577338747680187, "accuracy": 0.9971014261245728, "energy_consumption": 9.582660509531348, "selected": true, "host_energy_consumption": 3.81874515288, "client_name": "sta3"}
2025-12-16 00:13:40,551 - METRIC - INFO - {"loss": 0.0344531312584877, "accuracy": 0.9859550595283508, "energy_consumption": 8.8543445190966, "selected": true, "host_energy_consumption": 3.2820569709200003, "client_name": "sta1"}
2025-12-16 00:13:40,684 - METRIC - INFO - {"loss": 0.021235955879092216, "accuracy": 0.9941860437393188, "energy_consumption": 4.449984462750158, "selected": true, "host_energy_consumption": 1.9035645484800001, "client_name": "sta0"}
2025-12-16 00:13:46,429 - METRIC - INFO - {"loss": 0.04870510473847389, "accuracy": 0.9823633432388306, "energy_consumption": 3.0401556495803512, "selected": true, "host_energy_consumption": 1.3372150386000001, "client_name": "sta5"}
2025-12-16 00:13:46,772 - METRIC - INFO - {"loss": 0.04339693486690521, "accuracy": 0.9842105507850647, "energy_consumption": 5.935312052802142, "selected": true, "host_energy_consumption": 2.59415750496, "client_name": "sta4"}
2025-12-16 00:13:49,460 - METRIC - INFO - {"loss": 0.01585332304239273, "accuracy": 0.9939814805984497, "energy_consumption": 12.90719283197258, "selected": true, "host_energy_consumption": 4.8380288810000005, "client_name": "sta2"}
2025-12-16 00:13:49,534 - METRIC - INFO - mean_accuracy: 0.9896329840024313

2025-12-16 00:13:49,534 - METRIC - INFO - round: 25
2025-12-16 00:13:49,534 - METRIC - INFO - n_selected: 6
2025-12-16 00:13:49,534 - METRIC - INFO - {"selected_trainers": ["sta0", "sta1", "sta2", "sta3", "sta4", "sta5"]}
2025-12-16 00:14:01,424 - EXECUT - INFO - received weights from trainer sta0!
2025-12-16 00:14:15,225 - EXECUT - INFO - received weights from trainer sta1!
2025-12-16 00:14:38,586 - EXECUT - INFO - received weights from trainer sta2!
2025-12-16 00:14:59,537 - EXECUT - INFO - received weights from trainer sta3!
2025-12-16 00:15:14,551 - EXECUT - INFO - received weights from trainer sta4!
2025-12-16 00:15:24,967 - EXECUT - INFO - received weights from trainer sta5!
2025-12-16 00:15:26,378 - EXECUT - INFO - sent aggregated weights to trainers!
2025-12-16 00:15:41,267 - METRIC - INFO - {"loss": 0.020156215876340866, "accuracy": 0.9918604493141174, "energy_consumption": 4.65895538302427, "selected": true, "host_energy_consumption": 1.98202852008, "client_name": "sta0"}
2025-12-16 00:15:41,919 - METRIC - INFO - {"loss": 0.033278938382864, "accuracy": 0.9866573214530945, "energy_consumption": 9.218716018598926, "selected": true, "host_energy_consumption": 3.41901768712, "client_name": "sta1"}
2025-12-16 00:15:52,431 - METRIC - INFO - {"loss": 0.011000268161296844, "accuracy": 0.9971014261245728, "energy_consumption": 10.007192560766523, "selected": true, "host_energy_consumption": 3.9748706956000004, "client_name": "sta3"}
2025-12-16 00:15:53,025 - METRIC - INFO - {"loss": 0.016227861866354942, "accuracy": 0.9944444298744202, "energy_consumption": 13.409985985082685, "selected": true, "host_energy_consumption": 5.037571675640001, "client_name": "sta2"}
2025-12-16 00:15:53,890 - METRIC - INFO - {"loss": 0.04632952809333801, "accuracy": 0.9824561476707458, "energy_consumption": 6.18122767640646, "selected": true, "host_energy_consumption": 2.7001969456, "client_name": "sta4"}
2025-12-16 00:15:58,220 - METRIC - INFO - {"loss": 0.04838084429502487, "accuracy": 0.9823633432388306, "energy_consumption": 3.151765422475061, "selected": true, "host_energy_consumption": 1.39145936244, "client_name": "sta5"}
2025-12-16 00:15:58,412 - METRIC - INFO - mean_accuracy: 0.9891471862792969

2025-12-16 00:15:58,412 - METRIC - INFO - round: 26
2025-12-16 00:15:58,412 - METRIC - INFO - n_selected: 6
2025-12-16 00:15:58,412 - METRIC - INFO - {"selected_trainers": ["sta0", "sta1", "sta2", "sta3", "sta4", "sta5"]}
2025-12-16 00:16:09,594 - EXECUT - INFO - received weights from trainer sta0!
2025-12-16 00:16:25,573 - EXECUT - INFO - received weights from trainer sta1!
2025-12-16 00:16:50,129 - EXECUT - INFO - received weights from trainer sta2!
2025-12-16 00:17:09,471 - EXECUT - INFO - received weights from trainer sta3!
2025-12-16 00:17:24,929 - EXECUT - INFO - received weights from trainer sta4!
2025-12-16 00:17:35,341 - EXECUT - INFO - received weights from trainer sta5!
2025-12-16 00:17:36,763 - EXECUT - INFO - sent aggregated weights to trainers!
2025-12-16 00:17:51,781 - METRIC - INFO - {"loss": 0.0326879546046257, "accuracy": 0.9894663095474243, "energy_consumption": 9.587746021006168, "selected": true, "host_energy_consumption": 3.55669147512, "client_name": "sta1"}
2025-12-16 00:17:52,118 - METRIC - INFO - {"loss": 0.019264955073595047, "accuracy": 0.9941860437393188, "energy_consumption": 4.824938869098239, "selected": true, "host_energy_consumption": 2.0604296526800003, "client_name": "sta0"}
2025-12-16 00:18:02,432 - METRIC - INFO - {"loss": 0.00948278233408928, "accuracy": 0.9971014261245728, "energy_consumption": 10.423406327437984, "selected": true, "host_energy_consumption": 4.1304381367200005, "client_name": "sta3"}
2025-12-16 00:18:03,601 - METRIC - INFO - {"loss": 0.04692775011062622, "accuracy": 0.9823633432388306, "energy_consumption": 3.2687503836928564, "selected": true, "host_energy_consumption": 1.44572501444, "client_name": "sta5"}
2025-12-16 00:18:05,387 - METRIC - INFO - {"loss": 0.04484841972589493, "accuracy": 0.9833333492279053, "energy_consumption": 6.421617570713106, "selected": true, "host_energy_consumption": 2.8063040614, "client_name": "sta4"}
2025-12-16 00:18:06,245 - METRIC - INFO - {"loss": 0.015356416814029217, "accuracy": 0.9944444298744202, "energy_consumption": 13.910354180060622, "selected": true, "host_energy_consumption": 5.23702941468, "client_name": "sta2"}
2025-12-16 00:18:06,795 - METRIC - INFO - mean_accuracy: 0.9901491502920786

2025-12-16 00:18:06,795 - METRIC - INFO - round: 27
2025-12-16 00:18:06,795 - METRIC - INFO - n_selected: 6
2025-12-16 00:18:06,795 - METRIC - INFO - {"selected_trainers": ["sta0", "sta1", "sta2", "sta3", "sta4", "sta5"]}
2025-12-16 00:18:16,948 - EXECUT - INFO - received weights from trainer sta0!
2025-12-16 00:18:32,579 - EXECUT - INFO - received weights from trainer sta1!
2025-12-16 00:18:55,248 - EXECUT - INFO - received weights from trainer sta2!
2025-12-16 00:19:15,937 - EXECUT - INFO - received weights from trainer sta3!
2025-12-16 00:19:33,568 - EXECUT - INFO - received weights from trainer sta4!
2025-12-16 00:19:44,086 - EXECUT - INFO - received weights from trainer sta5!
2025-12-16 00:19:45,515 - EXECUT - INFO - sent aggregated weights to trainers!
2025-12-16 00:20:02,435 - METRIC - INFO - {"loss": 0.0182627085596323, "accuracy": 0.9941860437393188, "energy_consumption": 5.031497573162034, "selected": true, "host_energy_consumption": 2.1389770738, "client_name": "sta0"}
2025-12-16 00:20:04,808 - METRIC - INFO - {"loss": 0.0381433479487896, "accuracy": 0.9859550595283508, "energy_consumption": 9.957278450299839, "selected": true, "host_energy_consumption": 3.6923582712800003, "client_name": "sta1"}
2025-12-16 00:20:07,120 - METRIC - INFO - {"loss": 0.014728972688317299, "accuracy": 0.9949073791503906, "energy_consumption": 14.456750461613424, "selected": true, "host_energy_consumption": 5.437312659240001, "client_name": "sta2"}
2025-12-16 00:20:11,297 - METRIC - INFO - {"loss": 0.04194258153438568, "accuracy": 0.9815789461135864, "energy_consumption": 6.660075561721693, "selected": true, "host_energy_consumption": 2.91235669508, "client_name": "sta4"}
2025-12-16 00:20:11,805 - METRIC - INFO - {"loss": 0.010516754351556301, "accuracy": 0.9971014261245728, "energy_consumption": 10.79927582186387, "selected": true, "host_energy_consumption": 4.28713634132, "client_name": "sta3"}
2025-12-16 00:20:14,532 - METRIC - INFO - {"loss": 0.04553785175085068, "accuracy": 0.9805996417999268, "energy_consumption": 3.3837825929290752, "selected": true, "host_energy_consumption": 1.49952498668, "client_name": "sta5"}
2025-12-16 00:20:14,545 - METRIC - INFO - mean_accuracy: 0.9890547494093577

2025-12-16 00:20:14,545 - METRIC - INFO - round: 28
2025-12-16 00:20:14,545 - METRIC - INFO - n_selected: 6
2025-12-16 00:20:14,545 - METRIC - INFO - {"selected_trainers": ["sta0", "sta1", "sta2", "sta3", "sta4", "sta5"]}
2025-12-16 00:20:25,553 - EXECUT - INFO - received weights from trainer sta0!
2025-12-16 00:20:41,385 - EXECUT - INFO - received weights from trainer sta1!
2025-12-16 00:21:05,042 - EXECUT - INFO - received weights from trainer sta2!
2025-12-16 00:21:25,342 - EXECUT - INFO - received weights from trainer sta3!
2025-12-16 00:21:40,571 - EXECUT - INFO - received weights from trainer sta4!
2025-12-16 00:21:52,314 - EXECUT - INFO - received weights from trainer sta5!
2025-12-16 00:21:53,767 - EXECUT - INFO - sent aggregated weights to trainers!
2025-12-16 00:22:08,294 - METRIC - INFO - {"loss": 0.018738122656941414, "accuracy": 0.9930232763290405, "energy_consumption": 5.240845015955663, "selected": true, "host_energy_consumption": 2.2175317578400002, "client_name": "sta0"}
2025-12-16 00:22:10,716 - METRIC - INFO - {"loss": 0.029966581612825394, "accuracy": 0.9873595237731934, "energy_consumption": 10.36273669014713, "selected": true, "host_energy_consumption": 3.82879450156, "client_name": "sta1"}
2025-12-16 00:22:11,282 - METRIC - INFO - {"loss": 0.04555613920092583, "accuracy": 0.9858906269073486, "energy_consumption": 3.501497399541473, "selected": true, "host_energy_consumption": 1.55432724132, "client_name": "sta5"}
2025-12-16 00:22:16,387 - METRIC - INFO - {"loss": 0.041995033621788025, "accuracy": 0.9833333492279053, "energy_consumption": 6.9023095026942185, "selected": true, "host_energy_consumption": 3.0184996996, "client_name": "sta4"}
2025-12-16 00:22:21,069 - METRIC - INFO - {"loss": 0.009140376932919025, "accuracy": 0.9971014261245728, "energy_consumption": 11.175009795078108, "selected": true, "host_energy_consumption": 4.44270928528, "client_name": "sta3"}
2025-12-16 00:22:22,808 - METRIC - INFO - {"loss": 0.014903644099831581, "accuracy": 0.9939814805984497, "energy_consumption": 14.95931501835058, "selected": true, "host_energy_consumption": 5.6361302998000005, "client_name": "sta2"}
2025-12-16 00:22:23,799 - METRIC - INFO - mean_accuracy: 0.9901149471600851

2025-12-16 00:22:23,799 - METRIC - INFO - round: 29
2025-12-16 00:22:23,799 - METRIC - INFO - n_selected: 6
2025-12-16 00:22:23,800 - METRIC - INFO - {"selected_trainers": ["sta0", "sta1", "sta2", "sta3", "sta4", "sta5"]}
2025-12-16 00:22:35,510 - EXECUT - INFO - received weights from trainer sta0!
2025-12-16 00:22:51,663 - EXECUT - INFO - received weights from trainer sta1!
2025-12-16 00:23:13,276 - EXECUT - INFO - received weights from trainer sta2!
2025-12-16 00:23:32,308 - EXECUT - INFO - received weights from trainer sta3!
2025-12-16 00:23:51,439 - EXECUT - INFO - received weights from trainer sta4!
2025-12-16 00:24:01,570 - EXECUT - INFO - received weights from trainer sta5!
2025-12-16 00:24:02,995 - EXECUT - INFO - sent aggregated weights to trainers!
2025-12-16 00:24:19,015 - METRIC - INFO - {"loss": 0.017489302903413773, "accuracy": 0.9930232763290405, "energy_consumption": 5.452560268980398, "selected": true, "host_energy_consumption": 2.29757903116, "client_name": "sta0"}
2025-12-16 00:24:25,900 - METRIC - INFO - {"loss": 0.029803631827235222, "accuracy": 0.988061785697937, "energy_consumption": 10.734687002436502, "selected": true, "host_energy_consumption": 3.9649895605600003, "client_name": "sta1"}
2025-12-16 00:24:29,981 - METRIC - INFO - {"loss": 0.04442455619573593, "accuracy": 0.9841269850730896, "energy_consumption": 3.62109262674664, "selected": true, "host_energy_consumption": 1.60870884748, "client_name": "sta5"}
2025-12-16 00:24:32,451 - METRIC - INFO - {"loss": 0.015350518748164177, "accuracy": 0.9944444298744202, "energy_consumption": 15.515331555823721, "selected": true, "host_energy_consumption": 5.83564241848, "client_name": "sta2"}
2025-12-16 00:24:33,645 - METRIC - INFO - {"loss": 0.009363645687699318, "accuracy": 0.9971014261245728, "energy_consumption": 11.549417524337553, "selected": true, "host_energy_consumption": 4.6002862304, "client_name": "sta3"}
2025-12-16 00:24:35,447 - METRIC - INFO - {"loss": 0.04033862426877022, "accuracy": 0.9859648942947388, "energy_consumption": 7.147163363058762, "selected": true, "host_energy_consumption": 3.1242217482, "client_name": "sta4"}
2025-12-16 00:24:36,030 - METRIC - INFO - mean_accuracy: 0.9904537995656332

2025-12-16 00:24:36,030 - METRIC - INFO - round: 30
2025-12-16 00:24:36,030 - METRIC - INFO - n_selected: 6
2025-12-16 00:24:36,030 - METRIC - INFO - {"selected_trainers": ["sta0", "sta1", "sta2", "sta3", "sta4", "sta5"]}
2025-12-16 00:24:48,260 - EXECUT - INFO - received weights from trainer sta0!
2025-12-16 00:25:05,607 - EXECUT - INFO - received weights from trainer sta1!
2025-12-16 00:25:29,475 - EXECUT - INFO - received weights from trainer sta2!
2025-12-16 00:25:52,172 - EXECUT - INFO - received weights from trainer sta3!
2025-12-16 00:26:12,101 - EXECUT - INFO - received weights from trainer sta4!
2025-12-16 00:26:21,427 - EXECUT - INFO - received weights from trainer sta5!
2025-12-16 00:26:22,842 - EXECUT - INFO - sent aggregated weights to trainers!
2025-12-16 00:26:40,861 - METRIC - INFO - {"loss": 0.02945471927523613, "accuracy": 0.9894663095474243, "energy_consumption": 11.139006618995609, "selected": true, "host_energy_consumption": 4.1016941859600005, "client_name": "sta1"}
2025-12-16 00:26:44,215 - METRIC - INFO - {"loss": 0.020568907260894775, "accuracy": 0.9930232763290405, "energy_consumption": 5.658598596833705, "selected": true, "host_energy_consumption": 2.37638317532, "client_name": "sta0"}
2025-12-16 00:26:50,795 - METRIC - INFO - {"loss": 0.04211953654885292, "accuracy": 0.9815789461135864, "energy_consumption": 7.388126642259844, "selected": true, "host_energy_consumption": 3.23075534012, "client_name": "sta4"}
2025-12-16 00:26:53,623 - METRIC - INFO - {"loss": 0.014576687477529049, "accuracy": 0.9944444298744202, "energy_consumption": 16.094189875051924, "selected": true, "host_energy_consumption": 6.0350090855600005, "client_name": "sta2"}
2025-12-16 00:26:56,099 - METRIC - INFO - {"loss": 0.008662146516144276, "accuracy": 0.9971014261245728, "energy_consumption": 11.965332726924625, "selected": true, "host_energy_consumption": 4.7577788207600005, "client_name": "sta3"}
2025-12-16 00:26:58,044 - METRIC - INFO - {"loss": 0.04489738121628761, "accuracy": 0.9841269850730896, "energy_consumption": 3.7772660569453316, "selected": true, "host_energy_consumption": 1.6634481435600001, "client_name": "sta5"}
2025-12-16 00:26:58,880 - METRIC - INFO - mean_accuracy: 0.9899568955103556

2025-12-16 00:26:58,880 - METRIC - INFO - round: 31
2025-12-16 00:26:58,880 - METRIC - INFO - n_selected: 6
2025-12-16 00:26:58,880 - METRIC - INFO - {"selected_trainers": ["sta0", "sta1", "sta2", "sta3", "sta4", "sta5"]}
2025-12-16 00:27:10,007 - EXECUT - INFO - received weights from trainer sta0!
2025-12-16 00:27:24,277 - EXECUT - INFO - received weights from trainer sta1!
2025-12-16 00:27:47,092 - EXECUT - INFO - received weights from trainer sta2!
2025-12-16 00:28:09,263 - EXECUT - INFO - received weights from trainer sta3!
2025-12-16 00:28:26,862 - EXECUT - INFO - received weights from trainer sta4!
2025-12-16 00:28:36,658 - EXECUT - INFO - received weights from trainer sta5!
2025-12-16 00:28:38,074 - EXECUT - INFO - sent aggregated weights to trainers!
2025-12-16 00:28:51,560 - METRIC - INFO - {"loss": 0.029930902644991875, "accuracy": 0.9901685118675232, "energy_consumption": 11.4492601800075, "selected": true, "host_energy_consumption": 4.23849482224, "client_name": "sta1"}
2025-12-16 00:28:55,695 - METRIC - INFO - {"loss": 0.017559949308633804, "accuracy": 0.9953488111495972, "energy_consumption": 5.824856412543347, "selected": true, "host_energy_consumption": 2.45536281452, "client_name": "sta0"}
2025-12-16 00:29:03,089 - METRIC - INFO - {"loss": 0.008364700712263584, "accuracy": 0.9971014261245728, "energy_consumption": 12.336596081767706, "selected": true, "host_energy_consumption": 4.9146185975600005, "client_name": "sta3"}
2025-12-16 00:29:04,937 - METRIC - INFO - {"loss": 0.0428779162466526, "accuracy": 0.9841269850730896, "energy_consumption": 3.8938384332706684, "selected": true, "host_energy_consumption": 1.7185776165600002, "client_name": "sta5"}
2025-12-16 00:29:05,174 - METRIC - INFO - {"loss": 0.014077062718570232, "accuracy": 0.9949073791503906, "energy_consumption": 16.672236249643703, "selected": true, "host_energy_consumption": 6.23706467916, "client_name": "sta2"}
2025-12-16 00:29:05,774 - METRIC - INFO - {"loss": 0.03874171897768974, "accuracy": 0.9850876927375793, "energy_consumption": 7.668060299478266, "selected": true, "host_energy_consumption": 3.33761066464, "client_name": "sta4"}
2025-12-16 00:29:06,104 - METRIC - INFO - mean_accuracy: 0.9911234676837921

2025-12-16 00:29:06,104 - METRIC - INFO - round: 32
2025-12-16 00:29:06,104 - METRIC - INFO - n_selected: 6
2025-12-16 00:29:06,104 - METRIC - INFO - {"selected_trainers": ["sta0", "sta1", "sta2", "sta3", "sta4", "sta5"]}
2025-12-16 00:29:16,979 - EXECUT - INFO - received weights from trainer sta0!
2025-12-16 00:29:31,883 - EXECUT - INFO - received weights from trainer sta1!
2025-12-16 00:29:55,769 - EXECUT - INFO - received weights from trainer sta2!
2025-12-16 00:30:15,025 - EXECUT - INFO - received weights from trainer sta3!
2025-12-16 00:30:32,213 - EXECUT - INFO - received weights from trainer sta4!
2025-12-16 00:30:42,033 - EXECUT - INFO - received weights from trainer sta5!
2025-12-16 00:30:43,454 - EXECUT - INFO - sent aggregated weights to trainers!
2025-12-16 00:30:58,638 - METRIC - INFO - {"loss": 0.01623900607228279, "accuracy": 0.9930232763290405, "energy_consumption": 6.04038712248387, "selected": true, "host_energy_consumption": 2.53649525556, "client_name": "sta0"}
2025-12-16 00:31:06,100 - METRIC - INFO - {"loss": 0.027748653665184975, "accuracy": 0.9887640476226807, "energy_consumption": 11.82022199510783, "selected": true, "host_energy_consumption": 4.37562095068, "client_name": "sta1"}
2025-12-16 00:31:15,222 - METRIC - INFO - {"loss": 0.00932959746569395, "accuracy": 0.9971014261245728, "energy_consumption": 12.707129543529359, "selected": true, "host_energy_consumption": 5.072178640480001, "client_name": "sta3"}
2025-12-16 00:31:15,222 - METRIC - INFO - {"loss": 0.013584708794951439, "accuracy": 0.9949073791503906, "energy_consumption": 17.174187885922464, "selected": true, "host_energy_consumption": 6.438064311000001, "client_name": "sta2"}
2025-12-16 00:31:15,385 - METRIC - INFO - {"loss": 0.03775724396109581, "accuracy": 0.9842105507850647, "energy_consumption": 7.905543639964658, "selected": true, "host_energy_consumption": 3.4461005090400003, "client_name": "sta4"}
2025-12-16 00:31:15,844 - METRIC - INFO - {"loss": 0.0415772870182991, "accuracy": 0.9841269850730896, "energy_consumption": 4.010938243457867, "selected": true, "host_energy_consumption": 1.77314644192, "client_name": "sta5"}
2025-12-16 00:31:16,489 - METRIC - INFO - mean_accuracy: 0.9903556108474731

2025-12-16 00:31:16,489 - METRIC - INFO - round: 33
2025-12-16 00:31:16,489 - METRIC - INFO - n_selected: 6
2025-12-16 00:31:16,489 - METRIC - INFO - {"selected_trainers": ["sta0", "sta1", "sta2", "sta3", "sta4", "sta5"]}
2025-12-16 00:31:28,419 - EXECUT - INFO - received weights from trainer sta0!
2025-12-16 00:31:41,784 - EXECUT - INFO - received weights from trainer sta1!
2025-12-16 00:32:07,612 - EXECUT - INFO - received weights from trainer sta2!
2025-12-16 00:32:31,502 - EXECUT - INFO - received weights from trainer sta3!
2025-12-16 00:32:47,327 - EXECUT - INFO - received weights from trainer sta4!
2025-12-16 00:32:58,833 - EXECUT - INFO - received weights from trainer sta5!
2025-12-16 00:33:00,248 - EXECUT - INFO - sent aggregated weights to trainers!
2025-12-16 00:33:20,736 - METRIC - INFO - {"loss": 0.027229396626353264, "accuracy": 0.9908707737922668, "energy_consumption": 12.131258432452128, "selected": true, "host_energy_consumption": 4.51310989556, "client_name": "sta1"}
2025-12-16 00:33:20,940 - METRIC - INFO - {"loss": 0.016420966014266014, "accuracy": 0.9930232763290405, "energy_consumption": 6.245184425932641, "selected": true, "host_energy_consumption": 2.61676568748, "client_name": "sta0"}
2025-12-16 00:33:24,447 - METRIC - INFO - {"loss": 0.0417591892182827, "accuracy": 0.9858906269073486, "energy_consumption": 4.1285847784205405, "selected": true, "host_energy_consumption": 1.8277185824800002, "client_name": "sta5"}
2025-12-16 00:33:25,072 - METRIC - INFO - {"loss": 0.008269092068076134, "accuracy": 0.9971014261245728, "energy_consumption": 13.076852682006884, "selected": true, "host_energy_consumption": 5.229208985560001, "client_name": "sta3"}
2025-12-16 00:33:31,417 - METRIC - INFO - {"loss": 0.03629133105278015, "accuracy": 0.9859648942947388, "energy_consumption": 8.108995519814254, "selected": true, "host_energy_consumption": 3.55265833412, "client_name": "sta4"}
2025-12-16 00:33:31,727 - METRIC - INFO - {"loss": 0.014299043454229832, "accuracy": 0.9949073791503906, "energy_consumption": 17.668246966610766, "selected": true, "host_energy_consumption": 6.63766256216, "client_name": "sta2"}
2025-12-16 00:33:32,281 - METRIC - INFO - mean_accuracy: 0.9912930627663931

2025-12-16 00:33:32,281 - METRIC - INFO - round: 34
2025-12-16 00:33:32,281 - METRIC - INFO - n_selected: 6
2025-12-16 00:33:32,281 - METRIC - INFO - {"selected_trainers": ["sta0", "sta1", "sta2", "sta3", "sta4", "sta5"]}
2025-12-16 00:33:43,738 - EXECUT - INFO - received weights from trainer sta0!
2025-12-16 00:33:58,723 - EXECUT - INFO - received weights from trainer sta1!
2025-12-16 00:34:22,410 - EXECUT - INFO - received weights from trainer sta2!
2025-12-16 00:34:42,956 - EXECUT - INFO - received weights from trainer sta3!
2025-12-16 00:34:59,413 - EXECUT - INFO - received weights from trainer sta4!
2025-12-16 00:35:08,688 - EXECUT - INFO - received weights from trainer sta5!
2025-12-16 00:35:10,114 - EXECUT - INFO - sent aggregated weights to trainers!
2025-12-16 00:35:21,449 - METRIC - INFO - {"loss": 0.027294905856251717, "accuracy": 0.988061785697937, "energy_consumption": 12.497502207636103, "selected": true, "host_energy_consumption": 4.64974110384, "client_name": "sta1"}
2025-12-16 00:35:22,747 - METRIC - INFO - {"loss": 0.015577375888824463, "accuracy": 0.9930232763290405, "energy_consumption": 6.416851548305053, "selected": true, "host_energy_consumption": 2.69599201788, "client_name": "sta0"}
2025-12-16 00:35:37,691 - METRIC - INFO - {"loss": 0.04055006802082062, "accuracy": 0.9858906269073486, "energy_consumption": 4.246530157230348, "selected": true, "host_energy_consumption": 1.8827783979200001, "client_name": "sta5"}
2025-12-16 00:35:37,815 - METRIC - INFO - {"loss": 0.008096391335129738, "accuracy": 0.9971014261245728, "energy_consumption": 13.488719401198392, "selected": true, "host_energy_consumption": 5.3867381134, "client_name": "sta3"}
2025-12-16 00:35:39,224 - METRIC - INFO - {"loss": 0.03888140618801117, "accuracy": 0.9842105507850647, "energy_consumption": 8.349986020249371, "selected": true, "host_energy_consumption": 3.65976687776, "client_name": "sta4"}
2025-12-16 00:35:39,862 - METRIC - INFO - {"loss": 0.014234173111617565, "accuracy": 0.9949073791503906, "energy_consumption": 18.181372193823265, "selected": true, "host_energy_consumption": 6.83690454272, "client_name": "sta2"}
2025-12-16 00:35:40,146 - METRIC - INFO - mean_accuracy: 0.9905325074990591

2025-12-16 00:35:40,146 - METRIC - INFO - round: 35
2025-12-16 00:35:40,146 - METRIC - INFO - n_selected: 6
2025-12-16 00:35:40,146 - METRIC - INFO - {"selected_trainers": ["sta0", "sta1", "sta2", "sta3", "sta4", "sta5"]}
2025-12-16 00:35:51,179 - EXECUT - INFO - received weights from trainer sta0!
2025-12-16 00:36:06,035 - EXECUT - INFO - received weights from trainer sta1!
2025-12-16 00:36:29,156 - EXECUT - INFO - received weights from trainer sta2!
2025-12-16 00:36:49,460 - EXECUT - INFO - received weights from trainer sta3!
2025-12-16 00:37:04,782 - EXECUT - INFO - received weights from trainer sta4!
2025-12-16 00:37:14,303 - EXECUT - INFO - received weights from trainer sta5!
2025-12-16 00:37:15,724 - EXECUT - INFO - sent aggregated weights to trainers!
2025-12-16 00:37:32,367 - METRIC - INFO - {"loss": 0.015365637838840485, "accuracy": 0.9953488111495972, "energy_consumption": 6.6569841101529965, "selected": true, "host_energy_consumption": 2.7755735767200003, "client_name": "sta0"}
2025-12-16 00:37:34,747 - METRIC - INFO - {"loss": 0.026433728635311127, "accuracy": 0.9915730357170105, "energy_consumption": 12.89886345386185, "selected": true, "host_energy_consumption": 4.7859866292, "client_name": "sta1"}
2025-12-16 00:37:45,706 - METRIC - INFO - {"loss": 0.008540429174900055, "accuracy": 0.9971014261245728, "energy_consumption": 13.900294807883338, "selected": true, "host_energy_consumption": 5.54316606004, "client_name": "sta3"}
2025-12-16 00:37:46,595 - METRIC - INFO - {"loss": 0.04045949876308441, "accuracy": 0.9858906269073486, "energy_consumption": 4.398148647609625, "selected": true, "host_energy_consumption": 1.9382305266800002, "client_name": "sta5"}
2025-12-16 00:37:47,024 - METRIC - INFO - {"loss": 0.013897810131311417, "accuracy": 0.9953703880310059, "energy_consumption": 18.731933216092145, "selected": true, "host_energy_consumption": 7.036871796920001, "client_name": "sta2"}
2025-12-16 00:37:48,388 - METRIC - INFO - {"loss": 0.03450058028101921, "accuracy": 0.9859648942947388, "energy_consumption": 8.592443019563955, "selected": true, "host_energy_consumption": 3.7665332154800004, "client_name": "sta4"}
2025-12-16 00:37:48,759 - METRIC - INFO - mean_accuracy: 0.9918748637040457

2025-12-16 00:37:48,759 - METRIC - INFO - round: 36
2025-12-16 00:37:48,759 - METRIC - INFO - n_selected: 6
2025-12-16 00:37:48,759 - METRIC - INFO - {"selected_trainers": ["sta0", "sta1", "sta2", "sta3", "sta4", "sta5"]}
2025-12-16 00:37:59,622 - EXECUT - INFO - received weights from trainer sta0!
2025-12-16 00:38:14,814 - EXECUT - INFO - received weights from trainer sta1!
2025-12-16 00:38:36,949 - EXECUT - INFO - received weights from trainer sta2!
2025-12-16 00:38:56,104 - EXECUT - INFO - received weights from trainer sta3!
2025-12-16 00:39:15,824 - EXECUT - INFO - received weights from trainer sta4!
2025-12-16 00:39:24,700 - EXECUT - INFO - received weights from trainer sta5!
2025-12-16 00:39:26,118 - EXECUT - INFO - sent aggregated weights to trainers!
2025-12-16 00:39:42,450 - METRIC - INFO - {"loss": 0.025905705988407135, "accuracy": 0.9915730357170105, "energy_consumption": 13.265789308129044, "selected": true, "host_energy_consumption": 4.9216978762000005, "client_name": "sta1"}
2025-12-16 00:39:43,510 - METRIC - INFO - {"loss": 0.01476918626576662, "accuracy": 0.9941860437393188, "energy_consumption": 6.82864676744824, "selected": true, "host_energy_consumption": 2.85422312644, "client_name": "sta0"}
2025-12-16 00:39:50,972 - METRIC - INFO - {"loss": 0.008584918454289436, "accuracy": 0.9971014261245728, "energy_consumption": 14.268405228523502, "selected": true, "host_energy_consumption": 5.698722974000001, "client_name": "sta3"}
2025-12-16 00:39:53,795 - METRIC - INFO - {"loss": 0.0388159342110157, "accuracy": 0.9858906269073486, "energy_consumption": 4.512525229649066, "selected": true, "host_energy_consumption": 1.9938459996000002, "client_name": "sta5"}
2025-12-16 00:39:53,849 - METRIC - INFO - {"loss": 0.035878632217645645, "accuracy": 0.9877192974090576, "energy_consumption": 8.869310262390737, "selected": true, "host_energy_consumption": 3.8739773690800003, "client_name": "sta4"}
2025-12-16 00:39:55,242 - METRIC - INFO - {"loss": 0.013702387921512127, "accuracy": 0.9953703880310059, "energy_consumption": 19.265913044773995, "selected": true, "host_energy_consumption": 7.23372183772, "client_name": "sta2"}
2025-12-16 00:39:56,149 - METRIC - INFO - mean_accuracy: 0.991973469654719

2025-12-16 00:39:56,149 - METRIC - INFO - round: 37
2025-12-16 00:39:56,149 - METRIC - INFO - n_selected: 6
2025-12-16 00:39:56,149 - METRIC - INFO - {"selected_trainers": ["sta0", "sta1", "sta2", "sta3", "sta4", "sta5"]}
2025-12-16 00:40:06,289 - EXECUT - INFO - received weights from trainer sta0!
2025-12-16 00:40:25,978 - EXECUT - INFO - received weights from trainer sta1!
2025-12-16 00:40:51,063 - EXECUT - INFO - received weights from trainer sta2!
2025-12-16 00:41:13,592 - EXECUT - INFO - received weights from trainer sta3!
2025-12-16 00:41:29,281 - EXECUT - INFO - received weights from trainer sta4!
2025-12-16 00:41:40,509 - EXECUT - INFO - received weights from trainer sta5!
2025-12-16 00:41:41,926 - EXECUT - INFO - sent aggregated weights to trainers!
2025-12-16 00:42:00,512 - METRIC - INFO - {"loss": 0.026824651286005974, "accuracy": 0.9887640476226807, "energy_consumption": 13.60886540179115, "selected": true, "host_energy_consumption": 5.05770693008, "client_name": "sta1"}
2025-12-16 00:42:01,047 - METRIC - INFO - {"loss": 0.014564061537384987, "accuracy": 0.9941860437393188, "energy_consumption": 7.04223505596483, "selected": true, "host_energy_consumption": 2.9337957135200003, "client_name": "sta0"}
2025-12-16 00:42:08,296 - METRIC - INFO - {"loss": 0.03821616992354393, "accuracy": 0.9858906269073486, "energy_consumption": 4.630452183856031, "selected": true, "host_energy_consumption": 2.04910361208, "client_name": "sta5"}
2025-12-16 00:42:10,461 - METRIC - INFO - {"loss": 0.008225989528000355, "accuracy": 0.9976811408996582, "energy_consumption": 14.641380249793581, "selected": true, "host_energy_consumption": 5.85493316296, "client_name": "sta3"}
2025-12-16 00:42:12,184 - METRIC - INFO - {"loss": 0.03976716473698616, "accuracy": 0.9850876927375793, "energy_consumption": 9.109982106689028, "selected": true, "host_energy_consumption": 3.9807083654800004, "client_name": "sta4"}
2025-12-16 00:42:13,044 - METRIC - INFO - {"loss": 0.013716968707740307, "accuracy": 0.9958333373069763, "energy_consumption": 19.771711630353266, "selected": true, "host_energy_consumption": 7.431829260240001, "client_name": "sta2"}
2025-12-16 00:42:13,958 - METRIC - INFO - mean_accuracy: 0.9912404815355936

2025-12-16 00:42:13,958 - METRIC - INFO - round: 38
2025-12-16 00:42:13,958 - METRIC - INFO - n_selected: 6
2025-12-16 00:42:13,958 - METRIC - INFO - {"selected_trainers": ["sta0", "sta1", "sta2", "sta3", "sta4", "sta5"]}
2025-12-16 00:42:26,087 - EXECUT - INFO - received weights from trainer sta0!
2025-12-16 00:42:40,578 - EXECUT - INFO - received weights from trainer sta1!
2025-12-16 00:43:02,807 - EXECUT - INFO - received weights from trainer sta2!
2025-12-16 00:43:24,383 - EXECUT - INFO - received weights from trainer sta3!
2025-12-16 00:43:42,202 - EXECUT - INFO - received weights from trainer sta4!
2025-12-16 00:43:52,980 - EXECUT - INFO - received weights from trainer sta5!
2025-12-16 00:43:54,428 - EXECUT - INFO - sent aggregated weights to trainers!
2025-12-16 00:44:09,730 - METRIC - INFO - {"loss": 0.025752171874046326, "accuracy": 0.9894663095474243, "energy_consumption": 13.976704759343718, "selected": true, "host_energy_consumption": 5.19340879484, "client_name": "sta1"}
2025-12-16 00:44:18,345 - METRIC - INFO - {"loss": 0.014608822762966156, "accuracy": 0.9953488111495972, "energy_consumption": 7.252778889876544, "selected": true, "host_energy_consumption": 3.0118714735200003, "client_name": "sta0"}
2025-12-16 00:44:19,463 - METRIC - INFO - {"loss": 0.01346699707210064, "accuracy": 0.9958333373069763, "energy_consumption": 20.27681304555614, "selected": true, "host_energy_consumption": 7.631418094720001, "client_name": "sta2"}
2025-12-16 00:44:20,295 - METRIC - INFO - {"loss": 0.038010645657777786, "accuracy": 0.9858906269073486, "energy_consumption": 4.78503884103379, "selected": true, "host_energy_consumption": 2.1047386528, "client_name": "sta5"}
2025-12-16 00:44:22,845 - METRIC - INFO - {"loss": 0.035673074424266815, "accuracy": 0.9859648942947388, "energy_consumption": 9.34607172953056, "selected": true, "host_energy_consumption": 4.08785389236, "client_name": "sta4"}
2025-12-16 00:44:23,484 - METRIC - INFO - {"loss": 0.007855151779949665, "accuracy": 0.9976811408996582, "energy_consumption": 15.046420571770877, "selected": true, "host_energy_consumption": 6.01005972168, "client_name": "sta3"}
2025-12-16 00:44:24,458 - METRIC - INFO - mean_accuracy: 0.9916975200176239

2025-12-16 00:44:24,458 - METRIC - INFO - round: 39
2025-12-16 00:44:24,458 - METRIC - INFO - n_selected: 6
2025-12-16 00:44:24,458 - METRIC - INFO - {"selected_trainers": ["sta0", "sta1", "sta2", "sta3", "sta4", "sta5"]}
2025-12-16 00:44:35,517 - EXECUT - INFO - received weights from trainer sta0!
2025-12-16 00:44:50,117 - EXECUT - INFO - received weights from trainer sta1!
2025-12-16 00:45:12,490 - EXECUT - INFO - received weights from trainer sta2!
2025-12-16 00:45:31,495 - EXECUT - INFO - received weights from trainer sta3!
2025-12-16 00:45:46,433 - EXECUT - INFO - received weights from trainer sta4!
2025-12-16 00:45:56,738 - EXECUT - INFO - received weights from trainer sta5!
2025-12-16 00:45:58,156 - EXECUT - INFO - sent aggregated weights to trainers!
2025-12-16 00:46:13,940 - METRIC - INFO - {"loss": 0.02453681267797947, "accuracy": 0.9887640476226807, "energy_consumption": 14.351614886877485, "selected": true, "host_energy_consumption": 5.3297845101200005, "client_name": "sta1"}
2025-12-16 00:46:15,439 - METRIC - INFO - {"loss": 0.014872520230710506, "accuracy": 0.9953488111495972, "energy_consumption": 7.42063453877332, "selected": true, "host_energy_consumption": 3.09038762032, "client_name": "sta0"}
2025-12-16 00:46:21,112 - METRIC - INFO - {"loss": 0.007797651924192905, "accuracy": 0.9971014261245728, "energy_consumption": 15.502944910402771, "selected": true, "host_energy_consumption": 6.16617215648, "client_name": "sta3"}
2025-12-16 00:46:22,006 - METRIC - INFO - {"loss": 0.03826402500271797, "accuracy": 0.9858906269073486, "energy_consumption": 4.903203924211704, "selected": true, "host_energy_consumption": 2.15987188592, "client_name": "sta5"}
2025-12-16 00:46:22,210 - METRIC - INFO - {"loss": 0.07272942364215851, "accuracy": 0.9745613932609558, "energy_consumption": 9.58463787427716, "selected": true, "host_energy_consumption": 4.19421173304, "client_name": "sta4"}
2025-12-16 00:46:24,354 - METRIC - INFO - {"loss": 0.013028762303292751, "accuracy": 0.9944444298744202, "energy_consumption": 20.90169619593803, "selected": true, "host_energy_consumption": 7.8310113042000005, "client_name": "sta2"}
2025-12-16 00:46:25,184 - METRIC - INFO - mean_accuracy: 0.9893517891565958

2025-12-16 00:46:25,184 - METRIC - INFO - round: 40
2025-12-16 00:46:25,184 - METRIC - INFO - n_selected: 6
2025-12-16 00:46:25,184 - METRIC - INFO - {"selected_trainers": ["sta0", "sta1", "sta2", "sta3", "sta4", "sta5"]}
2025-12-16 00:46:35,766 - EXECUT - INFO - received weights from trainer sta0!
2025-12-16 00:46:50,544 - EXECUT - INFO - received weights from trainer sta1!
2025-12-16 00:47:14,277 - EXECUT - INFO - received weights from trainer sta2!
2025-12-16 00:47:34,085 - EXECUT - INFO - received weights from trainer sta3!
2025-12-16 00:47:49,496 - EXECUT - INFO - received weights from trainer sta4!
2025-12-16 00:48:01,119 - EXECUT - INFO - received weights from trainer sta5!
2025-12-16 00:48:02,547 - EXECUT - INFO - sent aggregated weights to trainers!
2025-12-16 00:48:15,841 - METRIC - INFO - {"loss": 0.016004985198378563, "accuracy": 0.9930232763290405, "energy_consumption": 7.634494998301611, "selected": true, "host_energy_consumption": 3.1689958468, "client_name": "sta0"}
2025-12-16 00:48:16,362 - METRIC - INFO - {"loss": 0.023784244433045387, "accuracy": 0.9894663095474243, "energy_consumption": 14.756469014024503, "selected": true, "host_energy_consumption": 5.466247930360001, "client_name": "sta1"}
2025-12-16 00:48:29,003 - METRIC - INFO - {"loss": 0.008183876052498817, "accuracy": 0.9971014261245728, "energy_consumption": 15.880338909972163, "selected": true, "host_energy_consumption": 6.32178233932, "client_name": "sta3"}
2025-12-16 00:48:30,325 - METRIC - INFO - {"loss": 0.03841524198651314, "accuracy": 0.9841269850730896, "energy_consumption": 5.0231076884076575, "selected": true, "host_energy_consumption": 2.2156365014, "client_name": "sta5"}
2025-12-16 00:48:31,396 - METRIC - INFO - {"loss": 0.013118254020810127, "accuracy": 0.9949073791503906, "energy_consumption": 21.40562789285832, "selected": true, "host_energy_consumption": 8.03042471196, "client_name": "sta2"}
2025-12-16 00:48:32,719 - METRIC - INFO - {"loss": 0.03052125871181488, "accuracy": 0.9894737005233765, "energy_consumption": 9.8243665191094, "selected": true, "host_energy_consumption": 4.30003606396, "client_name": "sta4"}
2025-12-16 00:48:33,580 - METRIC - INFO - mean_accuracy: 0.991349846124649

2025-12-16 00:48:33,586 - METRIC - INFO - stop_condition: rounds
