2025-12-11 01:18:47,078 - EXECUT - INFO - starting server...
2025-12-11 01:18:55,830 - EXECUT - INFO - trainer number sta5 just joined the pool
2025-12-11 01:18:55,963 - EXECUT - INFO - trainer number sta0 just joined the pool
2025-12-11 01:18:56,250 - EXECUT - INFO - trainer number sta4 just joined the pool
2025-12-11 01:18:56,449 - EXECUT - INFO - trainer number sta1 just joined the pool
2025-12-11 01:18:56,557 - EXECUT - INFO - trainer number sta2 just joined the pool
2025-12-11 01:18:56,600 - EXECUT - INFO - trainer number sta3 just joined the pool
2025-12-11 01:18:57,097 - EXECUT - INFO - mensagem de data_sz recebida: 
 {'id': 'sta0', 'dataset_sz': 259700928}
2025-12-11 01:18:57,099 - EXECUT - INFO - mensagem de data_sz recebida: 
 {'id': 'sta2', 'dataset_sz': 649277568}
2025-12-11 01:18:57,099 - EXECUT - INFO - mensagem de data_sz recebida: 
 {'id': 'sta1', 'dataset_sz': 519401856}
2025-12-11 01:18:57,140 - EXECUT - INFO - mensagem de data_sz recebida: 
 {'id': 'sta4', 'dataset_sz': 346301568}
2025-12-11 01:18:57,140 - EXECUT - INFO - mensagem de data_sz recebida: 
 {'id': 'sta5', 'dataset_sz': 173150784}
2025-12-11 01:18:57,140 - EXECUT - INFO - mensagem de data_sz recebida: 
 {'id': 'sta3', 'dataset_sz': 649277568}
2025-12-11 01:18:58,099 - METRIC - INFO - round: 1
2025-12-11 01:18:58,099 - METRIC - INFO - n_selected: 6
2025-12-11 01:18:58,099 - METRIC - INFO - {"selected_trainers": ["sta0", "sta1", "sta2", "sta3", "sta4", "sta5"]}
2025-12-11 01:19:06,008 - EXECUT - INFO - received weights from trainer sta0!
2025-12-11 01:19:13,288 - EXECUT - INFO - received weights from trainer sta1!
2025-12-11 01:19:21,649 - EXECUT - INFO - received weights from trainer sta2!
2025-12-11 01:19:29,277 - EXECUT - INFO - received weights from trainer sta3!
2025-12-11 01:19:36,598 - EXECUT - INFO - received weights from trainer sta4!
2025-12-11 01:19:42,820 - EXECUT - INFO - received weights from trainer sta5!
2025-12-11 01:19:44,443 - EXECUT - INFO - sent aggregated weights to trainers!
2025-12-11 01:20:07,571 - METRIC - INFO - {"loss": 1.272873044013977, "accuracy": 0.7071178555488586, "energy_consumption": 0.06295776441295009, "selected": true, "host_energy_consumption": 0.03324403572, "client_name": "sta1"}
2025-12-11 01:20:11,175 - METRIC - INFO - {"loss": 1.9898896217346191, "accuracy": 0.5157526135444641, "energy_consumption": 0.06676594431796667, "selected": true, "host_energy_consumption": 0.02487276848, "client_name": "sta0"}
2025-12-11 01:20:13,540 - METRIC - INFO - {"loss": 1.051159381866455, "accuracy": 0.7922502160072327, "energy_consumption": 0.03814723969154998, "selected": true, "host_energy_consumption": 0.03609521272, "client_name": "sta3"}
2025-12-11 01:20:18,051 - METRIC - INFO - {"loss": 1.8314101696014404, "accuracy": 0.6891418695449829, "energy_consumption": 0.07820131053374446, "selected": true, "host_energy_consumption": 0.022485938440000002, "client_name": "sta4"}
2025-12-11 01:20:22,033 - METRIC - INFO - {"loss": 1.1282347440719604, "accuracy": 0.7670401334762573, "energy_consumption": 0.07629641705809442, "selected": true, "host_energy_consumption": 0.03719571044, "client_name": "sta2"}
2025-12-11 01:20:22,444 - METRIC - INFO - {"loss": 2.0402426719665527, "accuracy": 0.47635728120803833, "energy_consumption": 0.04005376246733883, "selected": true, "host_energy_consumption": 0.015510019000000002, "client_name": "sta5"}
2025-12-11 01:20:22,492 - METRIC - INFO - mean_accuracy: 0.657943328221639

2025-12-11 01:20:22,492 - METRIC - INFO - round: 2
2025-12-11 01:20:22,492 - METRIC - INFO - n_selected: 6
2025-12-11 01:20:22,492 - METRIC - INFO - {"selected_trainers": ["sta0", "sta1", "sta2", "sta3", "sta4", "sta5"]}
2025-12-11 01:20:28,442 - EXECUT - INFO - received weights from trainer sta0!
2025-12-11 01:20:33,178 - EXECUT - INFO - received weights from trainer sta1!
2025-12-11 01:20:41,526 - EXECUT - INFO - received weights from trainer sta2!
2025-12-11 01:20:47,718 - EXECUT - INFO - received weights from trainer sta3!
2025-12-11 01:20:55,598 - EXECUT - INFO - received weights from trainer sta4!
2025-12-11 01:21:02,092 - EXECUT - INFO - received weights from trainer sta5!
2025-12-11 01:21:03,698 - EXECUT - INFO - sent aggregated weights to trainers!
2025-12-11 01:21:23,204 - METRIC - INFO - {"loss": 2.290876626968384, "accuracy": 0.208868145942688, "energy_consumption": 0.09729749340471117, "selected": true, "host_energy_consumption": 0.05332533724, "client_name": "sta1"}
2025-12-11 01:21:25,110 - METRIC - INFO - {"loss": 2.289863348007202, "accuracy": 0.15752625465393066, "energy_consumption": 0.09537540882564444, "selected": true, "host_energy_consumption": 0.04749458812, "client_name": "sta0"}
2025-12-11 01:21:30,525 - METRIC - INFO - {"loss": 2.2870168685913086, "accuracy": 0.19514472782611847, "energy_consumption": 0.1049288634403166, "selected": true, "host_energy_consumption": 0.06069533036, "client_name": "sta3"}
2025-12-11 01:21:31,625 - METRIC - INFO - {"loss": 2.2866761684417725, "accuracy": 0.3467600643634796, "energy_consumption": 0.11636081051014457, "selected": true, "host_energy_consumption": 0.04712150072, "client_name": "sta4"}
2025-12-11 01:21:37,897 - METRIC - INFO - {"loss": 2.2867417335510254, "accuracy": 0.2469654530286789, "energy_consumption": 0.11444571364172229, "selected": true, "host_energy_consumption": 0.062115201960000005, "client_name": "sta2"}
2025-12-11 01:21:44,276 - METRIC - INFO - {"loss": 2.2938761711120605, "accuracy": 0.15936952829360962, "energy_consumption": 0.0801199711981776, "selected": true, "host_energy_consumption": 0.030133811960000003, "client_name": "sta5"}
2025-12-11 01:21:44,741 - METRIC - INFO - mean_accuracy: 0.21910569568475088

2025-12-11 01:21:44,741 - METRIC - INFO - round: 3
2025-12-11 01:21:44,741 - METRIC - INFO - n_selected: 6
2025-12-11 01:21:44,741 - METRIC - INFO - {"selected_trainers": ["sta0", "sta1", "sta2", "sta3", "sta4", "sta5"]}
2025-12-11 01:21:51,555 - EXECUT - INFO - received weights from trainer sta0!
2025-12-11 01:21:56,346 - EXECUT - INFO - received weights from trainer sta1!
2025-12-11 01:22:06,990 - EXECUT - INFO - received weights from trainer sta2!
2025-12-11 01:22:13,955 - EXECUT - INFO - received weights from trainer sta3!
2025-12-11 01:22:24,395 - EXECUT - INFO - received weights from trainer sta4!
2025-12-11 01:22:31,977 - EXECUT - INFO - received weights from trainer sta5!
2025-12-11 01:22:33,561 - EXECUT - INFO - sent aggregated weights to trainers!
2025-12-11 01:22:50,744 - METRIC - INFO - {"loss": 2.2670886516571045, "accuracy": 0.4218203127384186, "energy_consumption": 0.13163385570603892, "selected": true, "host_energy_consumption": 0.07371381052, "client_name": "sta1"}
2025-12-11 01:22:53,030 - METRIC - INFO - {"loss": 2.2670438289642334, "accuracy": 0.4060676693916321, "energy_consumption": 0.15259675397388883, "selected": true, "host_energy_consumption": 0.07048397496, "client_name": "sta0"}
2025-12-11 01:22:55,988 - METRIC - INFO - {"loss": 2.2561159133911133, "accuracy": 0.5270774960517883, "energy_consumption": 0.18120413456694995, "selected": true, "host_energy_consumption": 0.08712373152000001, "client_name": "sta2"}
2025-12-11 01:22:58,673 - METRIC - INFO - {"loss": 2.256265878677368, "accuracy": 0.48179271817207336, "energy_consumption": 0.14308228493502761, "selected": true, "host_energy_consumption": 0.08550987396000001, "client_name": "sta3"}
2025-12-11 01:23:01,045 - METRIC - INFO - {"loss": 2.2546238899230957, "accuracy": 0.5420315265655518, "energy_consumption": 0.19455664182673926, "selected": true, "host_energy_consumption": 0.07174441652, "client_name": "sta4"}
2025-12-11 01:23:16,220 - METRIC - INFO - {"loss": 2.276854991912842, "accuracy": 0.4150612950325012, "energy_consumption": 0.12018693179142204, "selected": true, "host_energy_consumption": 0.04507691104, "client_name": "sta5"}
2025-12-11 01:23:16,606 - METRIC - INFO - mean_accuracy: 0.4656418363253276

2025-12-11 01:23:16,606 - METRIC - INFO - round: 4
2025-12-11 01:23:16,606 - METRIC - INFO - n_selected: 6
2025-12-11 01:23:16,606 - METRIC - INFO - {"selected_trainers": ["sta0", "sta1", "sta2", "sta3", "sta4", "sta5"]}
2025-12-11 01:23:22,873 - EXECUT - INFO - received weights from trainer sta0!
2025-12-11 01:23:27,660 - EXECUT - INFO - received weights from trainer sta1!
2025-12-11 01:23:36,773 - EXECUT - INFO - received weights from trainer sta2!
2025-12-11 01:23:44,277 - EXECUT - INFO - received weights from trainer sta3!
2025-12-11 01:23:53,481 - EXECUT - INFO - received weights from trainer sta4!
2025-12-11 01:24:00,645 - EXECUT - INFO - received weights from trainer sta5!
2025-12-11 01:24:02,226 - EXECUT - INFO - sent aggregated weights to trainers!
2025-12-11 01:24:18,387 - METRIC - INFO - {"loss": 2.177647352218628, "accuracy": 0.549591600894928, "energy_consumption": 0.2098117472359331, "selected": true, "host_energy_consumption": 0.09313942708, "client_name": "sta0"}
2025-12-11 01:24:23,850 - METRIC - INFO - {"loss": 2.1741702556610107, "accuracy": 0.5729288458824158, "energy_consumption": 0.16597019734307195, "selected": true, "host_energy_consumption": 0.09420540332, "client_name": "sta1"}
2025-12-11 01:24:25,569 - METRIC - INFO - {"loss": 2.1248466968536377, "accuracy": 0.6335200667381287, "energy_consumption": 0.20984641079508337, "selected": true, "host_energy_consumption": 0.11055463384, "client_name": "sta3"}
2025-12-11 01:24:29,980 - METRIC - INFO - {"loss": 2.1244072914123535, "accuracy": 0.6279178261756897, "energy_consumption": 0.219352087971439, "selected": true, "host_energy_consumption": 0.11211448780000001, "client_name": "sta2"}
2025-12-11 01:24:33,129 - METRIC - INFO - {"loss": 2.1102163791656494, "accuracy": 0.6164623498916626, "energy_consumption": 0.23270383383145576, "selected": true, "host_energy_consumption": 0.09647185324, "client_name": "sta4"}
2025-12-11 01:24:34,816 - METRIC - INFO - {"loss": 2.21597957611084, "accuracy": 0.5691769123077393, "energy_consumption": 0.1602411695375333, "selected": true, "host_energy_consumption": 0.05988324048, "client_name": "sta5"}
2025-12-11 01:24:35,261 - METRIC - INFO - mean_accuracy: 0.5949329336484274

2025-12-11 01:24:35,261 - METRIC - INFO - round: 5
2025-12-11 01:24:35,261 - METRIC - INFO - n_selected: 6
2025-12-11 01:24:35,261 - METRIC - INFO - {"selected_trainers": ["sta0", "sta1", "sta2", "sta3", "sta4", "sta5"]}
2025-12-11 01:24:41,159 - EXECUT - INFO - received weights from trainer sta0!
2025-12-11 01:24:45,914 - EXECUT - INFO - received weights from trainer sta1!
2025-12-11 01:24:53,534 - EXECUT - INFO - received weights from trainer sta2!
2025-12-11 01:24:59,083 - EXECUT - INFO - received weights from trainer sta3!
2025-12-11 01:25:08,204 - EXECUT - INFO - received weights from trainer sta4!
2025-12-11 01:25:15,363 - EXECUT - INFO - received weights from trainer sta5!
2025-12-11 01:25:16,935 - EXECUT - INFO - sent aggregated weights to trainers!
2025-12-11 01:25:34,169 - METRIC - INFO - {"loss": 1.7256395816802979, "accuracy": 0.6196032762527466, "energy_consumption": 0.20031218986985488, "selected": true, "host_energy_consumption": 0.11456080748000001, "client_name": "sta1"}
2025-12-11 01:25:40,087 - METRIC - INFO - {"loss": 1.7292332649230957, "accuracy": 0.6161026954650879, "energy_consumption": 0.23843795776991628, "selected": true, "host_energy_consumption": 0.11558592276, "client_name": "sta0"}
2025-12-11 01:25:42,865 - METRIC - INFO - {"loss": 1.919715404510498, "accuracy": 0.6322241425514221, "energy_consumption": 0.20030211841065515, "selected": true, "host_energy_consumption": 0.07486286024000001, "client_name": "sta5"}
2025-12-11 01:25:45,513 - METRIC - INFO - {"loss": 1.5639562606811523, "accuracy": 0.6540616154670715, "energy_consumption": 0.2766106669991494, "selected": true, "host_energy_consumption": 0.13512923648, "client_name": "sta3"}
2025-12-11 01:25:47,452 - METRIC - INFO - {"loss": 1.5592221021652222, "accuracy": 0.6391223073005676, "energy_consumption": 0.28612310616847236, "selected": true, "host_energy_consumption": 0.13691183884, "client_name": "sta2"}
2025-12-11 01:25:48,353 - METRIC - INFO - {"loss": 1.5248379707336426, "accuracy": 0.6523642539978027, "energy_consumption": 0.29947974151846646, "selected": true, "host_energy_consumption": 0.12128302984, "client_name": "sta4"}
2025-12-11 01:25:48,969 - METRIC - INFO - mean_accuracy: 0.6355797151724497

2025-12-11 01:25:48,969 - METRIC - INFO - round: 6
2025-12-11 01:25:48,969 - METRIC - INFO - n_selected: 6
2025-12-11 01:25:48,969 - METRIC - INFO - {"selected_trainers": ["sta0", "sta1", "sta2", "sta3", "sta4", "sta5"]}
2025-12-11 01:25:54,769 - EXECUT - INFO - received weights from trainer sta0!
2025-12-11 01:25:59,792 - EXECUT - INFO - received weights from trainer sta1!
2025-12-11 01:26:07,438 - EXECUT - INFO - received weights from trainer sta2!
2025-12-11 01:26:14,467 - EXECUT - INFO - received weights from trainer sta3!
2025-12-11 01:26:23,214 - EXECUT - INFO - received weights from trainer sta4!
2025-12-11 01:26:30,387 - EXECUT - INFO - received weights from trainer sta5!
2025-12-11 01:26:31,961 - EXECUT - INFO - sent aggregated weights to trainers!
2025-12-11 01:26:49,426 - METRIC - INFO - {"loss": 1.1496354341506958, "accuracy": 0.6878646612167358, "energy_consumption": 0.26326047255077756, "selected": true, "host_energy_consumption": 0.13561386888000002, "client_name": "sta1"}
2025-12-11 01:26:51,941 - METRIC - INFO - {"loss": 1.1459640264511108, "accuracy": 0.7059509754180908, "energy_consumption": 0.2670536613049548, "selected": true, "host_energy_consumption": 0.1379930258, "client_name": "sta0"}
2025-12-11 01:26:57,662 - METRIC - INFO - {"loss": 1.0545985698699951, "accuracy": 0.7348272800445557, "energy_consumption": 0.3147649977228161, "selected": true, "host_energy_consumption": 0.15995740068, "client_name": "sta3"}
2025-12-11 01:27:03,896 - METRIC - INFO - {"loss": 1.2846713066101074, "accuracy": 0.6584938764572144, "energy_consumption": 0.24035805857671633, "selected": true, "host_energy_consumption": 0.0904955842, "client_name": "sta5"}
2025-12-11 01:27:04,030 - METRIC - INFO - {"loss": 1.0374284982681274, "accuracy": 0.7381786108016968, "energy_consumption": 0.3376382019219002, "selected": true, "host_energy_consumption": 0.14658541856, "client_name": "sta4"}
2025-12-11 01:27:05,124 - METRIC - INFO - {"loss": 1.0446475744247437, "accuracy": 0.7250233292579651, "energy_consumption": 0.32427101347568876, "selected": true, "host_energy_consumption": 0.16151520336, "client_name": "sta2"}
2025-12-11 01:27:05,997 - METRIC - INFO - mean_accuracy: 0.7083897888660431

2025-12-11 01:27:05,997 - METRIC - INFO - round: 7
2025-12-11 01:27:05,997 - METRIC - INFO - n_selected: 6
2025-12-11 01:27:05,997 - METRIC - INFO - {"selected_trainers": ["sta0", "sta1", "sta2", "sta3", "sta4", "sta5"]}
2025-12-11 01:27:11,711 - EXECUT - INFO - received weights from trainer sta0!
2025-12-11 01:27:17,304 - EXECUT - INFO - received weights from trainer sta1!
2025-12-11 01:27:25,204 - EXECUT - INFO - received weights from trainer sta2!
2025-12-11 01:27:33,989 - EXECUT - INFO - received weights from trainer sta3!
2025-12-11 01:27:43,849 - EXECUT - INFO - received weights from trainer sta4!
2025-12-11 01:27:51,393 - EXECUT - INFO - received weights from trainer sta5!
2025-12-11 01:27:52,964 - EXECUT - INFO - sent aggregated weights to trainers!
2025-12-11 01:28:10,220 - METRIC - INFO - {"loss": 0.8658513426780701, "accuracy": 0.7742123603820801, "energy_consumption": 0.32620292472154555, "selected": true, "host_energy_consumption": 0.15652816116, "client_name": "sta1"}
2025-12-11 01:28:12,893 - METRIC - INFO - {"loss": 0.8675721287727356, "accuracy": 0.7782964110374451, "energy_consumption": 0.2956660808067382, "selected": true, "host_energy_consumption": 0.16025785636, "client_name": "sta0"}
2025-12-11 01:28:18,043 - METRIC - INFO - {"loss": 0.8003438711166382, "accuracy": 0.7880485653877258, "energy_consumption": 0.362423859549277, "selected": true, "host_energy_consumption": 0.18642982456, "client_name": "sta2"}
2025-12-11 01:28:19,720 - METRIC - INFO - {"loss": 0.9416626691818237, "accuracy": 0.739054262638092, "energy_consumption": 0.30903053361827737, "selected": true, "host_energy_consumption": 0.10567149740000001, "client_name": "sta5"}
2025-12-11 01:28:20,573 - METRIC - INFO - {"loss": 0.7945185303688049, "accuracy": 0.8091068267822266, "energy_consumption": 0.3757892613288001, "selected": true, "host_energy_consumption": 0.17196683056, "client_name": "sta4"}
2025-12-11 01:28:20,692 - METRIC - INFO - {"loss": 0.8131028413772583, "accuracy": 0.7922502160072327, "energy_consumption": 0.35292481561143896, "selected": true, "host_energy_consumption": 0.18685235408, "client_name": "sta3"}
2025-12-11 01:28:20,995 - METRIC - INFO - mean_accuracy: 0.780161440372467

2025-12-11 01:28:20,995 - METRIC - INFO - round: 8
2025-12-11 01:28:20,995 - METRIC - INFO - n_selected: 6
2025-12-11 01:28:20,995 - METRIC - INFO - {"selected_trainers": ["sta0", "sta1", "sta2", "sta3", "sta4", "sta5"]}
2025-12-11 01:28:26,511 - EXECUT - INFO - received weights from trainer sta0!
2025-12-11 01:28:30,683 - EXECUT - INFO - received weights from trainer sta1!
2025-12-11 01:28:38,828 - EXECUT - INFO - received weights from trainer sta2!
2025-12-11 01:28:47,268 - EXECUT - INFO - received weights from trainer sta3!
2025-12-11 01:28:55,967 - EXECUT - INFO - received weights from trainer sta4!
2025-12-11 01:29:02,431 - EXECUT - INFO - received weights from trainer sta5!
2025-12-11 01:29:04,004 - EXECUT - INFO - sent aggregated weights to trainers!
2025-12-11 01:29:20,248 - METRIC - INFO - {"loss": 0.7041141390800476, "accuracy": 0.8138856291770935, "energy_consumption": 0.3891702026577445, "selected": true, "host_energy_consumption": 0.17720417008, "client_name": "sta1"}
2025-12-11 01:29:22,632 - METRIC - INFO - {"loss": 0.7117276787757874, "accuracy": 0.8156359195709229, "energy_consumption": 0.32429449924110565, "selected": true, "host_energy_consumption": 0.18277710360000002, "client_name": "sta0"}
2025-12-11 01:29:31,801 - METRIC - INFO - {"loss": 0.7553228735923767, "accuracy": 0.7898423671722412, "energy_consumption": 0.37769925252693326, "selected": true, "host_energy_consumption": 0.12085868984, "client_name": "sta5"}
2025-12-11 01:29:34,932 - METRIC - INFO - {"loss": 0.6725797057151794, "accuracy": 0.8253968358039856, "energy_consumption": 0.39107116038008394, "selected": true, "host_energy_consumption": 0.21169468544, "client_name": "sta3"}
2025-12-11 01:29:35,844 - METRIC - INFO - {"loss": 0.6490885019302368, "accuracy": 0.8423817753791809, "energy_consumption": 0.44255025575346574, "selected": true, "host_energy_consumption": 0.19729741752000002, "client_name": "sta4"}
2025-12-11 01:29:35,991 - METRIC - INFO - {"loss": 0.656320333480835, "accuracy": 0.8281979560852051, "energy_consumption": 0.40057094187427755, "selected": true, "host_energy_consumption": 0.21316454432, "client_name": "sta2"}
2025-12-11 01:29:36,039 - METRIC - INFO - mean_accuracy: 0.8192234138647715

2025-12-11 01:29:36,039 - METRIC - INFO - round: 9
2025-12-11 01:29:36,039 - METRIC - INFO - n_selected: 6
2025-12-11 01:29:36,039 - METRIC - INFO - {"selected_trainers": ["sta0", "sta1", "sta2", "sta3", "sta4", "sta5"]}
2025-12-11 01:29:42,578 - EXECUT - INFO - received weights from trainer sta0!
2025-12-11 01:29:48,159 - EXECUT - INFO - received weights from trainer sta1!
2025-12-11 01:29:56,016 - EXECUT - INFO - received weights from trainer sta2!
2025-12-11 01:30:03,644 - EXECUT - INFO - received weights from trainer sta3!
2025-12-11 01:30:12,574 - EXECUT - INFO - received weights from trainer sta4!
2025-12-11 01:30:19,363 - EXECUT - INFO - received weights from trainer sta5!
2025-12-11 01:30:20,931 - EXECUT - INFO - sent aggregated weights to trainers!
2025-12-11 01:30:36,626 - METRIC - INFO - {"loss": 0.606185793876648, "accuracy": 0.8471412062644958, "energy_consumption": 0.417780570036134, "selected": true, "host_energy_consumption": 0.1977853136, "client_name": "sta1"}
2025-12-11 01:30:37,918 - METRIC - INFO - {"loss": 0.612224280834198, "accuracy": 0.8401400446891785, "energy_consumption": 0.35291677720089987, "selected": true, "host_energy_consumption": 0.20537233136000002, "client_name": "sta0"}
2025-12-11 01:30:45,704 - METRIC - INFO - {"loss": 0.5815520882606506, "accuracy": 0.8501400351524353, "energy_consumption": 0.4292180885176554, "selected": true, "host_energy_consumption": 0.23689933764, "client_name": "sta3"}
2025-12-11 01:30:46,410 - METRIC - INFO - {"loss": 0.5592014193534851, "accuracy": 0.8660244941711426, "energy_consumption": 0.4806967594782212, "selected": true, "host_energy_consumption": 0.22213803976000002, "client_name": "sta4"}
2025-12-11 01:30:46,774 - METRIC - INFO - {"loss": 0.6354113817214966, "accuracy": 0.8336251974105835, "energy_consumption": 0.41775245705832276, "selected": true, "host_energy_consumption": 0.13645991716, "client_name": "sta5"}
2025-12-11 01:30:48,976 - METRIC - INFO - {"loss": 0.5630260705947876, "accuracy": 0.8492063283920288, "energy_consumption": 0.5054997671651276, "selected": true, "host_energy_consumption": 0.23821197036000002, "client_name": "sta2"}
2025-12-11 01:30:49,962 - METRIC - INFO - mean_accuracy: 0.847712884346644

2025-12-11 01:30:49,962 - METRIC - INFO - round: 10
2025-12-11 01:30:49,962 - METRIC - INFO - n_selected: 6
2025-12-11 01:30:49,962 - METRIC - INFO - {"selected_trainers": ["sta0", "sta1", "sta2", "sta3", "sta4", "sta5"]}
2025-12-11 01:30:55,959 - EXECUT - INFO - received weights from trainer sta0!
2025-12-11 01:31:00,049 - EXECUT - INFO - received weights from trainer sta1!
2025-12-11 01:31:08,998 - EXECUT - INFO - received weights from trainer sta2!
2025-12-11 01:31:15,304 - EXECUT - INFO - received weights from trainer sta3!
2025-12-11 01:31:22,316 - EXECUT - INFO - received weights from trainer sta4!
2025-12-11 01:31:27,658 - EXECUT - INFO - received weights from trainer sta5!
2025-12-11 01:31:29,242 - EXECUT - INFO - sent aggregated weights to trainers!
2025-12-11 01:31:45,606 - METRIC - INFO - {"loss": 0.5390490889549255, "accuracy": 0.8582263588905334, "energy_consumption": 0.45212109380845045, "selected": true, "host_energy_consumption": 0.21814184616, "client_name": "sta1"}
2025-12-11 01:31:48,600 - METRIC - INFO - {"loss": 0.5452518463134766, "accuracy": 0.8506417870521545, "energy_consumption": 0.38153653252721065, "selected": true, "host_energy_consumption": 0.22843364936000002, "client_name": "sta0"}
2025-12-11 01:31:57,756 - METRIC - INFO - {"loss": 0.5027812719345093, "accuracy": 0.8590102791786194, "energy_consumption": 0.57225941205241, "selected": true, "host_energy_consumption": 0.26364400272, "client_name": "sta2"}
2025-12-11 01:31:58,096 - METRIC - INFO - {"loss": 0.5219946503639221, "accuracy": 0.8599439859390259, "energy_consumption": 0.49598711340505675, "selected": true, "host_energy_consumption": 0.26280012556000004, "client_name": "sta3"}
2025-12-11 01:32:00,593 - METRIC - INFO - {"loss": 0.5527395009994507, "accuracy": 0.8493870496749878, "energy_consumption": 0.48641714483999976, "selected": true, "host_energy_consumption": 0.15200447444, "client_name": "sta5"}
2025-12-11 01:32:00,682 - METRIC - INFO - {"loss": 0.4943051338195801, "accuracy": 0.8756567239761353, "energy_consumption": 0.5875111984580053, "selected": true, "host_energy_consumption": 0.24773674856000003, "client_name": "sta4"}
2025-12-11 01:32:01,277 - METRIC - INFO - mean_accuracy: 0.8588110307852427

2025-12-11 01:32:01,277 - METRIC - INFO - round: 11
2025-12-11 01:32:01,277 - METRIC - INFO - n_selected: 6
2025-12-11 01:32:01,277 - METRIC - INFO - {"selected_trainers": ["sta0", "sta1", "sta2", "sta3", "sta4", "sta5"]}
2025-12-11 01:32:07,846 - EXECUT - INFO - received weights from trainer sta0!
2025-12-11 01:32:13,663 - EXECUT - INFO - received weights from trainer sta1!
2025-12-11 01:32:21,004 - EXECUT - INFO - received weights from trainer sta2!
2025-12-11 01:32:28,253 - EXECUT - INFO - received weights from trainer sta3!
2025-12-11 01:32:36,841 - EXECUT - INFO - received weights from trainer sta4!
2025-12-11 01:32:43,267 - EXECUT - INFO - received weights from trainer sta5!
2025-12-11 01:32:44,847 - EXECUT - INFO - sent aggregated weights to trainers!
2025-12-11 01:33:03,138 - METRIC - INFO - {"loss": 0.49884843826293945, "accuracy": 0.8564760684967041, "energy_consumption": 0.4387675072366657, "selected": true, "host_energy_consumption": 0.25159183168, "client_name": "sta0"}
2025-12-11 01:33:03,758 - METRIC - INFO - {"loss": 0.4924928545951843, "accuracy": 0.868144690990448, "energy_consumption": 0.5150736587670061, "selected": true, "host_energy_consumption": 0.23876356084, "client_name": "sta1"}
2025-12-11 01:33:09,900 - METRIC - INFO - {"loss": 0.4589484632015228, "accuracy": 0.8655462265014648, "energy_consumption": 0.6390404126932225, "selected": true, "host_energy_consumption": 0.28846760320000003, "client_name": "sta2"}
2025-12-11 01:33:11,826 - METRIC - INFO - {"loss": 0.4791427254676819, "accuracy": 0.8716152906417847, "energy_consumption": 0.534133993855796, "selected": true, "host_energy_consumption": 0.28760207364, "client_name": "sta3"}
2025-12-11 01:33:13,800 - METRIC - INFO - {"loss": 0.4484180808067322, "accuracy": 0.8782837390899658, "energy_consumption": 0.6256605379597837, "selected": true, "host_energy_consumption": 0.27264417544, "client_name": "sta4"}
2025-12-11 01:33:16,493 - METRIC - INFO - {"loss": 0.4971340596675873, "accuracy": 0.8686515092849731, "energy_consumption": 0.5264712744959547, "selected": true, "host_energy_consumption": 0.16674492268000002, "client_name": "sta5"}
2025-12-11 01:33:16,879 - METRIC - INFO - mean_accuracy: 0.8681195875008901

2025-12-11 01:33:16,879 - METRIC - INFO - round: 12
2025-12-11 01:33:16,879 - METRIC - INFO - n_selected: 6
2025-12-11 01:33:16,879 - METRIC - INFO - {"selected_trainers": ["sta0", "sta1", "sta2", "sta3", "sta4", "sta5"]}
2025-12-11 01:33:23,698 - EXECUT - INFO - received weights from trainer sta0!
2025-12-11 01:33:28,065 - EXECUT - INFO - received weights from trainer sta1!
2025-12-11 01:33:37,671 - EXECUT - INFO - received weights from trainer sta2!
2025-12-11 01:33:45,305 - EXECUT - INFO - received weights from trainer sta3!
2025-12-11 01:33:51,464 - EXECUT - INFO - received weights from trainer sta4!
2025-12-11 01:33:57,488 - EXECUT - INFO - received weights from trainer sta5!
2025-12-11 01:33:59,061 - EXECUT - INFO - sent aggregated weights to trainers!
2025-12-11 01:34:19,497 - METRIC - INFO - {"loss": 0.45946693420410156, "accuracy": 0.8763127326965332, "energy_consumption": 0.5494063173909446, "selected": true, "host_energy_consumption": 0.25919641636, "client_name": "sta1"}
2025-12-11 01:34:22,126 - METRIC - INFO - {"loss": 0.4617307186126709, "accuracy": 0.8693115711212158, "energy_consumption": 0.4673816911512818, "selected": true, "host_energy_consumption": 0.27449474416, "client_name": "sta0"}
2025-12-11 01:34:28,350 - METRIC - INFO - {"loss": 0.45507100224494934, "accuracy": 0.8809106945991516, "energy_consumption": 0.5264712744959547, "selected": true, "host_energy_consumption": 0.18158939624, "client_name": "sta5"}
2025-12-11 01:34:33,277 - METRIC - INFO - {"loss": 0.44843947887420654, "accuracy": 0.8790849447250366, "energy_consumption": 0.5723133983164294, "selected": true, "host_energy_consumption": 0.31244883096000003, "client_name": "sta3"}
2025-12-11 01:34:36,024 - METRIC - INFO - {"loss": 0.41730189323425293, "accuracy": 0.8887916207313538, "energy_consumption": 0.7038654218269067, "selected": true, "host_energy_consumption": 0.29757961184000004, "client_name": "sta4"}
2025-12-11 01:34:36,420 - METRIC - INFO - {"loss": 0.42559781670570374, "accuracy": 0.8753501176834106, "energy_consumption": 0.7058275665250939, "selected": true, "host_energy_consumption": 0.31376204524, "client_name": "sta2"}
2025-12-11 01:34:37,100 - METRIC - INFO - mean_accuracy: 0.8782936135927836

2025-12-11 01:34:37,100 - METRIC - INFO - round: 13
2025-12-11 01:34:37,100 - METRIC - INFO - n_selected: 6
2025-12-11 01:34:37,100 - METRIC - INFO - {"selected_trainers": ["sta0", "sta1", "sta2", "sta3", "sta4", "sta5"]}
2025-12-11 01:34:43,055 - EXECUT - INFO - received weights from trainer sta0!
2025-12-11 01:34:47,357 - EXECUT - INFO - received weights from trainer sta1!
2025-12-11 01:34:57,418 - EXECUT - INFO - received weights from trainer sta2!
2025-12-11 01:35:03,456 - EXECUT - INFO - received weights from trainer sta3!
2025-12-11 01:35:10,523 - EXECUT - INFO - received weights from trainer sta4!
2025-12-11 01:35:17,831 - EXECUT - INFO - received weights from trainer sta5!
2025-12-11 01:35:19,404 - EXECUT - INFO - sent aggregated weights to trainers!
2025-12-11 01:35:38,976 - METRIC - INFO - {"loss": 0.4328429400920868, "accuracy": 0.8704783916473389, "energy_consumption": 0.495999922088487, "selected": true, "host_energy_consumption": 0.29854689452, "client_name": "sta0"}
2025-12-11 01:35:41,530 - METRIC - INFO - {"loss": 0.43225935101509094, "accuracy": 0.8809801340103149, "energy_consumption": 0.5837554788383393, "selected": true, "host_energy_consumption": 0.28022577436, "client_name": "sta1"}
2025-12-11 01:35:50,064 - METRIC - INFO - {"loss": 0.41909417510032654, "accuracy": 0.8860877752304077, "energy_consumption": 0.6104608557778531, "selected": true, "host_energy_consumption": 0.33838543928000003, "client_name": "sta3"}
2025-12-11 01:35:52,413 - METRIC - INFO - {"loss": 0.42388713359832764, "accuracy": 0.8879159092903137, "energy_consumption": 0.5665544835828776, "selected": true, "host_energy_consumption": 0.19735131892000002, "client_name": "sta5"}
2025-12-11 01:35:53,268 - METRIC - INFO - {"loss": 0.3885047733783722, "accuracy": 0.8984237909317017, "energy_consumption": 0.77064843962077, "selected": true, "host_energy_consumption": 0.3235124606, "client_name": "sta4"}
2025-12-11 01:35:53,704 - METRIC - INFO - {"loss": 0.4000872075557709, "accuracy": 0.8776844143867493, "energy_consumption": 0.7439700232272621, "selected": true, "host_energy_consumption": 0.3399852834, "client_name": "sta2"}
2025-12-11 01:35:54,441 - METRIC - INFO - mean_accuracy: 0.8835950692494711

2025-12-11 01:35:54,441 - METRIC - INFO - round: 14
2025-12-11 01:35:54,441 - METRIC - INFO - n_selected: 6
2025-12-11 01:35:54,441 - METRIC - INFO - {"selected_trainers": ["sta0", "sta1", "sta2", "sta3", "sta4", "sta5"]}
2025-12-11 01:36:01,582 - EXECUT - INFO - received weights from trainer sta0!
2025-12-11 01:36:06,568 - EXECUT - INFO - received weights from trainer sta1!
2025-12-11 01:36:14,564 - EXECUT - INFO - received weights from trainer sta2!
2025-12-11 01:36:22,797 - EXECUT - INFO - received weights from trainer sta3!
2025-12-11 01:36:31,536 - EXECUT - INFO - received weights from trainer sta4!
2025-12-11 01:36:38,025 - EXECUT - INFO - received weights from trainer sta5!
2025-12-11 01:36:39,584 - EXECUT - INFO - sent aggregated weights to trainers!
2025-12-11 01:36:58,858 - METRIC - INFO - {"loss": 0.4066501557826996, "accuracy": 0.8763127326965332, "energy_consumption": 0.5246157003328984, "selected": true, "host_energy_consumption": 0.32126246852, "client_name": "sta0"}
2025-12-11 01:37:03,086 - METRIC - INFO - {"loss": 0.412527471780777, "accuracy": 0.8850641846656799, "energy_consumption": 0.6181020111516574, "selected": true, "host_energy_consumption": 0.30066633688, "client_name": "sta1"}
2025-12-11 01:37:06,002 - METRIC - INFO - {"loss": 0.3678226172924042, "accuracy": 0.9010508060455322, "energy_consumption": 0.8087959813289296, "selected": true, "host_energy_consumption": 0.34807655288, "client_name": "sta4"}
2025-12-11 01:37:08,757 - METRIC - INFO - {"loss": 0.39976152777671814, "accuracy": 0.8907563090324402, "energy_consumption": 0.677223895967669, "selected": true, "host_energy_consumption": 0.36343633452, "client_name": "sta3"}
2025-12-11 01:37:09,993 - METRIC - INFO - {"loss": 0.4005267024040222, "accuracy": 0.889667272567749, "energy_consumption": 0.6066077326219784, "selected": true, "host_energy_consumption": 0.21230644876000002, "client_name": "sta5"}
2025-12-11 01:37:10,988 - METRIC - INFO - {"loss": 0.3759436011314392, "accuracy": 0.8832866549491882, "energy_consumption": 0.8107446990044125, "selected": true, "host_energy_consumption": 0.36413130796000004, "client_name": "sta2"}
2025-12-11 01:37:11,618 - METRIC - INFO - mean_accuracy: 0.8876896599928538

2025-12-11 01:37:11,618 - METRIC - INFO - round: 15
2025-12-11 01:37:11,618 - METRIC - INFO - n_selected: 6
2025-12-11 01:37:11,618 - METRIC - INFO - {"selected_trainers": ["sta0", "sta1", "sta2", "sta3", "sta4", "sta5"]}
2025-12-11 01:37:17,754 - EXECUT - INFO - received weights from trainer sta0!
2025-12-11 01:37:22,969 - EXECUT - INFO - received weights from trainer sta1!
2025-12-11 01:37:30,664 - EXECUT - INFO - received weights from trainer sta2!
2025-12-11 01:37:37,916 - EXECUT - INFO - received weights from trainer sta3!
2025-12-11 01:37:44,339 - EXECUT - INFO - received weights from trainer sta4!
2025-12-11 01:37:49,755 - EXECUT - INFO - received weights from trainer sta5!
2025-12-11 01:37:51,325 - EXECUT - INFO - sent aggregated weights to trainers!
2025-12-11 01:38:07,006 - METRIC - INFO - {"loss": 0.3941136598587036, "accuracy": 0.8833138942718506, "energy_consumption": 0.581841796679303, "selected": true, "host_energy_consumption": 0.33818909516, "client_name": "sta0"}
2025-12-11 01:38:08,494 - METRIC - INFO - {"loss": 0.3963988423347473, "accuracy": 0.8868144750595093, "energy_consumption": 0.6524355758254302, "selected": true, "host_energy_consumption": 0.32338479936000003, "client_name": "sta1"}
2025-12-11 01:38:18,364 - METRIC - INFO - {"loss": 0.3784010112285614, "accuracy": 0.8966724872589111, "energy_consumption": 0.6752842848877884, "selected": true, "host_energy_consumption": 0.22795680908000002, "client_name": "sta5"}
2025-12-11 01:38:18,499 - METRIC - INFO - {"loss": 0.3823782801628113, "accuracy": 0.8944911360740662, "energy_consumption": 0.744003497794702, "selected": true, "host_energy_consumption": 0.38891040748, "client_name": "sta3"}
2025-12-11 01:38:20,598 - METRIC - INFO - {"loss": 0.35759270191192627, "accuracy": 0.891223132610321, "energy_consumption": 0.848891925979472, "selected": true, "host_energy_consumption": 0.38915272368000003, "client_name": "sta2"}
2025-12-11 01:38:23,466 - METRIC - INFO - {"loss": 0.3490627706050873, "accuracy": 0.9080560207366943, "energy_consumption": 0.8469436279481237, "selected": true, "host_energy_consumption": 0.37269565676, "client_name": "sta4"}
2025-12-11 01:38:24,360 - METRIC - INFO - mean_accuracy: 0.8934285243352255

2025-12-11 01:38:24,366 - METRIC - INFO - stop_condition: rounds
