2025-12-11 01:41:36,898 - EXECUT - INFO - starting server...
2025-12-11 01:41:46,941 - EXECUT - INFO - trainer number sta5 just joined the pool
2025-12-11 01:41:47,206 - EXECUT - INFO - trainer number sta4 just joined the pool
2025-12-11 01:41:47,294 - EXECUT - INFO - trainer number sta0 just joined the pool
2025-12-11 01:41:47,574 - EXECUT - INFO - trainer number sta1 just joined the pool
2025-12-11 01:41:47,642 - EXECUT - INFO - trainer number sta3 just joined the pool
2025-12-11 01:41:47,959 - EXECUT - INFO - trainer number sta2 just joined the pool
2025-12-11 01:41:48,923 - EXECUT - INFO - mensagem de data_sz recebida: 
 {'id': 'sta0', 'dataset_sz': 259700928}
2025-12-11 01:41:48,925 - EXECUT - INFO - mensagem de data_sz recebida: 
 {'id': 'sta1', 'dataset_sz': 519401856}
2025-12-11 01:41:48,966 - EXECUT - INFO - mensagem de data_sz recebida: 
 {'id': 'sta3', 'dataset_sz': 649277568}
2025-12-11 01:41:48,966 - EXECUT - INFO - mensagem de data_sz recebida: 
 {'id': 'sta4', 'dataset_sz': 346301568}
2025-12-11 01:41:48,967 - EXECUT - INFO - mensagem de data_sz recebida: 
 {'id': 'sta5', 'dataset_sz': 173150784}
2025-12-11 01:41:48,967 - EXECUT - INFO - mensagem de data_sz recebida: 
 {'id': 'sta2', 'dataset_sz': 649277568}
2025-12-11 01:41:49,925 - METRIC - INFO - round: 1
2025-12-11 01:41:49,925 - METRIC - INFO - n_selected: 6
2025-12-11 01:41:49,925 - METRIC - INFO - {"selected_trainers": ["sta0", "sta1", "sta2", "sta3", "sta4", "sta5"]}
2025-12-11 01:41:57,408 - EXECUT - INFO - received weights from trainer sta0!
2025-12-11 01:42:04,032 - EXECUT - INFO - received weights from trainer sta1!
2025-12-11 01:42:11,823 - EXECUT - INFO - received weights from trainer sta2!
2025-12-11 01:42:19,054 - EXECUT - INFO - received weights from trainer sta3!
2025-12-11 01:42:25,400 - EXECUT - INFO - received weights from trainer sta4!
2025-12-11 01:42:30,811 - EXECUT - INFO - received weights from trainer sta5!
2025-12-11 01:42:32,433 - EXECUT - INFO - sent aggregated weights to trainers!
2025-12-11 01:42:50,565 - METRIC - INFO - {"loss": 1.5160561800003052, "accuracy": 0.7059509754180908, "energy_consumption": 0.06294174640563333, "selected": true, "host_energy_consumption": 0.025103600480000002, "client_name": "sta1"}
2025-12-11 01:42:56,659 - METRIC - INFO - {"loss": 1.79396653175354, "accuracy": 0.6779463291168213, "energy_consumption": 0.028615355421155564, "selected": true, "host_energy_consumption": 0.017517011120000002, "client_name": "sta0"}
2025-12-11 01:43:06,783 - METRIC - INFO - {"loss": 1.6448508501052856, "accuracy": 0.6716287136077881, "energy_consumption": 0.03814754965596667, "selected": true, "host_energy_consumption": 0.0197237824, "client_name": "sta4"}
2025-12-11 01:43:08,975 - METRIC - INFO - {"loss": 1.1404913663864136, "accuracy": 0.7609710693359375, "energy_consumption": 0.06676006453141659, "selected": true, "host_energy_consumption": 0.029804645640000002, "client_name": "sta3"}
2025-12-11 01:43:09,676 - METRIC - INFO - {"loss": 1.2071102857589722, "accuracy": 0.7642390131950378, "energy_consumption": 0.07631263376054997, "selected": true, "host_energy_consumption": 0.029610112280000003, "client_name": "sta2"}
2025-12-11 01:43:11,183 - METRIC - INFO - {"loss": 2.1170389652252197, "accuracy": 0.4676007032394409, "energy_consumption": 0.040068283108088854, "selected": true, "host_energy_consumption": 0.014680719480000002, "client_name": "sta5"}
2025-12-11 01:43:11,483 - METRIC - INFO - mean_accuracy: 0.674722800652186

2025-12-11 01:43:11,483 - METRIC - INFO - round: 2
2025-12-11 01:43:11,483 - METRIC - INFO - n_selected: 6
2025-12-11 01:43:11,483 - METRIC - INFO - {"selected_trainers": ["sta0", "sta1", "sta2", "sta3", "sta4", "sta5"]}
2025-12-11 01:43:18,022 - EXECUT - INFO - received weights from trainer sta0!
2025-12-11 01:43:22,952 - EXECUT - INFO - received weights from trainer sta1!
2025-12-11 01:43:33,583 - EXECUT - INFO - received weights from trainer sta2!
2025-12-11 01:43:41,924 - EXECUT - INFO - received weights from trainer sta3!
2025-12-11 01:43:50,598 - EXECUT - INFO - received weights from trainer sta4!
2025-12-11 01:43:57,067 - EXECUT - INFO - received weights from trainer sta5!
2025-12-11 01:43:58,664 - EXECUT - INFO - sent aggregated weights to trainers!
2025-12-11 01:44:24,497 - METRIC - INFO - {"loss": 2.2874510288238525, "accuracy": 0.2742123603820801, "energy_consumption": 0.0972812449110333, "selected": true, "host_energy_consumption": 0.045557510600000004, "client_name": "sta1"}
2025-12-11 01:44:25,116 - METRIC - INFO - {"loss": 2.28806209564209, "accuracy": 0.22287048399448395, "energy_consumption": 0.057230729917044365, "selected": true, "host_energy_consumption": 0.037479743, "client_name": "sta0"}
2025-12-11 01:44:27,639 - METRIC - INFO - {"loss": 2.2839674949645996, "accuracy": 0.2698412835597992, "energy_consumption": 0.13353472918163867, "selected": true, "host_energy_consumption": 0.05476622984, "client_name": "sta3"}
2025-12-11 01:44:28,790 - METRIC - INFO - {"loss": 2.290504217147827, "accuracy": 0.20490367710590363, "energy_consumption": 0.040068283108088854, "selected": true, "host_energy_consumption": 0.02932059424, "client_name": "sta5"}
2025-12-11 01:44:29,646 - METRIC - INFO - {"loss": 2.283132314682007, "accuracy": 0.2767075300216675, "energy_consumption": 0.07629970744959436, "selected": true, "host_energy_consumption": 0.04388363252, "client_name": "sta4"}
2025-12-11 01:44:36,237 - METRIC - INFO - {"loss": 2.2837882041931152, "accuracy": 0.24323062598705292, "energy_consumption": 0.11446236588392211, "selected": true, "host_energy_consumption": 0.05400662204, "client_name": "sta2"}
2025-12-11 01:44:36,704 - METRIC - INFO - mean_accuracy: 0.24862766017516455

2025-12-11 01:44:36,704 - METRIC - INFO - round: 3
2025-12-11 01:44:36,704 - METRIC - INFO - n_selected: 6
2025-12-11 01:44:36,704 - METRIC - INFO - {"selected_trainers": ["sta0", "sta1", "sta2", "sta3", "sta4", "sta5"]}
2025-12-11 01:44:42,779 - EXECUT - INFO - received weights from trainer sta0!
2025-12-11 01:44:47,702 - EXECUT - INFO - received weights from trainer sta1!
2025-12-11 01:44:56,658 - EXECUT - INFO - received weights from trainer sta2!
2025-12-11 01:45:05,397 - EXECUT - INFO - received weights from trainer sta3!
2025-12-11 01:45:12,525 - EXECUT - INFO - received weights from trainer sta4!
2025-12-11 01:45:19,340 - EXECUT - INFO - received weights from trainer sta5!
2025-12-11 01:45:20,911 - EXECUT - INFO - sent aggregated weights to trainers!
2025-12-11 01:45:44,801 - METRIC - INFO - {"loss": 2.2584478855133057, "accuracy": 0.450408399105072, "energy_consumption": 0.08585397115087201, "selected": true, "host_energy_consumption": 0.057412448520000006, "client_name": "sta0"}
2025-12-11 01:45:45,639 - METRIC - INFO - {"loss": 2.2568869590759277, "accuracy": 0.45624271035194397, "energy_consumption": 0.0972812449110333, "selected": true, "host_energy_consumption": 0.0655223618, "client_name": "sta1"}
2025-12-11 01:45:54,267 - METRIC - INFO - {"loss": 2.243908643722534, "accuracy": 0.5009337067604065, "energy_consumption": 0.17170355193395537, "selected": true, "host_energy_consumption": 0.07958707932, "client_name": "sta3"}
2025-12-11 01:45:55,855 - METRIC - INFO - {"loss": 2.2690482139587402, "accuracy": 0.3677758276462555, "energy_consumption": 0.10875217914623347, "selected": true, "host_energy_consumption": 0.04443084856, "client_name": "sta5"}
2025-12-11 01:45:56,213 - METRIC - INFO - {"loss": 2.2404704093933105, "accuracy": 0.5043782591819763, "energy_consumption": 0.11445010718863347, "selected": true, "host_energy_consumption": 0.06887021848000001, "client_name": "sta4"}
2025-12-11 01:46:00,262 - METRIC - INFO - {"loss": 2.2440855503082275, "accuracy": 0.4892623722553253, "energy_consumption": 0.15260945774628865, "selected": true, "host_energy_consumption": 0.07832967996000001, "client_name": "sta2"}
2025-12-11 01:46:00,952 - METRIC - INFO - mean_accuracy: 0.46150021255016327

2025-12-11 01:46:00,952 - METRIC - INFO - round: 4
2025-12-11 01:46:00,952 - METRIC - INFO - n_selected: 6
2025-12-11 01:46:00,952 - METRIC - INFO - {"selected_trainers": ["sta0", "sta1", "sta2", "sta3", "sta4", "sta5"]}
2025-12-11 01:46:07,287 - EXECUT - INFO - received weights from trainer sta0!
2025-12-11 01:46:13,362 - EXECUT - INFO - received weights from trainer sta1!
2025-12-11 01:46:21,235 - EXECUT - INFO - received weights from trainer sta2!
2025-12-11 01:46:27,507 - EXECUT - INFO - received weights from trainer sta3!
2025-12-11 01:46:35,934 - EXECUT - INFO - received weights from trainer sta4!
2025-12-11 01:46:43,665 - EXECUT - INFO - received weights from trainer sta5!
2025-12-11 01:46:45,259 - EXECUT - INFO - sent aggregated weights to trainers!
2025-12-11 01:47:04,443 - METRIC - INFO - {"loss": 2.1339352130889893, "accuracy": 0.6546090841293335, "energy_consumption": 0.14308179376064445, "selected": true, "host_energy_consumption": 0.07808859408, "client_name": "sta0"}
2025-12-11 01:47:04,930 - METRIC - INFO - {"loss": 2.1311910152435303, "accuracy": 0.6382730603218079, "energy_consumption": 0.1602271718623881, "selected": true, "host_energy_consumption": 0.08679070372, "client_name": "sta1"}
2025-12-11 01:47:10,612 - METRIC - INFO - {"loss": 2.188235282897949, "accuracy": 0.5779334306716919, "energy_consumption": 0.10875217914623347, "selected": true, "host_energy_consumption": 0.0604153144, "client_name": "sta5"}
2025-12-11 01:47:10,824 - METRIC - INFO - {"loss": 2.047579526901245, "accuracy": 0.6077057719230652, "energy_consumption": 0.15260851195742808, "selected": true, "host_energy_consumption": 0.09360645644, "client_name": "sta4"}
2025-12-11 01:47:12,366 - METRIC - INFO - {"loss": 2.068963050842285, "accuracy": 0.5947712659835815, "energy_consumption": 0.20986376085461078, "selected": true, "host_energy_consumption": 0.10380621384000001, "client_name": "sta3"}
2025-12-11 01:47:21,605 - METRIC - INFO - {"loss": 2.0674479007720947, "accuracy": 0.5919701457023621, "energy_consumption": 0.2575334142114556, "selected": true, "host_energy_consumption": 0.10232558756, "client_name": "sta2"}
2025-12-11 01:47:22,298 - METRIC - INFO - mean_accuracy: 0.610877126455307

2025-12-11 01:47:22,298 - METRIC - INFO - round: 5
2025-12-11 01:47:22,298 - METRIC - INFO - n_selected: 6
2025-12-11 01:47:22,298 - METRIC - INFO - {"selected_trainers": ["sta0", "sta1", "sta2", "sta3", "sta4", "sta5"]}
2025-12-11 01:47:28,588 - EXECUT - INFO - received weights from trainer sta0!
2025-12-11 01:47:32,481 - EXECUT - INFO - received weights from trainer sta1!
2025-12-11 01:47:40,739 - EXECUT - INFO - received weights from trainer sta2!
2025-12-11 01:47:49,047 - EXECUT - INFO - received weights from trainer sta3!
2025-12-11 01:47:56,707 - EXECUT - INFO - received weights from trainer sta4!
2025-12-11 01:48:04,008 - EXECUT - INFO - received weights from trainer sta5!
2025-12-11 01:48:05,581 - EXECUT - INFO - sent aggregated weights to trainers!
2025-12-11 01:48:23,146 - METRIC - INFO - {"loss": 1.6111828088760376, "accuracy": 0.6359393000602722, "energy_consumption": 0.17170919010721708, "selected": true, "host_energy_consumption": 0.09848547548, "client_name": "sta0"}
2025-12-11 01:48:23,271 - METRIC - INFO - {"loss": 1.6211522817611694, "accuracy": 0.6003500819206238, "energy_consumption": 0.19457293005944354, "selected": true, "host_energy_consumption": 0.10764718132000001, "client_name": "sta1"}
2025-12-11 01:48:28,063 - METRIC - INFO - {"loss": 1.811820149421692, "accuracy": 0.62521892786026, "energy_consumption": 0.10875217914623347, "selected": true, "host_energy_consumption": 0.07474160848, "client_name": "sta5"}
2025-12-11 01:48:33,597 - METRIC - INFO - {"loss": 1.4892202615737915, "accuracy": 0.6111111044883728, "energy_consumption": 0.2766274861452658, "selected": true, "host_energy_consumption": 0.12834896144000002, "client_name": "sta3"}
2025-12-11 01:48:33,963 - METRIC - INFO - {"loss": 1.4409549236297607, "accuracy": 0.6182136535644531, "energy_consumption": 0.23080966353506116, "selected": true, "host_energy_consumption": 0.11837309708, "client_name": "sta4"}
2025-12-11 01:48:45,220 - METRIC - INFO - {"loss": 1.481256365776062, "accuracy": 0.6045751571655273, "energy_consumption": 0.36246383860078324, "selected": true, "host_energy_consumption": 0.12764663884000002, "client_name": "sta2"}
2025-12-11 01:48:45,623 - METRIC - INFO - mean_accuracy: 0.6159013708432516

2025-12-11 01:48:45,623 - METRIC - INFO - round: 6
2025-12-11 01:48:45,623 - METRIC - INFO - n_selected: 6
2025-12-11 01:48:45,623 - METRIC - INFO - {"selected_trainers": ["sta0", "sta1", "sta2", "sta3", "sta4", "sta5"]}
2025-12-11 01:48:51,979 - EXECUT - INFO - received weights from trainer sta0!
2025-12-11 01:48:57,173 - EXECUT - INFO - received weights from trainer sta1!
2025-12-11 01:49:03,740 - EXECUT - INFO - received weights from trainer sta2!
2025-12-11 01:49:10,631 - EXECUT - INFO - received weights from trainer sta3!
2025-12-11 01:49:20,201 - EXECUT - INFO - received weights from trainer sta4!
2025-12-11 01:49:28,143 - EXECUT - INFO - received weights from trainer sta5!
2025-12-11 01:49:29,713 - EXECUT - INFO - sent aggregated weights to trainers!
2025-12-11 01:49:46,694 - METRIC - INFO - {"loss": 1.085692048072815, "accuracy": 0.7112018465995789, "energy_consumption": 0.22890796825636606, "selected": true, "host_energy_consumption": 0.12788064996, "client_name": "sta1"}
2025-12-11 01:49:51,012 - METRIC - INFO - {"loss": 1.0698310136795044, "accuracy": 0.7327888011932373, "energy_consumption": 0.2003385432035173, "selected": true, "host_energy_consumption": 0.11858832692, "client_name": "sta0"}
2025-12-11 01:49:51,029 - METRIC - INFO - {"loss": 1.2110384702682495, "accuracy": 0.6935201287269592, "energy_consumption": 0.13738334275263908, "selected": true, "host_energy_consumption": 0.08996458716, "client_name": "sta5"}
2025-12-11 01:49:56,072 - METRIC - INFO - {"loss": 1.0334621667861938, "accuracy": 0.7296918630599976, "energy_consumption": 0.3147703211629773, "selected": true, "host_energy_consumption": 0.15280174784, "client_name": "sta3"}
2025-12-11 01:49:58,673 - METRIC - INFO - {"loss": 1.0111711025238037, "accuracy": 0.7338003516197205, "energy_consumption": 0.30901619895617727, "selected": true, "host_energy_consumption": 0.14275309832000002, "client_name": "sta4"}
2025-12-11 01:50:07,653 - METRIC - INFO - {"loss": 1.028712272644043, "accuracy": 0.7208216786384583, "energy_consumption": 0.40061165053433334, "selected": true, "host_energy_consumption": 0.15176388388, "client_name": "sta2"}
2025-12-11 01:50:07,753 - METRIC - INFO - mean_accuracy: 0.7203041116396586

2025-12-11 01:50:07,753 - METRIC - INFO - round: 7
2025-12-11 01:50:07,753 - METRIC - INFO - n_selected: 6
2025-12-11 01:50:07,753 - METRIC - INFO - {"selected_trainers": ["sta0", "sta1", "sta2", "sta3", "sta4", "sta5"]}
2025-12-11 01:50:13,605 - EXECUT - INFO - received weights from trainer sta0!
2025-12-11 01:50:18,236 - EXECUT - INFO - received weights from trainer sta1!
2025-12-11 01:50:26,430 - EXECUT - INFO - received weights from trainer sta2!
2025-12-11 01:50:33,060 - EXECUT - INFO - received weights from trainer sta3!
2025-12-11 01:50:40,496 - EXECUT - INFO - received weights from trainer sta4!
2025-12-11 01:50:47,573 - EXECUT - INFO - received weights from trainer sta5!
2025-12-11 01:50:49,139 - EXECUT - INFO - sent aggregated weights to trainers!
2025-12-11 01:51:06,297 - METRIC - INFO - {"loss": 0.8157106041908264, "accuracy": 0.8004667162895203, "energy_consumption": 0.22896675658450072, "selected": true, "host_energy_consumption": 0.1391562774, "client_name": "sta0"}
2025-12-11 01:51:06,372 - METRIC - INFO - {"loss": 0.8335267901420593, "accuracy": 0.7870478630065918, "energy_consumption": 0.29187612204073765, "selected": true, "host_energy_consumption": 0.14889980560000002, "client_name": "sta1"}
2025-12-11 01:51:11,302 - METRIC - INFO - {"loss": 0.9030982851982117, "accuracy": 0.7810857892036438, "energy_consumption": 0.2060600714597337, "selected": true, "host_energy_consumption": 0.10422725572000001, "client_name": "sta5"}
2025-12-11 01:51:17,874 - METRIC - INFO - {"loss": 0.8079187273979187, "accuracy": 0.7913165092468262, "energy_consumption": 0.39106462092567096, "selected": true, "host_energy_consumption": 0.17734090612, "client_name": "sta3"}
2025-12-11 01:51:18,462 - METRIC - INFO - {"loss": 0.799860417842865, "accuracy": 0.7968476414680481, "energy_consumption": 0.34716348156587684, "selected": true, "host_energy_consumption": 0.16710365392, "client_name": "sta4"}
2025-12-11 01:51:26,331 - METRIC - INFO - {"loss": 0.804248034954071, "accuracy": 0.7936508059501648, "energy_consumption": 0.43876162745011604, "selected": true, "host_energy_consumption": 0.17600761080000002, "client_name": "sta2"}
2025-12-11 01:51:27,179 - METRIC - INFO - mean_accuracy: 0.7917358875274658

2025-12-11 01:51:27,179 - METRIC - INFO - round: 8
2025-12-11 01:51:27,179 - METRIC - INFO - n_selected: 6
2025-12-11 01:51:27,179 - METRIC - INFO - {"selected_trainers": ["sta0", "sta1", "sta2", "sta3", "sta4", "sta5"]}
2025-12-11 01:51:33,381 - EXECUT - INFO - received weights from trainer sta0!
2025-12-11 01:51:37,931 - EXECUT - INFO - received weights from trainer sta1!
2025-12-11 01:51:45,414 - EXECUT - INFO - received weights from trainer sta2!
2025-12-11 01:51:52,083 - EXECUT - INFO - received weights from trainer sta3!
2025-12-11 01:52:02,163 - EXECUT - INFO - received weights from trainer sta4!
2025-12-11 01:52:11,846 - EXECUT - INFO - received weights from trainer sta5!
2025-12-11 01:52:13,421 - EXECUT - INFO - sent aggregated weights to trainers!
2025-12-11 01:52:29,270 - METRIC - INFO - {"loss": 0.6716459393501282, "accuracy": 0.8214702606201172, "energy_consumption": 0.2862138542123055, "selected": true, "host_energy_consumption": 0.15854923532, "client_name": "sta0"}
2025-12-11 01:52:30,109 - METRIC - INFO - {"loss": 0.6900708079338074, "accuracy": 0.8173862099647522, "energy_consumption": 0.3262083626101039, "selected": true, "host_energy_consumption": 0.16894844848, "client_name": "sta1"}
2025-12-11 01:52:41,752 - METRIC - INFO - {"loss": 0.7359409928321838, "accuracy": 0.8231173157691956, "energy_consumption": 0.24611379100892228, "selected": true, "host_energy_consumption": 0.11891035044, "client_name": "sta5"}
2025-12-11 01:52:45,029 - METRIC - INFO - {"loss": 0.671393871307373, "accuracy": 0.8286647796630859, "energy_consumption": 0.42921167304900987, "selected": true, "host_energy_consumption": 0.20154652308, "client_name": "sta3"}
2025-12-11 01:52:45,384 - METRIC - INFO - {"loss": 0.6733518838882446, "accuracy": 0.8257443308830261, "energy_consumption": 0.38531560279959876, "selected": true, "host_energy_consumption": 0.19204782352000002, "client_name": "sta4"}
2025-12-11 01:52:53,471 - METRIC - INFO - {"loss": 0.6662219166755676, "accuracy": 0.8314658999443054, "energy_consumption": 0.47691113703493193, "selected": true, "host_energy_consumption": 0.20028927716, "client_name": "sta2"}
2025-12-11 01:52:54,464 - METRIC - INFO - mean_accuracy: 0.8246414661407471

2025-12-11 01:52:54,464 - METRIC - INFO - round: 9
2025-12-11 01:52:54,464 - METRIC - INFO - n_selected: 6
2025-12-11 01:52:54,464 - METRIC - INFO - {"selected_trainers": ["sta0", "sta1", "sta2", "sta3", "sta4", "sta5"]}
2025-12-11 01:52:59,896 - EXECUT - INFO - received weights from trainer sta0!
2025-12-11 01:53:05,695 - EXECUT - INFO - received weights from trainer sta1!
2025-12-11 01:53:16,104 - EXECUT - INFO - received weights from trainer sta2!
2025-12-11 01:53:21,940 - EXECUT - INFO - received weights from trainer sta3!
2025-12-11 01:53:29,767 - EXECUT - INFO - received weights from trainer sta4!
2025-12-11 01:53:35,539 - EXECUT - INFO - received weights from trainer sta5!
2025-12-11 01:53:37,112 - EXECUT - INFO - sent aggregated weights to trainers!
2025-12-11 01:53:53,520 - METRIC - INFO - {"loss": 0.5953508615493774, "accuracy": 0.8348891735076904, "energy_consumption": 0.36054083525539304, "selected": true, "host_energy_consumption": 0.1888489904, "client_name": "sta1"}
2025-12-11 01:53:56,832 - METRIC - INFO - {"loss": 0.5743030309677124, "accuracy": 0.845974326133728, "energy_consumption": 0.3148244139275881, "selected": true, "host_energy_consumption": 0.17799392436, "client_name": "sta0"}
2025-12-11 01:54:04,517 - METRIC - INFO - {"loss": 0.5793154239654541, "accuracy": 0.8506069183349609, "energy_consumption": 0.46737728806700485, "selected": true, "host_energy_consumption": 0.22611088920000003, "client_name": "sta3"}
2025-12-11 01:54:06,897 - METRIC - INFO - {"loss": 0.6223205924034119, "accuracy": 0.8406304717063904, "energy_consumption": 0.2861708088974174, "selected": true, "host_energy_consumption": 0.13379717288, "client_name": "sta5"}
2025-12-11 01:54:07,272 - METRIC - INFO - {"loss": 0.5886951684951782, "accuracy": 0.8423817753791809, "energy_consumption": 0.4234719935944662, "selected": true, "host_energy_consumption": 0.21668015572000002, "client_name": "sta4"}
2025-12-11 01:54:17,110 - METRIC - INFO - {"loss": 0.5725215673446655, "accuracy": 0.8515406250953674, "energy_consumption": 0.515060128422826, "selected": true, "host_energy_consumption": 0.22433488252, "client_name": "sta2"}
2025-12-11 01:54:17,153 - METRIC - INFO - mean_accuracy: 0.8443372150262197

2025-12-11 01:54:17,153 - METRIC - INFO - round: 10
2025-12-11 01:54:17,153 - METRIC - INFO - n_selected: 6
2025-12-11 01:54:17,153 - METRIC - INFO - {"selected_trainers": ["sta0", "sta1", "sta2", "sta3", "sta4", "sta5"]}
2025-12-11 01:54:23,471 - EXECUT - INFO - received weights from trainer sta0!
2025-12-11 01:54:27,545 - EXECUT - INFO - received weights from trainer sta1!
2025-12-11 01:54:36,749 - EXECUT - INFO - received weights from trainer sta2!
2025-12-11 01:54:46,329 - EXECUT - INFO - received weights from trainer sta3!
2025-12-11 01:54:55,962 - EXECUT - INFO - received weights from trainer sta4!
2025-12-11 01:55:04,263 - EXECUT - INFO - received weights from trainer sta5!
2025-12-11 01:55:05,834 - EXECUT - INFO - sent aggregated weights to trainers!
2025-12-11 01:55:23,560 - METRIC - INFO - {"loss": 0.5291553139686584, "accuracy": 0.8535588979721069, "energy_consumption": 0.4234963202377092, "selected": true, "host_energy_consumption": 0.20906742024000002, "client_name": "sta1"}
2025-12-11 01:55:29,723 - METRIC - INFO - {"loss": 0.5060089230537415, "accuracy": 0.8611435294151306, "energy_consumption": 0.34344598612224886, "selected": true, "host_energy_consumption": 0.19786416664, "client_name": "sta0"}
2025-12-11 01:55:37,582 - METRIC - INFO - {"loss": 0.5155831575393677, "accuracy": 0.8594771027565002, "energy_consumption": 0.5055294283754597, "selected": true, "host_energy_consumption": 0.25075118488000003, "client_name": "sta3"}
2025-12-11 01:55:38,837 - METRIC - INFO - {"loss": 0.5422826409339905, "accuracy": 0.8528896570205688, "energy_consumption": 0.3548384834644219, "selected": true, "host_energy_consumption": 0.14826997724000002, "client_name": "sta5"}
2025-12-11 01:55:39,179 - METRIC - INFO - {"loss": 0.5279674530029297, "accuracy": 0.8563923239707947, "energy_consumption": 0.5016734885172995, "selected": true, "host_energy_consumption": 0.24102086736, "client_name": "sta4"}
2025-12-11 01:55:43,303 - METRIC - INFO - {"loss": 0.5051857233047485, "accuracy": 0.8613445162773132, "energy_consumption": 0.5532244702023712, "selected": true, "host_energy_consumption": 0.24840408852, "client_name": "sta2"}
2025-12-11 01:55:43,874 - METRIC - INFO - mean_accuracy: 0.8574676712354025

2025-12-11 01:55:43,874 - METRIC - INFO - round: 11
2025-12-11 01:55:43,874 - METRIC - INFO - n_selected: 6
2025-12-11 01:55:43,874 - METRIC - INFO - {"selected_trainers": ["sta0", "sta1", "sta2", "sta3", "sta4", "sta5"]}
2025-12-11 01:55:49,368 - EXECUT - INFO - received weights from trainer sta0!
2025-12-11 01:55:54,302 - EXECUT - INFO - received weights from trainer sta1!
2025-12-11 01:56:02,168 - EXECUT - INFO - received weights from trainer sta2!
2025-12-11 01:56:12,568 - EXECUT - INFO - received weights from trainer sta3!
2025-12-11 01:56:22,331 - EXECUT - INFO - received weights from trainer sta4!
2025-12-11 01:56:27,501 - EXECUT - INFO - received weights from trainer sta5!
2025-12-11 01:56:29,066 - EXECUT - INFO - sent aggregated weights to trainers!
2025-12-11 01:56:44,491 - METRIC - INFO - {"loss": 0.45642396807670593, "accuracy": 0.8809801340103149, "energy_consumption": 0.37205610711866577, "selected": true, "host_energy_consumption": 0.2176421926, "client_name": "sta0"}
2025-12-11 01:56:45,506 - METRIC - INFO - {"loss": 0.4798688590526581, "accuracy": 0.8623104095458984, "energy_consumption": 0.4234963202377092, "selected": true, "host_energy_consumption": 0.22884640296, "client_name": "sta1"}
2025-12-11 01:56:52,648 - METRIC - INFO - {"loss": 0.48308882117271423, "accuracy": 0.8686515092849731, "energy_consumption": 0.39489302958538863, "selected": true, "host_energy_consumption": 0.16364659304, "client_name": "sta5"}
2025-12-11 01:56:52,664 - METRIC - INFO - {"loss": 0.4799094498157501, "accuracy": 0.8598949313163757, "energy_consumption": 0.5398388651011279, "selected": true, "host_energy_consumption": 0.26593574504, "client_name": "sta4"}
2025-12-11 01:56:56,144 - METRIC - INFO - {"loss": 0.47019898891448975, "accuracy": 0.8758170008659363, "energy_consumption": 0.58182417957351, "selected": true, "host_energy_consumption": 0.274932175, "client_name": "sta3"}
2025-12-11 01:57:10,773 - METRIC - INFO - {"loss": 0.4560834765434265, "accuracy": 0.8725489974021912, "energy_consumption": 0.6199933742831261, "selected": true, "host_energy_consumption": 0.27245109472, "client_name": "sta2"}
2025-12-11 01:57:11,110 - METRIC - INFO - mean_accuracy: 0.8700338304042816

2025-12-11 01:57:11,110 - METRIC - INFO - round: 12
2025-12-11 01:57:11,110 - METRIC - INFO - n_selected: 6
2025-12-11 01:57:11,110 - METRIC - INFO - {"selected_trainers": ["sta0", "sta1", "sta2", "sta3", "sta4", "sta5"]}
2025-12-11 01:57:17,993 - EXECUT - INFO - received weights from trainer sta0!
2025-12-11 01:57:23,120 - EXECUT - INFO - received weights from trainer sta1!
2025-12-11 01:57:32,024 - EXECUT - INFO - received weights from trainer sta2!
2025-12-11 01:57:38,988 - EXECUT - INFO - received weights from trainer sta3!
2025-12-11 01:57:46,667 - EXECUT - INFO - received weights from trainer sta4!
2025-12-11 01:57:54,690 - EXECUT - INFO - received weights from trainer sta5!
2025-12-11 01:57:56,250 - EXECUT - INFO - sent aggregated weights to trainers!
2025-12-11 01:58:12,414 - METRIC - INFO - {"loss": 0.4188195765018463, "accuracy": 0.890315055847168, "energy_consumption": 0.40068007160279884, "selected": true, "host_energy_consumption": 0.23779556136000002, "client_name": "sta0"}
2025-12-11 01:58:13,528 - METRIC - INFO - {"loss": 0.44222453236579895, "accuracy": 0.8716452717781067, "energy_consumption": 0.4864483526932951, "selected": true, "host_energy_consumption": 0.24878647416000002, "client_name": "sta1"}
2025-12-11 01:58:25,071 - METRIC - INFO - {"loss": 0.4410652220249176, "accuracy": 0.8739054203033447, "energy_consumption": 0.434947491459616, "selected": true, "host_energy_consumption": 0.17830509564000002, "client_name": "sta5"}
2025-12-11 01:58:27,246 - METRIC - INFO - {"loss": 0.44409263134002686, "accuracy": 0.8756567239761353, "energy_consumption": 0.577992340640918, "selected": true, "host_energy_consumption": 0.29072890896000003, "client_name": "sta4"}
2025-12-11 01:58:27,392 - METRIC - INFO - {"loss": 0.43500182032585144, "accuracy": 0.8809523582458496, "energy_consumption": 0.6581304280670759, "selected": true, "host_energy_consumption": 0.30000778192, "client_name": "sta3"}
2025-12-11 01:58:39,648 - METRIC - INFO - {"loss": 0.42032137513160706, "accuracy": 0.8860877752304077, "energy_consumption": 0.7249100314836701, "selected": true, "host_energy_consumption": 0.29643533024, "client_name": "sta2"}
2025-12-11 01:58:40,296 - METRIC - INFO - mean_accuracy: 0.8797604342301687

2025-12-11 01:58:40,296 - METRIC - INFO - round: 13
2025-12-11 01:58:40,296 - METRIC - INFO - n_selected: 6
2025-12-11 01:58:40,296 - METRIC - INFO - {"selected_trainers": ["sta0", "sta1", "sta2", "sta3", "sta4", "sta5"]}
2025-12-11 01:58:45,891 - EXECUT - INFO - received weights from trainer sta0!
2025-12-11 01:58:50,416 - EXECUT - INFO - received weights from trainer sta1!
2025-12-11 01:58:57,820 - EXECUT - INFO - received weights from trainer sta2!
2025-12-11 01:59:03,073 - EXECUT - INFO - received weights from trainer sta3!
2025-12-11 01:59:11,741 - EXECUT - INFO - received weights from trainer sta4!
2025-12-11 01:59:20,303 - EXECUT - INFO - received weights from trainer sta5!
2025-12-11 01:59:21,877 - EXECUT - INFO - sent aggregated weights to trainers!
2025-12-11 01:59:38,059 - METRIC - INFO - {"loss": 0.4113864600658417, "accuracy": 0.8798133134841919, "energy_consumption": 0.549415649704227, "selected": true, "host_energy_consumption": 0.26986190616, "client_name": "sta1"}
2025-12-11 01:59:39,951 - METRIC - INFO - {"loss": 0.392128586769104, "accuracy": 0.8996499180793762, "energy_consumption": 0.45790914360760404, "selected": true, "host_energy_consumption": 0.25845183168, "client_name": "sta0"}
2025-12-11 01:59:44,835 - METRIC - INFO - {"loss": 0.41712868213653564, "accuracy": 0.8800350427627563, "energy_consumption": 0.6447520332150345, "selected": true, "host_energy_consumption": 0.31569703844, "client_name": "sta4"}
2025-12-11 01:59:46,161 - METRIC - INFO - {"loss": 0.4056989848613739, "accuracy": 0.8884220123291016, "energy_consumption": 0.7248985866436692, "selected": true, "host_energy_consumption": 0.32534274388, "client_name": "sta3"}
2025-12-11 01:59:47,198 - METRIC - INFO - {"loss": 0.40821972489356995, "accuracy": 0.8774080276489258, "energy_consumption": 0.5036258590042154, "selected": true, "host_energy_consumption": 0.1935821804, "client_name": "sta5"}
2025-12-11 01:59:50,321 - METRIC - INFO - {"loss": 0.3919905722141266, "accuracy": 0.8926237225532532, "energy_consumption": 0.7916827727649502, "selected": true, "host_energy_consumption": 0.32165811496, "client_name": "sta2"}
2025-12-11 01:59:50,908 - METRIC - INFO - mean_accuracy: 0.8863253394762675

2025-12-11 01:59:50,908 - METRIC - INFO - round: 14
2025-12-11 01:59:50,908 - METRIC - INFO - n_selected: 6
2025-12-11 01:59:50,908 - METRIC - INFO - {"selected_trainers": ["sta0", "sta1", "sta2", "sta3", "sta4", "sta5"]}
2025-12-11 01:59:56,537 - EXECUT - INFO - received weights from trainer sta0!
2025-12-11 02:00:01,871 - EXECUT - INFO - received weights from trainer sta1!
2025-12-11 02:00:08,142 - EXECUT - INFO - received weights from trainer sta2!
2025-12-11 02:00:15,532 - EXECUT - INFO - received weights from trainer sta3!
2025-12-11 02:00:22,337 - EXECUT - INFO - received weights from trainer sta4!
2025-12-11 02:00:30,473 - EXECUT - INFO - received weights from trainer sta5!
2025-12-11 02:00:32,045 - EXECUT - INFO - sent aggregated weights to trainers!
2025-12-11 02:00:50,410 - METRIC - INFO - {"loss": 0.3887994587421417, "accuracy": 0.8821470141410828, "energy_consumption": 0.6123609010921108, "selected": true, "host_energy_consumption": 0.290147977, "client_name": "sta1"}
2025-12-11 02:00:50,764 - METRIC - INFO - {"loss": 0.37210774421691895, "accuracy": 0.8984830975532532, "energy_consumption": 0.4860505491296251, "selected": true, "host_energy_consumption": 0.27852756148, "client_name": "sta0"}
2025-12-11 02:00:55,026 - METRIC - INFO - {"loss": 0.38137567043304443, "accuracy": 0.8861646056175232, "energy_consumption": 0.5722890843896687, "selected": true, "host_energy_consumption": 0.20846014980000002, "client_name": "sta5"}
2025-12-11 02:01:00,935 - METRIC - INFO - {"loss": 0.3678176701068878, "accuracy": 0.898692786693573, "energy_consumption": 0.8584611585777322, "selected": true, "host_energy_consumption": 0.34608656544, "client_name": "sta2"}
2025-12-11 02:01:01,965 - METRIC - INFO - {"loss": 0.3831372857093811, "accuracy": 0.9000933766365051, "energy_consumption": 0.7630649900839765, "selected": true, "host_energy_consumption": 0.34972993972, "client_name": "sta3"}
2025-12-11 02:01:03,268 - METRIC - INFO - {"loss": 0.3959886431694031, "accuracy": 0.8817863464355469, "energy_consumption": 0.7115155105341591, "selected": true, "host_energy_consumption": 0.34007755236000003, "client_name": "sta4"}
2025-12-11 02:01:04,079 - METRIC - INFO - mean_accuracy: 0.8912278711795807

2025-12-11 02:01:04,079 - METRIC - INFO - round: 15
2025-12-11 02:01:04,079 - METRIC - INFO - n_selected: 6
2025-12-11 02:01:04,079 - METRIC - INFO - {"selected_trainers": ["sta0", "sta1", "sta2", "sta3", "sta4", "sta5"]}
2025-12-11 02:01:09,327 - EXECUT - INFO - received weights from trainer sta0!
2025-12-11 02:01:13,880 - EXECUT - INFO - received weights from trainer sta1!
2025-12-11 02:01:24,717 - EXECUT - INFO - received weights from trainer sta2!
2025-12-11 02:01:33,594 - EXECUT - INFO - received weights from trainer sta3!
2025-12-11 02:01:43,623 - EXECUT - INFO - received weights from trainer sta4!
2025-12-11 02:01:51,316 - EXECUT - INFO - received weights from trainer sta5!
2025-12-11 02:01:52,891 - EXECUT - INFO - sent aggregated weights to trainers!
2025-12-11 02:02:13,006 - METRIC - INFO - {"loss": 0.3689098656177521, "accuracy": 0.8914819359779358, "energy_consumption": 0.6753280693485956, "selected": true, "host_energy_consumption": 0.31073182084, "client_name": "sta1"}
2025-12-11 02:02:15,012 - METRIC - INFO - {"loss": 0.35392704606056213, "accuracy": 0.9019836783409119, "energy_consumption": 0.5146878087028909, "selected": true, "host_energy_consumption": 0.29865049312, "client_name": "sta0"}
2025-12-11 02:02:15,095 - METRIC - INFO - {"loss": 0.3602360486984253, "accuracy": 0.889667272567749, "energy_consumption": 0.612357330937853, "selected": true, "host_energy_consumption": 0.22341030712, "client_name": "sta5"}
2025-12-11 02:02:19,310 - METRIC - INFO - {"loss": 0.37497398257255554, "accuracy": 0.8931698799133301, "energy_consumption": 0.7782874745200521, "selected": true, "host_energy_consumption": 0.36437290764, "client_name": "sta4"}
2025-12-11 02:02:22,754 - METRIC - INFO - {"loss": 0.3492797315120697, "accuracy": 0.902427613735199, "energy_consumption": 0.8966081216856485, "selected": true, "host_energy_consumption": 0.37039065364, "client_name": "sta2"}
2025-12-11 02:02:26,180 - METRIC - INFO - {"loss": 0.36435678601264954, "accuracy": 0.9028944969177246, "energy_consumption": 0.8012120279012658, "selected": true, "host_energy_consumption": 0.37380620340000004, "client_name": "sta3"}
2025-12-11 02:02:26,927 - METRIC - INFO - mean_accuracy: 0.8969374795754751

2025-12-11 02:02:26,927 - METRIC - INFO - round: 16
2025-12-11 02:02:26,927 - METRIC - INFO - n_selected: 6
2025-12-11 02:02:26,927 - METRIC - INFO - {"selected_trainers": ["sta0", "sta1", "sta2", "sta3", "sta4", "sta5"]}
2025-12-11 02:02:34,271 - EXECUT - INFO - received weights from trainer sta0!
2025-12-11 02:02:39,189 - EXECUT - INFO - received weights from trainer sta1!
2025-12-11 02:02:45,603 - EXECUT - INFO - received weights from trainer sta2!
2025-12-11 02:02:54,065 - EXECUT - INFO - received weights from trainer sta3!
2025-12-11 02:03:03,387 - EXECUT - INFO - received weights from trainer sta4!
2025-12-11 02:03:11,978 - EXECUT - INFO - received weights from trainer sta5!
2025-12-11 02:03:13,545 - EXECUT - INFO - sent aggregated weights to trainers!
2025-12-11 02:03:32,058 - METRIC - INFO - {"loss": 0.35314252972602844, "accuracy": 0.8949825167655945, "energy_consumption": 0.7039513407840844, "selected": true, "host_energy_consumption": 0.33072743368, "client_name": "sta1"}
2025-12-11 02:03:34,509 - METRIC - INFO - {"loss": 0.3383888900279999, "accuracy": 0.9066510796546936, "energy_consumption": 0.5433075878726178, "selected": true, "host_energy_consumption": 0.31841380424000004, "client_name": "sta0"}
2025-12-11 02:03:40,001 - METRIC - INFO - {"loss": 0.34884244203567505, "accuracy": 0.906162440776825, "energy_consumption": 0.8775063864777239, "selected": true, "host_energy_consumption": 0.39832671620000004, "client_name": "sta3"}
2025-12-11 02:03:42,605 - METRIC - INFO - {"loss": 0.3592642545700073, "accuracy": 0.8940455317497253, "energy_consumption": 0.8164406321476176, "selected": true, "host_energy_consumption": 0.38879488116, "client_name": "sta4"}
2025-12-11 02:03:43,049 - METRIC - INFO - {"loss": 0.3435010612010956, "accuracy": 0.8931698799133301, "energy_consumption": 0.6524105911038826, "selected": true, "host_energy_consumption": 0.23832013184, "client_name": "sta5"}
2025-12-11 02:03:44,258 - METRIC - INFO - {"loss": 0.3331005275249481, "accuracy": 0.9038282036781311, "energy_consumption": 0.9347587725753426, "selected": true, "host_energy_consumption": 0.39447252320000004, "client_name": "sta2"}
2025-12-11 02:03:44,577 - METRIC - INFO - mean_accuracy: 0.8998066087563833

2025-12-11 02:03:44,577 - METRIC - INFO - round: 17
2025-12-11 02:03:44,577 - METRIC - INFO - n_selected: 6
2025-12-11 02:03:44,577 - METRIC - INFO - {"selected_trainers": ["sta0", "sta1", "sta2", "sta3", "sta4", "sta5"]}
2025-12-11 02:03:50,424 - EXECUT - INFO - received weights from trainer sta0!
2025-12-11 02:03:54,717 - EXECUT - INFO - received weights from trainer sta1!
2025-12-11 02:04:01,663 - EXECUT - INFO - received weights from trainer sta2!
2025-12-11 02:04:10,189 - EXECUT - INFO - received weights from trainer sta3!
2025-12-11 02:04:17,156 - EXECUT - INFO - received weights from trainer sta4!
2025-12-11 02:04:25,098 - EXECUT - INFO - received weights from trainer sta5!
2025-12-11 02:04:26,668 - EXECUT - INFO - sent aggregated weights to trainers!
2025-12-11 02:04:41,558 - METRIC - INFO - {"loss": 0.3248347342014313, "accuracy": 0.9148191213607788, "energy_consumption": 0.6005274658559571, "selected": true, "host_energy_consumption": 0.33838156128, "client_name": "sta0"}
2025-12-11 02:04:47,652 - METRIC - INFO - {"loss": 0.3375077545642853, "accuracy": 0.8996499180793762, "energy_consumption": 0.7382905611162912, "selected": true, "host_energy_consumption": 0.35062088348000003, "client_name": "sta1"}
2025-12-11 02:04:55,006 - METRIC - INFO - {"loss": 0.3352011442184448, "accuracy": 0.9089635610580444, "energy_consumption": 0.9442743527174224, "selected": true, "host_energy_consumption": 0.42378627984, "client_name": "sta3"}
2025-12-11 02:04:55,159 - METRIC - INFO - {"loss": 0.32028478384017944, "accuracy": 0.9052287340164185, "energy_consumption": 0.9729067704875438, "selected": true, "host_energy_consumption": 0.42022755264, "client_name": "sta2"}
2025-12-11 02:04:55,909 - METRIC - INFO - {"loss": 0.3287476897239685, "accuracy": 0.8984237909317017, "energy_consumption": 0.6924651070231876, "selected": true, "host_energy_consumption": 0.25300796024, "client_name": "sta5"}
2025-12-11 02:04:56,897 - METRIC - INFO - {"loss": 0.3464423716068268, "accuracy": 0.8975481390953064, "energy_consumption": 0.9232553302258599, "selected": true, "host_energy_consumption": 0.41339980136000004, "client_name": "sta4"}
2025-12-11 02:04:57,700 - METRIC - INFO - mean_accuracy: 0.904105544090271

2025-12-11 02:04:57,700 - METRIC - INFO - round: 18
2025-12-11 02:04:57,700 - METRIC - INFO - n_selected: 6
2025-12-11 02:04:57,700 - METRIC - INFO - {"selected_trainers": ["sta0", "sta1", "sta2", "sta3", "sta4", "sta5"]}
2025-12-11 02:05:05,810 - EXECUT - INFO - received weights from trainer sta0!
2025-12-11 02:05:11,143 - EXECUT - INFO - received weights from trainer sta1!
2025-12-11 02:05:19,616 - EXECUT - INFO - received weights from trainer sta2!
2025-12-11 02:05:28,498 - EXECUT - INFO - received weights from trainer sta3!
2025-12-11 02:05:37,410 - EXECUT - INFO - received weights from trainer sta4!
2025-12-11 02:05:43,623 - EXECUT - INFO - received weights from trainer sta5!
2025-12-11 02:05:45,200 - EXECUT - INFO - sent aggregated weights to trainers!
2025-12-11 02:06:01,348 - METRIC - INFO - {"loss": 0.32479843497276306, "accuracy": 0.9049007892608643, "energy_consumption": 0.7726382919586862, "selected": true, "host_energy_consumption": 0.37059515108, "client_name": "sta1"}
2025-12-11 02:06:04,925 - METRIC - INFO - {"loss": 0.31435778737068176, "accuracy": 0.9148191213607788, "energy_consumption": 0.6291479794029186, "selected": true, "host_energy_consumption": 0.35796626712, "client_name": "sta0"}
2025-12-11 02:06:12,388 - METRIC - INFO - {"loss": 0.3167147636413574, "accuracy": 0.8984237909317017, "energy_consumption": 0.7325304319580491, "selected": true, "host_energy_consumption": 0.26738757416000003, "client_name": "sta5"}
2025-12-11 02:06:15,479 - METRIC - INFO - {"loss": 0.30713674426078796, "accuracy": 0.9103641510009766, "energy_consumption": 1.0778301785541264, "selected": true, "host_energy_consumption": 0.44450646716000003, "client_name": "sta2"}
2025-12-11 02:06:16,173 - METRIC - INFO - {"loss": 0.3217996656894684, "accuracy": 0.9117646813392639, "energy_consumption": 0.9824295656475046, "selected": true, "host_energy_consumption": 0.44813762112000005, "client_name": "sta3"}
2025-12-11 02:06:17,036 - METRIC - INFO - {"loss": 0.3339128792285919, "accuracy": 0.8992995023727417, "energy_consumption": 0.9613996037963763, "selected": true, "host_energy_consumption": 0.43738666916, "client_name": "sta4"}
2025-12-11 02:06:17,234 - METRIC - INFO - mean_accuracy: 0.9065953393777212

2025-12-11 02:06:17,234 - METRIC - INFO - round: 19
2025-12-11 02:06:17,234 - METRIC - INFO - n_selected: 6
2025-12-11 02:06:17,234 - METRIC - INFO - {"selected_trainers": ["sta0", "sta1", "sta2", "sta3", "sta4", "sta5"]}
2025-12-11 02:06:23,023 - EXECUT - INFO - received weights from trainer sta0!
2025-12-11 02:06:28,533 - EXECUT - INFO - received weights from trainer sta1!
2025-12-11 02:06:35,594 - EXECUT - INFO - received weights from trainer sta2!
2025-12-11 02:06:44,305 - EXECUT - INFO - received weights from trainer sta3!
2025-12-11 02:06:52,164 - EXECUT - INFO - received weights from trainer sta4!
2025-12-11 02:07:00,610 - EXECUT - INFO - received weights from trainer sta5!
2025-12-11 02:07:02,175 - EXECUT - INFO - sent aggregated weights to trainers!
2025-12-11 02:07:16,644 - METRIC - INFO - {"loss": 0.30383995175361633, "accuracy": 0.9183197021484375, "energy_consumption": 0.6577644475168533, "selected": true, "host_energy_consumption": 0.37748452784000003, "client_name": "sta0"}
2025-12-11 02:07:18,552 - METRIC - INFO - {"loss": 0.31446394324302673, "accuracy": 0.9084014296531677, "energy_consumption": 0.8355955445329614, "selected": true, "host_energy_consumption": 0.39063376184000004, "client_name": "sta1"}
2025-12-11 02:07:25,140 - METRIC - INFO - {"loss": 0.32155609130859375, "accuracy": 0.9063047170639038, "energy_consumption": 1.0682244385058295, "selected": true, "host_energy_consumption": 0.46165162148000005, "client_name": "sta4"}
2025-12-11 02:07:31,261 - METRIC - INFO - {"loss": 0.3090636134147644, "accuracy": 0.9140989780426025, "energy_consumption": 1.0873481366796272, "selected": true, "host_energy_consumption": 0.47260980452, "client_name": "sta3"}
2025-12-11 02:07:31,741 - METRIC - INFO - {"loss": 0.30409225821495056, "accuracy": 0.900175154209137, "energy_consumption": 0.7611532201669592, "selected": true, "host_energy_consumption": 0.28255943688, "client_name": "sta5"}
2025-12-11 02:07:32,211 - METRIC - INFO - {"loss": 0.29885146021842957, "accuracy": 0.9126983880996704, "energy_consumption": 1.1159801650072756, "selected": true, "host_energy_consumption": 0.46907250796000005, "client_name": "sta2"}
2025-12-11 02:07:33,208 - METRIC - INFO - mean_accuracy: 0.9099997282028198

2025-12-11 02:07:33,208 - METRIC - INFO - round: 20
2025-12-11 02:07:33,208 - METRIC - INFO - n_selected: 6
2025-12-11 02:07:33,208 - METRIC - INFO - {"selected_trainers": ["sta0", "sta1", "sta2", "sta3", "sta4", "sta5"]}
2025-12-11 02:07:39,481 - EXECUT - INFO - received weights from trainer sta0!
2025-12-11 02:07:44,806 - EXECUT - INFO - received weights from trainer sta1!
2025-12-11 02:07:53,515 - EXECUT - INFO - received weights from trainer sta2!
2025-12-11 02:07:59,314 - EXECUT - INFO - received weights from trainer sta3!
2025-12-11 02:08:07,008 - EXECUT - INFO - received weights from trainer sta4!
2025-12-11 02:08:13,668 - EXECUT - INFO - received weights from trainer sta5!
2025-12-11 02:08:15,243 - EXECUT - INFO - sent aggregated weights to trainers!
2025-12-11 02:08:33,734 - METRIC - INFO - {"loss": 0.29490426182746887, "accuracy": 0.9194865822792053, "energy_consumption": 0.7150002020365732, "selected": true, "host_energy_consumption": 0.39683079688, "client_name": "sta0"}
2025-12-11 02:08:37,867 - METRIC - INFO - {"loss": 0.30329379439353943, "accuracy": 0.9113185405731201, "energy_consumption": 0.8699278327891599, "selected": true, "host_energy_consumption": 0.41024213692, "client_name": "sta1"}
2025-12-11 02:08:41,174 - METRIC - INFO - {"loss": 0.29463228583335876, "accuracy": 0.9071803689002991, "energy_consumption": 0.8298252294671139, "selected": true, "host_energy_consumption": 0.2968953862, "client_name": "sta5"}
2025-12-11 02:08:42,257 - METRIC - INFO - {"loss": 0.312595933675766, "accuracy": 0.9045534133911133, "energy_consumption": 1.1063738082092696, "selected": true, "host_energy_consumption": 0.48595955492000004, "client_name": "sta4"}
2025-12-11 02:08:45,768 - METRIC - INFO - {"loss": 0.2998211681842804, "accuracy": 0.916900098323822, "energy_consumption": 1.1254960853154339, "selected": true, "host_energy_consumption": 0.4966811808, "client_name": "sta3"}
2025-12-11 02:08:46,505 - METRIC - INFO - {"loss": 0.2855474650859833, "accuracy": 0.9145658016204834, "energy_consumption": 1.1827560663360435, "selected": true, "host_energy_consumption": 0.49300316688, "client_name": "sta2"}
2025-12-11 02:08:47,277 - METRIC - INFO - mean_accuracy: 0.9123341341813406

2025-12-11 02:08:47,277 - METRIC - INFO - round: 21
2025-12-11 02:08:47,277 - METRIC - INFO - n_selected: 6
2025-12-11 02:08:47,277 - METRIC - INFO - {"selected_trainers": ["sta0", "sta1", "sta2", "sta3", "sta4", "sta5"]}
2025-12-11 02:08:53,343 - EXECUT - INFO - received weights from trainer sta0!
2025-12-11 02:08:57,216 - EXECUT - INFO - received weights from trainer sta1!
2025-12-11 02:09:06,797 - EXECUT - INFO - received weights from trainer sta2!
2025-12-11 02:09:12,304 - EXECUT - INFO - received weights from trainer sta3!
2025-12-11 02:09:20,848 - EXECUT - INFO - received weights from trainer sta4!
2025-12-11 02:09:27,671 - EXECUT - INFO - received weights from trainer sta5!
2025-12-11 02:09:29,239 - EXECUT - INFO - sent aggregated weights to trainers!
2025-12-11 02:09:49,080 - METRIC - INFO - {"loss": 0.29428035020828247, "accuracy": 0.9154025912284851, "energy_consumption": 0.9042605009504648, "selected": true, "host_energy_consumption": 0.43018984736000004, "client_name": "sta1"}
2025-12-11 02:09:49,943 - METRIC - INFO - {"loss": 0.2862987816333771, "accuracy": 0.922987163066864, "energy_consumption": 0.7436115374576772, "selected": true, "host_energy_consumption": 0.4161546438, "client_name": "sta0"}
2025-12-11 02:09:54,940 - METRIC - INFO - {"loss": 0.2910410165786743, "accuracy": 0.9183006286621094, "energy_consumption": 1.1636669395268493, "selected": true, "host_energy_consumption": 0.52140725056, "client_name": "sta3"}
2025-12-11 02:09:55,782 - METRIC - INFO - {"loss": 0.28460654616355896, "accuracy": 0.9071803689002991, "energy_consumption": 0.8698846285181526, "selected": true, "host_energy_consumption": 0.31120722192, "client_name": "sta5"}
2025-12-11 02:10:01,196 - METRIC - INFO - {"loss": 0.3015846610069275, "accuracy": 0.9098073840141296, "energy_consumption": 1.1845751537133606, "selected": true, "host_energy_consumption": 0.51089547012, "client_name": "sta4"}
2025-12-11 02:10:01,382 - METRIC - INFO - {"loss": 0.27815601229667664, "accuracy": 0.916900098323822, "energy_consumption": 1.2209109581747837, "selected": true, "host_energy_consumption": 0.51787952384, "client_name": "sta2"}
2025-12-11 02:10:02,274 - METRIC - INFO - mean_accuracy: 0.9150963723659515

2025-12-11 02:10:02,274 - METRIC - INFO - round: 22
2025-12-11 02:10:02,274 - METRIC - INFO - n_selected: 6
2025-12-11 02:10:02,274 - METRIC - INFO - {"selected_trainers": ["sta0", "sta1", "sta2", "sta3", "sta4", "sta5"]}
2025-12-11 02:10:07,433 - EXECUT - INFO - received weights from trainer sta0!
2025-12-11 02:10:12,014 - EXECUT - INFO - received weights from trainer sta1!
2025-12-11 02:10:22,633 - EXECUT - INFO - received weights from trainer sta2!
2025-12-11 02:10:27,882 - EXECUT - INFO - received weights from trainer sta3!
2025-12-11 02:10:35,278 - EXECUT - INFO - received weights from trainer sta4!
2025-12-11 02:10:43,631 - EXECUT - INFO - received weights from trainer sta5!
2025-12-11 02:10:45,207 - EXECUT - INFO - sent aggregated weights to trainers!
2025-12-11 02:11:01,263 - METRIC - INFO - {"loss": 0.2830619215965271, "accuracy": 0.9154025912284851, "energy_consumption": 0.9672132518876716, "selected": true, "host_energy_consumption": 0.45024744520000004, "client_name": "sta1"}
2025-12-11 02:11:03,608 - METRIC - INFO - {"loss": 0.27670857310295105, "accuracy": 0.922987163066864, "energy_consumption": 0.8008495618706589, "selected": true, "host_energy_consumption": 0.43547449148, "client_name": "sta0"}
2025-12-11 02:11:08,089 - METRIC - INFO - {"loss": 0.2829543352127075, "accuracy": 0.9220354557037354, "energy_consumption": 1.2304128776286705, "selected": true, "host_energy_consumption": 0.5458581060800001, "client_name": "sta3"}
2025-12-11 02:11:08,668 - METRIC - INFO - {"loss": 0.2756701111793518, "accuracy": 0.914185643196106, "energy_consumption": 0.8984966665252708, "selected": true, "host_energy_consumption": 0.32538011772000003, "client_name": "sta5"}
2025-12-11 02:11:12,489 - METRIC - INFO - {"loss": 0.29355621337890625, "accuracy": 0.9150612950325012, "energy_consumption": 1.2513316004036878, "selected": true, "host_energy_consumption": 0.53527492396, "client_name": "sta4"}
2025-12-11 02:11:13,128 - METRIC - INFO - {"loss": 0.27040237188339233, "accuracy": 0.9192343354225159, "energy_consumption": 1.2590578290881564, "selected": true, "host_energy_consumption": 0.54211841404, "client_name": "sta2"}
2025-12-11 02:11:13,237 - METRIC - INFO - mean_accuracy: 0.9181510806083679

2025-12-11 02:11:13,237 - METRIC - INFO - round: 23
2025-12-11 02:11:13,237 - METRIC - INFO - n_selected: 6
2025-12-11 02:11:13,237 - METRIC - INFO - {"selected_trainers": ["sta0", "sta1", "sta2", "sta3", "sta4", "sta5"]}
2025-12-11 02:11:19,018 - EXECUT - INFO - received weights from trainer sta0!
2025-12-11 02:11:23,417 - EXECUT - INFO - received weights from trainer sta1!
2025-12-11 02:11:30,040 - EXECUT - INFO - received weights from trainer sta2!
2025-12-11 02:11:37,873 - EXECUT - INFO - received weights from trainer sta3!
2025-12-11 02:11:44,899 - EXECUT - INFO - received weights from trainer sta4!
2025-12-11 02:11:52,357 - EXECUT - INFO - received weights from trainer sta5!
2025-12-11 02:11:53,937 - EXECUT - INFO - sent aggregated weights to trainers!
2025-12-11 02:12:15,106 - METRIC - INFO - {"loss": 0.27488812804222107, "accuracy": 0.9165694117546082, "energy_consumption": 1.0015445307725672, "selected": true, "host_energy_consumption": 0.47029181528, "client_name": "sta1"}
2025-12-11 02:12:16,449 - METRIC - INFO - {"loss": 0.26954665780067444, "accuracy": 0.9253208637237549, "energy_consumption": 0.82946462322301, "selected": true, "host_energy_consumption": 0.45482214484, "client_name": "sta0"}
2025-12-11 02:12:24,659 - METRIC - INFO - {"loss": 0.2848814129829407, "accuracy": 0.9150612950325012, "energy_consumption": 1.3581948595738778, "selected": true, "host_energy_consumption": 0.55987939952, "client_name": "sta4"}
2025-12-11 02:12:25,370 - METRIC - INFO - {"loss": 0.267374187707901, "accuracy": 0.9194395542144775, "energy_consumption": 0.9385641564423667, "selected": true, "host_energy_consumption": 0.34039048176000003, "client_name": "sta5"}
2025-12-11 02:12:25,627 - METRIC - INFO - {"loss": 0.272561252117157, "accuracy": 0.9253034591674805, "energy_consumption": 1.2685706608790719, "selected": true, "host_energy_consumption": 0.57062877956, "client_name": "sta3"}
2025-12-11 02:12:26,785 - METRIC - INFO - {"loss": 0.26144343614578247, "accuracy": 0.9211017489433289, "energy_consumption": 1.3258275470242002, "selected": true, "host_energy_consumption": 0.56633312232, "client_name": "sta2"}
2025-12-11 02:12:26,971 - METRIC - INFO - mean_accuracy: 0.9204660554726919

2025-12-11 02:12:26,971 - METRIC - INFO - round: 24
2025-12-11 02:12:26,971 - METRIC - INFO - n_selected: 6
2025-12-11 02:12:26,971 - METRIC - INFO - {"selected_trainers": ["sta0", "sta1", "sta2", "sta3", "sta4", "sta5"]}
2025-12-11 02:12:31,905 - EXECUT - INFO - received weights from trainer sta0!
2025-12-11 02:12:37,024 - EXECUT - INFO - received weights from trainer sta1!
2025-12-11 02:12:46,399 - EXECUT - INFO - received weights from trainer sta2!
2025-12-11 02:12:52,347 - EXECUT - INFO - received weights from trainer sta3!
2025-12-11 02:12:58,519 - EXECUT - INFO - received weights from trainer sta4!
2025-12-11 02:13:07,076 - EXECUT - INFO - received weights from trainer sta5!
2025-12-11 02:13:08,647 - EXECUT - INFO - sent aggregated weights to trainers!
2025-12-11 02:13:26,799 - METRIC - INFO - {"loss": 0.2658576965332031, "accuracy": 0.9241540431976318, "energy_consumption": 1.035884458459468, "selected": true, "host_energy_consumption": 0.49049530852, "client_name": "sta1"}
2025-12-11 02:13:28,390 - METRIC - INFO - {"loss": 0.2632903456687927, "accuracy": 0.9241540431976318, "energy_consumption": 0.8580750557734041, "selected": true, "host_energy_consumption": 0.47445210456000003, "client_name": "sta0"}
2025-12-11 02:13:34,253 - METRIC - INFO - {"loss": 0.27535131573677063, "accuracy": 0.9159369468688965, "energy_consumption": 1.3963543659085216, "selected": true, "host_energy_consumption": 0.5841917762800001, "client_name": "sta4"}
2025-12-11 02:13:34,925 - METRIC - INFO - {"loss": 0.2604983448982239, "accuracy": 0.9229422211647034, "energy_consumption": 1.007260191958713, "selected": true, "host_energy_consumption": 0.35494260032, "client_name": "sta5"}
2025-12-11 02:13:36,329 - METRIC - INFO - {"loss": 0.2640097737312317, "accuracy": 0.9276376962661743, "energy_consumption": 1.3448667012111857, "selected": true, "host_energy_consumption": 0.5949284756800001, "client_name": "sta3"}
2025-12-11 02:13:37,562 - METRIC - INFO - {"loss": 0.2537958323955536, "accuracy": 0.9229691624641418, "energy_consumption": 1.3639818793374265, "selected": true, "host_energy_consumption": 0.5902801024400001, "client_name": "sta2"}
2025-12-11 02:13:37,679 - METRIC - INFO - mean_accuracy: 0.9229656855265299

2025-12-11 02:13:37,679 - METRIC - INFO - round: 25
2025-12-11 02:13:37,679 - METRIC - INFO - n_selected: 6
2025-12-11 02:13:37,679 - METRIC - INFO - {"selected_trainers": ["sta0", "sta1", "sta2", "sta3", "sta4", "sta5"]}
2025-12-11 02:13:43,692 - EXECUT - INFO - received weights from trainer sta0!
2025-12-11 02:13:48,441 - EXECUT - INFO - received weights from trainer sta1!
2025-12-11 02:13:58,438 - EXECUT - INFO - received weights from trainer sta2!
2025-12-11 02:14:04,660 - EXECUT - INFO - received weights from trainer sta3!
2025-12-11 02:14:10,775 - EXECUT - INFO - received weights from trainer sta4!
2025-12-11 02:14:18,260 - EXECUT - INFO - received weights from trainer sta5!
2025-12-11 02:14:19,838 - EXECUT - INFO - sent aggregated weights to trainers!
2025-12-11 02:14:36,819 - METRIC - INFO - {"loss": 0.2599688172340393, "accuracy": 0.9253208637237549, "energy_consumption": 1.035884458459468, "selected": true, "host_energy_consumption": 0.5103001652, "client_name": "sta1"}
2025-12-11 02:14:37,984 - METRIC - INFO - {"loss": 0.2556566298007965, "accuracy": 0.9311552047729492, "energy_consumption": 0.915296532855222, "selected": true, "host_energy_consumption": 0.49399668332, "client_name": "sta0"}
2025-12-11 02:14:41,172 - METRIC - INFO - {"loss": 0.2682966887950897, "accuracy": 0.9203152656555176, "energy_consumption": 1.4345010587910492, "selected": true, "host_energy_consumption": 0.6084252664, "client_name": "sta4"}
2025-12-11 02:14:46,434 - METRIC - INFO - {"loss": 0.2528955042362213, "accuracy": 0.9229422211647034, "energy_consumption": 1.0473168108673705, "selected": true, "host_energy_consumption": 0.36923408284000003, "client_name": "sta5"}
2025-12-11 02:14:48,683 - METRIC - INFO - {"loss": 0.2452118992805481, "accuracy": 0.9267039895057678, "energy_consumption": 1.4307490571548092, "selected": true, "host_energy_consumption": 0.61433917468, "client_name": "sta2"}
2025-12-11 02:14:52,260 - METRIC - INFO - {"loss": 0.25785401463508606, "accuracy": 0.9276376962661743, "energy_consumption": 1.383014997960875, "selected": true, "host_energy_consumption": 0.61978707672, "client_name": "sta3"}
2025-12-11 02:14:52,872 - METRIC - INFO - mean_accuracy: 0.9256792068481445

2025-12-11 02:14:52,872 - METRIC - INFO - round: 26
2025-12-11 02:14:52,872 - METRIC - INFO - n_selected: 6
2025-12-11 02:14:52,872 - METRIC - INFO - {"selected_trainers": ["sta0", "sta1", "sta2", "sta3", "sta4", "sta5"]}
2025-12-11 02:14:58,275 - EXECUT - INFO - received weights from trainer sta0!
2025-12-11 02:15:03,048 - EXECUT - INFO - received weights from trainer sta1!
2025-12-11 02:15:10,938 - EXECUT - INFO - received weights from trainer sta2!
2025-12-11 02:15:17,495 - EXECUT - INFO - received weights from trainer sta3!
2025-12-11 02:15:23,674 - EXECUT - INFO - received weights from trainer sta4!
2025-12-11 02:15:30,286 - EXECUT - INFO - received weights from trainer sta5!
2025-12-11 02:15:31,862 - EXECUT - INFO - sent aggregated weights to trainers!
2025-12-11 02:15:47,989 - METRIC - INFO - {"loss": 0.2510412037372589, "accuracy": 0.9276546239852905, "energy_consumption": 0.9725477808270916, "selected": true, "host_energy_consumption": 0.5135037502, "client_name": "sta0"}
2025-12-11 02:15:48,378 - METRIC - INFO - {"loss": 0.25460436940193176, "accuracy": 0.9253208637237549, "energy_consumption": 1.0988480422556508, "selected": true, "host_energy_consumption": 0.530757066, "client_name": "sta1"}
2025-12-11 02:15:58,900 - METRIC - INFO - {"loss": 0.2624572217464447, "accuracy": 0.9211909174919128, "energy_consumption": 1.4726484924090568, "selected": true, "host_energy_consumption": 0.63282601452, "client_name": "sta4"}
2025-12-11 02:16:01,102 - METRIC - INFO - {"loss": 0.23983602225780487, "accuracy": 0.9290382862091064, "energy_consumption": 1.4975172411643844, "selected": true, "host_energy_consumption": 0.6384839174, "client_name": "sta2"}
2025-12-11 02:16:02,931 - METRIC - INFO - {"loss": 0.25159013271331787, "accuracy": 0.9276376962661743, "energy_consumption": 1.449784720665602, "selected": true, "host_energy_consumption": 0.64426054196, "client_name": "sta3"}
2025-12-11 02:16:03,255 - METRIC - INFO - {"loss": 0.24691055715084076, "accuracy": 0.9229422211647034, "energy_consumption": 1.1159980793609976, "selected": true, "host_energy_consumption": 0.38392662812, "client_name": "sta5"}
2025-12-11 02:16:03,896 - METRIC - INFO - mean_accuracy: 0.9256307681401571

2025-12-11 02:16:03,896 - METRIC - INFO - round: 27
2025-12-11 02:16:03,896 - METRIC - INFO - n_selected: 6
2025-12-11 02:16:03,896 - METRIC - INFO - {"selected_trainers": ["sta0", "sta1", "sta2", "sta3", "sta4", "sta5"]}
2025-12-11 02:16:10,551 - EXECUT - INFO - received weights from trainer sta0!
2025-12-11 02:16:14,722 - EXECUT - INFO - received weights from trainer sta1!
2025-12-11 02:16:24,526 - EXECUT - INFO - received weights from trainer sta2!
2025-12-11 02:16:30,317 - EXECUT - INFO - received weights from trainer sta3!
2025-12-11 02:16:37,960 - EXECUT - INFO - received weights from trainer sta4!
2025-12-11 02:16:45,836 - EXECUT - INFO - received weights from trainer sta5!
2025-12-11 02:16:47,410 - EXECUT - INFO - sent aggregated weights to trainers!
2025-12-11 02:17:01,758 - METRIC - INFO - {"loss": 0.24313850700855255, "accuracy": 0.9323220252990723, "energy_consumption": 1.029773031526985, "selected": true, "host_energy_consumption": 0.53296670812, "client_name": "sta0"}
2025-12-11 02:17:06,253 - METRIC - INFO - {"loss": 0.24730047583580017, "accuracy": 0.9294049143791199, "energy_consumption": 1.1617252842713954, "selected": true, "host_energy_consumption": 0.5510668749600001, "client_name": "sta1"}
2025-12-11 02:17:07,993 - METRIC - INFO - {"loss": 0.23929651081562042, "accuracy": 0.9264448285102844, "energy_consumption": 1.1159980793609976, "selected": true, "host_energy_consumption": 0.39832743384, "client_name": "sta5"}
2025-12-11 02:17:12,509 - METRIC - INFO - {"loss": 0.24553465843200684, "accuracy": 0.9290382862091064, "energy_consumption": 1.5260894384118133, "selected": true, "host_energy_consumption": 0.66926189428, "client_name": "sta3"}
2025-12-11 02:17:17,172 - METRIC - INFO - {"loss": 0.2555256485939026, "accuracy": 0.9255691766738892, "energy_consumption": 1.579463920095847, "selected": true, "host_energy_consumption": 0.6573287714, "client_name": "sta4"}
2025-12-11 02:17:18,838 - METRIC - INFO - {"loss": 0.23343916237354279, "accuracy": 0.9309056997299194, "energy_consumption": 1.5642811858144758, "selected": true, "host_energy_consumption": 0.6627509207200001, "client_name": "sta2"}
2025-12-11 02:17:19,444 - METRIC - INFO - mean_accuracy: 0.9289474884668986

2025-12-11 02:17:19,444 - METRIC - INFO - round: 28
2025-12-11 02:17:19,444 - METRIC - INFO - n_selected: 6
2025-12-11 02:17:19,444 - METRIC - INFO - {"selected_trainers": ["sta0", "sta1", "sta2", "sta3", "sta4", "sta5"]}
2025-12-11 02:17:26,126 - EXECUT - INFO - received weights from trainer sta0!
2025-12-11 02:17:30,413 - EXECUT - INFO - received weights from trainer sta1!
2025-12-11 02:17:40,741 - EXECUT - INFO - received weights from trainer sta2!
2025-12-11 02:17:46,681 - EXECUT - INFO - received weights from trainer sta3!
2025-12-11 02:17:55,244 - EXECUT - INFO - received weights from trainer sta4!
2025-12-11 02:18:02,029 - EXECUT - INFO - received weights from trainer sta5!
2025-12-11 02:18:03,638 - EXECUT - INFO - sent aggregated weights to trainers!
2025-12-11 02:18:18,709 - METRIC - INFO - {"loss": 0.2392943799495697, "accuracy": 0.9358226656913757, "energy_consumption": 1.0584047975770536, "selected": true, "host_energy_consumption": 0.55263575192, "client_name": "sta0"}
2025-12-11 02:18:21,445 - METRIC - INFO - {"loss": 0.2380496859550476, "accuracy": 0.9311552047729492, "energy_consumption": 1.2246758352560265, "selected": true, "host_energy_consumption": 0.57106609364, "client_name": "sta1"}
2025-12-11 02:18:30,505 - METRIC - INFO - {"loss": 0.2478828728199005, "accuracy": 0.9290717840194702, "energy_consumption": 1.6462276247222076, "selected": true, "host_energy_consumption": 0.68168732464, "client_name": "sta4"}
2025-12-11 02:18:33,321 - METRIC - INFO - {"loss": 0.23916488885879517, "accuracy": 0.9318394064903259, "energy_consumption": 1.564239297700074, "selected": true, "host_energy_consumption": 0.6937546028, "client_name": "sta3"}
2025-12-11 02:18:34,570 - METRIC - INFO - {"loss": 0.22670841217041016, "accuracy": 0.9318394064903259, "energy_consumption": 1.6024278850552454, "selected": true, "host_energy_consumption": 0.68694888136, "client_name": "sta2"}
2025-12-11 02:18:35,586 - METRIC - INFO - {"loss": 0.23319071531295776, "accuracy": 0.9264448285102844, "energy_consumption": 1.1159980793609976, "selected": true, "host_energy_consumption": 0.41286088984, "client_name": "sta5"}
2025-12-11 02:18:35,671 - METRIC - INFO - mean_accuracy: 0.9310288826624552

2025-12-11 02:18:35,671 - METRIC - INFO - round: 29
2025-12-11 02:18:35,671 - METRIC - INFO - n_selected: 6
2025-12-11 02:18:35,671 - METRIC - INFO - {"selected_trainers": ["sta0", "sta1", "sta2", "sta3", "sta4", "sta5"]}
2025-12-11 02:18:42,555 - EXECUT - INFO - received weights from trainer sta0!
2025-12-11 02:18:47,057 - EXECUT - INFO - received weights from trainer sta1!
2025-12-11 02:18:56,795 - EXECUT - INFO - received weights from trainer sta2!
2025-12-11 02:19:02,843 - EXECUT - INFO - received weights from trainer sta3!
2025-12-11 02:19:13,122 - EXECUT - INFO - received weights from trainer sta4!
2025-12-11 02:19:18,704 - EXECUT - INFO - received weights from trainer sta5!
2025-12-11 02:19:20,271 - EXECUT - INFO - sent aggregated weights to trainers!
2025-12-11 02:19:36,564 - METRIC - INFO - {"loss": 0.23324787616729736, "accuracy": 0.9340723156929016, "energy_consumption": 1.287621231293973, "selected": true, "host_energy_consumption": 0.59137371468, "client_name": "sta1"}
2025-12-11 02:19:43,857 - METRIC - INFO - {"loss": 0.231236070394516, "accuracy": 0.9416569471359253, "energy_consumption": 1.0870259866874852, "selected": true, "host_energy_consumption": 0.5721164321600001, "client_name": "sta0"}
2025-12-11 02:19:45,135 - METRIC - INFO - {"loss": 0.2268669605255127, "accuracy": 0.928196132183075, "energy_consumption": 1.1560524617571688, "selected": true, "host_energy_consumption": 0.42781829272000005, "client_name": "sta5"}
2025-12-11 02:19:46,230 - METRIC - INFO - {"loss": 0.22009025514125824, "accuracy": 0.9337068200111389, "energy_consumption": 1.6405857509628239, "selected": true, "host_energy_consumption": 0.7110079530400001, "client_name": "sta2"}
2025-12-11 02:19:47,019 - METRIC - INFO - {"loss": 0.2430030107498169, "accuracy": 0.928196132183075, "energy_consumption": 1.6843747833461433, "selected": true, "host_energy_consumption": 0.7071316789600001, "client_name": "sta4"}
2025-12-11 02:19:47,112 - METRIC - INFO - {"loss": 0.2315870225429535, "accuracy": 0.9341736435890198, "energy_consumption": 1.6310127717690266, "selected": true, "host_energy_consumption": 0.71902604228, "client_name": "sta3"}
2025-12-11 02:19:47,299 - METRIC - INFO - mean_accuracy: 0.9333336651325226

2025-12-11 02:19:47,299 - METRIC - INFO - round: 30
2025-12-11 02:19:47,299 - METRIC - INFO - n_selected: 6
2025-12-11 02:19:47,299 - METRIC - INFO - {"selected_trainers": ["sta0", "sta1", "sta2", "sta3", "sta4", "sta5"]}
2025-12-11 02:19:53,439 - EXECUT - INFO - received weights from trainer sta0!
2025-12-11 02:19:57,957 - EXECUT - INFO - received weights from trainer sta1!
2025-12-11 02:20:03,974 - EXECUT - INFO - received weights from trainer sta2!
2025-12-11 02:20:10,197 - EXECUT - INFO - received weights from trainer sta3!
2025-12-11 02:20:18,519 - EXECUT - INFO - received weights from trainer sta4!
2025-12-11 02:20:23,675 - EXECUT - INFO - received weights from trainer sta5!
2025-12-11 02:20:25,252 - EXECUT - INFO - sent aggregated weights to trainers!
2025-12-11 02:20:42,600 - METRIC - INFO - {"loss": 0.22746065258979797, "accuracy": 0.9381563663482666, "energy_consumption": 1.14424755596385, "selected": true, "host_energy_consumption": 0.59173248036, "client_name": "sta0"}
2025-12-11 02:20:45,353 - METRIC - INFO - {"loss": 0.2283775508403778, "accuracy": 0.9340723156929016, "energy_consumption": 1.3219688031802592, "selected": true, "host_energy_consumption": 0.61169847732, "client_name": "sta1"}
2025-12-11 02:20:51,534 - METRIC - INFO - {"loss": 0.22169579565525055, "accuracy": 0.9299474358558655, "energy_consumption": 1.1560524617571688, "selected": true, "host_energy_consumption": 0.44328116084, "client_name": "sta5"}
2025-12-11 02:20:51,751 - METRIC - INFO - {"loss": 0.22669048607349396, "accuracy": 0.9365079402923584, "energy_consumption": 1.6977767180086731, "selected": true, "host_energy_consumption": 0.7460054700000001, "client_name": "sta3"}
2025-12-11 02:20:55,193 - METRIC - INFO - {"loss": 0.2145373821258545, "accuracy": 0.9360410571098328, "energy_consumption": 1.745512603608329, "selected": true, "host_energy_consumption": 0.7357905382800001, "client_name": "sta2"}
2025-12-11 02:20:55,397 - METRIC - INFO - {"loss": 0.23717917501926422, "accuracy": 0.928196132183075, "energy_consumption": 1.7225242547814898, "selected": true, "host_energy_consumption": 0.73200684004, "client_name": "sta4"}
2025-12-11 02:20:56,284 - METRIC - INFO - mean_accuracy: 0.9338202079137167

2025-12-11 02:20:56,291 - METRIC - INFO - stop_condition: rounds
