2025-12-12 08:55:11,594 - EXECUT - INFO - starting server...
2025-12-12 08:55:20,074 - EXECUT - INFO - trainer number sta5 just joined the pool
2025-12-12 08:55:20,119 - EXECUT - INFO - trainer number sta0 just joined the pool
2025-12-12 08:55:20,356 - EXECUT - INFO - trainer number sta4 just joined the pool
2025-12-12 08:55:20,779 - EXECUT - INFO - trainer number sta3 just joined the pool
2025-12-12 08:55:20,779 - EXECUT - INFO - trainer number sta2 just joined the pool
2025-12-12 08:55:20,877 - EXECUT - INFO - trainer number sta1 just joined the pool
2025-12-12 08:55:21,617 - EXECUT - INFO - mensagem de data_sz recebida: 
 {'id': 'sta0', 'dataset_sz': 259700928}
2025-12-12 08:55:21,619 - EXECUT - INFO - mensagem de data_sz recebida: 
 {'id': 'sta2', 'dataset_sz': 649277568}
2025-12-12 08:55:21,659 - EXECUT - INFO - mensagem de data_sz recebida: 
 {'id': 'sta3', 'dataset_sz': 649277568}
2025-12-12 08:55:21,659 - EXECUT - INFO - mensagem de data_sz recebida: 
 {'id': 'sta4', 'dataset_sz': 346301568}
2025-12-12 08:55:21,659 - EXECUT - INFO - mensagem de data_sz recebida: 
 {'id': 'sta5', 'dataset_sz': 173150784}
2025-12-12 08:55:21,660 - EXECUT - INFO - mensagem de data_sz recebida: 
 {'id': 'sta1', 'dataset_sz': 519401856}
2025-12-12 08:55:22,616 - METRIC - INFO - round: 1
2025-12-12 08:55:22,617 - METRIC - INFO - n_selected: 6
2025-12-12 08:55:22,617 - METRIC - INFO - {"selected_trainers": ["sta0", "sta1", "sta2", "sta3", "sta4", "sta5"]}
2025-12-12 08:55:38,003 - EXECUT - INFO - received weights from trainer sta0!
2025-12-12 08:55:56,780 - EXECUT - INFO - received weights from trainer sta1!
2025-12-12 08:56:21,388 - EXECUT - INFO - received weights from trainer sta2!
2025-12-12 08:56:46,275 - EXECUT - INFO - received weights from trainer sta3!
2025-12-12 08:57:03,785 - EXECUT - INFO - received weights from trainer sta4!
2025-12-12 08:57:14,088 - EXECUT - INFO - received weights from trainer sta5!
2025-12-12 08:57:15,552 - EXECUT - INFO - sent aggregated weights to trainers!
2025-12-12 08:57:34,953 - METRIC - INFO - {"loss": 0.40425723791122437, "accuracy": 0.9066510796546936, "energy_consumption": 0.21552387959642227, "selected": true, "host_energy_consumption": 0.10400209708000001, "client_name": "sta0"}
2025-12-12 08:57:35,603 - METRIC - INFO - {"loss": 0.3770996332168579, "accuracy": 0.8949211835861206, "energy_consumption": 0.24034033973901137, "selected": true, "host_energy_consumption": 0.11198675908000001, "client_name": "sta4"}
2025-12-12 08:57:36,470 - METRIC - INFO - {"loss": 0.32520684599876404, "accuracy": 0.9078179597854614, "energy_consumption": 0.5194979811707892, "selected": true, "host_energy_consumption": 0.19579445480000002, "client_name": "sta1"}
2025-12-12 08:57:38,594 - METRIC - INFO - {"loss": 0.5376094579696655, "accuracy": 0.8721541166305542, "energy_consumption": 0.15551978041593895, "selected": true, "host_energy_consumption": 0.06012969228, "client_name": "sta5"}
2025-12-12 08:57:39,272 - METRIC - INFO - {"loss": 0.2786564230918884, "accuracy": 0.9211017489433289, "energy_consumption": 0.5155442960207834, "selected": true, "host_energy_consumption": 0.20569435376, "client_name": "sta3"}
2025-12-12 08:58:01,125 - METRIC - INFO - {"loss": 0.2940960228443146, "accuracy": 0.920634925365448, "energy_consumption": 0.5688833829475501, "selected": true, "host_energy_consumption": 0.2239101494, "client_name": "sta2"}
2025-12-12 08:58:01,606 - METRIC - INFO - mean_accuracy: 0.9038801689942678

2025-12-12 08:58:01,606 - METRIC - INFO - round: 2
2025-12-12 08:58:01,606 - METRIC - INFO - n_selected: 6
2025-12-12 08:58:01,606 - METRIC - INFO - {"selected_trainers": ["sta0", "sta1", "sta2", "sta3", "sta4", "sta5"]}
2025-12-12 08:58:13,200 - EXECUT - INFO - received weights from trainer sta0!
2025-12-12 08:58:30,851 - EXECUT - INFO - received weights from trainer sta1!
2025-12-12 08:58:57,955 - EXECUT - INFO - received weights from trainer sta2!
2025-12-12 08:59:20,080 - EXECUT - INFO - received weights from trainer sta3!
2025-12-12 08:59:37,298 - EXECUT - INFO - received weights from trainer sta4!
2025-12-12 08:59:49,706 - EXECUT - INFO - received weights from trainer sta5!
2025-12-12 08:59:51,136 - EXECUT - INFO - sent aggregated weights to trainers!
2025-12-12 09:00:08,898 - METRIC - INFO - {"loss": 0.41745084524154663, "accuracy": 0.8885647654533386, "energy_consumption": 0.9487571916343878, "selected": true, "host_energy_consumption": 0.35870423792, "client_name": "sta1"}
2025-12-12 09:00:09,941 - METRIC - INFO - {"loss": 0.636335015296936, "accuracy": 0.8728121519088745, "energy_consumption": 0.3808315876074111, "selected": true, "host_energy_consumption": 0.18290944616000002, "client_name": "sta0"}
2025-12-12 09:00:11,966 - METRIC - INFO - {"loss": 0.5065205097198486, "accuracy": 0.8730297684669495, "energy_consumption": 0.518629384576355, "selected": true, "host_energy_consumption": 0.21804140932000002, "client_name": "sta4"}
2025-12-12 09:00:13,895 - METRIC - INFO - {"loss": 0.9552820920944214, "accuracy": 0.7915936708450317, "energy_consumption": 0.35116988133101223, "selected": true, "host_energy_consumption": 0.11479803132000001, "client_name": "sta5"}
2025-12-12 09:00:31,403 - METRIC - INFO - {"loss": 0.35572829842567444, "accuracy": 0.8972922563552856, "energy_consumption": 0.9811926375419662, "selected": true, "host_energy_consumption": 0.40517107960000004, "client_name": "sta3"}
2025-12-12 09:00:31,840 - METRIC - INFO - {"loss": 0.3558450937271118, "accuracy": 0.8996264934539795, "energy_consumption": 1.1139175918380881, "selected": true, "host_energy_consumption": 0.42599935868000005, "client_name": "sta2"}
2025-12-12 09:00:32,179 - METRIC - INFO - mean_accuracy: 0.8704865177472433

2025-12-12 09:00:32,179 - METRIC - INFO - round: 3
2025-12-12 09:00:32,179 - METRIC - INFO - n_selected: 6
2025-12-12 09:00:32,179 - METRIC - INFO - {"selected_trainers": ["sta0", "sta1", "sta2", "sta3", "sta4", "sta5"]}
2025-12-12 09:00:43,788 - EXECUT - INFO - received weights from trainer sta0!
2025-12-12 09:01:01,840 - EXECUT - INFO - received weights from trainer sta1!
2025-12-12 09:01:24,264 - EXECUT - INFO - received weights from trainer sta2!
2025-12-12 09:01:47,627 - EXECUT - INFO - received weights from trainer sta3!
2025-12-12 09:02:04,101 - EXECUT - INFO - received weights from trainer sta4!
2025-12-12 09:02:16,660 - EXECUT - INFO - received weights from trainer sta5!
2025-12-12 09:02:18,075 - EXECUT - INFO - sent aggregated weights to trainers!
2025-12-12 09:02:35,775 - METRIC - INFO - {"loss": 0.3300843834877014, "accuracy": 0.9171528816223145, "energy_consumption": 0.5918031294959671, "selected": true, "host_energy_consumption": 0.26255994520000003, "client_name": "sta0"}
2025-12-12 09:02:40,644 - METRIC - INFO - {"loss": 0.30635812878608704, "accuracy": 0.9119020104408264, "energy_consumption": 1.4271031952826616, "selected": true, "host_energy_consumption": 0.52183757276, "client_name": "sta1"}
2025-12-12 09:02:41,602 - METRIC - INFO - {"loss": 0.3232302963733673, "accuracy": 0.9054290652275085, "energy_consumption": 0.7524631897148661, "selected": true, "host_energy_consumption": 0.32451643448, "client_name": "sta4"}
2025-12-12 09:02:42,786 - METRIC - INFO - {"loss": 0.33568450808525085, "accuracy": 0.8931698799133301, "energy_consumption": 0.46933103034516144, "selected": true, "host_energy_consumption": 0.169375948, "client_name": "sta5"}
2025-12-12 09:02:58,203 - METRIC - INFO - {"loss": 0.2691862881183624, "accuracy": 0.9248365759849548, "energy_consumption": 1.694216984915767, "selected": true, "host_energy_consumption": 0.6287562834, "client_name": "sta2"}
2025-12-12 09:02:59,340 - METRIC - INFO - {"loss": 0.26392924785614014, "accuracy": 0.9211017489433289, "energy_consumption": 1.4986661155321779, "selected": true, "host_energy_consumption": 0.60330094104, "client_name": "sta3"}
2025-12-12 09:03:00,119 - METRIC - INFO - mean_accuracy: 0.9122653603553772

2025-12-12 09:03:00,119 - METRIC - INFO - round: 4
2025-12-12 09:03:00,119 - METRIC - INFO - n_selected: 6
2025-12-12 09:03:00,119 - METRIC - INFO - {"selected_trainers": ["sta0", "sta1", "sta2", "sta3", "sta4", "sta5"]}
2025-12-12 09:03:11,189 - EXECUT - INFO - received weights from trainer sta0!
2025-12-12 09:03:27,729 - EXECUT - INFO - received weights from trainer sta1!
2025-12-12 09:03:51,781 - EXECUT - INFO - received weights from trainer sta2!
2025-12-12 09:04:15,448 - EXECUT - INFO - received weights from trainer sta3!
2025-12-12 09:04:32,332 - EXECUT - INFO - received weights from trainer sta4!
2025-12-12 09:04:43,833 - EXECUT - INFO - received weights from trainer sta5!
2025-12-12 09:04:45,258 - EXECUT - INFO - sent aggregated weights to trainers!
2025-12-12 09:04:58,752 - METRIC - INFO - {"loss": 0.24370768666267395, "accuracy": 0.9305717349052429, "energy_consumption": 1.8518757582408722, "selected": true, "host_energy_consumption": 0.6843974418400001, "client_name": "sta1"}
2025-12-12 09:05:00,691 - METRIC - INFO - {"loss": 0.2508503496646881, "accuracy": 0.9393232464790344, "energy_consumption": 0.8035198147152609, "selected": true, "host_energy_consumption": 0.34255141984000004, "client_name": "sta0"}
2025-12-12 09:05:05,314 - METRIC - INFO - {"loss": 0.25082260370254517, "accuracy": 0.9246935248374939, "energy_consumption": 1.0305919686427454, "selected": true, "host_energy_consumption": 0.43152367020000004, "client_name": "sta4"}
2025-12-12 09:05:05,855 - METRIC - INFO - {"loss": 0.24642311036586761, "accuracy": 0.9211909174919128, "energy_consumption": 0.5879074935281778, "selected": true, "host_energy_consumption": 0.22435192108000002, "client_name": "sta5"}
2025-12-12 09:05:09,177 - METRIC - INFO - {"loss": 0.2085593044757843, "accuracy": 0.9346405267715454, "energy_consumption": 2.0151293574955886, "selected": true, "host_energy_consumption": 0.8021963572, "client_name": "sta3"}
2025-12-12 09:05:28,139 - METRIC - INFO - {"loss": 0.2144891321659088, "accuracy": 0.9355742335319519, "energy_consumption": 2.1927258782098398, "selected": true, "host_energy_consumption": 0.83058271996, "client_name": "sta2"}
2025-12-12 09:05:28,300 - METRIC - INFO - mean_accuracy: 0.9309990306695303

2025-12-12 09:05:28,300 - METRIC - INFO - round: 5
2025-12-12 09:05:28,300 - METRIC - INFO - n_selected: 6
2025-12-12 09:05:28,300 - METRIC - INFO - {"selected_trainers": ["sta0", "sta1", "sta2", "sta3", "sta4", "sta5"]}
2025-12-12 09:05:39,855 - EXECUT - INFO - received weights from trainer sta0!
2025-12-12 09:05:55,839 - EXECUT - INFO - received weights from trainer sta1!
2025-12-12 09:06:18,146 - EXECUT - INFO - received weights from trainer sta2!
2025-12-12 09:06:41,714 - EXECUT - INFO - received weights from trainer sta3!
2025-12-12 09:06:58,642 - EXECUT - INFO - received weights from trainer sta4!
2025-12-12 09:07:10,048 - EXECUT - INFO - received weights from trainer sta5!
2025-12-12 09:07:11,456 - EXECUT - INFO - sent aggregated weights to trainers!
2025-12-12 09:07:25,797 - METRIC - INFO - {"loss": 0.19877174496650696, "accuracy": 0.9509918093681335, "energy_consumption": 0.9732953387011534, "selected": true, "host_energy_consumption": 0.42250222112, "client_name": "sta0"}
2025-12-12 09:07:26,676 - METRIC - INFO - {"loss": 0.20006084442138672, "accuracy": 0.9416569471359253, "energy_consumption": 2.2761230443716727, "selected": true, "host_energy_consumption": 0.8473671418800001, "client_name": "sta1"}
2025-12-12 09:07:27,098 - METRIC - INFO - {"loss": 0.19315116107463837, "accuracy": 0.9422066807746887, "energy_consumption": 0.7430723360749347, "selected": true, "host_energy_consumption": 0.2789067498, "client_name": "sta5"}
2025-12-12 09:07:30,894 - METRIC - INFO - {"loss": 0.17295479774475098, "accuracy": 0.9444444179534912, "energy_consumption": 2.4895351348077845, "selected": true, "host_energy_consumption": 1.000844313, "client_name": "sta3"}
2025-12-12 09:07:32,654 - METRIC - INFO - {"loss": 0.19915451109409332, "accuracy": 0.9439579844474792, "energy_consumption": 1.233432105898728, "selected": true, "host_energy_consumption": 0.5371277142, "client_name": "sta4"}
2025-12-12 09:07:52,313 - METRIC - INFO - {"loss": 0.17405347526073456, "accuracy": 0.9509803652763367, "energy_consumption": 2.729414746616983, "selected": true, "host_energy_consumption": 1.03107907448, "client_name": "sta2"}
2025-12-12 09:07:52,499 - METRIC - INFO - mean_accuracy: 0.9457063674926758

2025-12-12 09:07:52,499 - METRIC - INFO - round: 6
2025-12-12 09:07:52,499 - METRIC - INFO - n_selected: 6
2025-12-12 09:07:52,499 - METRIC - INFO - {"selected_trainers": ["sta0", "sta1", "sta2", "sta3", "sta4", "sta5"]}
2025-12-12 09:08:04,053 - EXECUT - INFO - received weights from trainer sta0!
2025-12-12 09:08:20,003 - EXECUT - INFO - received weights from trainer sta1!
2025-12-12 09:08:43,551 - EXECUT - INFO - received weights from trainer sta2!
2025-12-12 09:09:06,856 - EXECUT - INFO - received weights from trainer sta3!
2025-12-12 09:09:26,487 - EXECUT - INFO - received weights from trainer sta4!
2025-12-12 09:09:37,734 - EXECUT - INFO - received weights from trainer sta5!
2025-12-12 09:09:39,148 - EXECUT - INFO - sent aggregated weights to trainers!
2025-12-12 09:09:57,919 - METRIC - INFO - {"loss": 0.16784662008285522, "accuracy": 0.9544923901557922, "energy_consumption": 1.138585502726159, "selected": true, "host_energy_consumption": 0.5017924674, "client_name": "sta0"}
2025-12-12 09:09:58,478 - METRIC - INFO - {"loss": 0.16636212170124054, "accuracy": 0.9521586894989014, "energy_consumption": 2.73660221899582, "selected": true, "host_energy_consumption": 1.01019219336, "client_name": "sta1"}
2025-12-12 09:10:01,606 - METRIC - INFO - {"loss": 0.16631455719470978, "accuracy": 0.9509631991386414, "energy_consumption": 1.4320635097453045, "selected": true, "host_energy_consumption": 0.64368256568, "client_name": "sta4"}
2025-12-12 09:10:02,032 - METRIC - INFO - {"loss": 0.15818555653095245, "accuracy": 0.9509631991386414, "energy_consumption": 0.8604752533121562, "selected": true, "host_energy_consumption": 0.3339197218, "client_name": "sta5"}
2025-12-12 09:10:06,191 - METRIC - INFO - {"loss": 0.14888666570186615, "accuracy": 0.9537814855575562, "energy_consumption": 3.000818130633217, "selected": true, "host_energy_consumption": 1.20043003752, "client_name": "sta3"}
2025-12-12 09:10:19,385 - METRIC - INFO - {"loss": 0.14632338285446167, "accuracy": 0.9565826058387756, "energy_consumption": 3.2870824852020184, "selected": true, "host_energy_consumption": 1.23330828348, "client_name": "sta2"}
2025-12-12 09:10:20,190 - METRIC - INFO - mean_accuracy: 0.9531569282213846

2025-12-12 09:10:20,190 - METRIC - INFO - round: 7
2025-12-12 09:10:20,190 - METRIC - INFO - n_selected: 6
2025-12-12 09:10:20,190 - METRIC - INFO - {"selected_trainers": ["sta0", "sta1", "sta2", "sta3", "sta4", "sta5"]}
2025-12-12 09:10:32,402 - EXECUT - INFO - received weights from trainer sta0!
2025-12-12 09:10:50,294 - EXECUT - INFO - received weights from trainer sta1!
2025-12-12 09:11:15,546 - EXECUT - INFO - received weights from trainer sta2!
2025-12-12 09:11:42,360 - EXECUT - INFO - received weights from trainer sta3!
2025-12-12 09:11:59,227 - EXECUT - INFO - received weights from trainer sta4!
2025-12-12 09:12:09,123 - EXECUT - INFO - received weights from trainer sta5!
2025-12-12 09:12:10,538 - EXECUT - INFO - sent aggregated weights to trainers!
2025-12-12 09:12:22,340 - METRIC - INFO - {"loss": 0.14382636547088623, "accuracy": 0.9579929709434509, "energy_consumption": 3.1587446877813434, "selected": true, "host_energy_consumption": 1.1737831246400001, "client_name": "sta1"}
2025-12-12 09:12:24,612 - METRIC - INFO - {"loss": 0.1440538763999939, "accuracy": 0.9626604318618774, "energy_consumption": 1.303299212414221, "selected": true, "host_energy_consumption": 0.5816039698000001, "client_name": "sta0"}
2025-12-12 09:12:28,046 - METRIC - INFO - {"loss": 0.14061205089092255, "accuracy": 0.9588441252708435, "energy_consumption": 1.6740223787571185, "selected": true, "host_energy_consumption": 0.75027663844, "client_name": "sta4"}
2025-12-12 09:12:29,069 - METRIC - INFO - {"loss": 0.13053859770298004, "accuracy": 0.9575163125991821, "energy_consumption": 3.5221843770229704, "selected": true, "host_energy_consumption": 1.40054043584, "client_name": "sta3"}
2025-12-12 09:12:30,744 - METRIC - INFO - {"loss": 0.13317503035068512, "accuracy": 0.9562171697616577, "energy_consumption": 1.0106196324038201, "selected": true, "host_energy_consumption": 0.38866569952, "client_name": "sta5"}
