2025-12-10 09:33:32,134 - EXECUT - INFO - starting server...
2025-12-10 09:33:40,597 - EXECUT - INFO - trainer number sta5 just joined the pool
2025-12-10 09:33:40,643 - EXECUT - INFO - trainer number sta0 just joined the pool
2025-12-10 09:33:40,938 - EXECUT - INFO - trainer number sta4 just joined the pool
2025-12-10 09:33:41,090 - EXECUT - INFO - trainer number sta1 just joined the pool
2025-12-10 09:33:41,180 - EXECUT - INFO - trainer number sta2 just joined the pool
2025-12-10 09:33:41,654 - EXECUT - INFO - trainer number sta3 just joined the pool
2025-12-10 09:33:42,158 - EXECUT - INFO - mensagem de data_sz recebida: 
 {'id': 'sta0', 'dataset_sz': 84899491968}
2025-12-10 09:33:42,161 - EXECUT - INFO - mensagem de data_sz recebida: 
 {'id': 'sta1', 'dataset_sz': 339081857536}
2025-12-10 09:33:42,202 - EXECUT - INFO - mensagem de data_sz recebida: 
 {'id': 'sta2', 'dataset_sz': 529695287808}
2025-12-10 09:33:42,202 - EXECUT - INFO - mensagem de data_sz recebida: 
 {'id': 'sta5', 'dataset_sz': 37797784704}
2025-12-10 09:33:42,202 - EXECUT - INFO - mensagem de data_sz recebida: 
 {'id': 'sta4', 'dataset_sz': 150847031808}
2025-12-10 09:33:42,203 - EXECUT - INFO - mensagem de data_sz recebida: 
 {'id': 'sta3', 'dataset_sz': 529695287808}
2025-12-10 09:33:43,157 - METRIC - INFO - round: 1
2025-12-10 09:33:43,157 - METRIC - INFO - n_selected: 6
2025-12-10 09:33:43,157 - METRIC - INFO - {"selected_trainers": ["sta0", "sta1", "sta2", "sta3", "sta4", "sta5"]}
2025-12-10 09:33:57,924 - EXECUT - INFO - received weights from trainer sta0!
2025-12-10 09:34:16,206 - EXECUT - INFO - received weights from trainer sta1!
2025-12-10 09:34:38,825 - EXECUT - INFO - received weights from trainer sta2!
2025-12-10 09:35:04,605 - EXECUT - INFO - received weights from trainer sta3!
2025-12-10 09:35:23,517 - EXECUT - INFO - received weights from trainer sta4!
2025-12-10 09:35:34,770 - EXECUT - INFO - received weights from trainer sta5!
2025-12-10 09:35:36,230 - EXECUT - INFO - sent aggregated weights to trainers!
2025-12-10 09:35:54,746 - METRIC - INFO - {"loss": 0.29074111580848694, "accuracy": 0.9136523008346558, "energy_consumption": 0.5080294726058446, "selected": true, "host_energy_consumption": 0.17684629284, "client_name": "sta1"}
2025-12-10 09:35:56,369 - METRIC - INFO - {"loss": 0.4599871039390564, "accuracy": 0.8599766492843628, "energy_consumption": 0.25110984675314973, "selected": true, "host_energy_consumption": 0.10239025524, "client_name": "sta0"}
2025-12-10 09:36:00,602 - METRIC - INFO - {"loss": 0.3758760094642639, "accuracy": 0.900175154209137, "energy_consumption": 0.28037431534963897, "selected": true, "host_energy_consumption": 0.12120120348, "client_name": "sta4"}
2025-12-10 09:36:04,984 - METRIC - INFO - {"loss": 0.24732078611850739, "accuracy": 0.9234360456466675, "energy_consumption": 0.5634353768299671, "selected": true, "host_energy_consumption": 0.22550025316000002, "client_name": "sta3"}
2025-12-10 09:36:08,729 - METRIC - INFO - {"loss": 0.2586180865764618, "accuracy": 0.9220354557037354, "energy_consumption": 0.5534434513201614, "selected": true, "host_energy_consumption": 0.2049612698, "client_name": "sta2"}
2025-12-10 09:36:15,604 - METRIC - INFO - {"loss": 0.516335129737854, "accuracy": 0.8704028129577637, "energy_consumption": 0.15502210472766098, "selected": true, "host_energy_consumption": 0.06647260564, "client_name": "sta5"}
2025-12-10 09:36:16,278 - METRIC - INFO - mean_accuracy: 0.898279736439387

2025-12-10 09:36:16,278 - METRIC - INFO - round: 2
2025-12-10 09:36:16,278 - METRIC - INFO - n_selected: 6
2025-12-10 09:36:16,278 - METRIC - INFO - {"selected_trainers": ["sta0", "sta1", "sta2", "sta3", "sta4", "sta5"]}
2025-12-10 09:36:28,644 - EXECUT - INFO - received weights from trainer sta0!
2025-12-10 09:36:47,557 - EXECUT - INFO - received weights from trainer sta1!
2025-12-10 09:37:15,645 - EXECUT - INFO - received weights from trainer sta2!
2025-12-10 09:37:39,362 - EXECUT - INFO - received weights from trainer sta3!
2025-12-10 09:37:59,003 - EXECUT - INFO - received weights from trainer sta4!
2025-12-10 09:38:14,581 - EXECUT - INFO - received weights from trainer sta5!
2025-12-10 09:38:16,036 - EXECUT - INFO - sent aggregated weights to trainers!
2025-12-10 09:38:35,622 - METRIC - INFO - {"loss": 0.3607769310474396, "accuracy": 0.8984830975532532, "energy_consumption": 0.9882301364195331, "selected": true, "host_energy_consumption": 0.36396104332, "client_name": "sta1"}
2025-12-10 09:38:40,064 - METRIC - INFO - {"loss": 0.6115140318870544, "accuracy": 0.8448074460029602, "energy_consumption": 0.46632591578821037, "selected": true, "host_energy_consumption": 0.20420328572000002, "client_name": "sta0"}
2025-12-10 09:38:46,339 - METRIC - INFO - {"loss": 0.3113161325454712, "accuracy": 0.9094304442405701, "energy_consumption": 1.0845162048057337, "selected": true, "host_energy_consumption": 0.43389653832, "client_name": "sta3"}
2025-12-10 09:38:51,168 - METRIC - INFO - {"loss": 0.481544554233551, "accuracy": 0.8844133019447327, "energy_consumption": 0.6096065111883409, "selected": true, "host_energy_consumption": 0.23714134612, "client_name": "sta4"}
2025-12-10 09:39:02,876 - METRIC - INFO - {"loss": 0.79971843957901, "accuracy": 0.8423817753791809, "energy_consumption": 0.2751853011925727, "selected": true, "host_energy_consumption": 0.12965814232, "client_name": "sta5"}
2025-12-10 09:39:03,896 - METRIC - INFO - {"loss": 0.3085569143295288, "accuracy": 0.9145658016204834, "energy_consumption": 1.1083142251966276, "selected": true, "host_energy_consumption": 0.43897174748, "client_name": "sta2"}
2025-12-10 09:39:04,086 - METRIC - INFO - mean_accuracy: 0.8823469777901968

2025-12-10 09:39:04,086 - METRIC - INFO - round: 3
2025-12-10 09:39:04,086 - METRIC - INFO - n_selected: 6
2025-12-10 09:39:04,086 - METRIC - INFO - {"selected_trainers": ["sta0", "sta1", "sta2", "sta3", "sta4", "sta5"]}
2025-12-10 09:39:14,218 - EXECUT - INFO - received weights from trainer sta0!
2025-12-10 09:39:31,485 - EXECUT - INFO - received weights from trainer sta1!
2025-12-10 09:39:55,333 - EXECUT - INFO - received weights from trainer sta2!
2025-12-10 09:40:18,465 - EXECUT - INFO - received weights from trainer sta3!
2025-12-10 09:40:36,335 - EXECUT - INFO - received weights from trainer sta4!
2025-12-10 09:40:48,213 - EXECUT - INFO - received weights from trainer sta5!
2025-12-10 09:40:49,636 - EXECUT - INFO - sent aggregated weights to trainers!
2025-12-10 09:41:08,462 - METRIC - INFO - {"loss": 0.25433647632598877, "accuracy": 0.9206534624099731, "energy_consumption": 1.4110507612514471, "selected": true, "host_energy_consumption": 0.52764198648, "client_name": "sta1"}
2025-12-10 09:41:09,838 - METRIC - INFO - {"loss": 0.35563725233078003, "accuracy": 0.8961493372917175, "energy_consumption": 0.6787915942552546, "selected": true, "host_energy_consumption": 0.28397951484, "client_name": "sta0"}
2025-12-10 09:41:13,825 - METRIC - INFO - {"loss": 0.23281751573085785, "accuracy": 0.9285714030265808, "energy_consumption": 1.6440014571025825, "selected": true, "host_energy_consumption": 0.63463211588, "client_name": "sta3"}
2025-12-10 09:41:17,028 - METRIC - INFO - {"loss": 0.30448517203330994, "accuracy": 0.9106830358505249, "energy_consumption": 0.847268766315155, "selected": true, "host_energy_consumption": 0.344389514, "client_name": "sta4"}
2025-12-10 09:41:32,010 - METRIC - INFO - {"loss": 0.22457072138786316, "accuracy": 0.9341736435890198, "energy_consumption": 1.6636103354247673, "selected": true, "host_energy_consumption": 0.64213513588, "client_name": "sta2"}
2025-12-10 09:41:33,393 - METRIC - INFO - {"loss": 0.3234945237636566, "accuracy": 0.9229422211647034, "energy_consumption": 0.39292045418718846, "selected": true, "host_energy_consumption": 0.18492611144, "client_name": "sta5"}
2025-12-10 09:41:33,683 - METRIC - INFO - mean_accuracy: 0.9188621838887533

2025-12-10 09:41:33,683 - METRIC - INFO - round: 4
2025-12-10 09:41:33,683 - METRIC - INFO - n_selected: 6
2025-12-10 09:41:33,683 - METRIC - INFO - {"selected_trainers": ["sta0", "sta1", "sta2", "sta3", "sta4", "sta5"]}
2025-12-10 09:41:45,494 - EXECUT - INFO - received weights from trainer sta0!
2025-12-10 09:42:05,065 - EXECUT - INFO - received weights from trainer sta1!
2025-12-10 09:42:29,000 - EXECUT - INFO - received weights from trainer sta2!
2025-12-10 09:42:53,387 - EXECUT - INFO - received weights from trainer sta3!
2025-12-10 09:43:12,734 - EXECUT - INFO - received weights from trainer sta4!
2025-12-10 09:43:26,170 - EXECUT - INFO - received weights from trainer sta5!
2025-12-10 09:43:27,595 - EXECUT - INFO - sent aggregated weights to trainers!
2025-12-10 09:43:45,577 - METRIC - INFO - {"loss": 0.276890367269516, "accuracy": 0.9101517200469971, "energy_consumption": 0.887213664510678, "selected": true, "host_energy_consumption": 0.36376586120000004, "client_name": "sta0"}
2025-12-10 09:43:46,565 - METRIC - INFO - {"loss": 0.19983552396297455, "accuracy": 0.9416569471359253, "energy_consumption": 1.882658965053162, "selected": true, "host_energy_consumption": 0.6905742088000001, "client_name": "sta1"}
2025-12-10 09:43:51,326 - METRIC - INFO - {"loss": 0.18324607610702515, "accuracy": 0.9397758841514587, "energy_consumption": 2.1156492282594783, "selected": true, "host_energy_consumption": 0.83634509252, "client_name": "sta3"}
2025-12-10 09:43:52,899 - METRIC - INFO - {"loss": 0.23604726791381836, "accuracy": 0.9273204803466797, "energy_consumption": 1.0899749849685278, "selected": true, "host_energy_consumption": 0.45101192192, "client_name": "sta4"}
2025-12-10 09:43:53,341 - METRIC - INFO - {"loss": 0.24045486748218536, "accuracy": 0.9369527101516724, "energy_consumption": 0.5111755160613436, "selected": true, "host_energy_consumption": 0.240314837, "client_name": "sta5"}
2025-12-10 09:44:10,342 - METRIC - INFO - {"loss": 0.17258048057556152, "accuracy": 0.9495798349380493, "energy_consumption": 2.170643383700307, "selected": true, "host_energy_consumption": 0.84663188792, "client_name": "sta2"}
2025-12-10 09:44:10,639 - METRIC - INFO - mean_accuracy: 0.9342395961284637

2025-12-10 09:44:10,639 - METRIC - INFO - round: 5
2025-12-10 09:44:10,639 - METRIC - INFO - n_selected: 6
2025-12-10 09:44:10,639 - METRIC - INFO - {"selected_trainers": ["sta0", "sta1", "sta2", "sta3", "sta4", "sta5"]}
2025-12-10 09:44:22,593 - EXECUT - INFO - received weights from trainer sta0!
2025-12-10 09:44:39,902 - EXECUT - INFO - received weights from trainer sta1!
2025-12-10 09:45:06,101 - EXECUT - INFO - received weights from trainer sta2!
2025-12-10 09:45:30,116 - EXECUT - INFO - received weights from trainer sta3!
2025-12-10 09:45:55,197 - EXECUT - INFO - received weights from trainer sta4!
2025-12-10 09:46:05,294 - EXECUT - INFO - received weights from trainer sta5!
2025-12-10 09:46:06,711 - EXECUT - INFO - sent aggregated weights to trainers!
2025-12-10 09:46:22,572 - METRIC - INFO - {"loss": 0.1609019935131073, "accuracy": 0.9498249888420105, "energy_consumption": 2.342585806930227, "selected": true, "host_energy_consumption": 0.8537258640400001, "client_name": "sta1"}
2025-12-10 09:46:25,354 - METRIC - INFO - {"loss": 0.21934346854686737, "accuracy": 0.9311552047729492, "energy_consumption": 1.0978149038323504, "selected": true, "host_energy_consumption": 0.4464715892, "client_name": "sta0"}
2025-12-10 09:46:30,954 - METRIC - INFO - {"loss": 0.19157114624977112, "accuracy": 0.9492118954658508, "energy_consumption": 0.629692558270901, "selected": true, "host_energy_consumption": 0.29590125712000004, "client_name": "sta5"}
2025-12-10 09:46:31,276 - METRIC - INFO - {"loss": 0.19149266183376312, "accuracy": 0.9413309693336487, "energy_consumption": 1.5121525703381167, "selected": true, "host_energy_consumption": 0.6059121432000001, "client_name": "sta4"}
2025-12-10 09:46:34,538 - METRIC - INFO - {"loss": 0.15006843209266663, "accuracy": 0.9505135416984558, "energy_consumption": 2.5826722985284825, "selected": true, "host_energy_consumption": 1.0347460494, "client_name": "sta3"}
2025-12-10 09:46:53,682 - METRIC - INFO - {"loss": 0.1385776847600937, "accuracy": 0.9626517295837402, "energy_consumption": 2.721424911476083, "selected": true, "host_energy_consumption": 1.04864957624, "client_name": "sta2"}
2025-12-10 09:46:53,759 - METRIC - INFO - mean_accuracy: 0.9474480549494425

2025-12-10 09:46:53,759 - METRIC - INFO - round: 6
2025-12-10 09:46:53,759 - METRIC - INFO - n_selected: 6
2025-12-10 09:46:53,759 - METRIC - INFO - {"selected_trainers": ["sta0", "sta1", "sta2", "sta3", "sta4", "sta5"]}
2025-12-10 09:47:05,906 - EXECUT - INFO - received weights from trainer sta0!
2025-12-10 09:47:22,012 - EXECUT - INFO - received weights from trainer sta1!
2025-12-10 09:47:47,543 - EXECUT - INFO - received weights from trainer sta2!
2025-12-10 09:48:12,921 - EXECUT - INFO - received weights from trainer sta3!
2025-12-10 09:48:29,449 - EXECUT - INFO - received weights from trainer sta4!
2025-12-10 09:48:44,469 - EXECUT - INFO - received weights from trainer sta5!
2025-12-10 09:48:45,891 - EXECUT - INFO - sent aggregated weights to trainers!
2025-12-10 09:49:02,111 - METRIC - INFO - {"loss": 0.18041782081127167, "accuracy": 0.9486581087112427, "energy_consumption": 1.3104876274027961, "selected": true, "host_energy_consumption": 0.5255333958, "client_name": "sta0"}
2025-12-10 09:49:05,538 - METRIC - INFO - {"loss": 0.13578097522258759, "accuracy": 0.9597432613372803, "energy_consumption": 2.7678593168934853, "selected": true, "host_energy_consumption": 1.01610861492, "client_name": "sta1"}
2025-12-10 09:49:10,447 - METRIC - INFO - {"loss": 0.16133978962898254, "accuracy": 0.9509631991386414, "energy_consumption": 1.793535153837901, "selected": true, "host_energy_consumption": 0.7133134358000001, "client_name": "sta4"}
2025-12-10 09:49:10,864 - METRIC - INFO - {"loss": 0.1255636215209961, "accuracy": 0.9593837261199951, "energy_consumption": 3.051942339003375, "selected": true, "host_energy_consumption": 1.23380674088, "client_name": "sta3"}
2025-12-10 09:49:17,157 - METRIC - INFO - {"loss": 0.1562434285879135, "accuracy": 0.9614710807800293, "energy_consumption": 0.7489094397299754, "selected": true, "host_energy_consumption": 0.3504796526, "client_name": "sta5"}
2025-12-10 09:49:28,500 - METRIC - INFO - {"loss": 0.11252988129854202, "accuracy": 0.9715219140052795, "energy_consumption": 3.2227961099777556, "selected": true, "host_energy_consumption": 1.25241201372, "client_name": "sta2"}
2025-12-10 09:49:28,934 - METRIC - INFO - mean_accuracy: 0.9586235483487447

2025-12-10 09:49:28,934 - METRIC - INFO - round: 7
2025-12-10 09:49:28,934 - METRIC - INFO - n_selected: 6
2025-12-10 09:49:28,934 - METRIC - INFO - {"selected_trainers": ["sta0", "sta1", "sta2", "sta3", "sta4", "sta5"]}
2025-12-10 09:49:41,285 - EXECUT - INFO - received weights from trainer sta0!
2025-12-10 09:50:00,579 - EXECUT - INFO - received weights from trainer sta1!
2025-12-10 09:50:25,897 - EXECUT - INFO - received weights from trainer sta2!
2025-12-10 09:50:52,962 - EXECUT - INFO - received weights from trainer sta3!
2025-12-10 09:51:13,748 - EXECUT - INFO - received weights from trainer sta4!
2025-12-10 09:51:26,141 - EXECUT - INFO - received weights from trainer sta5!
2025-12-10 09:51:27,561 - EXECUT - INFO - sent aggregated weights to trainers!
2025-12-10 09:51:44,368 - METRIC - INFO - {"loss": 0.15097931027412415, "accuracy": 0.9591598510742188, "energy_consumption": 1.520731921239601, "selected": true, "host_energy_consumption": 0.6088653967200001, "client_name": "sta0"}
2025-12-10 09:51:47,027 - METRIC - INFO - {"loss": 0.11508451402187347, "accuracy": 0.9667444825172424, "energy_consumption": 3.2290788264260115, "selected": true, "host_energy_consumption": 1.1769055692800001, "client_name": "sta1"}
2025-12-10 09:51:55,290 - METRIC - INFO - {"loss": 0.13934138417243958, "accuracy": 0.9588441252708435, "energy_consumption": 2.0357365596736052, "selected": true, "host_energy_consumption": 0.8189246396800001, "client_name": "sta4"}
2025-12-10 09:51:57,079 - METRIC - INFO - {"loss": 0.13037016987800598, "accuracy": 0.9667250514030457, "energy_consumption": 0.866228477416926, "selected": true, "host_energy_consumption": 0.40416977104, "client_name": "sta5"}
2025-12-10 09:51:59,476 - METRIC - INFO - {"loss": 0.10593686997890472, "accuracy": 0.9677870869636536, "energy_consumption": 3.5273537807646136, "selected": true, "host_energy_consumption": 1.42954804636, "client_name": "sta3"}
2025-12-10 09:52:17,210 - METRIC - INFO - {"loss": 0.09503807127475739, "accuracy": 0.9766573309898376, "energy_consumption": 3.727024641539886, "selected": true, "host_energy_consumption": 1.4518275920400001, "client_name": "sta2"}
2025-12-10 09:52:17,613 - METRIC - INFO - mean_accuracy: 0.9659863213698069

2025-12-10 09:52:17,613 - METRIC - INFO - round: 8
2025-12-10 09:52:17,613 - METRIC - INFO - n_selected: 6
2025-12-10 09:52:17,613 - METRIC - INFO - {"selected_trainers": ["sta0", "sta1", "sta2", "sta3", "sta4", "sta5"]}
2025-12-10 09:52:28,410 - EXECUT - INFO - received weights from trainer sta0!
2025-12-10 09:52:49,015 - EXECUT - INFO - received weights from trainer sta1!
2025-12-10 09:53:12,053 - EXECUT - INFO - received weights from trainer sta2!
2025-12-10 09:53:38,592 - EXECUT - INFO - received weights from trainer sta3!
2025-12-10 09:53:57,021 - EXECUT - INFO - received weights from trainer sta4!
2025-12-10 09:54:09,701 - EXECUT - INFO - received weights from trainer sta5!
2025-12-10 09:54:11,113 - EXECUT - INFO - sent aggregated weights to trainers!
2025-12-10 09:54:29,570 - METRIC - INFO - {"loss": 0.10181955993175507, "accuracy": 0.972578763961792, "energy_consumption": 3.6982275976941743, "selected": true, "host_energy_consumption": 1.33757382024, "client_name": "sta1"}
2025-12-10 09:54:31,053 - METRIC - INFO - {"loss": 0.1310873031616211, "accuracy": 0.9603267312049866, "energy_consumption": 1.6923936867910672, "selected": true, "host_energy_consumption": 0.6868693277600001, "client_name": "sta0"}
2025-12-10 09:54:37,292 - METRIC - INFO - {"loss": 0.12053574621677399, "accuracy": 0.9640980958938599, "energy_consumption": 2.2785796458968903, "selected": true, "host_energy_consumption": 0.9258141093600001, "client_name": "sta4"}
2025-12-10 09:54:37,771 - METRIC - INFO - {"loss": 0.09289969503879547, "accuracy": 0.9729225039482117, "energy_consumption": 4.0346930707047015, "selected": true, "host_energy_consumption": 1.6255795880800001, "client_name": "sta3"}
2025-12-10 09:54:43,233 - METRIC - INFO - {"loss": 0.11121134459972382, "accuracy": 0.9737303256988525, "energy_consumption": 1.0264555125770594, "selected": true, "host_energy_consumption": 0.45789854684000003, "client_name": "sta5"}
2025-12-10 09:54:51,770 - METRIC - INFO - {"loss": 0.08076553046703339, "accuracy": 0.9789915680885315, "energy_consumption": 4.308237374178157, "selected": true, "host_energy_consumption": 1.65195593444, "client_name": "sta2"}
2025-12-10 09:54:52,156 - METRIC - INFO - mean_accuracy: 0.9704413314660391

2025-12-10 09:54:52,156 - METRIC - INFO - round: 9
2025-12-10 09:54:52,156 - METRIC - INFO - n_selected: 6
2025-12-10 09:54:52,156 - METRIC - INFO - {"selected_trainers": ["sta0", "sta1", "sta2", "sta3", "sta4", "sta5"]}
2025-12-10 09:55:02,916 - EXECUT - INFO - received weights from trainer sta0!
2025-12-10 09:55:19,670 - EXECUT - INFO - received weights from trainer sta1!
2025-12-10 09:55:42,061 - EXECUT - INFO - received weights from trainer sta2!
2025-12-10 09:56:06,899 - EXECUT - INFO - received weights from trainer sta3!
2025-12-10 09:56:24,076 - EXECUT - INFO - received weights from trainer sta4!
2025-12-10 09:56:34,478 - EXECUT - INFO - received weights from trainer sta5!
2025-12-10 09:56:35,902 - EXECUT - INFO - sent aggregated weights to trainers!
2025-12-10 09:56:50,960 - METRIC - INFO - {"loss": 0.11630067229270935, "accuracy": 0.9661610126495361, "energy_consumption": 1.8575650581455565, "selected": true, "host_energy_consumption": 0.76453756372, "client_name": "sta0"}
2025-12-10 09:56:54,274 - METRIC - INFO - {"loss": 0.09096433967351913, "accuracy": 0.9731621742248535, "energy_consumption": 4.120785345678215, "selected": true, "host_energy_consumption": 1.49809484216, "client_name": "sta1"}
2025-12-10 09:57:05,311 - METRIC - INFO - {"loss": 0.0947892963886261, "accuracy": 0.9789842367172241, "energy_consumption": 1.1805484441259049, "selected": true, "host_energy_consumption": 0.51156925176, "client_name": "sta5"}
2025-12-10 09:57:08,776 - METRIC - INFO - {"loss": 0.11582562327384949, "accuracy": 0.9640980958938599, "energy_consumption": 2.551640764121167, "selected": true, "host_energy_consumption": 1.0311344274, "client_name": "sta4"}
2025-12-10 09:57:09,704 - METRIC - INFO - {"loss": 0.08408264070749283, "accuracy": 0.9766573309898376, "energy_consumption": 4.549939670541473, "selected": true, "host_energy_consumption": 1.8213502025600001, "client_name": "sta3"}
2025-12-10 09:57:11,765 - METRIC - INFO - {"loss": 0.07277288287878036, "accuracy": 0.9794584512710571, "energy_consumption": 4.898930570374434, "selected": true, "host_energy_consumption": 1.85089821056, "client_name": "sta2"}
2025-12-10 09:57:11,939 - METRIC - INFO - mean_accuracy: 0.9730868836243948

2025-12-10 09:57:11,939 - METRIC - INFO - round: 10
2025-12-10 09:57:11,939 - METRIC - INFO - n_selected: 6
2025-12-10 09:57:11,939 - METRIC - INFO - {"selected_trainers": ["sta0", "sta1", "sta2", "sta3", "sta4", "sta5"]}
2025-12-10 09:57:23,307 - EXECUT - INFO - received weights from trainer sta0!
2025-12-10 09:57:40,672 - EXECUT - INFO - received weights from trainer sta1!
2025-12-10 09:58:03,213 - EXECUT - INFO - received weights from trainer sta2!
2025-12-10 09:58:29,308 - EXECUT - INFO - received weights from trainer sta3!
2025-12-10 09:58:47,647 - EXECUT - INFO - received weights from trainer sta4!
2025-12-10 09:58:59,955 - EXECUT - INFO - received weights from trainer sta5!
2025-12-10 09:59:01,379 - EXECUT - INFO - sent aggregated weights to trainers!
2025-12-10 09:59:15,540 - METRIC - INFO - {"loss": 0.08257026970386505, "accuracy": 0.9754959344863892, "energy_consumption": 4.582394946223893, "selected": true, "host_energy_consumption": 1.6588126192400001, "client_name": "sta1"}
2025-12-10 09:59:17,439 - METRIC - INFO - {"loss": 0.10454615950584412, "accuracy": 0.9696615934371948, "energy_consumption": 2.024143777631426, "selected": true, "host_energy_consumption": 0.8423282484400001, "client_name": "sta0"}
2025-12-10 09:59:20,974 - METRIC - INFO - {"loss": 0.06379923969507217, "accuracy": 0.981792688369751, "energy_consumption": 5.441780854231881, "selected": true, "host_energy_consumption": 2.0501289116000003, "client_name": "sta2"}
2025-12-10 09:59:24,959 - METRIC - INFO - {"loss": 0.08292774856090546, "accuracy": 0.9807355403900146, "energy_consumption": 1.2984342398270252, "selected": true, "host_energy_consumption": 0.56659671572, "client_name": "sta5"}
2025-12-10 09:59:26,695 - METRIC - INFO - {"loss": 0.09771527349948883, "accuracy": 0.9693520069122314, "energy_consumption": 2.831274337634781, "selected": true, "host_energy_consumption": 1.13716684368, "client_name": "sta4"}
2025-12-10 09:59:33,226 - METRIC - INFO - {"loss": 0.0768822729587555, "accuracy": 0.9771241545677185, "energy_consumption": 5.018935012602508, "selected": true, "host_energy_consumption": 2.0183304842400003, "client_name": "sta3"}
2025-12-10 09:59:33,413 - METRIC - INFO - mean_accuracy: 0.9756936530272166

2025-12-10 09:59:33,413 - METRIC - INFO - round: 11
2025-12-10 09:59:33,413 - METRIC - INFO - n_selected: 6
2025-12-10 09:59:33,413 - METRIC - INFO - {"selected_trainers": ["sta0", "sta1", "sta2", "sta3", "sta4", "sta5"]}
2025-12-10 09:59:44,347 - EXECUT - INFO - received weights from trainer sta0!
2025-12-10 10:00:02,163 - EXECUT - INFO - received weights from trainer sta1!
2025-12-10 10:00:26,104 - EXECUT - INFO - received weights from trainer sta2!
2025-12-10 10:00:49,231 - EXECUT - INFO - received weights from trainer sta3!
2025-12-10 10:01:06,431 - EXECUT - INFO - received weights from trainer sta4!
2025-12-10 10:01:17,118 - EXECUT - INFO - received weights from trainer sta5!
2025-12-10 10:01:18,542 - EXECUT - INFO - sent aggregated weights to trainers!
2025-12-10 10:01:34,190 - METRIC - INFO - {"loss": 0.09604640305042267, "accuracy": 0.967327892780304, "energy_consumption": 2.191412770388044, "selected": true, "host_energy_consumption": 0.9212475263600001, "client_name": "sta0"}
2025-12-10 10:01:36,741 - METRIC - INFO - {"loss": 0.0751657485961914, "accuracy": 0.9760793447494507, "energy_consumption": 5.006921774161256, "selected": true, "host_energy_consumption": 1.82009782892, "client_name": "sta1"}
2025-12-10 10:01:39,518 - METRIC - INFO - {"loss": 0.058485809713602066, "accuracy": 0.9831932783126831, "energy_consumption": 5.976994196642041, "selected": true, "host_energy_consumption": 2.25166065152, "client_name": "sta2"}
2025-12-10 10:01:39,733 - METRIC - INFO - {"loss": 0.07090355455875397, "accuracy": 0.9794584512710571, "energy_consumption": 5.522289228329331, "selected": true, "host_energy_consumption": 2.21679477572, "client_name": "sta3"}
2025-12-10 10:01:44,959 - METRIC - INFO - {"loss": 0.09025318920612335, "accuracy": 0.971103310585022, "energy_consumption": 3.060712694747096, "selected": true, "host_energy_consumption": 1.2434739786, "client_name": "sta4"}
2025-12-10 10:01:46,692 - METRIC - INFO - {"loss": 0.07330475002527237, "accuracy": 0.9807355403900146, "energy_consumption": 1.4179622874109592, "selected": true, "host_energy_consumption": 0.62016373692, "client_name": "sta5"}
2025-12-10 10:01:47,571 - METRIC - INFO - mean_accuracy: 0.9763163030147552

2025-12-10 10:01:47,571 - METRIC - INFO - round: 12
2025-12-10 10:01:47,571 - METRIC - INFO - n_selected: 6
2025-12-10 10:01:47,571 - METRIC - INFO - {"selected_trainers": ["sta0", "sta1", "sta2", "sta3", "sta4", "sta5"]}
2025-12-10 10:01:58,312 - EXECUT - INFO - received weights from trainer sta0!
2025-12-10 10:02:18,043 - EXECUT - INFO - received weights from trainer sta1!
2025-12-10 10:02:43,735 - EXECUT - INFO - received weights from trainer sta2!
2025-12-10 10:03:08,415 - EXECUT - INFO - received weights from trainer sta3!
2025-12-10 10:03:28,012 - EXECUT - INFO - received weights from trainer sta4!
2025-12-10 10:03:41,056 - EXECUT - INFO - received weights from trainer sta5!
2025-12-10 10:03:42,474 - EXECUT - INFO - sent aggregated weights to trainers!
2025-12-10 10:04:00,504 - METRIC - INFO - {"loss": 0.07020652294158936, "accuracy": 0.97782963514328, "energy_consumption": 5.425116750726858, "selected": true, "host_energy_consumption": 1.9813085782000002, "client_name": "sta1"}
2025-12-10 10:04:04,707 - METRIC - INFO - {"loss": 0.08875498175621033, "accuracy": 0.9708284735679626, "energy_consumption": 2.400922982649884, "selected": true, "host_energy_consumption": 0.99930607672, "client_name": "sta0"}
2025-12-10 10:04:13,203 - METRIC - INFO - {"loss": 0.08369474858045578, "accuracy": 0.9728546142578125, "energy_consumption": 3.345539372358516, "selected": true, "host_energy_consumption": 1.34920539292, "client_name": "sta4"}
2025-12-10 10:04:13,628 - METRIC - INFO - {"loss": 0.06520125269889832, "accuracy": 0.9842382073402405, "energy_consumption": 1.5331987361752164, "selected": true, "host_energy_consumption": 0.67383403164, "client_name": "sta5"}
2025-12-10 10:04:14,324 - METRIC - INFO - {"loss": 0.05354650318622589, "accuracy": 0.9850606918334961, "energy_consumption": 6.563893708141068, "selected": true, "host_energy_consumption": 2.4512400693200003, "client_name": "sta2"}
2025-12-10 10:04:15,050 - METRIC - INFO - {"loss": 0.06704550236463547, "accuracy": 0.9789915680885315, "energy_consumption": 5.997308197914865, "selected": true, "host_energy_consumption": 2.4139428796, "client_name": "sta3"}
2025-12-10 10:04:15,507 - METRIC - INFO - mean_accuracy: 0.9783005317052206

2025-12-10 10:04:15,507 - METRIC - INFO - round: 13
2025-12-10 10:04:15,507 - METRIC - INFO - n_selected: 6
2025-12-10 10:04:15,507 - METRIC - INFO - {"selected_trainers": ["sta0", "sta1", "sta2", "sta3", "sta4", "sta5"]}
2025-12-10 10:04:28,327 - EXECUT - INFO - received weights from trainer sta0!
2025-12-10 10:04:44,868 - EXECUT - INFO - received weights from trainer sta1!
2025-12-10 10:05:08,596 - EXECUT - INFO - received weights from trainer sta2!
2025-12-10 10:05:33,527 - EXECUT - INFO - received weights from trainer sta3!
2025-12-10 10:05:50,890 - EXECUT - INFO - received weights from trainer sta4!
2025-12-10 10:06:05,318 - EXECUT - INFO - received weights from trainer sta5!
2025-12-10 10:06:06,740 - EXECUT - INFO - sent aggregated weights to trainers!
2025-12-10 10:06:23,086 - METRIC - INFO - {"loss": 0.08341310173273087, "accuracy": 0.9719953536987305, "energy_consumption": 2.570123185655912, "selected": true, "host_energy_consumption": 1.0785310228, "client_name": "sta0"}
2025-12-10 10:06:24,568 - METRIC - INFO - {"loss": 0.06716292351484299, "accuracy": 0.9772462248802185, "energy_consumption": 5.938350395544532, "selected": true, "host_energy_consumption": 2.1435629678400003, "client_name": "sta1"}
2025-12-10 10:06:34,862 - METRIC - INFO - {"loss": 0.06306274980306625, "accuracy": 0.9808589816093445, "energy_consumption": 6.4665838495404735, "selected": true, "host_energy_consumption": 2.6113910804800002, "client_name": "sta3"}
2025-12-10 10:06:36,892 - METRIC - INFO - {"loss": 0.04967952147126198, "accuracy": 0.9864612221717834, "energy_consumption": 7.071908030639969, "selected": true, "host_energy_consumption": 2.6506149910800003, "client_name": "sta2"}
2025-12-10 10:06:37,256 - METRIC - INFO - {"loss": 0.07970207929611206, "accuracy": 0.9746059775352478, "energy_consumption": 3.589514138667049, "selected": true, "host_energy_consumption": 1.45548304804, "client_name": "sta4"}
2025-12-10 10:06:42,061 - METRIC - INFO - {"loss": 0.05876970663666725, "accuracy": 0.985989511013031, "energy_consumption": 1.6526265905432007, "selected": true, "host_energy_consumption": 0.72774806104, "client_name": "sta5"}
2025-12-10 10:06:42,778 - METRIC - INFO - mean_accuracy: 0.9795262118180593

2025-12-10 10:06:42,778 - METRIC - INFO - round: 14
2025-12-10 10:06:42,778 - METRIC - INFO - n_selected: 6
2025-12-10 10:06:42,778 - METRIC - INFO - {"selected_trainers": ["sta0", "sta1", "sta2", "sta3", "sta4", "sta5"]}
2025-12-10 10:06:56,124 - EXECUT - INFO - received weights from trainer sta0!
2025-12-10 10:07:12,763 - EXECUT - INFO - received weights from trainer sta1!
2025-12-10 10:07:36,662 - EXECUT - INFO - received weights from trainer sta2!
2025-12-10 10:08:00,037 - EXECUT - INFO - received weights from trainer sta3!
2025-12-10 10:08:21,798 - EXECUT - INFO - received weights from trainer sta4!
2025-12-10 10:08:35,909 - EXECUT - INFO - received weights from trainer sta5!
2025-12-10 10:08:37,320 - EXECUT - INFO - sent aggregated weights to trainers!
2025-12-10 10:08:52,994 - METRIC - INFO - {"loss": 0.06006743013858795, "accuracy": 0.9789965152740479, "energy_consumption": 6.362461653393694, "selected": true, "host_energy_consumption": 2.304676647, "client_name": "sta1"}
2025-12-10 10:08:55,595 - METRIC - INFO - {"loss": 0.07904798537492752, "accuracy": 0.9731621742248535, "energy_consumption": 2.741784258158734, "selected": true, "host_energy_consumption": 1.1565926148, "client_name": "sta0"}
2025-12-10 10:09:06,972 - METRIC - INFO - {"loss": 0.06066136434674263, "accuracy": 0.979925274848938, "energy_consumption": 6.989255308401983, "selected": true, "host_energy_consumption": 2.80895292832, "client_name": "sta3"}
2025-12-10 10:09:07,064 - METRIC - INFO - {"loss": 0.05434795096516609, "accuracy": 0.985989511013031, "energy_consumption": 1.8125434403376781, "selected": true, "host_energy_consumption": 0.78327218872, "client_name": "sta5"}
2025-12-10 10:09:07,120 - METRIC - INFO - {"loss": 0.07443654537200928, "accuracy": 0.9746059775352478, "energy_consumption": 3.82695350076618, "selected": true, "host_energy_consumption": 1.56332535968, "client_name": "sta4"}
2025-12-10 10:09:08,127 - METRIC - INFO - {"loss": 0.04620504751801491, "accuracy": 0.9869281053543091, "energy_consumption": 7.656146248060837, "selected": true, "host_energy_consumption": 2.85048847356, "client_name": "sta2"}
2025-12-10 10:09:08,353 - METRIC - INFO - mean_accuracy: 0.9799345930417379

2025-12-10 10:09:08,353 - METRIC - INFO - round: 15
2025-12-10 10:09:08,353 - METRIC - INFO - n_selected: 6
2025-12-10 10:09:08,353 - METRIC - INFO - {"selected_trainers": ["sta0", "sta1", "sta2", "sta3", "sta4", "sta5"]}
2025-12-10 10:09:18,736 - EXECUT - INFO - received weights from trainer sta0!
2025-12-10 10:09:34,810 - EXECUT - INFO - received weights from trainer sta1!
2025-12-10 10:09:58,288 - EXECUT - INFO - received weights from trainer sta2!
2025-12-10 10:10:20,596 - EXECUT - INFO - received weights from trainer sta3!
2025-12-10 10:10:40,588 - EXECUT - INFO - received weights from trainer sta4!
2025-12-10 10:10:52,238 - EXECUT - INFO - received weights from trainer sta5!
2025-12-10 10:10:53,656 - EXECUT - INFO - sent aggregated weights to trainers!
2025-12-10 10:11:10,982 - METRIC - INFO - {"loss": 0.0778067409992218, "accuracy": 0.9731621742248535, "energy_consumption": 2.908065823500937, "selected": true, "host_energy_consumption": 1.23487382788, "client_name": "sta0"}
2025-12-10 10:11:13,802 - METRIC - INFO - {"loss": 0.05784051865339279, "accuracy": 0.9803921580314636, "energy_consumption": 7.510375894480266, "selected": true, "host_energy_consumption": 3.0065932178800003, "client_name": "sta3"}
2025-12-10 10:11:14,249 - METRIC - INFO - {"loss": 0.0588168241083622, "accuracy": 0.9789965152740479, "energy_consumption": 6.7867318355627475, "selected": true, "host_energy_consumption": 2.46633520028, "client_name": "sta1"}
2025-12-10 10:11:19,000 - METRIC - INFO - {"loss": 0.07005879282951355, "accuracy": 0.9763572812080383, "energy_consumption": 4.071601754580129, "selected": true, "host_energy_consumption": 1.6698509192400002, "client_name": "sta4"}
2025-12-10 10:11:19,405 - METRIC - INFO - {"loss": 0.043511148542165756, "accuracy": 0.9864612221717834, "energy_consumption": 8.243931879475989, "selected": true, "host_energy_consumption": 3.0495152245600003, "client_name": "sta2"}
2025-12-10 10:11:22,284 - METRIC - INFO - {"loss": 0.05029438063502312, "accuracy": 0.9894921183586121, "energy_consumption": 1.9295318477239585, "selected": true, "host_energy_consumption": 0.83737671836, "client_name": "sta5"}
2025-12-10 10:11:22,687 - METRIC - INFO - mean_accuracy: 0.9808102448781332

2025-12-10 10:11:22,691 - METRIC - INFO - stop_condition: rounds
