2025-12-12 11:41:49,817 - EXECUT - INFO - starting server...
2025-12-12 11:41:58,352 - EXECUT - INFO - trainer number sta0 just joined the pool
2025-12-12 11:41:58,474 - EXECUT - INFO - trainer number sta5 just joined the pool
2025-12-12 11:41:58,612 - EXECUT - INFO - trainer number sta4 just joined the pool
2025-12-12 11:41:58,813 - EXECUT - INFO - trainer number sta1 just joined the pool
2025-12-12 11:41:58,974 - EXECUT - INFO - trainer number sta2 just joined the pool
2025-12-12 11:41:59,019 - EXECUT - INFO - trainer number sta3 just joined the pool
2025-12-12 11:41:59,837 - EXECUT - INFO - mensagem de data_sz recebida: 
 {'id': 'sta0', 'dataset_sz': 259700928}
2025-12-12 11:41:59,839 - EXECUT - INFO - mensagem de data_sz recebida: 
 {'id': 'sta1', 'dataset_sz': 519401856}
2025-12-12 11:41:59,880 - EXECUT - INFO - mensagem de data_sz recebida: 
 {'id': 'sta2', 'dataset_sz': 649277568}
2025-12-12 11:41:59,880 - EXECUT - INFO - mensagem de data_sz recebida: 
 {'id': 'sta4', 'dataset_sz': 346301568}
2025-12-12 11:41:59,881 - EXECUT - INFO - mensagem de data_sz recebida: 
 {'id': 'sta5', 'dataset_sz': 173150784}
2025-12-12 11:41:59,881 - EXECUT - INFO - mensagem de data_sz recebida: 
 {'id': 'sta3', 'dataset_sz': 649277568}
2025-12-12 11:42:00,838 - METRIC - INFO - round: 1
2025-12-12 11:42:00,838 - METRIC - INFO - n_selected: 6
2025-12-12 11:42:00,838 - METRIC - INFO - {"selected_trainers": ["sta0", "sta1", "sta2", "sta3", "sta4", "sta5"]}
2025-12-12 11:42:13,870 - EXECUT - INFO - received weights from trainer sta0!
2025-12-12 11:42:32,051 - EXECUT - INFO - received weights from trainer sta1!
2025-12-12 11:42:54,518 - EXECUT - INFO - received weights from trainer sta2!
2025-12-12 11:43:18,473 - EXECUT - INFO - received weights from trainer sta3!
2025-12-12 11:43:36,072 - EXECUT - INFO - received weights from trainer sta4!
2025-12-12 11:43:48,633 - EXECUT - INFO - received weights from trainer sta5!
2025-12-12 11:43:50,098 - EXECUT - INFO - sent aggregated weights to trainers!
2025-12-12 11:44:03,115 - METRIC - INFO - {"loss": 0.2881818115711212, "accuracy": 0.9154025912284851, "energy_consumption": 0.42471279387087213, "selected": true, "host_energy_consumption": 0.16633025528, "client_name": "sta1"}
2025-12-12 11:44:04,752 - METRIC - INFO - {"loss": 0.38720205426216125, "accuracy": 0.9054842591285706, "energy_consumption": 0.21138212393399447, "selected": true, "host_energy_consumption": 0.08368018876000001, "client_name": "sta0"}
2025-12-12 11:44:16,156 - METRIC - INFO - {"loss": 0.36027929186820984, "accuracy": 0.9098073840141296, "energy_consumption": 0.27854369570646664, "selected": true, "host_energy_consumption": 0.11059426504, "client_name": "sta4"}
2025-12-12 11:44:21,584 - METRIC - INFO - {"loss": 0.3045807480812073, "accuracy": 0.9089635610580444, "energy_consumption": 0.5459798721763225, "selected": true, "host_energy_consumption": 0.20825760172000002, "client_name": "sta2"}
2025-12-12 11:44:27,757 - METRIC - INFO - {"loss": 0.5765166282653809, "accuracy": 0.8441330790519714, "energy_consumption": 0.15650275705924432, "selected": true, "host_energy_consumption": 0.05998333544, "client_name": "sta5"}
2025-12-12 11:44:33,640 - METRIC - INFO - {"loss": 0.2764680087566376, "accuracy": 0.9159663915634155, "energy_consumption": 0.516879365218883, "selected": true, "host_energy_consumption": 0.20309790032000002, "client_name": "sta3"}
2025-12-12 11:44:34,149 - METRIC - INFO - mean_accuracy: 0.8999595443407694

2025-12-12 11:44:34,149 - METRIC - INFO - round: 2
2025-12-12 11:44:34,149 - METRIC - INFO - n_selected: 6
2025-12-12 11:44:34,149 - METRIC - INFO - {"selected_trainers": ["sta0", "sta1", "sta2", "sta3", "sta4", "sta5"]}
2025-12-12 11:44:44,294 - EXECUT - INFO - received weights from trainer sta0!
2025-12-12 11:45:01,469 - EXECUT - INFO - received weights from trainer sta1!
2025-12-12 11:45:25,911 - EXECUT - INFO - received weights from trainer sta2!
2025-12-12 11:45:50,968 - EXECUT - INFO - received weights from trainer sta3!
2025-12-12 11:46:08,819 - EXECUT - INFO - received weights from trainer sta4!
2025-12-12 11:46:18,075 - EXECUT - INFO - received weights from trainer sta5!
2025-12-12 11:46:19,515 - EXECUT - INFO - sent aggregated weights to trainers!
2025-12-12 11:46:35,036 - METRIC - INFO - {"loss": 0.532066285610199, "accuracy": 0.8786464333534241, "energy_consumption": 0.37861297040306663, "selected": true, "host_energy_consumption": 0.16264747128, "client_name": "sta0"}
2025-12-12 11:46:38,733 - METRIC - INFO - {"loss": 0.35987621545791626, "accuracy": 0.8926487565040588, "energy_consumption": 0.8473823356878607, "selected": true, "host_energy_consumption": 0.32905191368000003, "client_name": "sta1"}
2025-12-12 11:46:48,028 - METRIC - INFO - {"loss": 0.8105189800262451, "accuracy": 0.8161121010780334, "energy_consumption": 0.27478449971664975, "selected": true, "host_energy_consumption": 0.11462583496, "client_name": "sta5"}
2025-12-12 11:47:02,911 - METRIC - INFO - {"loss": 0.3613673746585846, "accuracy": 0.89682537317276, "energy_consumption": 1.1440302677286385, "selected": true, "host_energy_consumption": 0.412696795, "client_name": "sta2"}
2025-12-12 11:47:03,318 - METRIC - INFO - {"loss": 0.4707444906234741, "accuracy": 0.8800350427627563, "energy_consumption": 0.5148970617066828, "selected": true, "host_energy_consumption": 0.21678838552000002, "client_name": "sta4"}
2025-12-12 11:47:05,638 - METRIC - INFO - {"loss": 0.3367846608161926, "accuracy": 0.9070961475372314, "energy_consumption": 0.9914560918807727, "selected": true, "host_energy_consumption": 0.40040008596000004, "client_name": "sta3"}
2025-12-12 11:47:06,564 - METRIC - INFO - mean_accuracy: 0.8785606424013773

2025-12-12 11:47:06,564 - METRIC - INFO - round: 3
2025-12-12 11:47:06,564 - METRIC - INFO - n_selected: 6
2025-12-12 11:47:06,564 - METRIC - INFO - {"selected_trainers": ["sta0", "sta1", "sta2", "sta3", "sta4", "sta5"]}
2025-12-12 11:47:18,850 - EXECUT - INFO - received weights from trainer sta0!
2025-12-12 11:47:35,438 - EXECUT - INFO - received weights from trainer sta1!
2025-12-12 11:48:00,446 - EXECUT - INFO - received weights from trainer sta2!
2025-12-12 11:48:24,290 - EXECUT - INFO - received weights from trainer sta3!
2025-12-12 11:48:44,351 - EXECUT - INFO - received weights from trainer sta4!
2025-12-12 11:48:59,161 - EXECUT - INFO - received weights from trainer sta5!
2025-12-12 11:49:00,583 - EXECUT - INFO - sent aggregated weights to trainers!
2025-12-12 11:49:14,904 - METRIC - INFO - {"loss": 0.28030556440353394, "accuracy": 0.922987163066864, "energy_consumption": 0.5827249790864942, "selected": true, "host_energy_consumption": 0.24193313732000002, "client_name": "sta0"}
2025-12-12 11:49:22,473 - METRIC - INFO - {"loss": 0.25617218017578125, "accuracy": 0.9276546239852905, "energy_consumption": 1.272479065791266, "selected": true, "host_energy_consumption": 0.4915054844, "client_name": "sta1"}
2025-12-12 11:49:24,658 - METRIC - INFO - {"loss": 0.3725515305995941, "accuracy": 0.9054290652275085, "energy_consumption": 0.5034208469494699, "selected": true, "host_energy_consumption": 0.193243085, "client_name": "sta5"}
2025-12-12 11:49:30,086 - METRIC - INFO - {"loss": 0.2976423501968384, "accuracy": 0.9150612950325012, "energy_consumption": 0.7559626387026404, "selected": true, "host_energy_consumption": 0.32255110748000004, "client_name": "sta4"}
2025-12-12 11:49:44,338 - METRIC - INFO - {"loss": 0.2556213438510895, "accuracy": 0.9234360456466675, "energy_consumption": 1.55145681500254, "selected": true, "host_energy_consumption": 0.5986389802400001, "client_name": "sta3"}
2025-12-12 11:49:45,195 - METRIC - INFO - {"loss": 0.27544105052948, "accuracy": 0.9211017489433289, "energy_consumption": 1.6963988371611711, "selected": true, "host_energy_consumption": 0.61572319172, "client_name": "sta2"}
2025-12-12 11:49:45,627 - METRIC - INFO - mean_accuracy: 0.9192783236503601

2025-12-12 11:49:45,627 - METRIC - INFO - round: 4
2025-12-12 11:49:45,627 - METRIC - INFO - n_selected: 6
2025-12-12 11:49:45,627 - METRIC - INFO - {"selected_trainers": ["sta0", "sta1", "sta2", "sta3", "sta4", "sta5"]}
2025-12-12 11:49:56,775 - EXECUT - INFO - received weights from trainer sta0!
2025-12-12 11:50:12,476 - EXECUT - INFO - received weights from trainer sta1!
2025-12-12 11:50:34,283 - EXECUT - INFO - received weights from trainer sta2!
2025-12-12 11:50:59,230 - EXECUT - INFO - received weights from trainer sta3!
2025-12-12 11:51:16,916 - EXECUT - INFO - received weights from trainer sta4!
2025-12-12 11:51:28,046 - EXECUT - INFO - received weights from trainer sta5!
2025-12-12 11:51:29,461 - EXECUT - INFO - sent aggregated weights to trainers!
2025-12-12 11:51:43,207 - METRIC - INFO - {"loss": 0.2087843120098114, "accuracy": 0.945157527923584, "energy_consumption": 0.7519063028752021, "selected": true, "host_energy_consumption": 0.32112985156, "client_name": "sta0"}
2025-12-12 11:51:44,460 - METRIC - INFO - {"loss": 0.19842234253883362, "accuracy": 0.9410735368728638, "energy_consumption": 1.6986332212221753, "selected": true, "host_energy_consumption": 0.6537628305600001, "client_name": "sta1"}
2025-12-12 11:51:48,552 - METRIC - INFO - {"loss": 0.2902654707431793, "accuracy": 0.9194395542144775, "energy_consumption": 0.6227001965706487, "selected": true, "host_energy_consumption": 0.24802325968000002, "client_name": "sta5"}
2025-12-12 11:52:01,488 - METRIC - INFO - {"loss": 0.2261473834514618, "accuracy": 0.9360770583152771, "energy_consumption": 0.9980354061263066, "selected": true, "host_energy_consumption": 0.42929649308, "client_name": "sta4"}
2025-12-12 11:52:02,122 - METRIC - INFO - {"loss": 0.21549244225025177, "accuracy": 0.9341736435890198, "energy_consumption": 2.2839472186326866, "selected": true, "host_energy_consumption": 0.81489577008, "client_name": "sta2"}
2025-12-12 11:52:11,960 - METRIC - INFO - {"loss": 0.2013603001832962, "accuracy": 0.9365079402923584, "energy_consumption": 2.0760362892377184, "selected": true, "host_energy_consumption": 0.7960541120000001, "client_name": "sta3"}
2025-12-12 11:52:12,505 - METRIC - INFO - mean_accuracy: 0.9354048768679301

2025-12-12 11:52:12,505 - METRIC - INFO - round: 5
2025-12-12 11:52:12,505 - METRIC - INFO - n_selected: 6
2025-12-12 11:52:12,505 - METRIC - INFO - {"selected_trainers": ["sta0", "sta1", "sta2", "sta3", "sta4", "sta5"]}
2025-12-12 11:52:23,532 - EXECUT - INFO - received weights from trainer sta0!
2025-12-12 11:52:39,648 - EXECUT - INFO - received weights from trainer sta1!
2025-12-12 11:53:03,648 - EXECUT - INFO - received weights from trainer sta2!
2025-12-12 11:53:28,191 - EXECUT - INFO - received weights from trainer sta3!
2025-12-12 11:53:45,772 - EXECUT - INFO - received weights from trainer sta4!
2025-12-12 11:53:58,656 - EXECUT - INFO - received weights from trainer sta5!
2025-12-12 11:54:00,080 - EXECUT - INFO - sent aggregated weights to trainers!
2025-12-12 11:54:14,323 - METRIC - INFO - {"loss": 0.155331552028656, "accuracy": 0.9533255696296692, "energy_consumption": 2.213001125982774, "selected": true, "host_energy_consumption": 0.81577044332, "client_name": "sta1"}
2025-12-12 11:54:22,090 - METRIC - INFO - {"loss": 0.16433165967464447, "accuracy": 0.9521586894989014, "energy_consumption": 0.9215683989593283, "selected": true, "host_energy_consumption": 0.40093891012000005, "client_name": "sta0"}
2025-12-12 11:54:27,024 - METRIC - INFO - {"loss": 0.2325020432472229, "accuracy": 0.9299474358558655, "energy_consumption": 0.7422458866933583, "selected": true, "host_energy_consumption": 0.30294979176000003, "client_name": "sta5"}
2025-12-12 11:54:28,355 - METRIC - INFO - {"loss": 0.17990651726722717, "accuracy": 0.9474605917930603, "energy_consumption": 1.240931917498533, "selected": true, "host_energy_consumption": 0.5358853368400001, "client_name": "sta4"}
2025-12-12 11:54:29,256 - METRIC - INFO - {"loss": 0.17172640562057495, "accuracy": 0.9481792449951172, "energy_consumption": 2.8330250452722137, "selected": true, "host_energy_consumption": 1.01478772668, "client_name": "sta2"}
2025-12-12 11:54:41,171 - METRIC - INFO - {"loss": 0.16061607003211975, "accuracy": 0.9523809552192688, "energy_consumption": 2.598517674739801, "selected": true, "host_energy_consumption": 0.9941071719600001, "client_name": "sta3"}
2025-12-12 11:54:42,124 - METRIC - INFO - mean_accuracy: 0.9472420811653137

2025-12-12 11:54:42,124 - METRIC - INFO - round: 6
2025-12-12 11:54:42,124 - METRIC - INFO - n_selected: 6
2025-12-12 11:54:42,124 - METRIC - INFO - {"selected_trainers": ["sta0", "sta1", "sta2", "sta3", "sta4", "sta5"]}
2025-12-12 11:54:53,670 - EXECUT - INFO - received weights from trainer sta0!
2025-12-12 11:55:11,322 - EXECUT - INFO - received weights from trainer sta1!
2025-12-12 11:55:35,250 - EXECUT - INFO - received weights from trainer sta2!
2025-12-12 11:55:59,995 - EXECUT - INFO - received weights from trainer sta3!
2025-12-12 11:56:17,680 - EXECUT - INFO - received weights from trainer sta4!
2025-12-12 11:56:29,160 - EXECUT - INFO - received weights from trainer sta5!
2025-12-12 11:56:30,583 - EXECUT - INFO - sent aggregated weights to trainers!
2025-12-12 11:56:46,452 - METRIC - INFO - {"loss": 0.12647993862628937, "accuracy": 0.9626604318618774, "energy_consumption": 2.6374966427453717, "selected": true, "host_energy_consumption": 0.9785719795600001, "client_name": "sta1"}
2025-12-12 11:56:48,753 - METRIC - INFO - {"loss": 0.1356843262910843, "accuracy": 0.9568261504173279, "energy_consumption": 1.1298215417867912, "selected": true, "host_energy_consumption": 0.48012166132, "client_name": "sta0"}
2025-12-12 11:56:55,736 - METRIC - INFO - {"loss": 0.14471274614334106, "accuracy": 0.9589169025421143, "energy_consumption": 3.3935784206428483, "selected": true, "host_energy_consumption": 1.21630711048, "client_name": "sta2"}
2025-12-12 11:56:56,675 - METRIC - INFO - {"loss": 0.19130003452301025, "accuracy": 0.9404553174972534, "energy_consumption": 0.8624292848904291, "selected": true, "host_energy_consumption": 0.35869314796, "client_name": "sta5"}
2025-12-12 11:56:58,107 - METRIC - INFO - {"loss": 0.1459808051586151, "accuracy": 0.957092821598053, "energy_consumption": 1.4810303848501905, "selected": true, "host_energy_consumption": 0.6439024950400001, "client_name": "sta4"}
2025-12-12 11:56:58,222 - METRIC - INFO - {"loss": 0.13592153787612915, "accuracy": 0.9584500193595886, "energy_consumption": 3.1177067008652326, "selected": true, "host_energy_consumption": 1.19257667648, "client_name": "sta3"}
2025-12-12 11:56:58,613 - METRIC - INFO - mean_accuracy: 0.9557336072127024

2025-12-12 11:56:58,613 - METRIC - INFO - round: 7
2025-12-12 11:56:58,613 - METRIC - INFO - n_selected: 6
2025-12-12 11:56:58,613 - METRIC - INFO - {"selected_trainers": ["sta0", "sta1", "sta2", "sta3", "sta4", "sta5"]}
2025-12-12 11:57:09,338 - EXECUT - INFO - received weights from trainer sta0!
2025-12-12 11:57:26,239 - EXECUT - INFO - received weights from trainer sta1!
2025-12-12 11:57:50,189 - EXECUT - INFO - received weights from trainer sta2!
2025-12-12 11:58:14,748 - EXECUT - INFO - received weights from trainer sta3!
2025-12-12 11:58:31,989 - EXECUT - INFO - received weights from trainer sta4!
2025-12-12 11:58:42,839 - EXECUT - INFO - received weights from trainer sta5!
2025-12-12 11:58:44,258 - EXECUT - INFO - sent aggregated weights to trainers!
2025-12-12 11:59:01,816 - METRIC - INFO - {"loss": 0.10626572370529175, "accuracy": 0.9708284735679626, "energy_consumption": 3.146399509241085, "selected": true, "host_energy_consumption": 1.14192331204, "client_name": "sta1"}
2025-12-12 11:59:05,064 - METRIC - INFO - {"loss": 0.11244919896125793, "accuracy": 0.9684947729110718, "energy_consumption": 1.3014831992481053, "selected": true, "host_energy_consumption": 0.5602628766000001, "client_name": "sta0"}
2025-12-12 11:59:10,915 - METRIC - INFO - {"loss": 0.15512987971305847, "accuracy": 0.9579684734344482, "energy_consumption": 0.9808079987234146, "selected": true, "host_energy_consumption": 0.41437850104, "client_name": "sta5"}
2025-12-12 11:59:13,982 - METRIC - INFO - {"loss": 0.12604829668998718, "accuracy": 0.9659196734428406, "energy_consumption": 3.8925416422936987, "selected": true, "host_energy_consumption": 1.4196583674, "client_name": "sta2"}
2025-12-12 11:59:16,164 - METRIC - INFO - {"loss": 0.12342015653848648, "accuracy": 0.9640980958938599, "energy_consumption": 1.7243474956819798, "selected": true, "host_energy_consumption": 0.7518361009600001, "client_name": "sta4"}
2025-12-12 11:59:16,300 - METRIC - INFO - {"loss": 0.11590707302093506, "accuracy": 0.9635854363441467, "energy_consumption": 3.591861856845723, "selected": true, "host_energy_consumption": 1.3927509394400002, "client_name": "sta3"}
2025-12-12 11:59:17,292 - METRIC - INFO - mean_accuracy: 0.9651491542657217

2025-12-12 11:59:17,292 - METRIC - INFO - round: 8
2025-12-12 11:59:17,292 - METRIC - INFO - n_selected: 6
2025-12-12 11:59:17,292 - METRIC - INFO - {"selected_trainers": ["sta0", "sta1", "sta2", "sta3", "sta4", "sta5"]}
2025-12-12 11:59:30,035 - EXECUT - INFO - received weights from trainer sta0!
2025-12-12 11:59:48,981 - EXECUT - INFO - received weights from trainer sta1!
2025-12-12 12:00:10,417 - EXECUT - INFO - received weights from trainer sta2!
2025-12-12 12:00:34,644 - EXECUT - INFO - received weights from trainer sta3!
2025-12-12 12:00:54,199 - EXECUT - INFO - received weights from trainer sta4!
2025-12-12 12:01:04,816 - EXECUT - INFO - received weights from trainer sta5!
2025-12-12 12:01:06,226 - EXECUT - INFO - sent aggregated weights to trainers!
2025-12-12 12:01:20,507 - METRIC - INFO - {"loss": 0.09376190602779388, "accuracy": 0.9714118838310242, "energy_consumption": 3.5715030617407773, "selected": true, "host_energy_consumption": 1.30508928844, "client_name": "sta1"}
2025-12-12 12:01:20,803 - METRIC - INFO - {"loss": 0.10063057392835617, "accuracy": 0.9696615934371948, "energy_consumption": 1.5543891610413905, "selected": true, "host_energy_consumption": 0.65141869044, "client_name": "sta0"}
2025-12-12 12:01:35,123 - METRIC - INFO - {"loss": 0.10883032530546188, "accuracy": 0.9676007032394409, "energy_consumption": 1.9660075669439339, "selected": true, "host_energy_consumption": 0.8597988616000001, "client_name": "sta4"}
2025-12-12 12:01:35,217 - METRIC - INFO - {"loss": 0.1012585312128067, "accuracy": 0.9696545004844666, "energy_consumption": 4.113362238349838, "selected": true, "host_energy_consumption": 1.59384834196, "client_name": "sta3"}
2025-12-12 12:01:35,706 - METRIC - INFO - {"loss": 0.10959827899932861, "accuracy": 0.9682539701461792, "energy_consumption": 4.398696302278358, "selected": true, "host_energy_consumption": 1.6243758512800002, "client_name": "sta2"}
2025-12-12 12:01:35,927 - METRIC - INFO - {"loss": 0.12953442335128784, "accuracy": 0.9597197771072388, "energy_consumption": 1.0972110200288663, "selected": true, "host_energy_consumption": 0.47100994556000003, "client_name": "sta5"}
2025-12-12 12:01:36,257 - METRIC - INFO - mean_accuracy: 0.9677170713742574

2025-12-12 12:01:36,257 - METRIC - INFO - round: 9
2025-12-12 12:01:36,257 - METRIC - INFO - n_selected: 6
2025-12-12 12:01:36,257 - METRIC - INFO - {"selected_trainers": ["sta0", "sta1", "sta2", "sta3", "sta4", "sta5"]}
2025-12-12 12:01:47,337 - EXECUT - INFO - received weights from trainer sta0!
2025-12-12 12:02:05,831 - EXECUT - INFO - received weights from trainer sta1!
2025-12-12 12:02:29,079 - EXECUT - INFO - received weights from trainer sta2!
2025-12-12 12:02:53,019 - EXECUT - INFO - received weights from trainer sta3!
2025-12-12 12:03:10,863 - EXECUT - INFO - received weights from trainer sta4!
2025-12-12 12:03:21,931 - EXECUT - INFO - received weights from trainer sta5!
2025-12-12 12:03:23,356 - EXECUT - INFO - sent aggregated weights to trainers!
2025-12-12 12:03:37,688 - METRIC - INFO - {"loss": 0.0847071185708046, "accuracy": 0.9749124646186829, "energy_consumption": 4.029614953868105, "selected": true, "host_energy_consumption": 1.4677809202, "client_name": "sta1"}
2025-12-12 12:03:38,517 - METRIC - INFO - {"loss": 0.08990217000246048, "accuracy": 0.9731621742248535, "energy_consumption": 1.7235077225991855, "selected": true, "host_energy_consumption": 0.73162424888, "client_name": "sta0"}
2025-12-12 12:03:45,525 - METRIC - INFO - {"loss": 0.1124282255768776, "accuracy": 0.9632224440574646, "energy_consumption": 1.251569899457654, "selected": true, "host_energy_consumption": 0.5262736760400001, "client_name": "sta5"}
2025-12-12 12:03:50,168 - METRIC - INFO - {"loss": 0.09621763229370117, "accuracy": 0.9728546142578125, "energy_consumption": 2.2052983910115254, "selected": true, "host_energy_consumption": 0.96721150176, "client_name": "sta4"}
2025-12-12 12:03:50,803 - METRIC - INFO - {"loss": 0.08985646069049835, "accuracy": 0.9715219140052795, "energy_consumption": 4.616959703023932, "selected": true, "host_energy_consumption": 1.7926223011200002, "client_name": "sta3"}
2025-12-12 12:03:51,512 - METRIC - INFO - {"loss": 0.10087514668703079, "accuracy": 0.972455620765686, "energy_consumption": 4.957106756934321, "selected": true, "host_energy_consumption": 1.82629317108, "client_name": "sta2"}
2025-12-12 12:03:52,385 - METRIC - INFO - mean_accuracy: 0.9713548719882965

2025-12-12 12:03:52,385 - METRIC - INFO - round: 10
2025-12-12 12:03:52,385 - METRIC - INFO - n_selected: 6
2025-12-12 12:03:52,385 - METRIC - INFO - {"selected_trainers": ["sta0", "sta1", "sta2", "sta3", "sta4", "sta5"]}
2025-12-12 12:04:03,652 - EXECUT - INFO - received weights from trainer sta0!
2025-12-12 12:04:26,008 - EXECUT - INFO - received weights from trainer sta1!
2025-12-12 12:04:50,741 - EXECUT - INFO - received weights from trainer sta2!
2025-12-12 12:05:17,600 - EXECUT - INFO - received weights from trainer sta3!
2025-12-12 12:05:35,044 - EXECUT - INFO - received weights from trainer sta4!
2025-12-12 12:05:47,457 - EXECUT - INFO - received weights from trainer sta5!
2025-12-12 12:05:48,872 - EXECUT - INFO - sent aggregated weights to trainers!
2025-12-12 12:06:05,192 - METRIC - INFO - {"loss": 0.08158692717552185, "accuracy": 0.9754959344863892, "energy_consumption": 1.8951748767628178, "selected": true, "host_energy_consumption": 0.81217145044, "client_name": "sta0"}
2025-12-12 12:06:05,537 - METRIC - INFO - {"loss": 0.07667619735002518, "accuracy": 0.9784130454063416, "energy_consumption": 4.669900883065544, "selected": true, "host_energy_consumption": 1.6824101632800001, "client_name": "sta1"}
2025-12-12 12:06:13,422 - METRIC - INFO - {"loss": 0.08528030663728714, "accuracy": 0.9719789624214172, "energy_consumption": 2.4425451809611767, "selected": true, "host_energy_consumption": 1.0743366057200001, "client_name": "sta4"}
2025-12-12 12:06:14,022 - METRIC - INFO - {"loss": 0.09457705914974213, "accuracy": 0.9667250514030457, "energy_consumption": 1.3662687777288598, "selected": true, "host_energy_consumption": 0.58284662212, "client_name": "sta5"}
2025-12-12 12:06:15,290 - METRIC - INFO - {"loss": 0.0941104143857956, "accuracy": 0.9738562107086182, "energy_consumption": 5.463847535787478, "selected": true, "host_energy_consumption": 2.0282729714800003, "client_name": "sta2"}
2025-12-12 12:06:22,005 - METRIC - INFO - {"loss": 0.08259866386651993, "accuracy": 0.974323034286499, "energy_consumption": 5.136188552423869, "selected": true, "host_energy_consumption": 1.9914946800000002, "client_name": "sta3"}
2025-12-12 12:06:22,908 - METRIC - INFO - mean_accuracy: 0.9734653731187185

2025-12-12 12:06:22,908 - METRIC - INFO - round: 11
2025-12-12 12:06:22,908 - METRIC - INFO - n_selected: 6
2025-12-12 12:06:22,908 - METRIC - INFO - {"selected_trainers": ["sta0", "sta1", "sta2", "sta3", "sta4", "sta5"]}
2025-12-12 12:06:34,764 - EXECUT - INFO - received weights from trainer sta0!
2025-12-12 12:06:51,415 - EXECUT - INFO - received weights from trainer sta1!
2025-12-12 12:07:15,323 - EXECUT - INFO - received weights from trainer sta2!
2025-12-12 12:07:40,421 - EXECUT - INFO - received weights from trainer sta3!
2025-12-12 12:08:00,660 - EXECUT - INFO - received weights from trainer sta4!
2025-12-12 12:08:13,153 - EXECUT - INFO - received weights from trainer sta5!
2025-12-12 12:08:14,559 - EXECUT - INFO - sent aggregated weights to trainers!
2025-12-12 12:08:31,597 - METRIC - INFO - {"loss": 0.07398974895477295, "accuracy": 0.9807468056678772, "energy_consumption": 5.092349184998405, "selected": true, "host_energy_consumption": 1.8452028982800002, "client_name": "sta1"}
2025-12-12 12:08:36,456 - METRIC - INFO - {"loss": 0.07385524362325668, "accuracy": 0.9789965152740479, "energy_consumption": 2.0612903584018856, "selected": true, "host_energy_consumption": 0.89155686956, "client_name": "sta0"}
2025-12-12 12:08:42,375 - METRIC - INFO - {"loss": 0.07737232744693756, "accuracy": 0.9747899174690247, "energy_consumption": 5.654715079679848, "selected": true, "host_energy_consumption": 2.19185265824, "client_name": "sta3"}
2025-12-12 12:08:42,741 - METRIC - INFO - {"loss": 0.08475970476865768, "accuracy": 0.9684763550758362, "energy_consumption": 1.4845246900182092, "selected": true, "host_energy_consumption": 0.63858577384, "client_name": "sta5"}
2025-12-12 12:08:43,175 - METRIC - INFO - {"loss": 0.08691452443599701, "accuracy": 0.9747899174690247, "energy_consumption": 6.045598303070646, "selected": true, "host_energy_consumption": 2.23177338804, "client_name": "sta2"}
2025-12-12 12:08:43,737 - METRIC - INFO - {"loss": 0.08083326369524002, "accuracy": 0.9737303256988525, "energy_consumption": 2.684667871730661, "selected": true, "host_energy_consumption": 1.18203057812, "client_name": "sta4"}
2025-12-12 12:08:44,595 - METRIC - INFO - mean_accuracy: 0.9752549727757772

2025-12-12 12:08:44,595 - METRIC - INFO - round: 12
2025-12-12 12:08:44,595 - METRIC - INFO - n_selected: 6
2025-12-12 12:08:44,595 - METRIC - INFO - {"selected_trainers": ["sta0", "sta1", "sta2", "sta3", "sta4", "sta5"]}
2025-12-12 12:08:54,668 - EXECUT - INFO - received weights from trainer sta0!
2025-12-12 12:09:10,735 - EXECUT - INFO - received weights from trainer sta1!
2025-12-12 12:09:34,454 - EXECUT - INFO - received weights from trainer sta2!
2025-12-12 12:09:59,194 - EXECUT - INFO - received weights from trainer sta3!
2025-12-12 12:10:17,446 - EXECUT - INFO - received weights from trainer sta4!
2025-12-12 12:10:31,459 - EXECUT - INFO - received weights from trainer sta5!
2025-12-12 12:10:32,880 - EXECUT - INFO - sent aggregated weights to trainers!
2025-12-12 12:10:45,506 - METRIC - INFO - {"loss": 0.06975528597831726, "accuracy": 0.9766627550125122, "energy_consumption": 2.22969033501599, "selected": true, "host_energy_consumption": 0.97085789948, "client_name": "sta0"}
2025-12-12 12:10:48,285 - METRIC - INFO - {"loss": 0.06777084618806839, "accuracy": 0.9813302159309387, "energy_consumption": 5.51824779463729, "selected": true, "host_energy_consumption": 2.0081476130800002, "client_name": "sta1"}
2025-12-12 12:10:58,903 - METRIC - INFO - {"loss": 0.07306413352489471, "accuracy": 0.9766573309898376, "energy_consumption": 6.1593675789815325, "selected": true, "host_energy_consumption": 2.39062825792, "client_name": "sta3"}
2025-12-12 12:10:59,747 - METRIC - INFO - {"loss": 0.07568879425525665, "accuracy": 0.9667250514030457, "energy_consumption": 1.604483510252817, "selected": true, "host_energy_consumption": 0.69448396304, "client_name": "sta5"}
2025-12-12 12:11:00,100 - METRIC - INFO - {"loss": 0.07374362647533417, "accuracy": 0.9763572812080383, "energy_consumption": 2.9285552519171043, "selected": true, "host_energy_consumption": 1.28989864416, "client_name": "sta4"}
2025-12-12 12:11:00,261 - METRIC - INFO - {"loss": 0.08379066735506058, "accuracy": 0.9766573309898376, "energy_consumption": 6.556838137543229, "selected": true, "host_energy_consumption": 2.43642053032, "client_name": "sta2"}
2025-12-12 12:11:00,910 - METRIC - INFO - mean_accuracy: 0.9757316609223684

2025-12-12 12:11:00,910 - METRIC - INFO - round: 13
2025-12-12 12:11:00,910 - METRIC - INFO - n_selected: 6
2025-12-12 12:11:00,910 - METRIC - INFO - {"selected_trainers": ["sta0", "sta1", "sta2", "sta3", "sta4", "sta5"]}
2025-12-12 12:11:12,352 - EXECUT - INFO - received weights from trainer sta0!
2025-12-12 12:11:31,242 - EXECUT - INFO - received weights from trainer sta1!
2025-12-12 12:11:54,292 - EXECUT - INFO - received weights from trainer sta2!
2025-12-12 12:12:18,396 - EXECUT - INFO - received weights from trainer sta3!
2025-12-12 12:12:37,326 - EXECUT - INFO - received weights from trainer sta4!
2025-12-12 12:12:49,485 - EXECUT - INFO - received weights from trainer sta5!
2025-12-12 12:12:50,915 - EXECUT - INFO - sent aggregated weights to trainers!
2025-12-12 12:13:06,553 - METRIC - INFO - {"loss": 0.06421954929828644, "accuracy": 0.9819136261940002, "energy_consumption": 5.944572726155734, "selected": true, "host_energy_consumption": 2.17186277028, "client_name": "sta1"}
2025-12-12 12:13:07,189 - METRIC - INFO - {"loss": 0.0680684894323349, "accuracy": 0.97782963514328, "energy_consumption": 2.441174855297634, "selected": true, "host_energy_consumption": 1.05142700936, "client_name": "sta0"}
2025-12-12 12:13:17,848 - METRIC - INFO - {"loss": 0.06794240325689316, "accuracy": 0.9772329330444336, "energy_consumption": 1.722980651157262, "selected": true, "host_energy_consumption": 0.75012197764, "client_name": "sta5"}
2025-12-12 12:13:20,338 - METRIC - INFO - {"loss": 0.07938750088214874, "accuracy": 0.9771241545677185, "energy_consumption": 7.104266025182396, "selected": true, "host_energy_consumption": 2.63948413176, "client_name": "sta2"}
2025-12-12 12:13:20,492 - METRIC - INFO - {"loss": 0.07142602652311325, "accuracy": 0.9754816293716431, "energy_consumption": 3.2095716243803105, "selected": true, "host_energy_consumption": 1.396917655, "client_name": "sta4"}
2025-12-12 12:13:26,642 - METRIC - INFO - {"loss": 0.06910134106874466, "accuracy": 0.9771241545677185, "energy_consumption": 6.672120211480051, "selected": true, "host_energy_consumption": 2.58889692264, "client_name": "sta3"}
2025-12-12 12:13:26,952 - METRIC - INFO - mean_accuracy: 0.9777843554814657

2025-12-12 12:13:26,952 - METRIC - INFO - round: 14
2025-12-12 12:13:26,952 - METRIC - INFO - n_selected: 6
2025-12-12 12:13:26,952 - METRIC - INFO - {"selected_trainers": ["sta0", "sta1", "sta2", "sta3", "sta4", "sta5"]}
2025-12-12 12:13:37,642 - EXECUT - INFO - received weights from trainer sta0!
2025-12-12 12:13:53,958 - EXECUT - INFO - received weights from trainer sta1!
2025-12-12 12:14:16,026 - EXECUT - INFO - received weights from trainer sta2!
2025-12-12 12:14:41,631 - EXECUT - INFO - received weights from trainer sta3!
2025-12-12 12:14:59,271 - EXECUT - INFO - received weights from trainer sta4!
2025-12-12 12:15:12,416 - EXECUT - INFO - received weights from trainer sta5!
2025-12-12 12:15:13,835 - EXECUT - INFO - sent aggregated weights to trainers!
2025-12-12 12:15:28,648 - METRIC - INFO - {"loss": 0.06197052448987961, "accuracy": 0.9830805063247681, "energy_consumption": 6.368374126088824, "selected": true, "host_energy_consumption": 2.33316544552, "client_name": "sta1"}
2025-12-12 12:15:30,137 - METRIC - INFO - {"loss": 0.06319070607423782, "accuracy": 0.9789965152740479, "energy_consumption": 2.609829589281441, "selected": true, "host_energy_consumption": 1.13023551144, "client_name": "sta0"}
2025-12-12 12:15:36,634 - METRIC - INFO - {"loss": 0.06688341498374939, "accuracy": 0.9766573309898376, "energy_consumption": 7.180734799941336, "selected": true, "host_energy_consumption": 2.78414460688, "client_name": "sta3"}
2025-12-12 12:15:38,219 - METRIC - INFO - {"loss": 0.06260506063699722, "accuracy": 0.9772329330444336, "energy_consumption": 1.8416637723012714, "selected": true, "host_energy_consumption": 0.8046984764, "client_name": "sta5"}
2025-12-12 12:15:40,224 - METRIC - INFO - {"loss": 0.07505916059017181, "accuracy": 0.9775910377502441, "energy_consumption": 7.69667639722447, "selected": true, "host_energy_consumption": 2.83969354844, "client_name": "sta2"}
2025-12-12 12:15:46,508 - METRIC - INFO - {"loss": 0.06514747440814972, "accuracy": 0.9772329330444336, "energy_consumption": 3.454181352001606, "selected": true, "host_energy_consumption": 1.50161889556, "client_name": "sta4"}
2025-12-12 12:15:46,868 - METRIC - INFO - mean_accuracy: 0.9784652094046274

2025-12-12 12:15:46,868 - METRIC - INFO - round: 15
2025-12-12 12:15:46,868 - METRIC - INFO - n_selected: 6
2025-12-12 12:15:46,868 - METRIC - INFO - {"selected_trainers": ["sta0", "sta1", "sta2", "sta3", "sta4", "sta5"]}
2025-12-12 12:15:57,579 - EXECUT - INFO - received weights from trainer sta0!
2025-12-12 12:16:17,291 - EXECUT - INFO - received weights from trainer sta1!
2025-12-12 12:16:41,916 - EXECUT - INFO - received weights from trainer sta2!
2025-12-12 12:17:05,930 - EXECUT - INFO - received weights from trainer sta3!
2025-12-12 12:17:25,351 - EXECUT - INFO - received weights from trainer sta4!
2025-12-12 12:17:36,933 - EXECUT - INFO - received weights from trainer sta5!
2025-12-12 12:17:38,351 - EXECUT - INFO - sent aggregated weights to trainers!
2025-12-12 12:17:50,634 - METRIC - INFO - {"loss": 0.06090398132801056, "accuracy": 0.9813302159309387, "energy_consumption": 2.7805395017961576, "selected": true, "host_energy_consumption": 1.20905872752, "client_name": "sta0"}
2025-12-12 12:17:55,134 - METRIC - INFO - {"loss": 0.0595209077000618, "accuracy": 0.9824970960617065, "energy_consumption": 6.828952905791311, "selected": true, "host_energy_consumption": 2.49428232088, "client_name": "sta1"}
2025-12-12 12:18:03,210 - METRIC - INFO - {"loss": 0.06369319558143616, "accuracy": 0.9775910377502441, "energy_consumption": 7.643842348833056, "selected": true, "host_energy_consumption": 2.9802790631600002, "client_name": "sta3"}
2025-12-12 12:18:04,074 - METRIC - INFO - {"loss": 0.057607874274253845, "accuracy": 0.9772329330444336, "energy_consumption": 1.959397237181986, "selected": true, "host_energy_consumption": 0.8597011600800001, "client_name": "sta5"}
2025-12-12 12:18:04,260 - METRIC - INFO - {"loss": 0.07203635573387146, "accuracy": 0.9789915680885315, "energy_consumption": 8.283977640092685, "selected": true, "host_energy_consumption": 3.0391431355600003, "client_name": "sta2"}
2025-12-12 12:18:04,861 - METRIC - INFO - {"loss": 0.06405142694711685, "accuracy": 0.9789842367172241, "energy_consumption": 3.7314315264582882, "selected": true, "host_energy_consumption": 1.6068335822000002, "client_name": "sta4"}
2025-12-12 12:18:05,378 - METRIC - INFO - mean_accuracy: 0.9794378479321798

2025-12-12 12:18:05,378 - METRIC - INFO - round: 16
2025-12-12 12:18:05,378 - METRIC - INFO - n_selected: 6
2025-12-12 12:18:05,378 - METRIC - INFO - {"selected_trainers": ["sta0", "sta1", "sta2", "sta3", "sta4", "sta5"]}
2025-12-12 12:18:17,144 - EXECUT - INFO - received weights from trainer sta0!
2025-12-12 12:18:35,441 - EXECUT - INFO - received weights from trainer sta1!
2025-12-12 12:18:58,288 - EXECUT - INFO - received weights from trainer sta2!
2025-12-12 12:19:21,583 - EXECUT - INFO - received weights from trainer sta3!
2025-12-12 12:19:38,871 - EXECUT - INFO - received weights from trainer sta4!
2025-12-12 12:19:51,607 - EXECUT - INFO - received weights from trainer sta5!
2025-12-12 12:19:53,020 - EXECUT - INFO - sent aggregated weights to trainers!
2025-12-12 12:20:04,522 - METRIC - INFO - {"loss": 0.05791889876127243, "accuracy": 0.9824970960617065, "energy_consumption": 2.947645086080991, "selected": true, "host_energy_consumption": 1.2877412774800001, "client_name": "sta0"}
2025-12-12 12:20:11,428 - METRIC - INFO - {"loss": 0.056992337107658386, "accuracy": 0.9819136261940002, "energy_consumption": 7.258102949966478, "selected": true, "host_energy_consumption": 2.6552580684000002, "client_name": "sta1"}
2025-12-12 12:20:20,077 - METRIC - INFO - {"loss": 0.055979568511247635, "accuracy": 0.9772329330444336, "energy_consumption": 2.07856460381245, "selected": true, "host_energy_consumption": 0.91401056236, "client_name": "sta5"}
2025-12-12 12:20:21,319 - METRIC - INFO - {"loss": 0.07071606814861298, "accuracy": 0.979925274848938, "energy_consumption": 8.786012989017797, "selected": true, "host_energy_consumption": 3.23769296144, "client_name": "sta2"}
2025-12-12 12:20:22,193 - METRIC - INFO - {"loss": 0.06042557209730148, "accuracy": 0.9798598885536194, "energy_consumption": 3.9701132195811804, "selected": true, "host_energy_consumption": 1.71262375116, "client_name": "sta4"}
2025-12-12 12:20:22,801 - METRIC - INFO - {"loss": 0.06262150406837463, "accuracy": 0.978057861328125, "energy_consumption": 8.158757095996657, "selected": true, "host_energy_consumption": 3.17590019348, "client_name": "sta3"}
2025-12-12 12:20:23,051 - METRIC - INFO - mean_accuracy: 0.9799144466718038

2025-12-12 12:20:23,051 - METRIC - INFO - round: 17
2025-12-12 12:20:23,051 - METRIC - INFO - n_selected: 6
2025-12-12 12:20:23,051 - METRIC - INFO - {"selected_trainers": ["sta0", "sta1", "sta2", "sta3", "sta4", "sta5"]}
2025-12-12 12:20:34,055 - EXECUT - INFO - received weights from trainer sta0!
2025-12-12 12:21:06,908 - EXECUT - INFO - received weights from trainer sta1!
2025-12-12 12:21:31,396 - EXECUT - INFO - received weights from trainer sta2!
2025-12-12 12:21:59,326 - EXECUT - INFO - received weights from trainer sta3!
2025-12-12 12:22:18,877 - EXECUT - INFO - received weights from trainer sta4!
2025-12-12 12:22:30,475 - EXECUT - INFO - received weights from trainer sta5!
2025-12-12 12:22:31,891 - EXECUT - INFO - sent aggregated weights to trainers!
2025-12-12 12:22:44,027 - METRIC - INFO - {"loss": 0.05666894093155861, "accuracy": 0.9813302159309387, "energy_consumption": 3.163176272889837, "selected": true, "host_energy_consumption": 1.36675188328, "client_name": "sta0"}
2025-12-12 12:22:53,851 - METRIC - INFO - {"loss": 0.05338025465607643, "accuracy": 0.9848307967185974, "energy_consumption": 7.666849584825009, "selected": true, "host_energy_consumption": 2.81673013776, "client_name": "sta1"}
2025-12-12 12:22:55,453 - METRIC - INFO - {"loss": 0.06764435768127441, "accuracy": 0.9803921580314636, "energy_consumption": 9.297263142921109, "selected": true, "host_energy_consumption": 3.4367017683600003, "client_name": "sta2"}
2025-12-12 12:22:55,597 - METRIC - INFO - {"loss": 0.06085335463285446, "accuracy": 0.978057861328125, "energy_consumption": 8.678453864500876, "selected": true, "host_energy_consumption": 3.37232539812, "client_name": "sta3"}
2025-12-12 12:22:57,268 - METRIC - INFO - {"loss": 0.05119120329618454, "accuracy": 0.9772329330444336, "energy_consumption": 2.2361345604104743, "selected": true, "host_energy_consumption": 0.96893398336, "client_name": "sta5"}
2025-12-12 12:22:59,374 - METRIC - INFO - {"loss": 0.05832662805914879, "accuracy": 0.9798598885536194, "energy_consumption": 4.2156201829194595, "selected": true, "host_energy_consumption": 1.81864728108, "client_name": "sta4"}
2025-12-12 12:22:59,921 - METRIC - INFO - mean_accuracy: 0.9802839756011963

2025-12-12 12:22:59,921 - METRIC - INFO - round: 18
2025-12-12 12:22:59,921 - METRIC - INFO - n_selected: 6
2025-12-12 12:22:59,921 - METRIC - INFO - {"selected_trainers": ["sta0", "sta1", "sta2", "sta3", "sta4", "sta5"]}
2025-12-12 12:23:10,538 - EXECUT - INFO - received weights from trainer sta0!
2025-12-12 12:23:28,996 - EXECUT - INFO - received weights from trainer sta1!
2025-12-12 12:23:51,686 - EXECUT - INFO - received weights from trainer sta2!
2025-12-12 12:24:16,261 - EXECUT - INFO - received weights from trainer sta3!
2025-12-12 12:24:35,845 - EXECUT - INFO - received weights from trainer sta4!
2025-12-12 12:24:48,821 - EXECUT - INFO - received weights from trainer sta5!
2025-12-12 12:24:50,231 - EXECUT - INFO - sent aggregated weights to trainers!
2025-12-12 12:25:02,071 - METRIC - INFO - {"loss": 0.052938062697649, "accuracy": 0.9848307967185974, "energy_consumption": 3.3286491887557847, "selected": true, "host_energy_consumption": 1.44637466232, "client_name": "sta0"}
2025-12-12 12:25:08,125 - METRIC - INFO - {"loss": 0.05632590129971504, "accuracy": 0.9819136261940002, "energy_consumption": 8.088256050256177, "selected": true, "host_energy_consumption": 2.9795493789600003, "client_name": "sta1"}
2025-12-12 12:25:15,220 - METRIC - INFO - {"loss": 0.06677369028329849, "accuracy": 0.979925274848938, "energy_consumption": 9.795324986458722, "selected": true, "host_energy_consumption": 3.63805307404, "client_name": "sta2"}
2025-12-12 12:25:15,331 - METRIC - INFO - {"loss": 0.04877852648496628, "accuracy": 0.9789842367172241, "energy_consumption": 2.352416770302793, "selected": true, "host_energy_consumption": 1.0254625472, "client_name": "sta5"}
2025-12-12 12:25:16,625 - METRIC - INFO - {"loss": 0.05676701292395592, "accuracy": 0.9798598885536194, "energy_consumption": 4.489680628012622, "selected": true, "host_energy_consumption": 1.92627108268, "client_name": "sta4"}
2025-12-12 12:25:17,875 - METRIC - INFO - {"loss": 0.05940382555127144, "accuracy": 0.9785247445106506, "energy_consumption": 9.153752293235792, "selected": true, "host_energy_consumption": 3.5702297086400003, "client_name": "sta3"}
2025-12-12 12:25:18,261 - METRIC - INFO - mean_accuracy: 0.980673094590505

2025-12-12 12:25:18,261 - METRIC - INFO - round: 19
2025-12-12 12:25:18,261 - METRIC - INFO - n_selected: 6
2025-12-12 12:25:18,261 - METRIC - INFO - {"selected_trainers": ["sta0", "sta1", "sta2", "sta3", "sta4", "sta5"]}
2025-12-12 12:25:29,476 - EXECUT - INFO - received weights from trainer sta0!
2025-12-12 12:25:44,949 - EXECUT - INFO - received weights from trainer sta1!
2025-12-12 12:26:06,925 - EXECUT - INFO - received weights from trainer sta2!
2025-12-12 12:26:30,987 - EXECUT - INFO - received weights from trainer sta3!
2025-12-12 12:26:48,725 - EXECUT - INFO - received weights from trainer sta4!
2025-12-12 12:26:58,920 - EXECUT - INFO - received weights from trainer sta5!
2025-12-12 12:27:00,335 - EXECUT - INFO - sent aggregated weights to trainers!
2025-12-12 12:27:15,037 - METRIC - INFO - {"loss": 0.05095364525914192, "accuracy": 0.9830805063247681, "energy_consumption": 8.50723640671292, "selected": true, "host_energy_consumption": 3.1425988885200002, "client_name": "sta1"}
2025-12-12 12:27:15,738 - METRIC - INFO - {"loss": 0.0525716170668602, "accuracy": 0.9836639165878296, "energy_consumption": 3.494778830205229, "selected": true, "host_energy_consumption": 1.5256791102, "client_name": "sta0"}
2025-12-12 12:27:20,880 - METRIC - INFO - {"loss": 0.06491754949092865, "accuracy": 0.9808589816093445, "energy_consumption": 10.343844956626283, "selected": true, "host_energy_consumption": 3.8388916174000003, "client_name": "sta2"}
2025-12-12 12:27:23,861 - METRIC - INFO - {"loss": 0.05958300456404686, "accuracy": 0.9772329330444336, "energy_consumption": 4.729646068174021, "selected": true, "host_energy_consumption": 2.03397119016, "client_name": "sta4"}
2025-12-12 12:27:25,245 - METRIC - INFO - {"loss": 0.056889504194259644, "accuracy": 0.9789915680885315, "energy_consumption": 9.623269300641406, "selected": true, "host_energy_consumption": 3.77076636104, "client_name": "sta3"}
2025-12-12 12:27:25,366 - METRIC - INFO - {"loss": 0.048305850476026535, "accuracy": 0.9789842367172241, "energy_consumption": 2.4722625711528368, "selected": true, "host_energy_consumption": 1.0821109448800001, "client_name": "sta5"}
2025-12-12 12:27:26,362 - METRIC - INFO - mean_accuracy: 0.9804686903953552

2025-12-12 12:27:26,362 - METRIC - INFO - round: 20
2025-12-12 12:27:26,362 - METRIC - INFO - n_selected: 6
2025-12-12 12:27:26,362 - METRIC - INFO - {"selected_trainers": ["sta0", "sta1", "sta2", "sta3", "sta4", "sta5"]}
2025-12-12 12:27:37,147 - EXECUT - INFO - received weights from trainer sta0!
2025-12-12 12:27:54,636 - EXECUT - INFO - received weights from trainer sta1!
2025-12-12 12:28:16,577 - EXECUT - INFO - received weights from trainer sta2!
2025-12-12 12:28:40,264 - EXECUT - INFO - received weights from trainer sta3!
2025-12-12 12:28:57,406 - EXECUT - INFO - received weights from trainer sta4!
2025-12-12 12:29:06,537 - EXECUT - INFO - received weights from trainer sta5!
2025-12-12 12:29:07,956 - EXECUT - INFO - sent aggregated weights to trainers!
2025-12-12 12:29:25,033 - METRIC - INFO - {"loss": 0.05177466943860054, "accuracy": 0.9830805063247681, "energy_consumption": 8.930452665357578, "selected": true, "host_energy_consumption": 3.30623148464, "client_name": "sta1"}
2025-12-12 12:29:26,020 - METRIC - INFO - {"loss": 0.05196600407361984, "accuracy": 0.9824970960617065, "energy_consumption": 3.7059104011586417, "selected": true, "host_energy_consumption": 1.60545291228, "client_name": "sta0"}
2025-12-12 12:29:37,238 - METRIC - INFO - {"loss": 0.06380333006381989, "accuracy": 0.9803921580314636, "energy_consumption": 10.849223098522996, "selected": true, "host_energy_consumption": 4.040358980000001, "client_name": "sta2"}
2025-12-12 12:29:37,332 - METRIC - INFO - {"loss": 0.04644019529223442, "accuracy": 0.9807355403900146, "energy_consumption": 2.5899205302912067, "selected": true, "host_energy_consumption": 1.13899837716, "client_name": "sta5"}
2025-12-12 12:29:37,869 - METRIC - INFO - {"loss": 0.05481214448809624, "accuracy": 0.9798598885536194, "energy_consumption": 4.975352648596627, "selected": true, "host_energy_consumption": 2.1411899294800003, "client_name": "sta4"}
2025-12-12 12:29:38,319 - METRIC - INFO - {"loss": 0.0567760169506073, "accuracy": 0.9803921580314636, "energy_consumption": 10.181535830076124, "selected": true, "host_energy_consumption": 3.9701729158, "client_name": "sta3"}
2025-12-12 12:29:38,988 - METRIC - INFO - mean_accuracy: 0.9811595578988394

2025-12-12 12:29:38,988 - METRIC - INFO - round: 21
2025-12-12 12:29:38,988 - METRIC - INFO - n_selected: 6
2025-12-12 12:29:38,988 - METRIC - INFO - {"selected_trainers": ["sta0", "sta1", "sta2", "sta3", "sta4", "sta5"]}
2025-12-12 12:29:50,078 - EXECUT - INFO - received weights from trainer sta0!
2025-12-12 12:30:07,072 - EXECUT - INFO - received weights from trainer sta1!
2025-12-12 12:30:29,523 - EXECUT - INFO - received weights from trainer sta2!
2025-12-12 12:30:54,110 - EXECUT - INFO - received weights from trainer sta3!
2025-12-12 12:31:13,275 - EXECUT - INFO - received weights from trainer sta4!
2025-12-12 12:31:25,952 - EXECUT - INFO - received weights from trainer sta5!
2025-12-12 12:31:27,365 - EXECUT - INFO - sent aggregated weights to trainers!
2025-12-12 12:31:41,357 - METRIC - INFO - {"loss": 0.05157830938696861, "accuracy": 0.9789965152740479, "energy_consumption": 3.9182958878571927, "selected": true, "host_energy_consumption": 1.6853735329200001, "client_name": "sta0"}
2025-12-12 12:31:42,881 - METRIC - INFO - {"loss": 0.05526164919137955, "accuracy": 0.9803921580314636, "energy_consumption": 10.656424837145204, "selected": true, "host_energy_consumption": 4.16892881104, "client_name": "sta3"}
2025-12-12 12:31:43,116 - METRIC - INFO - {"loss": 0.048403482884168625, "accuracy": 0.9848307967185974, "energy_consumption": 9.388972632792516, "selected": true, "host_energy_consumption": 3.47050956252, "client_name": "sta1"}
2025-12-12 12:31:48,621 - METRIC - INFO - {"loss": 0.04738321155309677, "accuracy": 0.9789842367172241, "energy_consumption": 2.709448884660458, "selected": true, "host_energy_consumption": 1.19516887532, "client_name": "sta5"}
2025-12-12 12:31:48,663 - METRIC - INFO - {"loss": 0.05391955003142357, "accuracy": 0.9816111922264099, "energy_consumption": 5.22014009709794, "selected": true, "host_energy_consumption": 2.24952540148, "client_name": "sta4"}
2025-12-12 12:31:49,983 - METRIC - INFO - {"loss": 0.06254147738218307, "accuracy": 0.9827263951301575, "energy_consumption": 11.352710408201615, "selected": true, "host_energy_consumption": 4.24106478712, "client_name": "sta2"}
2025-12-12 12:31:50,390 - METRIC - INFO - mean_accuracy: 0.98125688234965

2025-12-12 12:31:50,390 - METRIC - INFO - round: 22
2025-12-12 12:31:50,390 - METRIC - INFO - n_selected: 6
2025-12-12 12:31:50,390 - METRIC - INFO - {"selected_trainers": ["sta0", "sta1", "sta2", "sta3", "sta4", "sta5"]}
2025-12-12 12:32:01,994 - EXECUT - INFO - received weights from trainer sta0!
2025-12-12 12:32:19,928 - EXECUT - INFO - received weights from trainer sta1!
2025-12-12 12:32:44,951 - EXECUT - INFO - received weights from trainer sta2!
2025-12-12 12:33:10,002 - EXECUT - INFO - received weights from trainer sta3!
2025-12-12 12:33:28,575 - EXECUT - INFO - received weights from trainer sta4!
2025-12-12 12:33:39,717 - EXECUT - INFO - received weights from trainer sta5!
2025-12-12 12:33:41,140 - EXECUT - INFO - sent aggregated weights to trainers!
2025-12-12 12:34:00,353 - METRIC - INFO - {"loss": 0.04848562926054001, "accuracy": 0.9836639165878296, "energy_consumption": 9.843341296071372, "selected": true, "host_energy_consumption": 3.6338967490000003, "client_name": "sta1"}
2025-12-12 12:34:01,213 - METRIC - INFO - {"loss": 0.048935551196336746, "accuracy": 0.9824970960617065, "energy_consumption": 4.085539096343021, "selected": true, "host_energy_consumption": 1.7648514422000001, "client_name": "sta0"}
2025-12-12 12:34:06,399 - METRIC - INFO - {"loss": 0.04346014931797981, "accuracy": 0.9807355403900146, "energy_consumption": 2.859164176036228, "selected": true, "host_energy_consumption": 1.2510587933200001, "client_name": "sta5"}
2025-12-12 12:34:09,170 - METRIC - INFO - {"loss": 0.054143235087394714, "accuracy": 0.9813258647918701, "energy_consumption": 11.125246068219491, "selected": true, "host_energy_consumption": 4.36749659864, "client_name": "sta3"}
2025-12-12 12:34:09,545 - METRIC - INFO - {"loss": 0.055461592972278595, "accuracy": 0.9789842367172241, "energy_consumption": 5.42695736870941, "selected": true, "host_energy_consumption": 2.35731582884, "client_name": "sta4"}
2025-12-12 12:34:09,905 - METRIC - INFO - {"loss": 0.0620725043118, "accuracy": 0.9827263951301575, "energy_consumption": 11.853970796808694, "selected": true, "host_energy_consumption": 4.4427169416000005, "client_name": "sta2"}
2025-12-12 12:34:10,169 - METRIC - INFO - mean_accuracy: 0.9816555082798004

2025-12-12 12:34:10,169 - METRIC - INFO - round: 23
2025-12-12 12:34:10,169 - METRIC - INFO - n_selected: 6
2025-12-12 12:34:10,169 - METRIC - INFO - {"selected_trainers": ["sta0", "sta1", "sta2", "sta3", "sta4", "sta5"]}
2025-12-12 12:34:20,421 - EXECUT - INFO - received weights from trainer sta0!
2025-12-12 12:34:36,921 - EXECUT - INFO - received weights from trainer sta1!
2025-12-12 12:34:58,887 - EXECUT - INFO - received weights from trainer sta2!
2025-12-12 12:35:23,884 - EXECUT - INFO - received weights from trainer sta3!
2025-12-12 12:35:42,911 - EXECUT - INFO - received weights from trainer sta4!
2025-12-12 12:35:52,965 - EXECUT - INFO - received weights from trainer sta5!
2025-12-12 12:35:54,393 - EXECUT - INFO - sent aggregated weights to trainers!
2025-12-12 12:36:09,842 - METRIC - INFO - {"loss": 0.047771334648132324, "accuracy": 0.9836639165878296, "energy_consumption": 10.268081546431318, "selected": true, "host_energy_consumption": 3.79657665716, "client_name": "sta1"}
2025-12-12 12:36:11,703 - METRIC - INFO - {"loss": 0.04822946712374687, "accuracy": 0.9836639165878296, "energy_consumption": 4.297203262463208, "selected": true, "host_energy_consumption": 1.8444810232800002, "client_name": "sta0"}
2025-12-12 12:36:18,601 - METRIC - INFO - {"loss": 0.04430849477648735, "accuracy": 0.9807355403900146, "energy_consumption": 2.9768577683660284, "selected": true, "host_energy_consumption": 1.30590647236, "client_name": "sta5"}
2025-12-12 12:36:21,266 - METRIC - INFO - {"loss": 0.05224737524986267, "accuracy": 0.9833624958992004, "energy_consumption": 5.671974407059381, "selected": true, "host_energy_consumption": 2.4642821176400003, "client_name": "sta4"}
2025-12-12 12:36:22,548 - METRIC - INFO - {"loss": 0.05915670469403267, "accuracy": 0.9822595715522766, "energy_consumption": 12.395673989785918, "selected": true, "host_energy_consumption": 4.64331202328, "client_name": "sta2"}
2025-12-12 12:36:33,273 - METRIC - INFO - {"loss": 0.05247636139392853, "accuracy": 0.9808589816093445, "energy_consumption": 11.677970085770335, "selected": true, "host_energy_consumption": 4.5655126932800005, "client_name": "sta3"}
2025-12-12 12:36:33,434 - METRIC - INFO - mean_accuracy: 0.9824240704377493

2025-12-12 12:36:33,434 - METRIC - INFO - round: 24
2025-12-12 12:36:33,434 - METRIC - INFO - n_selected: 6
2025-12-12 12:36:33,434 - METRIC - INFO - {"selected_trainers": ["sta0", "sta1", "sta2", "sta3", "sta4", "sta5"]}
2025-12-12 12:36:44,370 - EXECUT - INFO - received weights from trainer sta0!
2025-12-12 12:37:00,701 - EXECUT - INFO - received weights from trainer sta1!
2025-12-12 12:37:24,120 - EXECUT - INFO - received weights from trainer sta2!
2025-12-12 12:37:49,573 - EXECUT - INFO - received weights from trainer sta3!
2025-12-12 12:38:07,726 - EXECUT - INFO - received weights from trainer sta4!
2025-12-12 12:38:18,681 - EXECUT - INFO - received weights from trainer sta5!
2025-12-12 12:38:20,093 - EXECUT - INFO - sent aggregated weights to trainers!
2025-12-12 12:38:34,027 - METRIC - INFO - {"loss": 0.04791846126317978, "accuracy": 0.9836639165878296, "energy_consumption": 4.463460814305714, "selected": true, "host_energy_consumption": 1.9243693610400001, "client_name": "sta0"}
2025-12-12 12:38:37,040 - METRIC - INFO - {"loss": 0.04765046387910843, "accuracy": 0.9824970960617065, "energy_consumption": 10.689157414942585, "selected": true, "host_energy_consumption": 3.9588031042000003, "client_name": "sta1"}
2025-12-12 12:38:50,530 - METRIC - INFO - {"loss": 0.042684148997068405, "accuracy": 0.9824868440628052, "energy_consumption": 3.0970219328736563, "selected": true, "host_energy_consumption": 1.36126006128, "client_name": "sta5"}
2025-12-12 12:38:51,575 - METRIC - INFO - {"loss": 0.052164461463689804, "accuracy": 0.9803921580314636, "energy_consumption": 12.194564062776886, "selected": true, "host_energy_consumption": 4.76138485564, "client_name": "sta3"}
2025-12-12 12:38:52,134 - METRIC - INFO - {"loss": 0.058730099350214005, "accuracy": 0.9831932783126831, "energy_consumption": 12.900158146618123, "selected": true, "host_energy_consumption": 4.84338537116, "client_name": "sta2"}
2025-12-12 12:38:52,224 - METRIC - INFO - {"loss": 0.051443327218294144, "accuracy": 0.9833624958992004, "energy_consumption": 5.915680480315957, "selected": true, "host_energy_consumption": 2.57183868788, "client_name": "sta4"}
2025-12-12 12:38:53,127 - METRIC - INFO - mean_accuracy: 0.9825992981592814

2025-12-12 12:38:53,127 - METRIC - INFO - round: 25
2025-12-12 12:38:53,127 - METRIC - INFO - n_selected: 6
2025-12-12 12:38:53,127 - METRIC - INFO - {"selected_trainers": ["sta0", "sta1", "sta2", "sta3", "sta4", "sta5"]}
2025-12-12 12:39:03,908 - EXECUT - INFO - received weights from trainer sta0!
2025-12-12 12:39:22,963 - EXECUT - INFO - received weights from trainer sta1!
2025-12-12 12:39:47,993 - EXECUT - INFO - received weights from trainer sta2!
2025-12-12 12:40:11,843 - EXECUT - INFO - received weights from trainer sta3!
2025-12-12 12:40:30,428 - EXECUT - INFO - received weights from trainer sta4!
2025-12-12 12:40:40,147 - EXECUT - INFO - received weights from trainer sta5!
2025-12-12 12:40:41,570 - EXECUT - INFO - sent aggregated weights to trainers!
2025-12-12 12:40:59,253 - METRIC - INFO - {"loss": 0.04544372856616974, "accuracy": 0.9836639165878296, "energy_consumption": 4.635122695895143, "selected": true, "host_energy_consumption": 2.0042057627200003, "client_name": "sta0"}
2025-12-12 12:41:01,872 - METRIC - INFO - {"loss": 0.04735212028026581, "accuracy": 0.9836639165878296, "energy_consumption": 11.11485924009503, "selected": true, "host_energy_consumption": 4.120744015360001, "client_name": "sta1"}
2025-12-12 12:41:13,250 - METRIC - INFO - {"loss": 0.05239012837409973, "accuracy": 0.9807355403900146, "energy_consumption": 6.156436822503779, "selected": true, "host_energy_consumption": 2.67852528468, "client_name": "sta4"}
2025-12-12 12:41:14,180 - METRIC - INFO - {"loss": 0.057439133524894714, "accuracy": 0.983660101890564, "energy_consumption": 13.456848793115084, "selected": true, "host_energy_consumption": 5.04356792268, "client_name": "sta2"}
2025-12-12 12:41:14,459 - METRIC - INFO - {"loss": 0.05137354135513306, "accuracy": 0.981792688369751, "energy_consumption": 12.667807842304734, "selected": true, "host_energy_consumption": 4.95877982124, "client_name": "sta3"}
2025-12-12 12:41:15,259 - METRIC - INFO - {"loss": 0.041796885430812836, "accuracy": 0.9842382073402405, "energy_consumption": 3.217153532042798, "selected": true, "host_energy_consumption": 1.4163581404, "client_name": "sta5"}
2025-12-12 12:41:15,606 - METRIC - INFO - mean_accuracy: 0.9829590618610382

2025-12-12 12:41:15,606 - METRIC - INFO - round: 26
2025-12-12 12:41:15,606 - METRIC - INFO - n_selected: 6
2025-12-12 12:41:15,606 - METRIC - INFO - {"selected_trainers": ["sta0", "sta1", "sta2", "sta3", "sta4", "sta5"]}
2025-12-12 12:41:26,607 - EXECUT - INFO - received weights from trainer sta0!
2025-12-12 12:41:44,276 - EXECUT - INFO - received weights from trainer sta1!
2025-12-12 12:42:09,414 - EXECUT - INFO - received weights from trainer sta2!
2025-12-12 12:42:33,951 - EXECUT - INFO - received weights from trainer sta3!
2025-12-12 12:42:54,325 - EXECUT - INFO - received weights from trainer sta4!
2025-12-12 12:43:03,677 - EXECUT - INFO - received weights from trainer sta5!
2025-12-12 12:43:05,099 - EXECUT - INFO - sent aggregated weights to trainers!
2025-12-12 12:43:17,268 - METRIC - INFO - {"loss": 0.04538264870643616, "accuracy": 0.9848307967185974, "energy_consumption": 4.8015906801957815, "selected": true, "host_energy_consumption": 2.08300537788, "client_name": "sta0"}
2025-12-12 12:43:20,348 - METRIC - INFO - {"loss": 0.04392848163843155, "accuracy": 0.9859976768493652, "energy_consumption": 11.579793127941855, "selected": true, "host_energy_consumption": 4.28270813432, "client_name": "sta1"}
2025-12-12 12:43:28,750 - METRIC - INFO - {"loss": 0.05689868703484535, "accuracy": 0.983660101890564, "energy_consumption": 13.963876276337173, "selected": true, "host_energy_consumption": 5.2437696318, "client_name": "sta2"}
2025-12-12 12:43:32,213 - METRIC - INFO - {"loss": 0.04976488649845123, "accuracy": 0.9824868440628052, "energy_consumption": 6.396876212564309, "selected": true, "host_energy_consumption": 2.790719309, "client_name": "sta4"}
2025-12-12 12:43:33,965 - METRIC - INFO - {"loss": 0.04222013056278229, "accuracy": 0.9842382073402405, "energy_consumption": 3.368289145547746, "selected": true, "host_energy_consumption": 1.4713082902, "client_name": "sta5"}
2025-12-12 12:43:34,403 - METRIC - INFO - {"loss": 0.05007539689540863, "accuracy": 0.9822595715522766, "energy_consumption": 13.185713733372689, "selected": true, "host_energy_consumption": 5.153830305680001, "client_name": "sta3"}
2025-12-12 12:43:35,130 - METRIC - INFO - mean_accuracy: 0.9839121997356415

2025-12-12 12:43:35,130 - METRIC - INFO - round: 27
2025-12-12 12:43:35,130 - METRIC - INFO - n_selected: 6
2025-12-12 12:43:35,130 - METRIC - INFO - {"selected_trainers": ["sta0", "sta1", "sta2", "sta3", "sta4", "sta5"]}
2025-12-12 12:43:46,497 - EXECUT - INFO - received weights from trainer sta0!
2025-12-12 12:44:02,017 - EXECUT - INFO - received weights from trainer sta1!
2025-12-12 12:44:23,135 - EXECUT - INFO - received weights from trainer sta2!
2025-12-12 12:44:48,958 - EXECUT - INFO - received weights from trainer sta3!
2025-12-12 12:45:08,566 - EXECUT - INFO - received weights from trainer sta4!
2025-12-12 12:45:20,418 - EXECUT - INFO - received weights from trainer sta5!
2025-12-12 12:45:21,842 - EXECUT - INFO - sent aggregated weights to trainers!
2025-12-12 12:45:36,013 - METRIC - INFO - {"loss": 0.042916666716337204, "accuracy": 0.9854142069816589, "energy_consumption": 11.9996819519544, "selected": true, "host_energy_consumption": 4.44528333312, "client_name": "sta1"}
2025-12-12 12:45:36,506 - METRIC - INFO - {"loss": 0.04340407997369766, "accuracy": 0.9859976768493652, "energy_consumption": 5.005840090541662, "selected": true, "host_energy_consumption": 2.16215107864, "client_name": "sta0"}
2025-12-12 12:45:40,820 - METRIC - INFO - {"loss": 0.049816302955150604, "accuracy": 0.9841269850730896, "energy_consumption": 13.73527030720677, "selected": true, "host_energy_consumption": 5.3495355004, "client_name": "sta3"}
2025-12-12 12:45:42,110 - METRIC - INFO - {"loss": 0.0566537007689476, "accuracy": 0.9841269850730896, "energy_consumption": 14.555928253214658, "selected": true, "host_energy_consumption": 5.44377050168, "client_name": "sta2"}
2025-12-12 12:45:43,460 - METRIC - INFO - {"loss": 0.04944923520088196, "accuracy": 0.9816111922264099, "energy_consumption": 6.637785508680509, "selected": true, "host_energy_consumption": 2.89644284412, "client_name": "sta4"}
2025-12-12 12:45:49,409 - METRIC - INFO - {"loss": 0.04135582596063614, "accuracy": 0.9824868440628052, "energy_consumption": 3.488459797054259, "selected": true, "host_energy_consumption": 1.5257725084, "client_name": "sta5"}
2025-12-12 12:45:49,872 - METRIC - INFO - mean_accuracy: 0.9839606483777364

2025-12-12 12:45:49,872 - METRIC - INFO - round: 28
2025-12-12 12:45:49,872 - METRIC - INFO - n_selected: 6
2025-12-12 12:45:49,872 - METRIC - INFO - {"selected_trainers": ["sta0", "sta1", "sta2", "sta3", "sta4", "sta5"]}
2025-12-12 12:46:00,888 - EXECUT - INFO - received weights from trainer sta0!
2025-12-12 12:46:17,038 - EXECUT - INFO - received weights from trainer sta1!
2025-12-12 12:46:39,804 - EXECUT - INFO - received weights from trainer sta2!
2025-12-12 12:47:04,675 - EXECUT - INFO - received weights from trainer sta3!
2025-12-12 12:47:20,603 - EXECUT - INFO - received weights from trainer sta4!
2025-12-12 12:47:30,392 - EXECUT - INFO - received weights from trainer sta5!
2025-12-12 12:47:31,823 - EXECUT - INFO - sent aggregated weights to trainers!
2025-12-12 12:47:45,168 - METRIC - INFO - {"loss": 0.045175950974226, "accuracy": 0.9836639165878296, "energy_consumption": 12.420600700297626, "selected": true, "host_energy_consumption": 4.60748903384, "client_name": "sta1"}
2025-12-12 12:47:49,837 - METRIC - INFO - {"loss": 0.04059403017163277, "accuracy": 0.985989511013031, "energy_consumption": 3.6068335419191984, "selected": true, "host_energy_consumption": 1.58097739884, "client_name": "sta5"}
2025-12-12 12:47:50,177 - METRIC - INFO - {"loss": 0.0435701385140419, "accuracy": 0.9859976768493652, "energy_consumption": 5.173109514069333, "selected": true, "host_energy_consumption": 2.24165735668, "client_name": "sta0"}
2025-12-12 12:47:54,091 - METRIC - INFO - {"loss": 0.04967145621776581, "accuracy": 0.9831932783126831, "energy_consumption": 14.208999429018258, "selected": true, "host_energy_consumption": 5.5450222707600005, "client_name": "sta3"}
2025-12-12 12:47:56,951 - METRIC - INFO - {"loss": 0.05492659658193588, "accuracy": 0.9841269850730896, "energy_consumption": 15.093751985597974, "selected": true, "host_energy_consumption": 5.64245291064, "client_name": "sta2"}
2025-12-12 12:48:03,997 - METRIC - INFO - {"loss": 0.05015811324119568, "accuracy": 0.9833624958992004, "energy_consumption": 6.838857972913318, "selected": true, "host_energy_consumption": 3.0019101182, "client_name": "sta4"}
2025-12-12 12:48:04,859 - METRIC - INFO - mean_accuracy: 0.9843889772891998

2025-12-12 12:48:04,859 - METRIC - INFO - round: 29
2025-12-12 12:48:04,859 - METRIC - INFO - n_selected: 6
2025-12-12 12:48:04,859 - METRIC - INFO - {"selected_trainers": ["sta0", "sta1", "sta2", "sta3", "sta4", "sta5"]}
2025-12-12 12:48:16,672 - EXECUT - INFO - received weights from trainer sta0!
2025-12-12 12:48:31,742 - EXECUT - INFO - received weights from trainer sta1!
2025-12-12 12:48:55,015 - EXECUT - INFO - received weights from trainer sta2!
2025-12-12 12:49:16,881 - EXECUT - INFO - received weights from trainer sta3!
2025-12-12 12:49:36,135 - EXECUT - INFO - received weights from trainer sta4!
2025-12-12 12:49:48,187 - EXECUT - INFO - received weights from trainer sta5!
2025-12-12 12:49:49,605 - EXECUT - INFO - sent aggregated weights to trainers!
2025-12-12 12:50:05,726 - METRIC - INFO - {"loss": 0.04296589270234108, "accuracy": 0.9836639165878296, "energy_consumption": 12.898567676278091, "selected": true, "host_energy_consumption": 4.769880944920001, "client_name": "sta1"}
2025-12-12 12:50:10,483 - METRIC - INFO - {"loss": 0.04174751415848732, "accuracy": 0.9883313775062561, "energy_consumption": 5.382361551405063, "selected": true, "host_energy_consumption": 2.32168287484, "client_name": "sta0"}
2025-12-12 12:50:19,172 - METRIC - INFO - {"loss": 0.054912369698286057, "accuracy": 0.9841269850730896, "energy_consumption": 15.626615999604054, "selected": true, "host_energy_consumption": 5.84181046932, "client_name": "sta2"}
2025-12-12 12:50:19,322 - METRIC - INFO - {"loss": 0.048802416771650314, "accuracy": 0.9824868440628052, "energy_consumption": 7.116522242345483, "selected": true, "host_energy_consumption": 3.1077068153600003, "client_name": "sta4"}
2025-12-12 12:50:20,528 - METRIC - INFO - {"loss": 0.03901444748044014, "accuracy": 0.985989511013031, "energy_consumption": 3.7250753961300918, "selected": true, "host_energy_consumption": 1.6360416912, "client_name": "sta5"}
2025-12-12 12:50:22,426 - METRIC - INFO - {"loss": 0.04850113391876221, "accuracy": 0.9841269850730896, "energy_consumption": 14.73013562935534, "selected": true, "host_energy_consumption": 5.73994623916, "client_name": "sta3"}
2025-12-12 12:50:22,640 - METRIC - INFO - mean_accuracy: 0.9847876032193502

2025-12-12 12:50:22,640 - METRIC - INFO - round: 30
2025-12-12 12:50:22,640 - METRIC - INFO - n_selected: 6
2025-12-12 12:50:22,640 - METRIC - INFO - {"selected_trainers": ["sta0", "sta1", "sta2", "sta3", "sta4", "sta5"]}
2025-12-12 12:50:34,079 - EXECUT - INFO - received weights from trainer sta0!
2025-12-12 12:50:50,076 - EXECUT - INFO - received weights from trainer sta1!
2025-12-12 12:51:13,317 - EXECUT - INFO - received weights from trainer sta2!
2025-12-12 12:51:35,350 - EXECUT - INFO - received weights from trainer sta3!
2025-12-12 12:51:52,345 - EXECUT - INFO - received weights from trainer sta4!
2025-12-12 12:52:03,095 - EXECUT - INFO - received weights from trainer sta5!
2025-12-12 12:52:04,494 - EXECUT - INFO - sent aggregated weights to trainers!
2025-12-12 12:52:23,961 - METRIC - INFO - {"loss": 0.043022215366363525, "accuracy": 0.9859976768493652, "energy_consumption": 13.324219174336193, "selected": true, "host_energy_consumption": 4.9321775288800005, "client_name": "sta1"}
2025-12-12 12:52:26,167 - METRIC - INFO - {"loss": 0.041692834347486496, "accuracy": 0.9871645569801331, "energy_consumption": 5.550539297838464, "selected": true, "host_energy_consumption": 2.40068093692, "client_name": "sta0"}
2025-12-12 12:52:34,937 - METRIC - INFO - {"loss": 0.04072444140911102, "accuracy": 0.985989511013031, "energy_consumption": 3.8411918434106243, "selected": true, "host_energy_consumption": 1.6910748293600002, "client_name": "sta5"}
2025-12-12 12:52:36,342 - METRIC - INFO - {"loss": 0.04832373186945915, "accuracy": 0.9833624958992004, "energy_consumption": 7.359447850633843, "selected": true, "host_energy_consumption": 3.2128409065200003, "client_name": "sta4"}
2025-12-12 12:52:37,310 - METRIC - INFO - {"loss": 0.05375734716653824, "accuracy": 0.9845938086509705, "energy_consumption": 16.17293139633972, "selected": true, "host_energy_consumption": 6.04256737476, "client_name": "sta2"}
2025-12-12 12:52:37,331 - METRIC - INFO - {"loss": 0.04885026440024376, "accuracy": 0.983660101890564, "energy_consumption": 15.286940179032849, "selected": true, "host_energy_consumption": 5.936445460400001, "client_name": "sta3"}
2025-12-12 12:52:37,527 - METRIC - INFO - mean_accuracy: 0.9851280252138773

2025-12-12 12:52:37,527 - METRIC - INFO - round: 31
2025-12-12 12:52:37,527 - METRIC - INFO - n_selected: 6
2025-12-12 12:52:37,527 - METRIC - INFO - {"selected_trainers": ["sta0", "sta1", "sta2", "sta3", "sta4", "sta5"]}
2025-12-12 12:52:48,805 - EXECUT - INFO - received weights from trainer sta0!
2025-12-12 12:53:08,024 - EXECUT - INFO - received weights from trainer sta1!
2025-12-12 12:53:29,729 - EXECUT - INFO - received weights from trainer sta2!
2025-12-12 12:53:54,984 - EXECUT - INFO - received weights from trainer sta3!
2025-12-12 12:54:14,500 - EXECUT - INFO - received weights from trainer sta4!
2025-12-12 12:54:25,971 - EXECUT - INFO - received weights from trainer sta5!
2025-12-12 12:54:27,390 - EXECUT - INFO - sent aggregated weights to trainers!
2025-12-12 12:54:44,923 - METRIC - INFO - {"loss": 0.04002199321985245, "accuracy": 0.9854142069816589, "energy_consumption": 13.745148130840903, "selected": true, "host_energy_consumption": 5.094883208520001, "client_name": "sta1"}
2025-12-12 12:54:45,162 - METRIC - INFO - {"loss": 0.04227990284562111, "accuracy": 0.9871645569801331, "energy_consumption": 5.751228140571834, "selected": true, "host_energy_consumption": 2.4800989978800003, "client_name": "sta0"}
2025-12-12 12:54:51,492 - METRIC - INFO - {"loss": 0.03989981859922409, "accuracy": 0.985989511013031, "energy_consumption": 3.9571108560742347, "selected": true, "host_energy_consumption": 1.74562810268, "client_name": "sta5"}
2025-12-12 12:54:52,036 - METRIC - INFO - {"loss": 0.04795997589826584, "accuracy": 0.9824868440628052, "energy_consumption": 7.603755768286988, "selected": true, "host_energy_consumption": 3.3180336669200003, "client_name": "sta4"}
2025-12-12 12:54:53,001 - METRIC - INFO - {"loss": 0.048062849789857864, "accuracy": 0.9841269850730896, "energy_consumption": 15.832351500170072, "selected": true, "host_energy_consumption": 6.13140417288, "client_name": "sta3"}
2025-12-12 12:54:54,464 - METRIC - INFO - {"loss": 0.05453324317932129, "accuracy": 0.985527515411377, "energy_consumption": 16.673684109329542, "selected": true, "host_energy_consumption": 6.2410708360000005, "client_name": "sta2"}
2025-12-12 12:54:55,419 - METRIC - INFO - mean_accuracy: 0.9851182699203491

2025-12-12 12:54:55,419 - METRIC - INFO - round: 32
2025-12-12 12:54:55,419 - METRIC - INFO - n_selected: 6
2025-12-12 12:54:55,419 - METRIC - INFO - {"selected_trainers": ["sta0", "sta1", "sta2", "sta3", "sta4", "sta5"]}
2025-12-12 12:55:06,007 - EXECUT - INFO - received weights from trainer sta0!
2025-12-12 12:55:22,509 - EXECUT - INFO - received weights from trainer sta1!
2025-12-12 12:55:44,164 - EXECUT - INFO - received weights from trainer sta2!
2025-12-12 12:56:07,524 - EXECUT - INFO - received weights from trainer sta3!
2025-12-12 12:56:24,604 - EXECUT - INFO - received weights from trainer sta4!
2025-12-12 12:56:33,842 - EXECUT - INFO - received weights from trainer sta5!
2025-12-12 12:56:35,241 - EXECUT - INFO - sent aggregated weights to trainers!
2025-12-12 12:56:52,134 - METRIC - INFO - {"loss": 0.041862208396196365, "accuracy": 0.9854142069816589, "energy_consumption": 14.160448952162923, "selected": true, "host_energy_consumption": 5.25600522748, "client_name": "sta1"}
2025-12-12 12:56:55,230 - METRIC - INFO - {"loss": 0.041415177285671234, "accuracy": 0.9883313775062561, "energy_consumption": 5.962357641916691, "selected": true, "host_energy_consumption": 2.55833015508, "client_name": "sta0"}
2025-12-12 12:57:01,210 - METRIC - INFO - {"loss": 0.046129826456308365, "accuracy": 0.9842382073402405, "energy_consumption": 7.88259040931142, "selected": true, "host_energy_consumption": 3.42317009944, "client_name": "sta4"}
2025-12-12 12:57:04,494 - METRIC - INFO - {"loss": 0.04867155849933624, "accuracy": 0.9831932783126831, "energy_consumption": 16.385389042754475, "selected": true, "host_energy_consumption": 6.32605075704, "client_name": "sta3"}
2025-12-12 12:57:04,996 - METRIC - INFO - {"loss": 0.053517647087574005, "accuracy": 0.9841269850730896, "energy_consumption": 17.174229623028552, "selected": true, "host_energy_consumption": 6.4400679364, "client_name": "sta2"}
2025-12-12 12:57:05,517 - METRIC - INFO - {"loss": 0.039666417986154556, "accuracy": 0.9877408146858215, "energy_consumption": 4.0731775580397995, "selected": true, "host_energy_consumption": 1.79997911828, "client_name": "sta5"}
2025-12-12 12:57:06,274 - METRIC - INFO - mean_accuracy: 0.985507478316625

2025-12-12 12:57:06,274 - METRIC - INFO - round: 33
2025-12-12 12:57:06,274 - METRIC - INFO - n_selected: 6
2025-12-12 12:57:06,274 - METRIC - INFO - {"selected_trainers": ["sta0", "sta1", "sta2", "sta3", "sta4", "sta5"]}
2025-12-12 12:57:17,271 - EXECUT - INFO - received weights from trainer sta0!
2025-12-12 12:57:33,713 - EXECUT - INFO - received weights from trainer sta1!
2025-12-12 12:57:58,634 - EXECUT - INFO - received weights from trainer sta2!
2025-12-12 12:58:23,417 - EXECUT - INFO - received weights from trainer sta3!
2025-12-12 12:58:41,104 - EXECUT - INFO - received weights from trainer sta4!
2025-12-12 12:58:49,956 - EXECUT - INFO - received weights from trainer sta5!
2025-12-12 12:58:51,370 - EXECUT - INFO - sent aggregated weights to trainers!
2025-12-12 12:59:03,381 - METRIC - INFO - {"loss": 0.04106143116950989, "accuracy": 0.9871645569801331, "energy_consumption": 6.168953722920458, "selected": true, "host_energy_consumption": 2.63735368036, "client_name": "sta0"}
2025-12-12 12:59:09,744 - METRIC - INFO - {"loss": 0.041154343634843826, "accuracy": 0.9854142069816589, "energy_consumption": 14.582247155392565, "selected": true, "host_energy_consumption": 5.41725864988, "client_name": "sta1"}
2025-12-12 12:59:21,863 - METRIC - INFO - {"loss": 0.03913921117782593, "accuracy": 0.9877408146858215, "energy_consumption": 4.188572476509461, "selected": true, "host_energy_consumption": 1.85587872596, "client_name": "sta5"}
2025-12-12 12:59:22,064 - METRIC - INFO - {"loss": 0.047159723937511444, "accuracy": 0.9833624958992004, "energy_consumption": 8.121266662956174, "selected": true, "host_energy_consumption": 3.53073034384, "client_name": "sta4"}
2025-12-12 12:59:22,137 - METRIC - INFO - {"loss": 0.04719644412398338, "accuracy": 0.9841269850730896, "energy_consumption": 16.94326136898143, "selected": true, "host_energy_consumption": 6.52352973608, "client_name": "sta3"}
2025-12-12 12:59:22,556 - METRIC - INFO - {"loss": 0.05258464440703392, "accuracy": 0.9850606918334961, "energy_consumption": 17.68082365042082, "selected": true, "host_energy_consumption": 6.63883357256, "client_name": "sta2"}
2025-12-12 12:59:23,404 - METRIC - INFO - mean_accuracy: 0.9854782919088999

2025-12-12 12:59:23,404 - METRIC - INFO - round: 34
2025-12-12 12:59:23,404 - METRIC - INFO - n_selected: 6
2025-12-12 12:59:23,404 - METRIC - INFO - {"selected_trainers": ["sta0", "sta1", "sta2", "sta3", "sta4", "sta5"]}
2025-12-12 12:59:33,915 - EXECUT - INFO - received weights from trainer sta0!
2025-12-12 12:59:51,804 - EXECUT - INFO - received weights from trainer sta1!
2025-12-12 13:00:13,340 - EXECUT - INFO - received weights from trainer sta2!
2025-12-12 13:00:40,210 - EXECUT - INFO - received weights from trainer sta3!
2025-12-12 13:01:00,086 - EXECUT - INFO - received weights from trainer sta4!
2025-12-12 13:01:12,080 - EXECUT - INFO - received weights from trainer sta5!
2025-12-12 13:01:13,477 - EXECUT - INFO - sent aggregated weights to trainers!
2025-12-12 13:01:29,035 - METRIC - INFO - {"loss": 0.04008113592863083, "accuracy": 0.9859976768493652, "energy_consumption": 6.334258927372696, "selected": true, "host_energy_consumption": 2.7167040656, "client_name": "sta0"}
2025-12-12 13:01:29,139 - METRIC - INFO - {"loss": 0.04036963731050491, "accuracy": 0.9859976768493652, "energy_consumption": 15.004398681497307, "selected": true, "host_energy_consumption": 5.5789375230400005, "client_name": "sta1"}
2025-12-12 13:01:42,195 - METRIC - INFO - {"loss": 0.04715603590011597, "accuracy": 0.9850606918334961, "energy_consumption": 17.408770932280227, "selected": true, "host_energy_consumption": 6.71809967248, "client_name": "sta3"}
2025-12-12 13:01:43,153 - METRIC - INFO - {"loss": 0.047095101326704025, "accuracy": 0.9842382073402405, "energy_consumption": 8.320907406317076, "selected": true, "host_energy_consumption": 3.6358249233600004, "client_name": "sta4"}
2025-12-12 13:01:44,021 - METRIC - INFO - {"loss": 0.05239594727754593, "accuracy": 0.9859943985939026, "energy_consumption": 18.184723794552994, "selected": true, "host_energy_consumption": 6.83709333356, "client_name": "sta2"}
2025-12-12 13:01:44,133 - METRIC - INFO - {"loss": 0.03924059122800827, "accuracy": 0.9877408146858215, "energy_consumption": 4.307807986035198, "selected": true, "host_energy_consumption": 1.91119553716, "client_name": "sta5"}
2025-12-12 13:01:44,510 - METRIC - INFO - mean_accuracy: 0.9858382443586985

2025-12-12 13:01:44,510 - METRIC - INFO - round: 35
2025-12-12 13:01:44,510 - METRIC - INFO - n_selected: 6
2025-12-12 13:01:44,510 - METRIC - INFO - {"selected_trainers": ["sta0", "sta1", "sta2", "sta3", "sta4", "sta5"]}
2025-12-12 13:01:56,628 - EXECUT - INFO - received weights from trainer sta0!
2025-12-12 13:02:12,479 - EXECUT - INFO - received weights from trainer sta1!
2025-12-12 13:02:38,369 - EXECUT - INFO - received weights from trainer sta2!
2025-12-12 13:03:02,206 - EXECUT - INFO - received weights from trainer sta3!
2025-12-12 13:03:19,042 - EXECUT - INFO - received weights from trainer sta4!
2025-12-12 13:03:27,932 - EXECUT - INFO - received weights from trainer sta5!
2025-12-12 13:03:29,342 - EXECUT - INFO - sent aggregated weights to trainers!
2025-12-12 13:03:45,777 - METRIC - INFO - {"loss": 0.04056897014379501, "accuracy": 0.9871645569801331, "energy_consumption": 6.500052112779992, "selected": true, "host_energy_consumption": 2.7956740834400002, "client_name": "sta0"}
2025-12-12 13:03:46,405 - METRIC - INFO - {"loss": 0.040634844452142715, "accuracy": 0.9859976768493652, "energy_consumption": 15.461163077237757, "selected": true, "host_energy_consumption": 5.74040397, "client_name": "sta1"}
2025-12-12 13:03:46,815 - METRIC - INFO - {"loss": 0.0473257414996624, "accuracy": 0.9845938086509705, "energy_consumption": 17.91403027196906, "selected": true, "host_energy_consumption": 6.913998563080001, "client_name": "sta3"}
2025-12-12 13:03:56,369 - METRIC - INFO - {"loss": 0.05113084241747856, "accuracy": 0.9859943985939026, "energy_consumption": 18.691396176181115, "selected": true, "host_energy_consumption": 7.036039848320001, "client_name": "sta2"}
2025-12-12 13:03:56,536 - METRIC - INFO - {"loss": 0.04657952859997749, "accuracy": 0.9833624958992004, "energy_consumption": 8.560844798672662, "selected": true, "host_energy_consumption": 3.7420473104000003, "client_name": "sta4"}
2025-12-12 13:03:56,911 - METRIC - INFO - {"loss": 0.039516620337963104, "accuracy": 0.9877408146858215, "energy_consumption": 4.42607996242914, "selected": true, "host_energy_consumption": 1.9654284963600002, "client_name": "sta5"}
2025-12-12 13:03:57,372 - METRIC - INFO - mean_accuracy: 0.9858089586098989

2025-12-12 13:03:57,372 - METRIC - INFO - round: 36
2025-12-12 13:03:57,372 - METRIC - INFO - n_selected: 6
2025-12-12 13:03:57,372 - METRIC - INFO - {"selected_trainers": ["sta0", "sta1", "sta2", "sta3", "sta4", "sta5"]}
2025-12-12 13:04:08,384 - EXECUT - INFO - received weights from trainer sta0!
2025-12-12 13:04:26,542 - EXECUT - INFO - received weights from trainer sta1!
2025-12-12 13:04:48,694 - EXECUT - INFO - received weights from trainer sta2!
2025-12-12 13:05:12,670 - EXECUT - INFO - received weights from trainer sta3!
2025-12-12 13:05:31,415 - EXECUT - INFO - received weights from trainer sta4!
2025-12-12 13:05:42,205 - EXECUT - INFO - received weights from trainer sta5!
2025-12-12 13:05:43,613 - EXECUT - INFO - sent aggregated weights to trainers!
2025-12-12 13:05:59,352 - METRIC - INFO - {"loss": 0.04090877249836922, "accuracy": 0.9854142069816589, "energy_consumption": 15.883702081117164, "selected": true, "host_energy_consumption": 5.9013382750000005, "client_name": "sta1"}
2025-12-12 13:06:02,389 - METRIC - INFO - {"loss": 0.03911810368299484, "accuracy": 0.9871645569801331, "energy_consumption": 6.6678990477027416, "selected": true, "host_energy_consumption": 2.8752275468, "client_name": "sta0"}
2025-12-12 13:06:11,197 - METRIC - INFO - {"loss": 0.0462835319340229, "accuracy": 0.9850606918334961, "energy_consumption": 18.38460485412093, "selected": true, "host_energy_consumption": 7.10913186452, "client_name": "sta3"}
2025-12-12 13:06:11,371 - METRIC - INFO - {"loss": 0.04620782285928726, "accuracy": 0.9833624958992004, "energy_consumption": 8.80441032293578, "selected": true, "host_energy_consumption": 3.84855434488, "client_name": "sta4"}
2025-12-12 13:06:11,685 - METRIC - INFO - {"loss": 0.03815333545207977, "accuracy": 0.985989511013031, "energy_consumption": 4.543277792902242, "selected": true, "host_energy_consumption": 2.02044601416, "client_name": "sta5"}
2025-12-12 13:06:12,202 - METRIC - INFO - {"loss": 0.05157970264554024, "accuracy": 0.9859943985939026, "energy_consumption": 19.189908281978177, "selected": true, "host_energy_consumption": 7.23507374324, "client_name": "sta2"}
2025-12-12 13:06:12,642 - METRIC - INFO - mean_accuracy: 0.9854976435502371

2025-12-12 13:06:12,642 - METRIC - INFO - round: 37
2025-12-12 13:06:12,642 - METRIC - INFO - n_selected: 6
2025-12-12 13:06:12,642 - METRIC - INFO - {"selected_trainers": ["sta0", "sta1", "sta2", "sta3", "sta4", "sta5"]}
2025-12-12 13:06:24,261 - EXECUT - INFO - received weights from trainer sta0!
2025-12-12 13:06:42,523 - EXECUT - INFO - received weights from trainer sta1!
2025-12-12 13:07:05,134 - EXECUT - INFO - received weights from trainer sta2!
2025-12-12 13:07:29,710 - EXECUT - INFO - received weights from trainer sta3!
2025-12-12 13:07:48,857 - EXECUT - INFO - received weights from trainer sta4!
2025-12-12 13:07:58,989 - EXECUT - INFO - received weights from trainer sta5!
2025-12-12 13:08:00,402 - EXECUT - INFO - sent aggregated weights to trainers!
2025-12-12 13:08:14,300 - METRIC - INFO - {"loss": 0.03959137201309204, "accuracy": 0.9859976768493652, "energy_consumption": 16.35086588476868, "selected": true, "host_energy_consumption": 6.0628115749600004, "client_name": "sta1"}
2025-12-12 13:08:18,289 - METRIC - INFO - {"loss": 0.04028204455971718, "accuracy": 0.9871645569801331, "energy_consumption": 6.838169734280806, "selected": true, "host_energy_consumption": 2.95416299136, "client_name": "sta0"}
2025-12-12 13:08:24,267 - METRIC - INFO - {"loss": 0.038896024227142334, "accuracy": 0.9877408146858215, "energy_consumption": 4.696150167235442, "selected": true, "host_energy_consumption": 2.0748460093200003, "client_name": "sta5"}
2025-12-12 13:08:25,453 - METRIC - INFO - {"loss": 0.05194738879799843, "accuracy": 0.9864612221717834, "energy_consumption": 19.72756452071765, "selected": true, "host_energy_consumption": 7.43383438952, "client_name": "sta2"}
2025-12-12 13:08:26,280 - METRIC - INFO - {"loss": 0.0465129092335701, "accuracy": 0.9833624958992004, "energy_consumption": 9.005652668333227, "selected": true, "host_energy_consumption": 3.95310835724, "client_name": "sta4"}
2025-12-12 13:08:32,334 - METRIC - INFO - {"loss": 0.04606876149773598, "accuracy": 0.9859943985939026, "energy_consumption": 18.855231230532034, "selected": true, "host_energy_consumption": 7.304631742240001, "client_name": "sta3"}
2025-12-12 13:08:32,435 - METRIC - INFO - mean_accuracy: 0.986120194196701

2025-12-12 13:08:32,435 - METRIC - INFO - round: 38
2025-12-12 13:08:32,435 - METRIC - INFO - n_selected: 6
2025-12-12 13:08:32,435 - METRIC - INFO - {"selected_trainers": ["sta0", "sta1", "sta2", "sta3", "sta4", "sta5"]}
2025-12-12 13:08:43,844 - EXECUT - INFO - received weights from trainer sta0!
2025-12-12 13:09:02,276 - EXECUT - INFO - received weights from trainer sta1!
2025-12-12 13:09:22,985 - EXECUT - INFO - received weights from trainer sta2!
2025-12-12 13:09:46,061 - EXECUT - INFO - received weights from trainer sta3!
2025-12-12 13:10:03,891 - EXECUT - INFO - received weights from trainer sta4!
2025-12-12 13:10:13,689 - EXECUT - INFO - received weights from trainer sta5!
2025-12-12 13:10:15,125 - EXECUT - INFO - sent aggregated weights to trainers!
2025-12-12 13:10:37,540 - METRIC - INFO - {"loss": 0.03921208158135414, "accuracy": 0.9859976768493652, "energy_consumption": 7.042668791557412, "selected": true, "host_energy_consumption": 3.03312936892, "client_name": "sta0"}
2025-12-12 13:10:37,818 - METRIC - INFO - {"loss": 0.03950836509466171, "accuracy": 0.9859976768493652, "energy_consumption": 16.806773925124816, "selected": true, "host_energy_consumption": 6.224715999040001, "client_name": "sta1"}
2025-12-12 13:10:41,173 - METRIC - INFO - {"loss": 0.038434192538261414, "accuracy": 0.9877408146858215, "energy_consumption": 4.810733939028336, "selected": true, "host_energy_consumption": 2.12955729504, "client_name": "sta5"}
2025-12-12 13:10:41,969 - METRIC - INFO - {"loss": 0.04597516730427742, "accuracy": 0.985527515411377, "energy_consumption": 19.37091687191637, "selected": true, "host_energy_consumption": 7.500771650680001, "client_name": "sta3"}
2025-12-12 13:10:43,675 - METRIC - INFO - {"loss": 0.05128391832113266, "accuracy": 0.985527515411377, "energy_consumption": 20.28191726616535, "selected": true, "host_energy_consumption": 7.632818518360001, "client_name": "sta2"}
2025-12-12 13:10:43,954 - METRIC - INFO - {"loss": 0.045843541622161865, "accuracy": 0.9833624958992004, "energy_consumption": 9.286362695810425, "selected": true, "host_energy_consumption": 4.05964439328, "client_name": "sta4"}
2025-12-12 13:10:44,156 - METRIC - INFO - mean_accuracy: 0.9856922825177511

2025-12-12 13:10:44,156 - METRIC - INFO - round: 39
2025-12-12 13:10:44,156 - METRIC - INFO - n_selected: 6
2025-12-12 13:10:44,156 - METRIC - INFO - {"selected_trainers": ["sta0", "sta1", "sta2", "sta3", "sta4", "sta5"]}
2025-12-12 13:10:54,983 - EXECUT - INFO - received weights from trainer sta0!
2025-12-12 13:11:12,880 - EXECUT - INFO - received weights from trainer sta1!
2025-12-12 13:11:33,912 - EXECUT - INFO - received weights from trainer sta2!
2025-12-12 13:11:57,551 - EXECUT - INFO - received weights from trainer sta3!
2025-12-12 13:12:16,614 - EXECUT - INFO - received weights from trainer sta4!
2025-12-12 13:12:25,658 - EXECUT - INFO - received weights from trainer sta5!
2025-12-12 13:12:27,072 - EXECUT - INFO - sent aggregated weights to trainers!
2025-12-12 13:12:43,797 - METRIC - INFO - {"loss": 0.039107795804739, "accuracy": 0.9871645569801331, "energy_consumption": 7.258200091225087, "selected": true, "host_energy_consumption": 3.11178495096, "client_name": "sta0"}
2025-12-12 13:12:44,364 - METRIC - INFO - {"loss": 0.03885753080248833, "accuracy": 0.9877479672431946, "energy_consumption": 17.23347774125054, "selected": true, "host_energy_consumption": 6.386893484160001, "client_name": "sta1"}
2025-12-12 13:12:55,220 - METRIC - INFO - {"loss": 0.045844580978155136, "accuracy": 0.9859943985939026, "energy_consumption": 19.838972875555307, "selected": true, "host_energy_consumption": 7.697129454000001, "client_name": "sta3"}
2025-12-12 13:12:57,048 - METRIC - INFO - {"loss": 0.04584218189120293, "accuracy": 0.9833624958992004, "energy_consumption": 9.530979272850544, "selected": true, "host_energy_consumption": 4.16591984368, "client_name": "sta4"}
2025-12-12 13:12:57,538 - METRIC - INFO - {"loss": 0.051915690302848816, "accuracy": 0.985527515411377, "energy_consumption": 20.791253710887077, "selected": true, "host_energy_consumption": 7.8327933432000005, "client_name": "sta2"}
2025-12-12 13:13:01,550 - METRIC - INFO - {"loss": 0.038334328681230545, "accuracy": 0.9877408146858215, "energy_consumption": 4.929921446987618, "selected": true, "host_energy_consumption": 2.1842703414, "client_name": "sta5"}
2025-12-12 13:13:02,109 - METRIC - INFO - mean_accuracy: 0.9862562914689382

2025-12-12 13:13:02,109 - METRIC - INFO - round: 40
2025-12-12 13:13:02,109 - METRIC - INFO - n_selected: 6
2025-12-12 13:13:02,109 - METRIC - INFO - {"selected_trainers": ["sta0", "sta1", "sta2", "sta3", "sta4", "sta5"]}
2025-12-12 13:13:12,504 - EXECUT - INFO - received weights from trainer sta0!
2025-12-12 13:13:29,307 - EXECUT - INFO - received weights from trainer sta1!
2025-12-12 13:13:50,407 - EXECUT - INFO - received weights from trainer sta2!
2025-12-12 13:14:14,887 - EXECUT - INFO - received weights from trainer sta3!
2025-12-12 13:14:33,855 - EXECUT - INFO - received weights from trainer sta4!
2025-12-12 13:14:43,779 - EXECUT - INFO - received weights from trainer sta5!
2025-12-12 13:14:45,211 - EXECUT - INFO - sent aggregated weights to trainers!
2025-12-12 13:15:01,376 - METRIC - INFO - {"loss": 0.03951375186443329, "accuracy": 0.9854142069816589, "energy_consumption": 17.69557448664213, "selected": true, "host_energy_consumption": 6.5493733905600005, "client_name": "sta1"}
2025-12-12 13:15:01,563 - METRIC - INFO - {"loss": 0.03927094489336014, "accuracy": 0.9871645569801331, "energy_consumption": 7.469610854281621, "selected": true, "host_energy_consumption": 3.19173424836, "client_name": "sta0"}
2025-12-12 13:15:13,914 - METRIC - INFO - {"loss": 0.03784375265240669, "accuracy": 0.9877408146858215, "energy_consumption": 5.05008502335765, "selected": true, "host_energy_consumption": 2.2408022719600003, "client_name": "sta5"}
2025-12-12 13:15:14,225 - METRIC - INFO - {"loss": 0.045915670692920685, "accuracy": 0.9841269850730896, "energy_consumption": 20.352732825646434, "selected": true, "host_energy_consumption": 7.894270397160001, "client_name": "sta3"}
2025-12-12 13:15:14,729 - METRIC - INFO - {"loss": 0.05155731365084648, "accuracy": 0.985527515411377, "energy_consumption": 21.33109220403091, "selected": true, "host_energy_consumption": 8.033051243280001, "client_name": "sta2"}
2025-12-12 13:15:15,296 - METRIC - INFO - {"loss": 0.04576495289802551, "accuracy": 0.9833624958992004, "energy_consumption": 9.774485105914835, "selected": true, "host_energy_consumption": 4.27131920264, "client_name": "sta4"}
2025-12-12 13:15:16,243 - METRIC - INFO - mean_accuracy: 0.9855560958385468

2025-12-12 13:15:16,249 - METRIC - INFO - stop_condition: rounds
