2025-12-10 16:07:05,872 - EXECUT - INFO - starting server...
2025-12-10 16:07:14,505 - EXECUT - INFO - trainer number sta5 just joined the pool
2025-12-10 16:07:14,554 - EXECUT - INFO - trainer number sta0 just joined the pool
2025-12-10 16:07:14,765 - EXECUT - INFO - trainer number sta4 just joined the pool
2025-12-10 16:07:15,097 - EXECUT - INFO - trainer number sta2 just joined the pool
2025-12-10 16:07:15,141 - EXECUT - INFO - trainer number sta3 just joined the pool
2025-12-10 16:07:15,233 - EXECUT - INFO - trainer number sta1 just joined the pool
2025-12-10 16:07:15,895 - EXECUT - INFO - mensagem de data_sz recebida: 
 {'id': 'sta0', 'dataset_sz': 84899491968}
2025-12-10 16:07:15,899 - EXECUT - INFO - mensagem de data_sz recebida: 
 {'id': 'sta2', 'dataset_sz': 529695287808}
2025-12-10 16:07:15,941 - EXECUT - INFO - mensagem de data_sz recebida: 
 {'id': 'sta3', 'dataset_sz': 529695287808}
2025-12-10 16:07:15,941 - EXECUT - INFO - mensagem de data_sz recebida: 
 {'id': 'sta5', 'dataset_sz': 37797784704}
2025-12-10 16:07:15,941 - EXECUT - INFO - mensagem de data_sz recebida: 
 {'id': 'sta4', 'dataset_sz': 150847031808}
2025-12-10 16:07:15,942 - EXECUT - INFO - mensagem de data_sz recebida: 
 {'id': 'sta1', 'dataset_sz': 339081857536}
2025-12-10 16:07:16,894 - METRIC - INFO - round: 1
2025-12-10 16:07:16,894 - METRIC - INFO - n_selected: 6
2025-12-10 16:07:16,894 - METRIC - INFO - {"selected_trainers": ["sta0", "sta1", "sta2", "sta3", "sta4", "sta5"]}
2025-12-10 16:07:30,429 - EXECUT - INFO - received weights from trainer sta0!
2025-12-10 16:07:47,609 - EXECUT - INFO - received weights from trainer sta1!
2025-12-10 16:08:11,271 - EXECUT - INFO - received weights from trainer sta2!
2025-12-10 16:08:35,130 - EXECUT - INFO - received weights from trainer sta3!
2025-12-10 16:08:53,574 - EXECUT - INFO - received weights from trainer sta4!
2025-12-10 16:09:05,014 - EXECUT - INFO - received weights from trainer sta5!
2025-12-10 16:09:06,491 - EXECUT - INFO - sent aggregated weights to trainers!
