2025-12-10 16:53:26,328 - EXECUT - INFO - starting server...
2025-12-10 16:53:35,057 - EXECUT - INFO - trainer number sta5 just joined the pool
2025-12-10 16:53:35,111 - EXECUT - INFO - trainer number sta0 just joined the pool
2025-12-10 16:53:35,252 - EXECUT - INFO - trainer number sta4 just joined the pool
2025-12-10 16:53:35,503 - EXECUT - INFO - trainer number sta1 just joined the pool
2025-12-10 16:53:35,591 - EXECUT - INFO - trainer number sta2 just joined the pool
2025-12-10 16:53:35,883 - EXECUT - INFO - trainer number sta3 just joined the pool
2025-12-10 16:53:36,350 - EXECUT - INFO - mensagem de data_sz recebida: 
 {'id': 'sta0', 'dataset_sz': 84899491968}
2025-12-10 16:53:36,354 - EXECUT - INFO - mensagem de data_sz recebida: 
 {'id': 'sta1', 'dataset_sz': 339081857536}
2025-12-10 16:53:36,394 - EXECUT - INFO - mensagem de data_sz recebida: 
 {'id': 'sta2', 'dataset_sz': 529695287808}
2025-12-10 16:53:36,394 - EXECUT - INFO - mensagem de data_sz recebida: 
 {'id': 'sta5', 'dataset_sz': 37797784704}
2025-12-10 16:53:36,394 - EXECUT - INFO - mensagem de data_sz recebida: 
 {'id': 'sta4', 'dataset_sz': 150847031808}
2025-12-10 16:53:36,395 - EXECUT - INFO - mensagem de data_sz recebida: 
 {'id': 'sta3', 'dataset_sz': 529695287808}
2025-12-10 16:53:37,348 - METRIC - INFO - round: 1
2025-12-10 16:53:37,348 - METRIC - INFO - n_selected: 6
2025-12-10 16:53:37,348 - METRIC - INFO - {"selected_trainers": ["sta0", "sta1", "sta2", "sta3", "sta4", "sta5"]}
2025-12-10 16:53:52,138 - EXECUT - INFO - received weights from trainer sta0!
2025-12-10 16:54:10,682 - EXECUT - INFO - received weights from trainer sta1!
2025-12-10 16:54:34,647 - EXECUT - INFO - received weights from trainer sta2!
2025-12-10 16:54:57,716 - EXECUT - INFO - received weights from trainer sta3!
2025-12-10 16:55:15,181 - EXECUT - INFO - received weights from trainer sta4!
2025-12-10 16:55:27,859 - EXECUT - INFO - received weights from trainer sta5!
2025-12-10 16:55:29,337 - EXECUT - INFO - sent aggregated weights to trainers!
2025-12-10 16:55:49,595 - METRIC - INFO - {"loss": 0.3136083781719208, "accuracy": 0.9049007892608643, "energy_consumption": 0.4698581065557502, "selected": true, "host_energy_consumption": 0.18155619076, "client_name": "sta1"}
2025-12-10 16:55:51,396 - METRIC - INFO - {"loss": 0.38161900639533997, "accuracy": 0.9010508060455322, "energy_consumption": 0.3226208567054609, "selected": true, "host_energy_consumption": 0.11129701492, "client_name": "sta4"}
2025-12-10 16:55:51,761 - METRIC - INFO - {"loss": 0.4240579605102539, "accuracy": 0.8973162174224854, "energy_consumption": 0.21298719598242777, "selected": true, "host_energy_consumption": 0.10204950196000001, "client_name": "sta0"}
2025-12-10 16:56:05,040 - METRIC - INFO - {"loss": 0.308682382106781, "accuracy": 0.9056956171989441, "energy_consumption": 0.5175601694740883, "selected": true, "host_energy_consumption": 0.2019930794, "client_name": "sta3"}
2025-12-10 16:56:06,076 - METRIC - INFO - {"loss": 0.5565295815467834, "accuracy": 0.8598949313163757, "energy_consumption": 0.19404901389634466, "selected": true, "host_energy_consumption": 0.06748057904, "client_name": "sta5"}
2025-12-10 16:56:07,835 - METRIC - INFO - {"loss": 0.2867605686187744, "accuracy": 0.922502338886261, "energy_consumption": 0.5588895881138782, "selected": true, "host_energy_consumption": 0.216974254, "client_name": "sta2"}
2025-12-10 16:56:08,384 - METRIC - INFO - mean_accuracy: 0.8985601166884104

2025-12-10 16:56:08,384 - METRIC - INFO - round: 2
2025-12-10 16:56:08,384 - METRIC - INFO - n_selected: 6
2025-12-10 16:56:08,384 - METRIC - INFO - {"selected_trainers": ["sta0", "sta1", "sta2", "sta3", "sta4", "sta5"]}
2025-12-10 16:56:20,632 - EXECUT - INFO - received weights from trainer sta0!
2025-12-10 16:56:38,018 - EXECUT - INFO - received weights from trainer sta1!
2025-12-10 16:57:00,682 - EXECUT - INFO - received weights from trainer sta2!
2025-12-10 16:57:28,717 - EXECUT - INFO - received weights from trainer sta3!
2025-12-10 16:57:47,425 - EXECUT - INFO - received weights from trainer sta4!
2025-12-10 16:58:01,294 - EXECUT - INFO - received weights from trainer sta5!
2025-12-10 16:58:02,726 - EXECUT - INFO - sent aggregated weights to trainers!
2025-12-10 16:58:21,338 - METRIC - INFO - {"loss": 0.485787034034729, "accuracy": 0.8739054203033447, "energy_consumption": 0.5997367641142173, "selected": true, "host_energy_consumption": 0.21760767084000002, "client_name": "sta4"}
2025-12-10 16:58:22,970 - METRIC - INFO - {"loss": 0.39416825771331787, "accuracy": 0.8926487565040588, "energy_consumption": 0.8958933230765228, "selected": true, "host_energy_consumption": 0.36046913616000004, "client_name": "sta1"}
2025-12-10 16:58:23,008 - METRIC - INFO - {"loss": 0.7451708316802979, "accuracy": 0.8301225900650024, "energy_consumption": 0.31166996010425096, "selected": true, "host_energy_consumption": 0.12301928520000001, "client_name": "sta5"}
2025-12-10 16:58:23,973 - METRIC - INFO - {"loss": 0.3552699685096741, "accuracy": 0.8963585495948792, "energy_consumption": 1.0321767292792996, "selected": true, "host_energy_consumption": 0.400659441, "client_name": "sta3"}
2025-12-10 16:58:26,250 - METRIC - INFO - {"loss": 0.5669292211532593, "accuracy": 0.8599766492843628, "energy_consumption": 0.4201128424494823, "selected": true, "host_energy_consumption": 0.19100295368, "client_name": "sta0"}
2025-12-10 16:58:41,609 - METRIC - INFO - {"loss": 0.36050090193748474, "accuracy": 0.9014939069747925, "energy_consumption": 1.1135256728296552, "selected": true, "host_energy_consumption": 0.41813265032, "client_name": "sta2"}
2025-12-10 16:58:41,768 - METRIC - INFO - mean_accuracy: 0.8757509787877401

2025-12-10 16:58:41,768 - METRIC - INFO - round: 3
2025-12-10 16:58:41,768 - METRIC - INFO - n_selected: 6
2025-12-10 16:58:41,768 - METRIC - INFO - {"selected_trainers": ["sta0", "sta1", "sta2", "sta3", "sta4", "sta5"]}
2025-12-10 16:58:54,074 - EXECUT - INFO - received weights from trainer sta0!
2025-12-10 16:59:11,329 - EXECUT - INFO - received weights from trainer sta1!
2025-12-10 16:59:34,824 - EXECUT - INFO - received weights from trainer sta2!
2025-12-10 16:59:58,637 - EXECUT - INFO - received weights from trainer sta3!
2025-12-10 17:00:14,712 - EXECUT - INFO - received weights from trainer sta4!
2025-12-10 17:00:28,116 - EXECUT - INFO - received weights from trainer sta5!
2025-12-10 17:00:29,544 - EXECUT - INFO - sent aggregated weights to trainers!
2025-12-10 17:00:49,387 - METRIC - INFO - {"loss": 0.2868672013282776, "accuracy": 0.9171528816223145, "energy_consumption": 1.3621478850560145, "selected": true, "host_energy_consumption": 0.52442643932, "client_name": "sta1"}
2025-12-10 17:00:52,420 - METRIC - INFO - {"loss": 0.319749116897583, "accuracy": 0.9253208637237549, "energy_consumption": 0.6330663762962604, "selected": true, "host_energy_consumption": 0.28307696844, "client_name": "sta0"}
2025-12-10 17:00:59,504 - METRIC - INFO - {"loss": 0.33144456148147583, "accuracy": 0.9071803689002991, "energy_consumption": 0.43050828599514945, "selected": true, "host_energy_consumption": 0.17933706336000002, "client_name": "sta5"}
2025-12-10 17:01:00,062 - METRIC - INFO - {"loss": 0.31223762035369873, "accuracy": 0.9063047170639038, "energy_consumption": 0.8776537419718462, "selected": true, "host_energy_consumption": 0.32553355212, "client_name": "sta4"}
2025-12-10 17:01:02,503 - METRIC - INFO - {"loss": 0.27209562063217163, "accuracy": 0.9178338050842285, "energy_consumption": 1.5473379617365965, "selected": true, "host_energy_consumption": 0.62047740356, "client_name": "sta3"}
2025-12-10 17:01:13,700 - METRIC - INFO - {"loss": 0.27287423610687256, "accuracy": 0.926237165927887, "energy_consumption": 1.6730759063847271, "selected": true, "host_energy_consumption": 0.6181893527600001, "client_name": "sta2"}
2025-12-10 17:01:14,591 - METRIC - INFO - mean_accuracy: 0.916671633720398

2025-12-10 17:01:14,591 - METRIC - INFO - round: 4
2025-12-10 17:01:14,591 - METRIC - INFO - n_selected: 6
2025-12-10 17:01:14,591 - METRIC - INFO - {"selected_trainers": ["sta0", "sta1", "sta2", "sta3", "sta4", "sta5"]}
2025-12-10 17:01:27,618 - EXECUT - INFO - received weights from trainer sta0!
2025-12-10 17:01:43,383 - EXECUT - INFO - received weights from trainer sta1!
2025-12-10 17:02:08,000 - EXECUT - INFO - received weights from trainer sta2!
2025-12-10 17:02:30,437 - EXECUT - INFO - received weights from trainer sta3!
2025-12-10 17:02:46,078 - EXECUT - INFO - received weights from trainer sta4!
2025-12-10 17:02:56,442 - EXECUT - INFO - received weights from trainer sta5!
2025-12-10 17:02:57,867 - EXECUT - INFO - sent aggregated weights to trainers!
2025-12-10 17:03:11,041 - METRIC - INFO - {"loss": 0.2385626584291458, "accuracy": 0.9404900670051575, "energy_consumption": 0.8462935705734892, "selected": true, "host_energy_consumption": 0.36863365140000004, "client_name": "sta0"}
2025-12-10 17:03:12,495 - METRIC - INFO - {"loss": 0.22741153836250305, "accuracy": 0.9305717349052429, "energy_consumption": 1.7849749921181441, "selected": true, "host_energy_consumption": 0.69016642996, "client_name": "sta1"}
2025-12-10 17:03:21,245 - METRIC - INFO - {"loss": 0.2216489464044571, "accuracy": 0.9313725233078003, "energy_consumption": 2.0571524764998728, "selected": true, "host_energy_consumption": 0.8219722299600001, "client_name": "sta3"}
2025-12-10 17:03:24,788 - METRIC - INFO - {"loss": 0.2393273115158081, "accuracy": 0.9264448285102844, "energy_consumption": 1.1189396750559535, "selected": true, "host_energy_consumption": 0.43081861424, "client_name": "sta4"}
2025-12-10 17:03:25,961 - METRIC - INFO - {"loss": 0.25913381576538086, "accuracy": 0.9264448285102844, "energy_consumption": 0.5490161914074432, "selected": true, "host_energy_consumption": 0.23363935616, "client_name": "sta5"}
2025-12-10 17:03:41,596 - METRIC - INFO - {"loss": 0.2118348330259323, "accuracy": 0.9369747638702393, "energy_consumption": 2.175538259111126, "selected": true, "host_energy_consumption": 0.8307467137200001, "client_name": "sta2"}
2025-12-10 17:03:41,912 - METRIC - INFO - mean_accuracy: 0.9320497910181681

2025-12-10 17:03:41,912 - METRIC - INFO - round: 5
2025-12-10 17:03:41,912 - METRIC - INFO - n_selected: 6
2025-12-10 17:03:41,912 - METRIC - INFO - {"selected_trainers": ["sta0", "sta1", "sta2", "sta3", "sta4", "sta5"]}
2025-12-10 17:03:53,759 - EXECUT - INFO - received weights from trainer sta0!
2025-12-10 17:04:12,034 - EXECUT - INFO - received weights from trainer sta1!
2025-12-10 17:04:35,707 - EXECUT - INFO - received weights from trainer sta2!
2025-12-10 17:05:00,896 - EXECUT - INFO - received weights from trainer sta3!
2025-12-10 17:05:20,097 - EXECUT - INFO - received weights from trainer sta4!
2025-12-10 17:05:32,166 - EXECUT - INFO - received weights from trainer sta5!
2025-12-10 17:05:33,583 - EXECUT - INFO - sent aggregated weights to trainers!
2025-12-10 17:05:52,782 - METRIC - INFO - {"loss": 0.18330642580986023, "accuracy": 0.945157527923584, "energy_consumption": 2.2074144942406946, "selected": true, "host_energy_consumption": 0.85288335496, "client_name": "sta1"}
2025-12-10 17:05:53,183 - METRIC - INFO - {"loss": 0.18826256692409515, "accuracy": 0.9474912285804749, "energy_consumption": 1.0958277791812998, "selected": true, "host_energy_consumption": 0.44842895216, "client_name": "sta0"}
2025-12-10 17:05:58,144 - METRIC - INFO - {"loss": 0.18920554220676422, "accuracy": 0.943082332611084, "energy_consumption": 1.3594107736815264, "selected": true, "host_energy_consumption": 0.5358486800800001, "client_name": "sta4"}
2025-12-10 17:05:58,358 - METRIC - INFO - {"loss": 0.2085030972957611, "accuracy": 0.9422066807746887, "energy_consumption": 0.6654019389522969, "selected": true, "host_energy_consumption": 0.28838776092, "client_name": "sta5"}
2025-12-10 17:05:59,299 - METRIC - INFO - {"loss": 0.18485978245735168, "accuracy": 0.9439775943756104, "energy_consumption": 2.5627634000839414, "selected": true, "host_energy_consumption": 1.02048703904, "client_name": "sta3"}
2025-12-10 17:06:20,438 - METRIC - INFO - {"loss": 0.1702333390712738, "accuracy": 0.9495798349380493, "energy_consumption": 2.7305114992759387, "selected": true, "host_energy_consumption": 1.03085239544, "client_name": "sta2"}
2025-12-10 17:06:20,632 - METRIC - INFO - mean_accuracy: 0.9452491998672485

2025-12-10 17:06:20,632 - METRIC - INFO - round: 6
2025-12-10 17:06:20,632 - METRIC - INFO - n_selected: 6
2025-12-10 17:06:20,632 - METRIC - INFO - {"selected_trainers": ["sta0", "sta1", "sta2", "sta3", "sta4", "sta5"]}
2025-12-10 17:06:31,905 - EXECUT - INFO - received weights from trainer sta0!
2025-12-10 17:06:47,892 - EXECUT - INFO - received weights from trainer sta1!
2025-12-10 17:07:09,767 - EXECUT - INFO - received weights from trainer sta2!
2025-12-10 17:07:36,319 - EXECUT - INFO - received weights from trainer sta3!
2025-12-10 17:07:54,547 - EXECUT - INFO - received weights from trainer sta4!
2025-12-10 17:08:06,421 - EXECUT - INFO - received weights from trainer sta5!
2025-12-10 17:08:07,902 - EXECUT - INFO - sent aggregated weights to trainers!
2025-12-10 17:08:19,604 - METRIC - INFO - {"loss": 0.15362265706062317, "accuracy": 0.9574095606803894, "energy_consumption": 2.664978288211735, "selected": true, "host_energy_consumption": 1.0169521513200002, "client_name": "sta1"}
2025-12-10 17:08:22,703 - METRIC - INFO - {"loss": 0.15381459891796112, "accuracy": 0.9556592702865601, "energy_consumption": 1.261623544446281, "selected": true, "host_energy_consumption": 0.52851040508, "client_name": "sta0"}
2025-12-10 17:08:23,793 - METRIC - INFO - {"loss": 0.15815132856369019, "accuracy": 0.9519140720367432, "energy_consumption": 3.1271559613386266, "selected": true, "host_energy_consumption": 1.21859526488, "client_name": "sta3"}
2025-12-10 17:08:25,017 - METRIC - INFO - {"loss": 0.17462632060050964, "accuracy": 0.9509631991386414, "energy_consumption": 0.8252009116634516, "selected": true, "host_energy_consumption": 0.35211266832000004, "client_name": "sta5"}
2025-12-10 17:08:25,398 - METRIC - INFO - {"loss": 0.1555633246898651, "accuracy": 0.9509631991386414, "energy_consumption": 1.6030115893804275, "selected": true, "host_energy_consumption": 0.64101353316, "client_name": "sta4"}
2025-12-10 17:08:48,900 - METRIC - INFO - {"loss": 0.14360065758228302, "accuracy": 0.9551820755004883, "energy_consumption": 3.3199282635939484, "selected": true, "host_energy_consumption": 1.2319106452800002, "client_name": "sta2"}
2025-12-10 17:08:48,944 - METRIC - INFO - mean_accuracy: 0.9536818961302439

2025-12-10 17:08:48,944 - METRIC - INFO - round: 7
2025-12-10 17:08:48,944 - METRIC - INFO - n_selected: 6
2025-12-10 17:08:48,944 - METRIC - INFO - {"selected_trainers": ["sta0", "sta1", "sta2", "sta3", "sta4", "sta5"]}
2025-12-10 17:09:00,884 - EXECUT - INFO - received weights from trainer sta0!
2025-12-10 17:09:26,915 - EXECUT - INFO - received weights from trainer sta1!
2025-12-10 17:09:51,161 - EXECUT - INFO - received weights from trainer sta2!
2025-12-10 17:10:16,474 - EXECUT - INFO - received weights from trainer sta3!
2025-12-10 17:10:34,523 - EXECUT - INFO - received weights from trainer sta4!
2025-12-10 17:10:47,141 - EXECUT - INFO - received weights from trainer sta5!
2025-12-10 17:10:48,555 - EXECUT - INFO - sent aggregated weights to trainers!
2025-12-10 17:11:02,728 - METRIC - INFO - {"loss": 0.1312340497970581, "accuracy": 0.9609101414680481, "energy_consumption": 3.300930054911621, "selected": true, "host_energy_consumption": 1.22941714224, "client_name": "sta1"}
2025-12-10 17:11:05,157 - METRIC - INFO - {"loss": 0.13431107997894287, "accuracy": 0.9593837261199951, "energy_consumption": 3.5924724787987437, "selected": true, "host_energy_consumption": 1.41636263468, "client_name": "sta3"}
2025-12-10 17:11:05,450 - METRIC - INFO - {"loss": 0.12585100531578064, "accuracy": 0.9626604318618774, "energy_consumption": 1.4619538759770956, "selected": true, "host_energy_consumption": 0.6091031503200001, "client_name": "sta0"}
2025-12-10 17:11:06,934 - METRIC - INFO - {"loss": 0.1321229189634323, "accuracy": 0.9597197771072388, "energy_consumption": 1.839281145771066, "selected": true, "host_energy_consumption": 0.74558323392, "client_name": "sta4"}
2025-12-10 17:11:15,249 - METRIC - INFO - {"loss": 0.12301531434059143, "accuracy": 0.9640522599220276, "energy_consumption": 3.8546322502207717, "selected": true, "host_energy_consumption": 1.4316832639200001, "client_name": "sta2"}
2025-12-10 17:11:22,314 - METRIC - INFO - {"loss": 0.1479274332523346, "accuracy": 0.9597197771072388, "energy_consumption": 0.9448985368058485, "selected": true, "host_energy_consumption": 0.40671206744000005, "client_name": "sta5"}
2025-12-10 17:11:22,590 - METRIC - INFO - mean_accuracy: 0.9610743522644043

2025-12-10 17:11:22,590 - METRIC - INFO - round: 8
2025-12-10 17:11:22,590 - METRIC - INFO - n_selected: 6
2025-12-10 17:11:22,590 - METRIC - INFO - {"selected_trainers": ["sta0", "sta1", "sta2", "sta3", "sta4", "sta5"]}
2025-12-10 17:11:34,392 - EXECUT - INFO - received weights from trainer sta0!
2025-12-10 17:11:52,409 - EXECUT - INFO - received weights from trainer sta1!
2025-12-10 17:12:17,348 - EXECUT - INFO - received weights from trainer sta2!
2025-12-10 17:12:40,210 - EXECUT - INFO - received weights from trainer sta3!
2025-12-10 17:12:57,812 - EXECUT - INFO - received weights from trainer sta4!
2025-12-10 17:13:09,275 - EXECUT - INFO - received weights from trainer sta5!
2025-12-10 17:13:10,683 - EXECUT - INFO - sent aggregated weights to trainers!
2025-12-10 17:13:24,746 - METRIC - INFO - {"loss": 0.10967240482568741, "accuracy": 0.9731621742248535, "energy_consumption": 1.6697485114916164, "selected": true, "host_energy_consumption": 0.68916163428, "client_name": "sta0"}
2025-12-10 17:13:29,020 - METRIC - INFO - {"loss": 0.11766288429498672, "accuracy": 0.9644107222557068, "energy_consumption": 3.7670045704831807, "selected": true, "host_energy_consumption": 1.3916742319200002, "client_name": "sta1"}
2025-12-10 17:13:33,513 - METRIC - INFO - {"loss": 0.12862130999565125, "accuracy": 0.9649737477302551, "energy_consumption": 1.0637162286039659, "selected": true, "host_energy_consumption": 0.46076954868000003, "client_name": "sta5"}
2025-12-10 17:13:35,082 - METRIC - INFO - {"loss": 0.1202358528971672, "accuracy": 0.9621848464012146, "energy_consumption": 4.103478674810535, "selected": true, "host_energy_consumption": 1.61300060768, "client_name": "sta3"}
2025-12-10 17:13:35,764 - METRIC - INFO - {"loss": 0.11546605080366135, "accuracy": 0.9649737477302551, "energy_consumption": 2.1152053814686713, "selected": true, "host_energy_consumption": 0.8507716537600001, "client_name": "sta4"}
2025-12-10 17:13:38,706 - METRIC - INFO - {"loss": 0.10815269500017166, "accuracy": 0.9682539701461792, "energy_consumption": 4.391267108520485, "selected": true, "host_energy_consumption": 1.631315182, "client_name": "sta2"}
2025-12-10 17:13:38,712 - METRIC - INFO - mean_accuracy: 0.9663265347480774

2025-12-10 17:13:38,712 - METRIC - INFO - round: 9
2025-12-10 17:13:38,712 - METRIC - INFO - n_selected: 6
2025-12-10 17:13:38,712 - METRIC - INFO - {"selected_trainers": ["sta0", "sta1", "sta2", "sta3", "sta4", "sta5"]}
2025-12-10 17:13:49,043 - EXECUT - INFO - received weights from trainer sta0!
2025-12-10 17:14:05,249 - EXECUT - INFO - received weights from trainer sta1!
2025-12-10 17:14:29,327 - EXECUT - INFO - received weights from trainer sta2!
2025-12-10 17:14:53,392 - EXECUT - INFO - received weights from trainer sta3!
2025-12-10 17:15:10,541 - EXECUT - INFO - received weights from trainer sta4!
2025-12-10 17:15:23,000 - EXECUT - INFO - received weights from trainer sta5!
2025-12-10 17:15:24,413 - EXECUT - INFO - sent aggregated weights to trainers!
2025-12-10 17:15:41,721 - METRIC - INFO - {"loss": 0.10456596314907074, "accuracy": 0.9684947729110718, "energy_consumption": 4.188244872733161, "selected": true, "host_energy_consumption": 1.5545245086000001, "client_name": "sta1"}
2025-12-10 17:15:47,109 - METRIC - INFO - {"loss": 0.11488208919763565, "accuracy": 0.9649737477302551, "energy_consumption": 1.1806910992878206, "selected": true, "host_energy_consumption": 0.51544650108, "client_name": "sta5"}
2025-12-10 17:15:47,610 - METRIC - INFO - {"loss": 0.10030843317508698, "accuracy": 0.9693520069122314, "energy_consumption": 2.314318484324799, "selected": true, "host_energy_consumption": 0.9556320004000001, "client_name": "sta4"}
2025-12-10 17:15:48,790 - METRIC - INFO - {"loss": 0.1063290610909462, "accuracy": 0.9659196734428406, "energy_consumption": 4.661234918568674, "selected": true, "host_energy_consumption": 1.80980496704, "client_name": "sta3"}
2025-12-10 17:15:49,766 - METRIC - INFO - {"loss": 0.09811421483755112, "accuracy": 0.9710550904273987, "energy_consumption": 4.943491328318957, "selected": true, "host_energy_consumption": 1.83166572596, "client_name": "sta2"}
2025-12-10 17:15:50,595 - METRIC - INFO - {"loss": 0.09737738966941833, "accuracy": 0.9731621742248535, "energy_consumption": 1.8379888850432318, "selected": true, "host_energy_consumption": 0.76959659, "client_name": "sta0"}
2025-12-10 17:15:51,441 - METRIC - INFO - mean_accuracy: 0.9688262442747752

2025-12-10 17:15:51,441 - METRIC - INFO - round: 10
2025-12-10 17:15:51,441 - METRIC - INFO - n_selected: 6
2025-12-10 17:15:51,441 - METRIC - INFO - {"selected_trainers": ["sta0", "sta1", "sta2", "sta3", "sta4", "sta5"]}
2025-12-10 17:16:02,755 - EXECUT - INFO - received weights from trainer sta0!
2025-12-10 17:16:20,545 - EXECUT - INFO - received weights from trainer sta1!
2025-12-10 17:16:44,717 - EXECUT - INFO - received weights from trainer sta2!
2025-12-10 17:17:09,322 - EXECUT - INFO - received weights from trainer sta3!
2025-12-10 17:17:26,794 - EXECUT - INFO - received weights from trainer sta4!
2025-12-10 17:17:38,471 - EXECUT - INFO - received weights from trainer sta5!
2025-12-10 17:17:39,884 - EXECUT - INFO - sent aggregated weights to trainers!
2025-12-10 17:18:02,512 - METRIC - INFO - {"loss": 0.08726071566343307, "accuracy": 0.9708284735679626, "energy_consumption": 2.007424489333318, "selected": true, "host_energy_consumption": 0.8484580020000001, "client_name": "sta0"}
2025-12-10 17:18:03,513 - METRIC - INFO - {"loss": 0.09671421349048615, "accuracy": 0.9702450633049011, "energy_consumption": 4.708807904356103, "selected": true, "host_energy_consumption": 1.7165259003200002, "client_name": "sta1"}
2025-12-10 17:18:10,659 - METRIC - INFO - {"loss": 0.09775387495756149, "accuracy": 0.9682539701461792, "energy_consumption": 5.179052774973613, "selected": true, "host_energy_consumption": 2.00843303052, "client_name": "sta3"}
2025-12-10 17:18:11,488 - METRIC - INFO - {"loss": 0.104252889752388, "accuracy": 0.9684763550758362, "energy_consumption": 1.2989513860493465, "selected": true, "host_energy_consumption": 0.5702246762800001, "client_name": "sta5"}
2025-12-10 17:18:12,341 - METRIC - INFO - {"loss": 0.0901508554816246, "accuracy": 0.9728546142578125, "energy_consumption": 2.5573851264227496, "selected": true, "host_energy_consumption": 1.06113929824, "client_name": "sta4"}
2025-12-10 17:18:12,473 - METRIC - INFO - {"loss": 0.08867406845092773, "accuracy": 0.972455620765686, "energy_consumption": 5.530159239174531, "selected": true, "host_energy_consumption": 2.0315474116, "client_name": "sta2"}
2025-12-10 17:18:12,919 - METRIC - INFO - mean_accuracy: 0.9705190161863962

2025-12-10 17:18:12,919 - METRIC - INFO - round: 11
2025-12-10 17:18:12,919 - METRIC - INFO - n_selected: 6
2025-12-10 17:18:12,919 - METRIC - INFO - {"selected_trainers": ["sta0", "sta1", "sta2", "sta3", "sta4", "sta5"]}
2025-12-10 17:18:24,307 - EXECUT - INFO - received weights from trainer sta0!
2025-12-10 17:18:41,335 - EXECUT - INFO - received weights from trainer sta1!
2025-12-10 17:19:04,864 - EXECUT - INFO - received weights from trainer sta2!
2025-12-10 17:19:30,955 - EXECUT - INFO - received weights from trainer sta3!
2025-12-10 17:19:47,910 - EXECUT - INFO - received weights from trainer sta4!
2025-12-10 17:20:01,669 - EXECUT - INFO - received weights from trainer sta5!
2025-12-10 17:20:03,091 - EXECUT - INFO - sent aggregated weights to trainers!
2025-12-10 17:20:18,673 - METRIC - INFO - {"loss": 0.08791903406381607, "accuracy": 0.9714118838310242, "energy_consumption": 5.135871226749682, "selected": true, "host_energy_consumption": 1.8795919354800001, "client_name": "sta1"}
2025-12-10 17:20:18,804 - METRIC - INFO - {"loss": 0.08037640154361725, "accuracy": 0.9708284735679626, "energy_consumption": 2.215773373016064, "selected": true, "host_energy_consumption": 0.9284992253600001, "client_name": "sta0"}
2025-12-10 17:20:20,556 - METRIC - INFO - {"loss": 0.09058021754026413, "accuracy": 0.9715219140052795, "energy_consumption": 5.735972028970465, "selected": true, "host_energy_consumption": 2.20543192324, "client_name": "sta3"}
2025-12-10 17:20:24,774 - METRIC - INFO - {"loss": 0.08261687308549881, "accuracy": 0.9746059775352478, "energy_consumption": 2.7983535780556945, "selected": true, "host_energy_consumption": 1.1665207128400001, "client_name": "sta4"}
2025-12-10 17:20:26,448 - METRIC - INFO - {"loss": 0.08118567615747452, "accuracy": 0.9747899174690247, "energy_consumption": 6.034316455077417, "selected": true, "host_energy_consumption": 2.23136740316, "client_name": "sta2"}
2025-12-10 17:20:27,316 - METRIC - INFO - {"loss": 0.09633960574865341, "accuracy": 0.9684763550758362, "energy_consumption": 1.4159356415019961, "selected": true, "host_energy_consumption": 0.6238876224000001, "client_name": "sta5"}
2025-12-10 17:20:28,118 - METRIC - INFO - mean_accuracy: 0.9719390869140625

2025-12-10 17:20:28,118 - METRIC - INFO - round: 12
2025-12-10 17:20:28,118 - METRIC - INFO - n_selected: 6
2025-12-10 17:20:28,118 - METRIC - INFO - {"selected_trainers": ["sta0", "sta1", "sta2", "sta3", "sta4", "sta5"]}
2025-12-10 17:20:39,575 - EXECUT - INFO - received weights from trainer sta0!
2025-12-10 17:20:56,052 - EXECUT - INFO - received weights from trainer sta1!
2025-12-10 17:21:19,527 - EXECUT - INFO - received weights from trainer sta2!
2025-12-10 17:21:42,875 - EXECUT - INFO - received weights from trainer sta3!
2025-12-10 17:22:00,811 - EXECUT - INFO - received weights from trainer sta4!
2025-12-10 17:22:14,108 - EXECUT - INFO - received weights from trainer sta5!
2025-12-10 17:22:15,529 - EXECUT - INFO - sent aggregated weights to trainers!
2025-12-10 17:22:29,866 - METRIC - INFO - {"loss": 0.07276670634746552, "accuracy": 0.9731621742248535, "energy_consumption": 2.423736357358295, "selected": true, "host_energy_consumption": 1.0080028033600001, "client_name": "sta0"}
2025-12-10 17:22:30,708 - METRIC - INFO - {"loss": 0.08369112759828568, "accuracy": 0.9714118838310242, "energy_consumption": 5.61517727285354, "selected": true, "host_energy_consumption": 2.04140759536, "client_name": "sta1"}
2025-12-10 17:22:36,725 - METRIC - INFO - {"loss": 0.07700560241937637, "accuracy": 0.9752567410469055, "energy_consumption": 6.576798672880465, "selected": true, "host_energy_consumption": 2.4313621371200003, "client_name": "sta2"}
2025-12-10 17:22:38,327 - METRIC - INFO - {"loss": 0.07527050375938416, "accuracy": 0.9763572812080383, "energy_consumption": 3.03952315685604, "selected": true, "host_energy_consumption": 1.27103763976, "client_name": "sta4"}
2025-12-10 17:22:38,966 - METRIC - INFO - {"loss": 0.0841589942574501, "accuracy": 0.9747899174690247, "energy_consumption": 6.295956101439593, "selected": true, "host_energy_consumption": 2.4026590159600003, "client_name": "sta3"}
2025-12-10 17:22:39,488 - METRIC - INFO - {"loss": 0.08856266736984253, "accuracy": 0.9684763550758362, "energy_consumption": 1.5361231328189295, "selected": true, "host_energy_consumption": 0.67812919524, "client_name": "sta5"}
2025-12-10 17:22:39,554 - METRIC - INFO - mean_accuracy: 0.9732423921426138

2025-12-10 17:22:39,554 - METRIC - INFO - round: 13
2025-12-10 17:22:39,554 - METRIC - INFO - n_selected: 6
2025-12-10 17:22:39,554 - METRIC - INFO - {"selected_trainers": ["sta0", "sta1", "sta2", "sta3", "sta4", "sta5"]}
2025-12-10 17:22:50,601 - EXECUT - INFO - received weights from trainer sta0!
2025-12-10 17:23:06,939 - EXECUT - INFO - received weights from trainer sta1!
2025-12-10 17:23:30,654 - EXECUT - INFO - received weights from trainer sta2!
2025-12-10 17:23:53,225 - EXECUT - INFO - received weights from trainer sta3!
2025-12-10 17:24:13,075 - EXECUT - INFO - received weights from trainer sta4!
2025-12-10 17:24:25,584 - EXECUT - INFO - received weights from trainer sta5!
2025-12-10 17:24:27,010 - EXECUT - INFO - sent aggregated weights to trainers!
2025-12-10 17:24:44,027 - METRIC - INFO - {"loss": 0.07899326086044312, "accuracy": 0.9719953536987305, "energy_consumption": 6.036315905185294, "selected": true, "host_energy_consumption": 2.20423230552, "client_name": "sta1"}
2025-12-10 17:24:46,618 - METRIC - INFO - {"loss": 0.06832751631736755, "accuracy": 0.9789965152740479, "energy_consumption": 2.5890452813835347, "selected": true, "host_energy_consumption": 1.0881447368400001, "client_name": "sta0"}
2025-12-10 17:24:53,964 - METRIC - INFO - {"loss": 0.07934101670980453, "accuracy": 0.9747899174690247, "energy_consumption": 6.843517989080439, "selected": true, "host_energy_consumption": 2.59947952516, "client_name": "sta3"}
2025-12-10 17:24:55,608 - METRIC - INFO - {"loss": 0.06952851265668869, "accuracy": 0.9754816293716431, "energy_consumption": 3.282825154140779, "selected": true, "host_energy_consumption": 1.37575901204, "client_name": "sta4"}
2025-12-10 17:24:56,235 - METRIC - INFO - {"loss": 0.07170291990041733, "accuracy": 0.9775910377502441, "energy_consumption": 7.132979869810009, "selected": true, "host_energy_consumption": 2.62956476664, "client_name": "sta2"}
2025-12-10 17:25:00,027 - METRIC - INFO - {"loss": 0.08228980004787445, "accuracy": 0.9719789624214172, "energy_consumption": 1.654701996239226, "selected": true, "host_energy_consumption": 0.7321568548, "client_name": "sta5"}
2025-12-10 17:25:00,044 - METRIC - INFO - mean_accuracy: 0.9751389026641846

2025-12-10 17:25:00,044 - METRIC - INFO - round: 14
2025-12-10 17:25:00,044 - METRIC - INFO - n_selected: 6
2025-12-10 17:25:00,044 - METRIC - INFO - {"selected_trainers": ["sta0", "sta1", "sta2", "sta3", "sta4", "sta5"]}
2025-12-10 17:25:12,332 - EXECUT - INFO - received weights from trainer sta0!
2025-12-10 17:25:29,771 - EXECUT - INFO - received weights from trainer sta1!
2025-12-10 17:25:52,296 - EXECUT - INFO - received weights from trainer sta2!
2025-12-10 17:26:16,942 - EXECUT - INFO - received weights from trainer sta3!
2025-12-10 17:26:34,868 - EXECUT - INFO - received weights from trainer sta4!
2025-12-10 17:26:46,646 - EXECUT - INFO - received weights from trainer sta5!
2025-12-10 17:26:48,068 - EXECUT - INFO - sent aggregated weights to trainers!
2025-12-10 17:27:04,539 - METRIC - INFO - {"loss": 0.07500943541526794, "accuracy": 0.972578763961792, "energy_consumption": 6.460123358167085, "selected": true, "host_energy_consumption": 2.36646427304, "client_name": "sta1"}
2025-12-10 17:27:05,679 - METRIC - INFO - {"loss": 0.06376524269580841, "accuracy": 0.9766627550125122, "energy_consumption": 2.8024083926731373, "selected": true, "host_energy_consumption": 1.16814176584, "client_name": "sta0"}
2025-12-10 17:27:15,042 - METRIC - INFO - {"loss": 0.07809149473905563, "accuracy": 0.9702276587486267, "energy_consumption": 1.774866095574858, "selected": true, "host_energy_consumption": 0.78659138852, "client_name": "sta5"}
2025-12-10 17:27:17,391 - METRIC - INFO - {"loss": 0.06534932553768158, "accuracy": 0.9781085848808289, "energy_consumption": 3.4848912037477557, "selected": true, "host_energy_consumption": 1.48014197212, "client_name": "sta4"}
2025-12-10 17:27:18,496 - METRIC - INFO - {"loss": 0.07079251855611801, "accuracy": 0.974323034286499, "energy_consumption": 7.632809027129988, "selected": true, "host_energy_consumption": 2.8278785654000003, "client_name": "sta2"}
2025-12-10 17:27:20,777 - METRIC - INFO - {"loss": 0.0754450336098671, "accuracy": 0.9757236242294312, "energy_consumption": 7.316237350143901, "selected": true, "host_energy_consumption": 2.7955215251600003, "client_name": "sta3"}
2025-12-10 17:27:21,103 - METRIC - INFO - mean_accuracy: 0.974604070186615

2025-12-10 17:27:21,103 - METRIC - INFO - round: 15
2025-12-10 17:27:21,103 - METRIC - INFO - n_selected: 6
2025-12-10 17:27:21,103 - METRIC - INFO - {"selected_trainers": ["sta0", "sta1", "sta2", "sta3", "sta4", "sta5"]}
2025-12-10 17:27:31,726 - EXECUT - INFO - received weights from trainer sta0!
2025-12-10 17:27:46,850 - EXECUT - INFO - received weights from trainer sta1!
2025-12-10 17:28:10,235 - EXECUT - INFO - received weights from trainer sta2!
2025-12-10 17:28:33,248 - EXECUT - INFO - received weights from trainer sta3!
2025-12-10 17:28:51,500 - EXECUT - INFO - received weights from trainer sta4!
2025-12-10 17:29:03,924 - EXECUT - INFO - received weights from trainer sta5!
2025-12-10 17:29:05,352 - EXECUT - INFO - sent aggregated weights to trainers!
2025-12-10 17:29:22,476 - METRIC - INFO - {"loss": 0.07102136313915253, "accuracy": 0.9737456440925598, "energy_consumption": 6.96766305202426, "selected": true, "host_energy_consumption": 2.52902460412, "client_name": "sta1"}
2025-12-10 17:29:24,113 - METRIC - INFO - {"loss": 0.062446292489767075, "accuracy": 0.9801633358001709, "energy_consumption": 2.9706097870071853, "selected": true, "host_energy_consumption": 1.2480983774, "client_name": "sta0"}
2025-12-10 17:29:34,704 - METRIC - INFO - {"loss": 0.07334157079458237, "accuracy": 0.9771241545677185, "energy_consumption": 7.829742692284043, "selected": true, "host_energy_consumption": 2.992516709, "client_name": "sta3"}
2025-12-10 17:29:34,817 - METRIC - INFO - {"loss": 0.0732523575425148, "accuracy": 0.9737303256988525, "energy_consumption": 1.8943942512489547, "selected": true, "host_energy_consumption": 0.8418082761200001, "client_name": "sta5"}
2025-12-10 17:29:35,227 - METRIC - INFO - {"loss": 0.06513644009828568, "accuracy": 0.9775910377502441, "energy_consumption": 8.171281437148878, "selected": true, "host_energy_consumption": 3.028518269, "client_name": "sta2"}
2025-12-10 17:29:35,413 - METRIC - INFO - {"loss": 0.061152007430791855, "accuracy": 0.9789842367172241, "energy_consumption": 3.7581268128638765, "selected": true, "host_energy_consumption": 1.58580328396, "client_name": "sta4"}
2025-12-10 17:29:36,385 - METRIC - INFO - mean_accuracy: 0.9768897891044617

2025-12-10 17:29:36,389 - METRIC - INFO - stop_condition: rounds
