2025-12-10 17:30:19,053 - EXECUT - INFO - starting server...
2025-12-10 17:30:27,642 - EXECUT - INFO - trainer number sta0 just joined the pool
2025-12-10 17:30:27,685 - EXECUT - INFO - trainer number sta5 just joined the pool
2025-12-10 17:30:27,990 - EXECUT - INFO - trainer number sta4 just joined the pool
2025-12-10 17:30:28,088 - EXECUT - INFO - trainer number sta1 just joined the pool
2025-12-10 17:30:28,306 - EXECUT - INFO - trainer number sta2 just joined the pool
2025-12-10 17:30:28,350 - EXECUT - INFO - trainer number sta3 just joined the pool
2025-12-10 17:30:29,077 - EXECUT - INFO - mensagem de data_sz recebida: 
 {'id': 'sta0', 'dataset_sz': 84899491968}
2025-12-10 17:30:29,081 - EXECUT - INFO - mensagem de data_sz recebida: 
 {'id': 'sta1', 'dataset_sz': 339081857536}
2025-12-10 17:30:29,122 - EXECUT - INFO - mensagem de data_sz recebida: 
 {'id': 'sta5', 'dataset_sz': 37797784704}
2025-12-10 17:30:29,122 - EXECUT - INFO - mensagem de data_sz recebida: 
 {'id': 'sta2', 'dataset_sz': 529695287808}
2025-12-10 17:30:29,122 - EXECUT - INFO - mensagem de data_sz recebida: 
 {'id': 'sta4', 'dataset_sz': 150847031808}
2025-12-10 17:30:29,123 - EXECUT - INFO - mensagem de data_sz recebida: 
 {'id': 'sta3', 'dataset_sz': 529695287808}
2025-12-10 17:30:30,076 - METRIC - INFO - round: 1
2025-12-10 17:30:30,076 - METRIC - INFO - n_selected: 2
2025-12-10 17:30:30,076 - METRIC - INFO - {"selected_trainers": ["sta4", "sta5"]}
2025-12-10 17:30:47,501 - EXECUT - INFO - received weights from trainer sta4!
2025-12-10 17:30:58,986 - EXECUT - INFO - received weights from trainer sta5!
2025-12-10 17:31:00,445 - EXECUT - INFO - sent aggregated weights to trainers!
2025-12-10 17:31:16,662 - METRIC - INFO - {"loss": 2.298962116241455, "accuracy": 0.065927654504776, "energy_consumption": 0.040054159857616733, "selected": false, "host_energy_consumption": 0.0037701465200000004, "client_name": "sta1"}
2025-12-10 17:31:19,990 - METRIC - INFO - {"loss": 2.366267681121826, "accuracy": 0.059509918093681335, "energy_consumption": 0.03582609102685552, "selected": false, "host_energy_consumption": 0.0028094948000000003, "client_name": "sta0"}
2025-12-10 17:31:22,940 - METRIC - INFO - {"loss": 2.325979709625244, "accuracy": 0.10084033757448196, "energy_consumption": 0.0, "selected": false, "host_energy_consumption": 0.0039648845600000005, "client_name": "sta3"}
2025-12-10 17:31:26,137 - METRIC - INFO - {"loss": 2.3384385108947754, "accuracy": 0.11484593898057938, "energy_consumption": 0.0, "selected": false, "host_energy_consumption": 0.0038000194400000004, "client_name": "sta2"}
2025-12-10 17:31:42,842 - METRIC - INFO - {"loss": 0.5010596513748169, "accuracy": 0.8704028129577637, "energy_consumption": 0.15710474610587777, "selected": true, "host_energy_consumption": 0.060556270880000006, "client_name": "sta5"}
2025-12-10 17:31:43,347 - METRIC - INFO - {"loss": 0.3486153483390808, "accuracy": 0.9194395542144775, "energy_consumption": 0.28038233309588345, "selected": true, "host_energy_consumption": 0.11135354776, "client_name": "sta4"}
2025-12-10 17:31:43,494 - METRIC - INFO - mean_accuracy: 0.35516103605429333

2025-12-10 17:31:43,494 - METRIC - INFO - round: 2
2025-12-10 17:31:43,494 - METRIC - INFO - n_selected: 4
2025-12-10 17:31:43,494 - METRIC - INFO - {"selected_trainers": ["sta0", "sta1", "sta2", "sta3"]}
2025-12-10 17:31:56,516 - EXECUT - INFO - received weights from trainer sta0!
2025-12-10 17:32:16,749 - EXECUT - INFO - received weights from trainer sta1!
2025-12-10 17:32:41,369 - EXECUT - INFO - received weights from trainer sta2!
2025-12-10 17:33:06,649 - EXECUT - INFO - received weights from trainer sta3!
2025-12-10 17:33:07,025 - EXECUT - INFO - sent aggregated weights to trainers!
2025-12-10 17:33:17,550 - METRIC - INFO - {"loss": 0.28456392884254456, "accuracy": 0.9270711541175842, "energy_consumption": 0.49788578533851724, "selected": true, "host_energy_consumption": 0.170999325, "client_name": "sta1"}
2025-12-10 17:33:20,966 - METRIC - INFO - {"loss": 0.3652722239494324, "accuracy": 0.900816798210144, "energy_consumption": 0.24703712572977787, "selected": true, "host_energy_consumption": 0.0875481572, "client_name": "sta0"}
2025-12-10 17:33:37,170 - METRIC - INFO - {"loss": 0.25281378626823425, "accuracy": 0.9178338050842285, "energy_consumption": 0.5141800742719056, "selected": true, "host_energy_consumption": 0.20822371248000002, "client_name": "sta3"}
2025-12-10 17:33:38,314 - METRIC - INFO - {"loss": 0.26991498470306396, "accuracy": 0.9239028692245483, "energy_consumption": 0.549251241398506, "selected": true, "host_energy_consumption": 0.21041674388, "client_name": "sta2"}
2025-12-10 17:33:43,164 - METRIC - INFO - {"loss": 1.1673706769943237, "accuracy": 0.8633975386619568, "energy_consumption": 0.15710474610587777, "selected": false, "host_energy_consumption": 0.062777603, "client_name": "sta5"}
2025-12-10 17:33:51,003 - METRIC - INFO - {"loss": 1.163271188735962, "accuracy": 0.8695271611213684, "energy_consumption": 0.28038233309588345, "selected": false, "host_energy_consumption": 0.11394494244, "client_name": "sta4"}
2025-12-10 17:33:51,071 - METRIC - INFO - mean_accuracy: 0.9004248877366384

2025-12-10 17:33:51,071 - METRIC - INFO - round: 3
2025-12-10 17:33:51,071 - METRIC - INFO - n_selected: 3
2025-12-10 17:33:51,071 - METRIC - INFO - {"selected_trainers": ["sta0", "sta4", "sta5"]}
2025-12-10 17:34:03,091 - EXECUT - INFO - received weights from trainer sta0!
2025-12-10 17:34:22,428 - EXECUT - INFO - received weights from trainer sta4!
2025-12-10 17:34:33,398 - EXECUT - INFO - received weights from trainer sta5!
2025-12-10 17:34:34,815 - EXECUT - INFO - sent aggregated weights to trainers!
2025-12-10 17:34:49,603 - METRIC - INFO - {"loss": 0.27659499645233154, "accuracy": 0.9259043335914612, "energy_consumption": 0.5379405571771614, "selected": false, "host_energy_consumption": 0.17492160504, "client_name": "sta1"}
2025-12-10 17:34:50,099 - METRIC - INFO - {"loss": 0.2742755711078644, "accuracy": 0.9106830358505249, "energy_consumption": 0.3501726685783949, "selected": true, "host_energy_consumption": 0.118559462, "client_name": "sta5"}
2025-12-10 17:34:51,369 - METRIC - INFO - {"loss": 0.2561200261116028, "accuracy": 0.9264877438545227, "energy_consumption": 0.4260109025940175, "selected": true, "host_energy_consumption": 0.166843992, "client_name": "sta0"}
2025-12-10 17:34:54,555 - METRIC - INFO - {"loss": 0.2669249176979065, "accuracy": 0.9164332151412964, "energy_consumption": 0.5141800742719056, "selected": false, "host_energy_consumption": 0.21204222312, "client_name": "sta3"}
2025-12-10 17:34:55,544 - METRIC - INFO - {"loss": 0.28132644295692444, "accuracy": 0.922502338886261, "energy_consumption": 0.549251241398506, "selected": false, "host_energy_consumption": 0.21415093364, "client_name": "sta2"}
2025-12-10 17:34:58,613 - METRIC - INFO - {"loss": 0.21603059768676758, "accuracy": 0.943082332611084, "energy_consumption": 0.5223014106244006, "selected": true, "host_energy_consumption": 0.22051004808000002, "client_name": "sta4"}
2025-12-10 17:34:58,842 - METRIC - INFO - mean_accuracy: 0.9241821666558584

2025-12-10 17:34:58,842 - METRIC - INFO - round: 4
2025-12-10 17:34:58,842 - METRIC - INFO - n_selected: 2
2025-12-10 17:34:58,842 - METRIC - INFO - {"selected_trainers": ["sta0", "sta5"]}
2025-12-10 17:35:09,594 - EXECUT - INFO - received weights from trainer sta0!
2025-12-10 17:35:22,113 - EXECUT - INFO - received weights from trainer sta5!
2025-12-10 17:35:23,536 - EXECUT - INFO - sent aggregated weights to trainers!
2025-12-10 17:35:41,455 - METRIC - INFO - {"loss": 0.2404346913099289, "accuracy": 0.9381563663482666, "energy_consumption": 0.5379405571771614, "selected": false, "host_energy_consumption": 0.17863591928, "client_name": "sta1"}
2025-12-10 17:35:43,905 - METRIC - INFO - {"loss": 0.22666701674461365, "accuracy": 0.9334889054298401, "energy_consumption": 0.6279248041801178, "selected": true, "host_energy_consumption": 0.24700668972, "client_name": "sta0"}
2025-12-10 17:35:53,515 - METRIC - INFO - {"loss": 0.24448387324810028, "accuracy": 0.9281045794487, "energy_consumption": 0.5848711536327618, "selected": false, "host_energy_consumption": 0.21918729784000002, "client_name": "sta2"}
2025-12-10 17:35:53,621 - METRIC - INFO - {"loss": 0.22614219784736633, "accuracy": 0.9253034591674805, "energy_consumption": 0.5478868479770282, "selected": false, "host_energy_consumption": 0.2172486134, "client_name": "sta3"}
2025-12-10 17:35:54,384 - METRIC - INFO - {"loss": 0.2450549453496933, "accuracy": 0.9229422211647034, "energy_consumption": 0.4674257347105505, "selected": true, "host_energy_consumption": 0.17472773864000002, "client_name": "sta5"}
2025-12-10 17:35:54,418 - METRIC - INFO - {"loss": 0.22088004648685455, "accuracy": 0.9404553174972534, "energy_consumption": 0.5223014106244006, "selected": false, "host_energy_consumption": 0.22410258024000002, "client_name": "sta4"}
2025-12-10 17:35:54,569 - METRIC - INFO - mean_accuracy: 0.9314084748427073

2025-12-10 17:35:54,569 - METRIC - INFO - round: 5
2025-12-10 17:35:54,569 - METRIC - INFO - n_selected: 4
2025-12-10 17:35:54,569 - METRIC - INFO - {"selected_trainers": ["sta1", "sta3", "sta4", "sta5"]}
2025-12-10 17:36:12,339 - EXECUT - INFO - received weights from trainer sta1!
2025-12-10 17:36:36,431 - EXECUT - INFO - received weights from trainer sta3!
2025-12-10 17:36:54,449 - EXECUT - INFO - received weights from trainer sta4!
2025-12-10 17:37:06,499 - EXECUT - INFO - received weights from trainer sta5!
2025-12-10 17:37:07,925 - EXECUT - INFO - sent aggregated weights to trainers!
2025-12-10 17:37:24,187 - METRIC - INFO - {"loss": 0.22574837505817413, "accuracy": 0.9346557855606079, "energy_consumption": 0.667867875969923, "selected": false, "host_energy_consumption": 0.25008264820000004, "client_name": "sta0"}
2025-12-10 17:37:25,168 - METRIC - INFO - {"loss": 0.17795008420944214, "accuracy": 0.950408399105072, "energy_consumption": 1.008953467163644, "selected": true, "host_energy_consumption": 0.34165372724000004, "client_name": "sta1"}
2025-12-10 17:37:30,079 - METRIC - INFO - {"loss": 0.1542164534330368, "accuracy": 0.9509803652763367, "energy_consumption": 1.0964581164607887, "selected": true, "host_energy_consumption": 0.41638661904, "client_name": "sta3"}
2025-12-10 17:37:30,661 - METRIC - INFO - {"loss": 0.221536323428154, "accuracy": 0.9341736435890198, "energy_consumption": 0.5848711536327618, "selected": false, "host_energy_consumption": 0.22306671688000002, "client_name": "sta2"}
2025-12-10 17:37:31,424 - METRIC - INFO - {"loss": 0.2258773297071457, "accuracy": 0.9264448285102844, "energy_consumption": 0.5876022389810841, "selected": true, "host_energy_consumption": 0.2301277944, "client_name": "sta5"}
2025-12-10 17:37:35,659 - METRIC - INFO - {"loss": 0.17535975575447083, "accuracy": 0.9509631991386414, "energy_consumption": 0.8042356751512132, "selected": true, "host_energy_consumption": 0.33054067424, "client_name": "sta4"}
2025-12-10 17:37:35,955 - METRIC - INFO - mean_accuracy: 0.941271036863327

2025-12-10 17:37:35,955 - METRIC - INFO - round: 6
2025-12-10 17:37:35,955 - METRIC - INFO - n_selected: 3
2025-12-10 17:37:35,955 - METRIC - INFO - {"selected_trainers": ["sta0", "sta2", "sta5"]}
2025-12-10 17:37:46,210 - EXECUT - INFO - received weights from trainer sta0!
2025-12-10 17:38:09,280 - EXECUT - INFO - received weights from trainer sta2!
2025-12-10 17:38:21,459 - EXECUT - INFO - received weights from trainer sta5!
2025-12-10 17:38:22,882 - EXECUT - INFO - sent aggregated weights to trainers!
2025-12-10 17:38:34,337 - METRIC - INFO - {"loss": 0.17062737047672272, "accuracy": 0.9498249888420105, "energy_consumption": 0.8815810388178451, "selected": true, "host_energy_consumption": 0.32986367932, "client_name": "sta0"}
2025-12-10 17:38:41,406 - METRIC - INFO - {"loss": 0.178909033536911, "accuracy": 0.9498249888420105, "energy_consumption": 1.0430321282280766, "selected": false, "host_energy_consumption": 0.34514918956, "client_name": "sta1"}
2025-12-10 17:38:47,716 - METRIC - INFO - {"loss": 0.16000764071941376, "accuracy": 0.9509803652763367, "energy_consumption": 1.0964581164607887, "selected": false, "host_energy_consumption": 0.42022673112000003, "client_name": "sta3"}
2025-12-10 17:38:49,198 - METRIC - INFO - {"loss": 0.19218668341636658, "accuracy": 0.9369527101516724, "energy_consumption": 0.745954914544951, "selected": true, "host_energy_consumption": 0.28594538812000003, "client_name": "sta5"}
2025-12-10 17:38:49,421 - METRIC - INFO - {"loss": 0.15796951949596405, "accuracy": 0.9588441252708435, "energy_consumption": 0.8042356751512132, "selected": false, "host_energy_consumption": 0.33388369532, "client_name": "sta4"}
2025-12-10 17:38:50,262 - METRIC - INFO - {"loss": 0.14344820380210876, "accuracy": 0.9561157822608948, "energy_consumption": 1.0797633407845777, "selected": true, "host_energy_consumption": 0.42438456088000004, "client_name": "sta2"}
2025-12-10 17:38:50,911 - METRIC - INFO - mean_accuracy: 0.9504238267739614

2025-12-10 17:38:50,911 - METRIC - INFO - round: 7
2025-12-10 17:38:50,911 - METRIC - INFO - n_selected: 3
2025-12-10 17:38:50,911 - METRIC - INFO - {"selected_trainers": ["sta0", "sta4", "sta5"]}
2025-12-10 17:39:02,502 - EXECUT - INFO - received weights from trainer sta0!
2025-12-10 17:39:18,580 - EXECUT - INFO - received weights from trainer sta4!
2025-12-10 17:39:29,614 - EXECUT - INFO - received weights from trainer sta5!
2025-12-10 17:39:31,040 - EXECUT - INFO - sent aggregated weights to trainers!
2025-12-10 17:39:48,134 - METRIC - INFO - {"loss": 0.14910288155078888, "accuracy": 0.9544923901557922, "energy_consumption": 1.0865702404421955, "selected": true, "host_energy_consumption": 0.40943577080000004, "client_name": "sta0"}
2025-12-10 17:39:52,894 - METRIC - INFO - {"loss": 0.1493455171585083, "accuracy": 0.9597432613372803, "energy_consumption": 1.0430321282280766, "selected": false, "host_energy_consumption": 0.34872536692, "client_name": "sta1"}
2025-12-10 17:39:58,176 - METRIC - INFO - {"loss": 0.1509595811367035, "accuracy": 0.9519140720367432, "energy_consumption": 1.0797633407845777, "selected": false, "host_energy_consumption": 0.42825782692000003, "client_name": "sta2"}
2025-12-10 17:40:00,103 - METRIC - INFO - {"loss": 0.12410304695367813, "accuracy": 0.9658493995666504, "energy_consumption": 1.0461397710662597, "selected": true, "host_energy_consumption": 0.44120533240000004, "client_name": "sta4"}
2025-12-10 17:40:01,441 - METRIC - INFO - {"loss": 0.1344110518693924, "accuracy": 0.9612511396408081, "energy_consumption": 1.136512633969656, "selected": false, "host_energy_consumption": 0.42399272468000004, "client_name": "sta3"}
2025-12-10 17:40:02,665 - METRIC - INFO - {"loss": 0.1668744534254074, "accuracy": 0.9492118954658508, "energy_consumption": 0.8620805765112446, "selected": true, "host_energy_consumption": 0.34122441416000004, "client_name": "sta5"}
2025-12-10 17:40:03,074 - METRIC - INFO - mean_accuracy: 0.9570770263671875

2025-12-10 17:40:03,074 - METRIC - INFO - round: 8
2025-12-10 17:40:03,074 - METRIC - INFO - n_selected: 1
2025-12-10 17:40:03,074 - METRIC - INFO - {"selected_trainers": ["sta5"]}
2025-12-10 17:40:15,522 - EXECUT - INFO - received weights from trainer sta5!
2025-12-10 17:40:16,945 - EXECUT - INFO - sent aggregated weights to trainers!
2025-12-10 17:40:30,889 - METRIC - INFO - {"loss": 0.1444130390882492, "accuracy": 0.9556592702865601, "energy_consumption": 1.0865702404421955, "selected": false, "host_energy_consumption": 0.412163969, "client_name": "sta0"}
2025-12-10 17:40:36,522 - METRIC - INFO - {"loss": 0.13891242444515228, "accuracy": 0.9603267312049866, "energy_consumption": 1.0430321282280766, "selected": false, "host_energy_consumption": 0.3522909656, "client_name": "sta1"}
2025-12-10 17:40:44,341 - METRIC - INFO - {"loss": 0.1564042568206787, "accuracy": 0.9562171697616577, "energy_consumption": 0.9775475704503654, "selected": true, "host_energy_consumption": 0.39658073728000004, "client_name": "sta5"}
2025-12-10 17:40:45,443 - METRIC - INFO - {"loss": 0.12189421057701111, "accuracy": 0.9667250514030457, "energy_consumption": 1.0461397710662597, "selected": false, "host_energy_consumption": 0.44412456116000004, "client_name": "sta4"}
2025-12-10 17:40:46,021 - METRIC - INFO - {"loss": 0.12343582510948181, "accuracy": 0.9631185531616211, "energy_consumption": 1.136512633969656, "selected": false, "host_energy_consumption": 0.42779313752000003, "client_name": "sta3"}
2025-12-10 17:40:47,036 - METRIC - INFO - {"loss": 0.1392948478460312, "accuracy": 0.9551820755004883, "energy_consumption": 1.0797633407845777, "selected": false, "host_energy_consumption": 0.43187794216000003, "client_name": "sta2"}
2025-12-10 17:40:47,978 - METRIC - INFO - mean_accuracy: 0.9595381418863932

2025-12-10 17:40:47,978 - METRIC - INFO - round: 9
2025-12-10 17:40:47,978 - METRIC - INFO - n_selected: 3
2025-12-10 17:40:47,978 - METRIC - INFO - {"selected_trainers": ["sta1", "sta4", "sta5"]}
2025-12-10 17:41:04,860 - EXECUT - INFO - received weights from trainer sta1!
2025-12-10 17:41:21,400 - EXECUT - INFO - received weights from trainer sta4!
2025-12-10 17:41:32,967 - EXECUT - INFO - received weights from trainer sta5!
2025-12-10 17:41:34,383 - EXECUT - INFO - sent aggregated weights to trainers!
2025-12-10 17:41:49,974 - METRIC - INFO - {"loss": 0.11547453701496124, "accuracy": 0.967327892780304, "energy_consumption": 1.4646247566983412, "selected": true, "host_energy_consumption": 0.51494323972, "client_name": "sta1"}
2025-12-10 17:41:50,716 - METRIC - INFO - {"loss": 0.13582143187522888, "accuracy": 0.9568261504173279, "energy_consumption": 1.1194940424412567, "selected": false, "host_energy_consumption": 0.41486140612, "client_name": "sta0"}
2025-12-10 17:42:03,752 - METRIC - INFO - {"loss": 0.1180693507194519, "accuracy": 0.9631185531616211, "energy_consumption": 1.136512633969656, "selected": false, "host_energy_consumption": 0.43202380284, "client_name": "sta3"}
2025-12-10 17:42:03,891 - METRIC - INFO - {"loss": 0.1529584527015686, "accuracy": 0.9579684734344482, "energy_consumption": 1.0932799781768914, "selected": true, "host_energy_consumption": 0.45281588632, "client_name": "sta5"}
2025-12-10 17:42:05,542 - METRIC - INFO - {"loss": 0.10699131339788437, "accuracy": 0.971103310585022, "energy_consumption": 1.2953622746879885, "selected": true, "host_energy_consumption": 0.5528960626, "client_name": "sta4"}
2025-12-10 17:42:05,810 - METRIC - INFO - {"loss": 0.13642004132270813, "accuracy": 0.9537814855575562, "energy_consumption": 1.1198179107489605, "selected": false, "host_energy_consumption": 0.43612959404, "client_name": "sta2"}
2025-12-10 17:42:06,417 - METRIC - INFO - mean_accuracy: 0.9616876443227133

2025-12-10 17:42:06,417 - METRIC - INFO - round: 10
2025-12-10 17:42:06,417 - METRIC - INFO - n_selected: 4
2025-12-10 17:42:06,417 - METRIC - INFO - {"selected_trainers": ["sta0", "sta2", "sta3", "sta5"]}
2025-12-10 17:42:16,840 - EXECUT - INFO - received weights from trainer sta0!
2025-12-10 17:42:40,148 - EXECUT - INFO - received weights from trainer sta2!
2025-12-10 17:43:05,371 - EXECUT - INFO - received weights from trainer sta3!
2025-12-10 17:43:17,748 - EXECUT - INFO - received weights from trainer sta5!
2025-12-10 17:43:19,191 - EXECUT - INFO - sent aggregated weights to trainers!
2025-12-10 17:43:36,200 - METRIC - INFO - {"loss": 0.11750856786966324, "accuracy": 0.9679113030433655, "energy_consumption": 1.5046793314314073, "selected": false, "host_energy_consumption": 0.51927991332, "client_name": "sta1"}
2025-12-10 17:43:36,236 - METRIC - INFO - {"loss": 0.12075171619653702, "accuracy": 0.9661610126495361, "energy_consumption": 1.3747053399453022, "selected": true, "host_energy_consumption": 0.49493865484000005, "client_name": "sta0"}
2025-12-10 17:43:39,276 - METRIC - INFO - {"loss": 0.13778184354305267, "accuracy": 0.9614710807800293, "energy_consumption": 1.2134818979400315, "selected": true, "host_energy_consumption": 0.50764733068, "client_name": "sta5"}
2025-12-10 17:43:44,973 - METRIC - INFO - {"loss": 0.08978571742773056, "accuracy": 0.9701213836669922, "energy_consumption": 1.6561687049407512, "selected": true, "host_energy_consumption": 0.6323037316400001, "client_name": "sta3"}
2025-12-10 17:43:46,648 - METRIC - INFO - {"loss": 0.10138136893510818, "accuracy": 0.9668533802032471, "energy_consumption": 1.6216462558992686, "selected": true, "host_energy_consumption": 0.6376611802400001, "client_name": "sta2"}
2025-12-10 17:43:47,021 - METRIC - INFO - {"loss": 0.1007278636097908, "accuracy": 0.9719789624214172, "energy_consumption": 1.2953622746879885, "selected": false, "host_energy_consumption": 0.55604137176, "client_name": "sta4"}
2025-12-10 17:43:47,221 - METRIC - INFO - mean_accuracy: 0.9674161871274313

2025-12-10 17:43:47,221 - METRIC - INFO - round: 11
2025-12-10 17:43:47,221 - METRIC - INFO - n_selected: 3
2025-12-10 17:43:47,221 - METRIC - INFO - {"selected_trainers": ["sta0", "sta4", "sta5"]}
2025-12-10 17:43:57,566 - EXECUT - INFO - received weights from trainer sta0!
2025-12-10 17:44:13,055 - EXECUT - INFO - received weights from trainer sta4!
2025-12-10 17:44:25,371 - EXECUT - INFO - received weights from trainer sta5!
2025-12-10 17:44:26,793 - EXECUT - INFO - sent aggregated weights to trainers!
2025-12-10 17:44:42,165 - METRIC - INFO - {"loss": 0.10241314768791199, "accuracy": 0.9708284735679626, "energy_consumption": 1.5046793314314073, "selected": false, "host_energy_consumption": 0.52313848244, "client_name": "sta1"}
2025-12-10 17:44:43,605 - METRIC - INFO - {"loss": 0.10664459317922592, "accuracy": 0.9731621742248535, "energy_consumption": 1.546368011546599, "selected": true, "host_energy_consumption": 0.57426478928, "client_name": "sta0"}
2025-12-10 17:44:49,785 - METRIC - INFO - {"loss": 0.12308459728956223, "accuracy": 0.9614710807800293, "energy_consumption": 1.3701444456299718, "selected": true, "host_energy_consumption": 0.56356881336, "client_name": "sta5"}
2025-12-10 17:44:49,922 - METRIC - INFO - {"loss": 0.08793433010578156, "accuracy": 0.9733893275260925, "energy_consumption": 1.6561687049407512, "selected": false, "host_energy_consumption": 0.63717475164, "client_name": "sta3"}
2025-12-10 17:44:50,102 - METRIC - INFO - {"loss": 0.08630916476249695, "accuracy": 0.9781085848808289, "energy_consumption": 1.536274899345148, "selected": true, "host_energy_consumption": 0.66458533988, "client_name": "sta4"}
2025-12-10 17:44:51,635 - METRIC - INFO - {"loss": 0.10392710566520691, "accuracy": 0.9668533802032471, "energy_consumption": 1.6216462558992686, "selected": false, "host_energy_consumption": 0.6411486617200001, "client_name": "sta2"}
2025-12-10 17:44:51,820 - METRIC - INFO - mean_accuracy: 0.9706355035305023

2025-12-10 17:44:51,820 - METRIC - INFO - round: 12
2025-12-10 17:44:51,820 - METRIC - INFO - n_selected: 3
2025-12-10 17:44:51,820 - METRIC - INFO - {"selected_trainers": ["sta1", "sta4", "sta5"]}
2025-12-10 17:45:11,691 - EXECUT - INFO - received weights from trainer sta1!
2025-12-10 17:45:28,288 - EXECUT - INFO - received weights from trainer sta4!
2025-12-10 17:45:39,037 - EXECUT - INFO - received weights from trainer sta5!
2025-12-10 17:45:40,446 - EXECUT - INFO - sent aggregated weights to trainers!
2025-12-10 17:45:54,497 - METRIC - INFO - {"loss": 0.10119014978408813, "accuracy": 0.9708284735679626, "energy_consumption": 1.583875548264595, "selected": false, "host_energy_consumption": 0.57721406148, "client_name": "sta0"}
2025-12-10 17:45:58,109 - METRIC - INFO - {"loss": 0.09132089465856552, "accuracy": 0.972578763961792, "energy_consumption": 1.9185043104337602, "selected": true, "host_energy_consumption": 0.685582107, "client_name": "sta1"}
2025-12-10 17:45:58,888 - METRIC - INFO - {"loss": 0.11875445395708084, "accuracy": 0.9632224440574646, "energy_consumption": 1.4890625086748912, "selected": true, "host_energy_consumption": 0.6191560538800001, "client_name": "sta5"}
2025-12-10 17:46:00,353 - METRIC - INFO - {"loss": 0.09912463277578354, "accuracy": 0.9691876769065857, "energy_consumption": 1.6612756675428249, "selected": false, "host_energy_consumption": 0.64594795608, "client_name": "sta2"}
2025-12-10 17:46:00,514 - METRIC - INFO - {"loss": 0.08299659192562103, "accuracy": 0.9747899174690247, "energy_consumption": 1.6950975556740504, "selected": false, "host_energy_consumption": 0.6424207048, "client_name": "sta3"}
2025-12-10 17:46:00,742 - METRIC - INFO - {"loss": 0.08280819654464722, "accuracy": 0.9789842367172241, "energy_consumption": 1.8219963870032918, "selected": true, "host_energy_consumption": 0.7732363410800001, "client_name": "sta4"}
2025-12-10 17:46:01,469 - METRIC - INFO - mean_accuracy: 0.9715985854466757

2025-12-10 17:46:01,469 - METRIC - INFO - round: 13
2025-12-10 17:46:01,469 - METRIC - INFO - n_selected: 3
2025-12-10 17:46:01,469 - METRIC - INFO - {"selected_trainers": ["sta0", "sta2", "sta5"]}
2025-12-10 17:46:14,415 - EXECUT - INFO - received weights from trainer sta0!
2025-12-10 17:46:36,090 - EXECUT - INFO - received weights from trainer sta2!
2025-12-10 17:46:48,941 - EXECUT - INFO - received weights from trainer sta5!
2025-12-10 17:46:50,363 - EXECUT - INFO - sent aggregated weights to trainers!
2025-12-10 17:47:10,994 - METRIC - INFO - {"loss": 0.09071943908929825, "accuracy": 0.9731621742248535, "energy_consumption": 1.9585578296982498, "selected": false, "host_energy_consumption": 0.68917040108, "client_name": "sta1"}
2025-12-10 17:47:12,355 - METRIC - INFO - {"loss": 0.09363478422164917, "accuracy": 0.9731621742248535, "energy_consumption": 1.7501275112102248, "selected": true, "host_energy_consumption": 0.6583180478, "client_name": "sta0"}
2025-12-10 17:47:16,175 - METRIC - INFO - {"loss": 0.07720517367124557, "accuracy": 0.9766573309898376, "energy_consumption": 1.6950975556740504, "selected": false, "host_energy_consumption": 0.64611387876, "client_name": "sta3"}
2025-12-10 17:47:21,425 - METRIC - INFO - {"loss": 0.07704247534275055, "accuracy": 0.9842382073402405, "energy_consumption": 1.862050414927335, "selected": false, "host_energy_consumption": 0.7770858522, "client_name": "sta4"}
2025-12-10 17:47:21,486 - METRIC - INFO - {"loss": 0.08288705348968506, "accuracy": 0.9738562107086182, "energy_consumption": 2.2148650564685934, "selected": true, "host_energy_consumption": 0.85023441804, "client_name": "sta2"}
2025-12-10 17:47:22,169 - METRIC - INFO - {"loss": 0.11254751682281494, "accuracy": 0.9649737477302551, "energy_consumption": 1.606023122585139, "selected": true, "host_energy_consumption": 0.67554706184, "client_name": "sta5"}
2025-12-10 17:47:22,397 - METRIC - INFO - mean_accuracy: 0.9743416408697764

2025-12-10 17:47:22,397 - METRIC - INFO - round: 14
2025-12-10 17:47:22,397 - METRIC - INFO - n_selected: 3
2025-12-10 17:47:22,397 - METRIC - INFO - {"selected_trainers": ["sta0", "sta3", "sta5"]}
2025-12-10 17:47:33,792 - EXECUT - INFO - received weights from trainer sta0!
2025-12-10 17:47:58,029 - EXECUT - INFO - received weights from trainer sta3!
2025-12-10 17:48:09,054 - EXECUT - INFO - received weights from trainer sta5!
2025-12-10 17:48:10,479 - EXECUT - INFO - sent aggregated weights to trainers!
2025-12-10 17:48:25,508 - METRIC - INFO - {"loss": 0.08718498796224594, "accuracy": 0.9754959344863892, "energy_consumption": 1.9172625691371805, "selected": true, "host_energy_consumption": 0.73877007596, "client_name": "sta0"}
2025-12-10 17:48:27,218 - METRIC - INFO - {"loss": 0.08174433559179306, "accuracy": 0.97782963514328, "energy_consumption": 1.9585578296982498, "selected": false, "host_energy_consumption": 0.69267177644, "client_name": "sta1"}
2025-12-10 17:48:37,085 - METRIC - INFO - {"loss": 0.06578941643238068, "accuracy": 0.9775910377502441, "energy_consumption": 2.2012356683275387, "selected": true, "host_energy_consumption": 0.8442087060400001, "client_name": "sta3"}
2025-12-10 17:48:37,424 - METRIC - INFO - {"loss": 0.10477284342050552, "accuracy": 0.9667250514030457, "energy_consumption": 1.7261748773891696, "selected": true, "host_energy_consumption": 0.7312887260000001, "client_name": "sta5"}
2025-12-10 17:48:39,271 - METRIC - INFO - {"loss": 0.07141728699207306, "accuracy": 0.9816111922264099, "energy_consumption": 1.9014693575528516, "selected": false, "host_energy_consumption": 0.7802220356, "client_name": "sta4"}
2025-12-10 17:48:39,638 - METRIC - INFO - {"loss": 0.08417794853448868, "accuracy": 0.9729225039482117, "energy_consumption": 2.2148650564685934, "selected": false, "host_energy_consumption": 0.8542164951600001, "client_name": "sta2"}
2025-12-10 17:48:40,511 - METRIC - INFO - mean_accuracy: 0.9753625591595968

2025-12-10 17:48:40,511 - METRIC - INFO - round: 15
2025-12-10 17:48:40,511 - METRIC - INFO - n_selected: 4
2025-12-10 17:48:40,511 - METRIC - INFO - {"selected_trainers": ["sta0", "sta1", "sta4", "sta5"]}
2025-12-10 17:48:50,614 - EXECUT - INFO - received weights from trainer sta0!
2025-12-10 17:49:08,844 - EXECUT - INFO - received weights from trainer sta1!
2025-12-10 17:49:25,387 - EXECUT - INFO - received weights from trainer sta4!
2025-12-10 17:49:36,379 - EXECUT - INFO - received weights from trainer sta5!
2025-12-10 17:49:37,802 - EXECUT - INFO - sent aggregated weights to trainers!
2025-12-10 17:49:55,261 - METRIC - INFO - {"loss": 0.08165427297353745, "accuracy": 0.9754959344863892, "energy_consumption": 2.0838298008649025, "selected": true, "host_energy_consumption": 0.81891308576, "client_name": "sta0"}
2025-12-10 17:49:56,408 - METRIC - INFO - {"loss": 0.06559577584266663, "accuracy": 0.9789915680885315, "energy_consumption": 2.2012356683275387, "selected": false, "host_energy_consumption": 0.8491074802, "client_name": "sta3"}
2025-12-10 17:49:56,519 - METRIC - INFO - {"loss": 0.06672468781471252, "accuracy": 0.9824868440628052, "energy_consumption": 2.1442591791728596, "selected": true, "host_energy_consumption": 0.8899993566800001, "client_name": "sta4"}
2025-12-10 17:49:56,837 - METRIC - INFO - {"loss": 0.07366940379142761, "accuracy": 0.97782963514328, "energy_consumption": 2.416433641798913, "selected": true, "host_energy_consumption": 0.8577122302000001, "client_name": "sta1"}
2025-12-10 17:50:08,274 - METRIC - INFO - {"loss": 0.07871875911951065, "accuracy": 0.9738562107086182, "energy_consumption": 2.2148650564685934, "selected": false, "host_energy_consumption": 0.8577537418800001, "client_name": "sta2"}
2025-12-10 17:50:10,728 - METRIC - INFO - {"loss": 0.09809813648462296, "accuracy": 0.9667250514030457, "energy_consumption": 1.845400393344196, "selected": true, "host_energy_consumption": 0.7859534592, "client_name": "sta5"}
2025-12-10 17:50:10,837 - METRIC - INFO - mean_accuracy: 0.9758975406487783

2025-12-10 17:50:10,841 - METRIC - INFO - stop_condition: rounds
