2025-12-09 18:19:52,100 - EXECUT - INFO - starting server...
2025-12-09 18:19:59,439 - EXECUT - INFO - trainer number sta5 just joined the pool
2025-12-09 18:19:59,521 - EXECUT - INFO - trainer number sta0 just joined the pool
2025-12-09 18:19:59,858 - EXECUT - INFO - trainer number sta4 just joined the pool
2025-12-09 18:19:59,926 - EXECUT - INFO - trainer number sta1 just joined the pool
2025-12-09 18:20:00,066 - EXECUT - INFO - trainer number sta2 just joined the pool
2025-12-09 18:20:00,109 - EXECUT - INFO - trainer number sta3 just joined the pool
2025-12-09 18:20:00,121 - EXECUT - INFO - mensagem de data_sz recebida: 
 {'id': 'sta0', 'dataset_sz': 84899491968}
2025-12-09 18:20:00,125 - EXECUT - INFO - mensagem de data_sz recebida: 
 {'id': 'sta1', 'dataset_sz': 339081857536}
2025-12-09 18:20:00,165 - EXECUT - INFO - mensagem de data_sz recebida: 
 {'id': 'sta5', 'dataset_sz': 37797784704}
2025-12-09 18:20:00,165 - EXECUT - INFO - mensagem de data_sz recebida: 
 {'id': 'sta4', 'dataset_sz': 150847031808}
2025-12-09 18:20:00,166 - EXECUT - INFO - mensagem de data_sz recebida: 
 {'id': 'sta2', 'dataset_sz': 529695287808}
2025-12-09 18:20:00,166 - EXECUT - INFO - mensagem de data_sz recebida: 
 {'id': 'sta3', 'dataset_sz': 529695287808}
2025-12-09 18:20:01,121 - METRIC - INFO - round: 1
2025-12-09 18:20:01,121 - METRIC - INFO - n_selected: 6
2025-12-09 18:20:01,121 - METRIC - INFO - {"selected_trainers": ["sta0", "sta1", "sta2", "sta3", "sta4", "sta5"]}
2025-12-09 18:20:13,446 - EXECUT - INFO - received weights from trainer sta0!
2025-12-09 18:20:30,386 - EXECUT - INFO - received weights from trainer sta1!
2025-12-09 18:20:52,027 - EXECUT - INFO - received weights from trainer sta2!
2025-12-09 18:21:15,481 - EXECUT - INFO - received weights from trainer sta3!
2025-12-09 18:21:32,386 - EXECUT - INFO - received weights from trainer sta4!
2025-12-09 18:21:42,212 - EXECUT - INFO - received weights from trainer sta5!
2025-12-09 18:21:43,669 - EXECUT - INFO - sent aggregated weights to trainers!
2025-12-09 18:21:58,168 - METRIC - INFO - {"loss": 0.40082836151123047, "accuracy": 0.8996499180793762, "energy_consumption": 0.005425858833333333, "selected": true, "host_energy_consumption": 0.08221581508, "client_name": "sta0"}
2025-12-09 18:22:03,793 - METRIC - INFO - {"loss": 0.3181411325931549, "accuracy": 0.9019836783409119, "energy_consumption": 0.01321102575, "selected": true, "host_energy_consumption": 0.16330418132000002, "client_name": "sta1"}
2025-12-09 18:22:05,442 - METRIC - INFO - {"loss": 0.28827741742134094, "accuracy": 0.9215686321258545, "energy_consumption": 0.01734848908333334, "selected": true, "host_energy_consumption": 0.20004902932000002, "client_name": "sta2"}
2025-12-09 18:22:12,910 - METRIC - INFO - {"loss": 0.3669864535331726, "accuracy": 0.9028021097183228, "energy_consumption": 0.011289902499999999, "selected": true, "host_energy_consumption": 0.10994181016, "client_name": "sta4"}
2025-12-09 18:22:17,656 - METRIC - INFO - {"loss": 0.2623111307621002, "accuracy": 0.9192343354225159, "energy_consumption": 0.017053694666666664, "selected": true, "host_energy_consumption": 0.19806698772, "client_name": "sta3"}
2025-12-09 18:22:28,866 - METRIC - INFO - {"loss": 0.49781903624534607, "accuracy": 0.8826619982719421, "energy_consumption": 0.0035128046666666694, "selected": true, "host_energy_consumption": 0.05905455584, "client_name": "sta5"}
2025-12-09 18:22:29,722 - METRIC - INFO - mean_accuracy: 0.9046501119931539

2025-12-09 18:22:29,722 - METRIC - INFO - round: 2
2025-12-09 18:22:29,722 - METRIC - INFO - n_selected: 6
2025-12-09 18:22:29,722 - METRIC - INFO - {"selected_trainers": ["sta0", "sta1", "sta2", "sta3", "sta4", "sta5"]}
2025-12-09 18:22:42,480 - EXECUT - INFO - received weights from trainer sta0!
2025-12-09 18:22:58,957 - EXECUT - INFO - received weights from trainer sta1!
2025-12-09 18:23:22,455 - EXECUT - INFO - received weights from trainer sta2!
2025-12-09 18:23:46,870 - EXECUT - INFO - received weights from trainer sta3!
2025-12-09 18:24:04,715 - EXECUT - INFO - received weights from trainer sta4!
2025-12-09 18:24:16,568 - EXECUT - INFO - received weights from trainer sta5!
2025-12-09 18:24:17,999 - EXECUT - INFO - sent aggregated weights to trainers!
2025-12-09 18:24:33,818 - METRIC - INFO - {"loss": 0.3732937276363373, "accuracy": 0.895565927028656, "energy_consumption": 0.026630891833333333, "selected": true, "host_energy_consumption": 0.32168901324000004, "client_name": "sta1"}
2025-12-09 18:24:33,906 - METRIC - INFO - {"loss": 0.562520444393158, "accuracy": 0.8529754877090454, "energy_consumption": 0.009104294, "selected": true, "host_energy_consumption": 0.16091097764, "client_name": "sta0"}
2025-12-09 18:24:44,854 - METRIC - INFO - {"loss": 0.34530800580978394, "accuracy": 0.9066293239593506, "energy_consumption": 0.034014334333333354, "selected": true, "host_energy_consumption": 0.3966179084, "client_name": "sta2"}
2025-12-09 18:24:47,290 - METRIC - INFO - {"loss": 0.4678328037261963, "accuracy": 0.889667272567749, "energy_consumption": 0.021765080416666666, "selected": true, "host_energy_consumption": 0.21583631216000002, "client_name": "sta4"}
2025-12-09 18:24:47,443 - METRIC - INFO - {"loss": 0.32045260071754456, "accuracy": 0.9038282036781311, "energy_consumption": 0.03169054008333333, "selected": true, "host_energy_consumption": 0.39347734944, "client_name": "sta3"}
2025-12-09 18:25:03,146 - METRIC - INFO - {"loss": 0.7957512736320496, "accuracy": 0.8056042194366455, "energy_consumption": 0.00710521791666667, "selected": true, "host_energy_consumption": 0.11399918572, "client_name": "sta5"}
2025-12-09 18:25:04,047 - METRIC - INFO - mean_accuracy: 0.8757117390632629

2025-12-09 18:25:04,047 - METRIC - INFO - round: 3
2025-12-09 18:25:04,047 - METRIC - INFO - n_selected: 6
2025-12-09 18:25:04,047 - METRIC - INFO - {"selected_trainers": ["sta0", "sta1", "sta2", "sta3", "sta4", "sta5"]}
2025-12-09 18:25:14,478 - EXECUT - INFO - received weights from trainer sta0!
2025-12-09 18:25:30,737 - EXECUT - INFO - received weights from trainer sta1!
2025-12-09 18:25:53,216 - EXECUT - INFO - received weights from trainer sta2!
2025-12-09 18:26:20,126 - EXECUT - INFO - received weights from trainer sta3!
2025-12-09 18:26:37,065 - EXECUT - INFO - received weights from trainer sta4!
2025-12-09 18:26:48,560 - EXECUT - INFO - received weights from trainer sta5!
2025-12-09 18:26:49,976 - EXECUT - INFO - sent aggregated weights to trainers!
2025-12-09 18:27:05,795 - METRIC - INFO - {"loss": 0.30891159176826477, "accuracy": 0.9124854207038879, "energy_consumption": 0.016479565666666668, "selected": true, "host_energy_consumption": 0.23853435312000001, "client_name": "sta0"}
2025-12-09 18:27:09,145 - METRIC - INFO - {"loss": 0.27805042266845703, "accuracy": 0.9154025912284851, "energy_consumption": 0.037507251500000005, "selected": true, "host_energy_consumption": 0.47928761132000003, "client_name": "sta1"}
2025-12-09 18:27:19,915 - METRIC - INFO - {"loss": 0.3226710557937622, "accuracy": 0.914185643196106, "energy_consumption": 0.010763774833333337, "selected": true, "host_energy_consumption": 0.16746036944, "client_name": "sta5"}
2025-12-09 18:27:21,053 - METRIC - INFO - {"loss": 0.2934664785861969, "accuracy": 0.9185639023780823, "energy_consumption": 0.031048198500000006, "selected": true, "host_energy_consumption": 0.32123126224000004, "client_name": "sta4"}
2025-12-09 18:27:21,224 - METRIC - INFO - {"loss": 0.24274921417236328, "accuracy": 0.922502338886261, "energy_consumption": 0.04759546491666666, "selected": true, "host_energy_consumption": 0.60581380776, "client_name": "sta3"}
2025-12-09 18:27:21,663 - METRIC - INFO - {"loss": 0.26244547963142395, "accuracy": 0.920634925365448, "energy_consumption": 0.05115100458333336, "selected": true, "host_energy_consumption": 0.59197723956, "client_name": "sta2"}
2025-12-09 18:27:22,010 - METRIC - INFO - mean_accuracy: 0.9172958036263784

2025-12-09 18:27:22,010 - METRIC - INFO - round: 4
2025-12-09 18:27:22,010 - METRIC - INFO - n_selected: 6
2025-12-09 18:27:22,010 - METRIC - INFO - {"selected_trainers": ["sta0", "sta1", "sta2", "sta3", "sta4", "sta5"]}
2025-12-09 18:27:32,467 - EXECUT - INFO - received weights from trainer sta0!
2025-12-09 18:27:48,004 - EXECUT - INFO - received weights from trainer sta1!
2025-12-09 18:28:10,752 - EXECUT - INFO - received weights from trainer sta2!
2025-12-09 18:28:34,588 - EXECUT - INFO - received weights from trainer sta3!
2025-12-09 18:28:53,323 - EXECUT - INFO - received weights from trainer sta4!
2025-12-09 18:29:04,339 - EXECUT - INFO - received weights from trainer sta5!
2025-12-09 18:29:05,752 - EXECUT - INFO - sent aggregated weights to trainers!
2025-12-09 18:29:18,270 - METRIC - INFO - {"loss": 0.2286800891160965, "accuracy": 0.9317386150360107, "energy_consumption": 0.047554129750000014, "selected": true, "host_energy_consumption": 0.63630857444, "client_name": "sta1"}
2025-12-09 18:29:21,609 - METRIC - INFO - {"loss": 0.2353644222021103, "accuracy": 0.9276546239852905, "energy_consumption": 0.020019485166666663, "selected": true, "host_energy_consumption": 0.31510463824, "client_name": "sta0"}
2025-12-09 18:29:31,926 - METRIC - INFO - {"loss": 0.23807775974273682, "accuracy": 0.9299474358558655, "energy_consumption": 0.010939161000000006, "selected": true, "host_energy_consumption": 0.22127433804000002, "client_name": "sta5"}
2025-12-09 18:29:35,855 - METRIC - INFO - {"loss": 0.2259320765733719, "accuracy": 0.9316987991333008, "energy_consumption": 0.03854996700000001, "selected": true, "host_energy_consumption": 0.42630068544000005, "client_name": "sta4"}
2025-12-09 18:29:35,970 - METRIC - INFO - {"loss": 0.1990821361541748, "accuracy": 0.9369747638702393, "energy_consumption": 0.06127657874999999, "selected": true, "host_energy_consumption": 0.8001905954, "client_name": "sta3"}
2025-12-09 18:29:36,453 - METRIC - INFO - {"loss": 0.21214176714420319, "accuracy": 0.9411764740943909, "energy_consumption": 0.06820970350000002, "selected": true, "host_energy_consumption": 0.78689548308, "client_name": "sta2"}
2025-12-09 18:29:36,785 - METRIC - INFO - mean_accuracy: 0.9331984519958496

2025-12-09 18:29:36,785 - METRIC - INFO - round: 5
2025-12-09 18:29:36,785 - METRIC - INFO - n_selected: 6
2025-12-09 18:29:36,785 - METRIC - INFO - {"selected_trainers": ["sta0", "sta1", "sta2", "sta3", "sta4", "sta5"]}
2025-12-09 18:29:48,572 - EXECUT - INFO - received weights from trainer sta0!
2025-12-09 18:30:05,562 - EXECUT - INFO - received weights from trainer sta1!
2025-12-09 18:30:29,634 - EXECUT - INFO - received weights from trainer sta2!
2025-12-09 18:30:55,954 - EXECUT - INFO - received weights from trainer sta3!
2025-12-09 18:31:13,958 - EXECUT - INFO - received weights from trainer sta4!
2025-12-09 18:31:25,622 - EXECUT - INFO - received weights from trainer sta5!
2025-12-09 18:31:27,040 - EXECUT - INFO - sent aggregated weights to trainers!
2025-12-09 18:31:47,505 - METRIC - INFO - {"loss": 0.19533391296863556, "accuracy": 0.9416569471359253, "energy_consumption": 0.060764828666666666, "selected": true, "host_energy_consumption": 0.79300512144, "client_name": "sta1"}
2025-12-09 18:31:48,722 - METRIC - INFO - {"loss": 0.17874333262443542, "accuracy": 0.9449113011360168, "energy_consumption": 0.08537271158333336, "selected": true, "host_energy_consumption": 0.98163093448, "client_name": "sta2"}
2025-12-09 18:31:50,872 - METRIC - INFO - {"loss": 0.19035206735134125, "accuracy": 0.9457092881202698, "energy_consumption": 0.01466933141666667, "selected": true, "host_energy_consumption": 0.27493494308, "client_name": "sta5"}
2025-12-09 18:31:51,643 - METRIC - INFO - {"loss": 0.192152202129364, "accuracy": 0.9474912285804749, "energy_consumption": 0.023623454749999995, "selected": true, "host_energy_consumption": 0.39223950192, "client_name": "sta0"}
2025-12-09 18:31:52,596 - METRIC - INFO - {"loss": 0.16919519007205963, "accuracy": 0.9486461281776428, "energy_consumption": 0.07912023266666665, "selected": true, "host_energy_consumption": 0.9937183958800001, "client_name": "sta3"}
2025-12-09 18:31:52,997 - METRIC - INFO - {"loss": 0.18094946444034576, "accuracy": 0.9527145624160767, "energy_consumption": 0.04615787925000001, "selected": true, "host_energy_consumption": 0.53037514068, "client_name": "sta4"}
2025-12-09 18:31:53,068 - METRIC - INFO - mean_accuracy: 0.9468549092610677

2025-12-09 18:31:53,068 - METRIC - INFO - round: 6
2025-12-09 18:31:53,068 - METRIC - INFO - n_selected: 6
2025-12-09 18:31:53,068 - METRIC - INFO - {"selected_trainers": ["sta0", "sta1", "sta2", "sta3", "sta4", "sta5"]}
2025-12-09 18:32:03,544 - EXECUT - INFO - received weights from trainer sta0!
2025-12-09 18:32:20,234 - EXECUT - INFO - received weights from trainer sta1!
2025-12-09 18:32:41,991 - EXECUT - INFO - received weights from trainer sta2!
2025-12-09 18:33:06,449 - EXECUT - INFO - received weights from trainer sta3!
2025-12-09 18:33:23,579 - EXECUT - INFO - received weights from trainer sta4!
2025-12-09 18:33:36,941 - EXECUT - INFO - received weights from trainer sta5!
2025-12-09 18:33:38,361 - EXECUT - INFO - sent aggregated weights to trainers!
2025-12-09 18:33:55,566 - METRIC - INFO - {"loss": 0.173755943775177, "accuracy": 0.9469078183174133, "energy_consumption": 0.07071774233333333, "selected": true, "host_energy_consumption": 0.95118950668, "client_name": "sta1"}
2025-12-09 18:33:56,278 - METRIC - INFO - {"loss": 0.15120144188404083, "accuracy": 0.9542483687400818, "energy_consumption": 0.09671955708333332, "selected": true, "host_energy_consumption": 1.1869546959200001, "client_name": "sta3"}
2025-12-09 18:34:00,024 - METRIC - INFO - {"loss": 0.15608492493629456, "accuracy": 0.9562171697616577, "energy_consumption": 0.01851958533333334, "selected": true, "host_energy_consumption": 0.32925222316, "client_name": "sta5"}
2025-12-09 18:34:00,026 - METRIC - INFO - {"loss": 0.1616450697183609, "accuracy": 0.9521586894989014, "energy_consumption": 0.02827211933333333, "selected": true, "host_energy_consumption": 0.46991426636, "client_name": "sta0"}
2025-12-09 18:34:02,806 - METRIC - INFO - {"loss": 0.1503046154975891, "accuracy": 0.9562171697616577, "energy_consumption": 0.057374077749999995, "selected": true, "host_energy_consumption": 0.6344697959600001, "client_name": "sta4"}
2025-12-09 18:34:02,918 - METRIC - INFO - {"loss": 0.15366774797439575, "accuracy": 0.9486461281776428, "energy_consumption": 0.09905177191666671, "selected": true, "host_energy_consumption": 1.1767122318, "client_name": "sta2"}
2025-12-09 18:34:03,386 - METRIC - INFO - mean_accuracy: 0.9523992240428925

2025-12-09 18:34:03,386 - METRIC - INFO - round: 7
2025-12-09 18:34:03,386 - METRIC - INFO - n_selected: 6
2025-12-09 18:34:03,386 - METRIC - INFO - {"selected_trainers": ["sta0", "sta1", "sta2", "sta3", "sta4", "sta5"]}
2025-12-09 18:34:14,342 - EXECUT - INFO - received weights from trainer sta0!
2025-12-09 18:34:31,874 - EXECUT - INFO - received weights from trainer sta1!
2025-12-09 18:34:53,212 - EXECUT - INFO - received weights from trainer sta2!
2025-12-09 18:35:17,516 - EXECUT - INFO - received weights from trainer sta3!
2025-12-09 18:35:35,339 - EXECUT - INFO - received weights from trainer sta4!
2025-12-09 18:35:46,976 - EXECUT - INFO - received weights from trainer sta5!
2025-12-09 18:35:48,400 - EXECUT - INFO - sent aggregated weights to trainers!
2025-12-09 18:36:05,699 - METRIC - INFO - {"loss": 0.15344223380088806, "accuracy": 0.9533255696296692, "energy_consumption": 0.08080106866666666, "selected": true, "host_energy_consumption": 1.10832033956, "client_name": "sta1"}
2025-12-09 18:36:08,028 - METRIC - INFO - {"loss": 0.14001792669296265, "accuracy": 0.9568261504173279, "energy_consumption": 0.035815438833333345, "selected": true, "host_energy_consumption": 0.54712203532, "client_name": "sta0"}
2025-12-09 18:36:10,887 - METRIC - INFO - {"loss": 0.13103480637073517, "accuracy": 0.9632224440574646, "energy_consumption": 0.022340353333333344, "selected": true, "host_energy_consumption": 0.3820569536, "client_name": "sta5"}
2025-12-09 18:36:14,121 - METRIC - INFO - {"loss": 0.13083408772945404, "accuracy": 0.9621848464012146, "energy_consumption": 0.1141764900833333, "selected": true, "host_energy_consumption": 1.3810965669200002, "client_name": "sta3"}
2025-12-09 18:36:17,635 - METRIC - INFO - {"loss": 0.1338224709033966, "accuracy": 0.9579831957817078, "energy_consumption": 0.11532653950000009, "selected": true, "host_energy_consumption": 1.37110513484, "client_name": "sta2"}
2025-12-09 18:36:18,530 - METRIC - INFO - {"loss": 0.13071681559085846, "accuracy": 0.9632224440574646, "energy_consumption": 0.06489879858333333, "selected": true, "host_energy_consumption": 0.7383629968400001, "client_name": "sta4"}
2025-12-09 18:36:19,434 - METRIC - INFO - mean_accuracy: 0.9594607750574747

2025-12-09 18:36:19,434 - METRIC - INFO - round: 8
2025-12-09 18:36:19,434 - METRIC - INFO - n_selected: 6
2025-12-09 18:36:19,434 - METRIC - INFO - {"selected_trainers": ["sta0", "sta1", "sta2", "sta3", "sta4", "sta5"]}
2025-12-09 18:36:29,866 - EXECUT - INFO - received weights from trainer sta0!
2025-12-09 18:36:44,939 - EXECUT - INFO - received weights from trainer sta1!
2025-12-09 18:37:08,234 - EXECUT - INFO - received weights from trainer sta2!
2025-12-09 18:37:34,393 - EXECUT - INFO - received weights from trainer sta3!
2025-12-09 18:37:51,526 - EXECUT - INFO - received weights from trainer sta4!
2025-12-09 18:38:02,827 - EXECUT - INFO - received weights from trainer sta5!
2025-12-09 18:38:04,234 - EXECUT - INFO - sent aggregated weights to trainers!
2025-12-09 18:38:15,011 - METRIC - INFO - {"loss": 0.1244206577539444, "accuracy": 0.9568261504173279, "energy_consumption": 0.040383058000000006, "selected": true, "host_energy_consumption": 0.6241008006800001, "client_name": "sta0"}
2025-12-09 18:38:17,200 - METRIC - INFO - {"loss": 0.13854695856571198, "accuracy": 0.9574095606803894, "energy_consumption": 0.0909682030833333, "selected": true, "host_energy_consumption": 1.2647195072400002, "client_name": "sta1"}
2025-12-09 18:38:32,420 - METRIC - INFO - {"loss": 0.11876534670591354, "accuracy": 0.9654528498649597, "energy_consumption": 0.1317549619166666, "selected": true, "host_energy_consumption": 1.5755258545600002, "client_name": "sta3"}
2025-12-09 18:38:34,272 - METRIC - INFO - {"loss": 0.11016019433736801, "accuracy": 0.9667250514030457, "energy_consumption": 0.02604723533333334, "selected": true, "host_energy_consumption": 0.43598620996000004, "client_name": "sta5"}
2025-12-09 18:38:34,482 - METRIC - INFO - {"loss": 0.12012752890586853, "accuracy": 0.9621848464012146, "energy_consumption": 0.12894327950000012, "selected": true, "host_energy_consumption": 1.5660939254800001, "client_name": "sta2"}
2025-12-09 18:38:34,642 - METRIC - INFO - {"loss": 0.11427431553602219, "accuracy": 0.9702276587486267, "energy_consumption": 0.07637378433333333, "selected": true, "host_energy_consumption": 0.84306425448, "client_name": "sta4"}
2025-12-09 18:38:35,267 - METRIC - INFO - mean_accuracy: 0.963137686252594

2025-12-09 18:38:35,267 - METRIC - INFO - round: 9
2025-12-09 18:38:35,267 - METRIC - INFO - n_selected: 6
2025-12-09 18:38:35,267 - METRIC - INFO - {"selected_trainers": ["sta0", "sta1", "sta2", "sta3", "sta4", "sta5"]}
2025-12-09 18:38:45,553 - EXECUT - INFO - received weights from trainer sta0!
2025-12-09 18:39:02,293 - EXECUT - INFO - received weights from trainer sta1!
2025-12-09 18:39:25,367 - EXECUT - INFO - received weights from trainer sta2!
2025-12-09 18:39:49,510 - EXECUT - INFO - received weights from trainer sta3!
2025-12-09 18:40:07,084 - EXECUT - INFO - received weights from trainer sta4!
2025-12-09 18:40:18,011 - EXECUT - INFO - received weights from trainer sta5!
2025-12-09 18:40:19,432 - EXECUT - INFO - sent aggregated weights to trainers!
2025-12-09 18:40:35,005 - METRIC - INFO - {"loss": 0.1279890090227127, "accuracy": 0.9591598510742188, "energy_consumption": 0.1012274705833333, "selected": true, "host_energy_consumption": 1.42127256852, "client_name": "sta1"}
2025-12-09 18:40:36,825 - METRIC - INFO - {"loss": 0.11144763976335526, "accuracy": 0.9626604318618774, "energy_consumption": 0.04409555166666667, "selected": true, "host_energy_consumption": 0.70065153508, "client_name": "sta0"}
2025-12-09 18:40:44,753 - METRIC - INFO - {"loss": 0.10958701372146606, "accuracy": 0.9668533802032471, "energy_consumption": 0.14589056524999997, "selected": true, "host_energy_consumption": 1.76857233784, "client_name": "sta3"}
2025-12-09 18:40:46,186 - METRIC - INFO - {"loss": 0.10272540897130966, "accuracy": 0.971103310585022, "energy_consumption": 0.0838347295, "selected": true, "host_energy_consumption": 0.94684659384, "client_name": "sta4"}
2025-12-09 18:40:47,285 - METRIC - INFO - {"loss": 0.10759306699037552, "accuracy": 0.9668533802032471, "energy_consumption": 0.1460661672500001, "selected": true, "host_energy_consumption": 1.7607743473600002, "client_name": "sta2"}
2025-12-09 18:40:50,047 - METRIC - INFO - {"loss": 0.09603791683912277, "accuracy": 0.9684763550758362, "energy_consumption": 0.029672097583333338, "selected": true, "host_energy_consumption": 0.48934230884, "client_name": "sta5"}
2025-12-09 18:40:50,464 - METRIC - INFO - mean_accuracy: 0.9658511181672415

2025-12-09 18:40:50,464 - METRIC - INFO - round: 10
2025-12-09 18:40:50,464 - METRIC - INFO - n_selected: 6
2025-12-09 18:40:50,464 - METRIC - INFO - {"selected_trainers": ["sta0", "sta1", "sta2", "sta3", "sta4", "sta5"]}
2025-12-09 18:41:02,391 - EXECUT - INFO - received weights from trainer sta0!
2025-12-09 18:41:20,980 - EXECUT - INFO - received weights from trainer sta1!
2025-12-09 18:41:45,351 - EXECUT - INFO - received weights from trainer sta2!
2025-12-09 18:42:08,682 - EXECUT - INFO - received weights from trainer sta3!
2025-12-09 18:42:23,556 - EXECUT - INFO - received weights from trainer sta4!
2025-12-09 18:42:36,643 - EXECUT - INFO - received weights from trainer sta5!
2025-12-09 18:42:38,063 - EXECUT - INFO - sent aggregated weights to trainers!
2025-12-09 18:42:52,895 - METRIC - INFO - {"loss": 0.10273202508687973, "accuracy": 0.9661610126495361, "energy_consumption": 0.051228544250000015, "selected": true, "host_energy_consumption": 0.7772887948, "client_name": "sta0"}
2025-12-09 18:42:57,466 - METRIC - INFO - {"loss": 0.11783577501773834, "accuracy": 0.9649941921234131, "energy_consumption": 0.11110112408333332, "selected": true, "host_energy_consumption": 1.5790605726, "client_name": "sta1"}
2025-12-09 18:43:00,108 - METRIC - INFO - {"loss": 0.08557869493961334, "accuracy": 0.9737303256988525, "energy_consumption": 0.030239918083333334, "selected": true, "host_energy_consumption": 0.543036837, "client_name": "sta5"}
2025-12-09 18:43:01,307 - METRIC - INFO - {"loss": 0.09515517204999924, "accuracy": 0.971103310585022, "energy_consumption": 0.09487780191666668, "selected": true, "host_energy_consumption": 1.05113738884, "client_name": "sta4"}
2025-12-09 18:43:04,719 - METRIC - INFO - {"loss": 0.09872149676084518, "accuracy": 0.9682539701461792, "energy_consumption": 0.1633460120833334, "selected": true, "host_energy_consumption": 1.95535253788, "client_name": "sta2"}
2025-12-09 18:43:07,211 - METRIC - INFO - {"loss": 0.09984497725963593, "accuracy": 0.9687207937240601, "energy_consumption": 0.1636091499166666, "selected": true, "host_energy_consumption": 1.96171308844, "client_name": "sta3"}
2025-12-09 18:43:08,093 - METRIC - INFO - mean_accuracy: 0.9688272674878439

2025-12-09 18:43:08,093 - METRIC - INFO - round: 11
2025-12-09 18:43:08,093 - METRIC - INFO - n_selected: 6
2025-12-09 18:43:08,093 - METRIC - INFO - {"selected_trainers": ["sta0", "sta1", "sta2", "sta3", "sta4", "sta5"]}
2025-12-09 18:43:19,242 - EXECUT - INFO - received weights from trainer sta0!
2025-12-09 18:43:36,903 - EXECUT - INFO - received weights from trainer sta1!
2025-12-09 18:43:57,265 - EXECUT - INFO - received weights from trainer sta2!
2025-12-09 18:44:23,525 - EXECUT - INFO - received weights from trainer sta3!
2025-12-09 18:44:41,833 - EXECUT - INFO - received weights from trainer sta4!
2025-12-09 18:44:52,934 - EXECUT - INFO - received weights from trainer sta5!
2025-12-09 18:44:54,354 - EXECUT - INFO - sent aggregated weights to trainers!
2025-12-09 18:45:10,813 - METRIC - INFO - {"loss": 0.09333448857069016, "accuracy": 0.967327892780304, "energy_consumption": 0.05474886916666668, "selected": true, "host_energy_consumption": 0.85373565732, "client_name": "sta0"}
2025-12-09 18:45:14,003 - METRIC - INFO - {"loss": 0.11110050976276398, "accuracy": 0.9684947729110718, "energy_consumption": 0.12437739624999998, "selected": true, "host_energy_consumption": 1.73542520172, "client_name": "sta1"}
2025-12-09 18:45:14,543 - METRIC - INFO - {"loss": 0.09286927431821823, "accuracy": 0.9696545004844666, "energy_consumption": 0.18097869199999997, "selected": true, "host_energy_consumption": 2.15626889212, "client_name": "sta3"}
2025-12-09 18:45:15,823 - METRIC - INFO - {"loss": 0.07472457736730576, "accuracy": 0.9754816293716431, "energy_consumption": 0.03389276158333333, "selected": true, "host_energy_consumption": 0.59559583356, "client_name": "sta5"}
2025-12-09 18:45:24,638 - METRIC - INFO - {"loss": 0.0922902375459671, "accuracy": 0.9687207937240601, "energy_consumption": 0.18061663158333344, "selected": true, "host_energy_consumption": 2.15008228092, "client_name": "sta2"}
2025-12-09 18:45:28,366 - METRIC - INFO - {"loss": 0.08744511008262634, "accuracy": 0.9746059775352478, "energy_consumption": 0.10223589325000003, "selected": true, "host_energy_consumption": 1.1552761696, "client_name": "sta4"}
2025-12-09 18:45:28,390 - METRIC - INFO - mean_accuracy: 0.9707142611344656

2025-12-09 18:45:28,390 - METRIC - INFO - round: 12
2025-12-09 18:45:28,390 - METRIC - INFO - n_selected: 6
2025-12-09 18:45:28,390 - METRIC - INFO - {"selected_trainers": ["sta0", "sta1", "sta2", "sta3", "sta4", "sta5"]}
2025-12-09 18:45:39,122 - EXECUT - INFO - received weights from trainer sta0!
2025-12-09 18:45:55,114 - EXECUT - INFO - received weights from trainer sta1!
2025-12-09 18:46:17,386 - EXECUT - INFO - received weights from trainer sta2!
2025-12-09 18:46:43,085 - EXECUT - INFO - received weights from trainer sta3!
2025-12-09 18:47:00,931 - EXECUT - INFO - received weights from trainer sta4!
2025-12-09 18:47:15,154 - EXECUT - INFO - received weights from trainer sta5!
2025-12-09 18:47:16,575 - EXECUT - INFO - sent aggregated weights to trainers!
2025-12-09 18:47:31,428 - METRIC - INFO - {"loss": 0.10506530106067657, "accuracy": 0.9684947729110718, "energy_consumption": 0.13441068624999997, "selected": true, "host_energy_consumption": 1.8917205829200001, "client_name": "sta1"}
2025-12-09 18:47:37,823 - METRIC - INFO - {"loss": 0.08541259169578552, "accuracy": 0.9708284735679626, "energy_consumption": 0.06023114066666669, "selected": true, "host_energy_consumption": 0.9299726570400001, "client_name": "sta0"}
2025-12-09 18:47:40,153 - METRIC - INFO - {"loss": 0.08826553076505661, "accuracy": 0.970588207244873, "energy_consumption": 0.19859058408333335, "selected": true, "host_energy_consumption": 2.3472261472800002, "client_name": "sta3"}
2025-12-09 18:47:45,391 - METRIC - INFO - {"loss": 0.0680408701300621, "accuracy": 0.9772329330444336, "energy_consumption": 0.03684896600000001, "selected": true, "host_energy_consumption": 0.6484709226800001, "client_name": "sta5"}
2025-12-09 18:47:46,476 - METRIC - INFO - {"loss": 0.08211767673492432, "accuracy": 0.9763572812080383, "energy_consumption": 0.11336090833333336, "selected": true, "host_energy_consumption": 1.25826036392, "client_name": "sta4"}
2025-12-09 18:47:47,326 - METRIC - INFO - {"loss": 0.08513801544904709, "accuracy": 0.9719887971878052, "energy_consumption": 0.19789453700000006, "selected": true, "host_energy_consumption": 2.34496514868, "client_name": "sta2"}
2025-12-09 18:47:47,608 - METRIC - INFO - mean_accuracy: 0.9725817441940308

2025-12-09 18:47:47,608 - METRIC - INFO - round: 13
2025-12-09 18:47:47,608 - METRIC - INFO - n_selected: 6
2025-12-09 18:47:47,608 - METRIC - INFO - {"selected_trainers": ["sta0", "sta1", "sta2", "sta3", "sta4", "sta5"]}
2025-12-09 18:47:58,777 - EXECUT - INFO - received weights from trainer sta0!
2025-12-09 18:48:16,688 - EXECUT - INFO - received weights from trainer sta1!
2025-12-09 18:48:38,970 - EXECUT - INFO - received weights from trainer sta2!
2025-12-09 18:49:02,133 - EXECUT - INFO - received weights from trainer sta3!
2025-12-09 18:49:19,817 - EXECUT - INFO - received weights from trainer sta4!
2025-12-09 18:49:33,186 - EXECUT - INFO - received weights from trainer sta5!
2025-12-09 18:49:34,610 - EXECUT - INFO - sent aggregated weights to trainers!
2025-12-09 18:49:51,244 - METRIC - INFO - {"loss": 0.09868759661912918, "accuracy": 0.9684947729110718, "energy_consumption": 0.1446261303333333, "selected": true, "host_energy_consumption": 2.04954088668, "client_name": "sta1"}
2025-12-09 18:49:52,209 - METRIC - INFO - {"loss": 0.08016648143529892, "accuracy": 0.9731621742248535, "energy_consumption": 0.06392692883333334, "selected": true, "host_energy_consumption": 1.0085051928, "client_name": "sta0"}
2025-12-09 18:50:00,292 - METRIC - INFO - {"loss": 0.06264284998178482, "accuracy": 0.9772329330444336, "energy_consumption": 0.03694127791666667, "selected": true, "host_energy_consumption": 0.70139844376, "client_name": "sta5"}
2025-12-09 18:50:00,980 - METRIC - INFO - {"loss": 0.08360789716243744, "accuracy": 0.9729225039482117, "energy_consumption": 0.21588393699999991, "selected": true, "host_energy_consumption": 2.53858865288, "client_name": "sta3"}
2025-12-09 18:50:01,465 - METRIC - INFO - {"loss": 0.07930146902799606, "accuracy": 0.9733893275260925, "energy_consumption": 0.21507154341666665, "selected": true, "host_energy_consumption": 2.5406169210800003, "client_name": "sta2"}
2025-12-09 18:50:06,371 - METRIC - INFO - {"loss": 0.0770493820309639, "accuracy": 0.9763572812080383, "energy_consumption": 0.12452829766666666, "selected": true, "host_energy_consumption": 1.3608565003600002, "client_name": "sta4"}
2025-12-09 18:50:06,644 - METRIC - INFO - mean_accuracy: 0.9735931654771169

2025-12-09 18:50:06,644 - METRIC - INFO - round: 14
2025-12-09 18:50:06,644 - METRIC - INFO - n_selected: 6
2025-12-09 18:50:06,644 - METRIC - INFO - {"selected_trainers": ["sta0", "sta1", "sta2", "sta3", "sta4", "sta5"]}
2025-12-09 18:50:17,101 - EXECUT - INFO - received weights from trainer sta0!
2025-12-09 18:50:34,512 - EXECUT - INFO - received weights from trainer sta1!
2025-12-09 18:50:56,981 - EXECUT - INFO - received weights from trainer sta2!
2025-12-09 18:51:21,547 - EXECUT - INFO - received weights from trainer sta3!
2025-12-09 18:51:40,724 - EXECUT - INFO - received weights from trainer sta4!
2025-12-09 18:51:53,029 - EXECUT - INFO - received weights from trainer sta5!
2025-12-09 18:51:54,443 - EXECUT - INFO - sent aggregated weights to trainers!
2025-12-09 18:52:09,230 - METRIC - INFO - {"loss": 0.07484966516494751, "accuracy": 0.9754959344863892, "energy_consumption": 0.06761388325, "selected": true, "host_energy_consumption": 1.08522202236, "client_name": "sta0"}
2025-12-09 18:52:16,051 - METRIC - INFO - {"loss": 0.09228447079658508, "accuracy": 0.9690781831741333, "energy_consumption": 0.1545358310833333, "selected": true, "host_energy_consumption": 2.20594179764, "client_name": "sta1"}
2025-12-09 18:52:22,337 - METRIC - INFO - {"loss": 0.08075226098299026, "accuracy": 0.9738562107086182, "energy_consumption": 0.23206243058333326, "selected": true, "host_energy_consumption": 2.75027481008, "client_name": "sta3"}
2025-12-09 18:52:22,701 - METRIC - INFO - {"loss": 0.05794622749090195, "accuracy": 0.9842382073402405, "energy_consumption": 0.04075999550000001, "selected": true, "host_energy_consumption": 0.7576862291600001, "client_name": "sta5"}
2025-12-09 18:52:22,867 - METRIC - INFO - {"loss": 0.07360014319419861, "accuracy": 0.9747899174690247, "energy_consumption": 0.22883102633333338, "selected": true, "host_energy_consumption": 2.73827107064, "client_name": "sta2"}
2025-12-09 18:52:26,159 - METRIC - INFO - {"loss": 0.07358481734991074, "accuracy": 0.9763572812080383, "energy_consumption": 0.13376301666666668, "selected": true, "host_energy_consumption": 1.46425452404, "client_name": "sta4"}
2025-12-09 18:52:26,477 - METRIC - INFO - mean_accuracy: 0.975635955731074

2025-12-09 18:52:26,477 - METRIC - INFO - round: 15
2025-12-09 18:52:26,477 - METRIC - INFO - n_selected: 6
2025-12-09 18:52:26,477 - METRIC - INFO - {"selected_trainers": ["sta0", "sta1", "sta2", "sta3", "sta4", "sta5"]}
2025-12-09 18:52:37,145 - EXECUT - INFO - received weights from trainer sta0!
2025-12-09 18:52:53,639 - EXECUT - INFO - received weights from trainer sta1!
2025-12-09 18:53:15,927 - EXECUT - INFO - received weights from trainer sta2!
2025-12-09 18:53:39,548 - EXECUT - INFO - received weights from trainer sta3!
2025-12-09 18:53:58,608 - EXECUT - INFO - received weights from trainer sta4!
2025-12-09 18:54:09,710 - EXECUT - INFO - received weights from trainer sta5!
2025-12-09 18:54:11,125 - EXECUT - INFO - sent aggregated weights to trainers!
2025-12-09 18:54:27,870 - METRIC - INFO - {"loss": 0.08872122317552567, "accuracy": 0.9708284735679626, "energy_consumption": 0.16454210799999994, "selected": true, "host_energy_consumption": 2.3611680234800003, "client_name": "sta1"}
2025-12-09 18:54:30,635 - METRIC - INFO - {"loss": 0.06985894590616226, "accuracy": 0.9766627550125122, "energy_consumption": 0.07120743425, "selected": true, "host_energy_consumption": 1.16235871444, "client_name": "sta0"}
2025-12-09 18:54:34,698 - METRIC - INFO - {"loss": 0.05371614545583725, "accuracy": 0.9824868440628052, "energy_consumption": 0.040795090000000006, "selected": true, "host_energy_consumption": 0.8108709002800001, "client_name": "sta5"}
2025-12-09 18:54:41,432 - METRIC - INFO - {"loss": 0.0690256729722023, "accuracy": 0.9789842367172241, "energy_consumption": 0.14099304483333333, "selected": true, "host_energy_consumption": 1.56641203376, "client_name": "sta4"}
2025-12-09 18:54:42,045 - METRIC - INFO - {"loss": 0.07026924192905426, "accuracy": 0.9766573309898376, "energy_consumption": 0.24274391741666676, "selected": true, "host_energy_consumption": 2.9322812820000004, "client_name": "sta2"}
2025-12-09 18:54:42,489 - METRIC - INFO - {"loss": 0.07752934098243713, "accuracy": 0.9738562107086182, "energy_consumption": 0.2497778270833333, "selected": true, "host_energy_consumption": 2.94319800768, "client_name": "sta3"}
2025-12-09 18:54:43,159 - METRIC - INFO - mean_accuracy: 0.9765793085098267

2025-12-09 18:54:43,163 - METRIC - INFO - stop_condition: rounds
