2025-12-10 21:16:01,189 - EXECUT - INFO - starting server...
2025-12-10 21:16:08,545 - EXECUT - INFO - trainer number sta5 just joined the pool
2025-12-10 21:16:08,717 - EXECUT - INFO - trainer number sta0 just joined the pool
2025-12-10 21:16:08,763 - EXECUT - INFO - trainer number sta4 just joined the pool
2025-12-10 21:16:09,042 - EXECUT - INFO - trainer number sta1 just joined the pool
2025-12-10 21:16:09,261 - EXECUT - INFO - trainer number sta3 just joined the pool
2025-12-10 21:16:09,303 - EXECUT - INFO - trainer number sta2 just joined the pool
2025-12-10 21:16:10,207 - EXECUT - INFO - mensagem de data_sz recebida: 
 {'id': 'sta0', 'dataset_sz': 259700928}
2025-12-10 21:16:10,209 - EXECUT - INFO - mensagem de data_sz recebida: 
 {'id': 'sta1', 'dataset_sz': 519401856}
2025-12-10 21:16:10,250 - EXECUT - INFO - mensagem de data_sz recebida: 
 {'id': 'sta3', 'dataset_sz': 649277568}
2025-12-10 21:16:10,250 - EXECUT - INFO - mensagem de data_sz recebida: 
 {'id': 'sta4', 'dataset_sz': 346301568}
2025-12-10 21:16:10,250 - EXECUT - INFO - mensagem de data_sz recebida: 
 {'id': 'sta5', 'dataset_sz': 173150784}
2025-12-10 21:16:10,250 - EXECUT - INFO - mensagem de data_sz recebida: 
 {'id': 'sta2', 'dataset_sz': 649277568}
2025-12-10 21:16:11,207 - METRIC - INFO - round: 1
2025-12-10 21:16:11,207 - METRIC - INFO - n_selected: 6
2025-12-10 21:16:11,207 - METRIC - INFO - {"selected_trainers": ["sta0", "sta1", "sta2", "sta3", "sta4", "sta5"]}
2025-12-10 21:16:34,311 - EXECUT - INFO - received weights from trainer sta0!
2025-12-10 21:16:57,589 - EXECUT - INFO - received weights from trainer sta1!
2025-12-10 21:17:20,656 - EXECUT - INFO - received weights from trainer sta2!
2025-12-10 21:17:45,448 - EXECUT - INFO - received weights from trainer sta3!
2025-12-10 21:18:08,110 - EXECUT - INFO - received weights from trainer sta4!
2025-12-10 21:18:23,255 - EXECUT - INFO - received weights from trainer sta5!
2025-12-10 21:18:24,975 - EXECUT - INFO - sent aggregated weights to trainers!
2025-12-10 21:18:52,249 - METRIC - INFO - {"loss": 0.2974649965763092, "accuracy": 0.9159860014915466, "energy_consumption": 0.3547751632975612, "selected": true, "host_energy_consumption": 0.15847277572000001, "client_name": "sta1"}
2025-12-10 21:18:54,672 - METRIC - INFO - {"loss": 0.4320051968097687, "accuracy": 0.890315055847168, "energy_consumption": 0.17139591463475556, "selected": true, "host_energy_consumption": 0.11037396048, "client_name": "sta0"}
2025-12-10 21:18:55,302 - METRIC - INFO - {"loss": 0.4729170799255371, "accuracy": 0.8756567239761353, "energy_consumption": 0.10109446213521078, "selected": true, "host_energy_consumption": 0.06713809956, "client_name": "sta5"}
2025-12-10 21:18:57,420 - METRIC - INFO - {"loss": 0.30168554186820984, "accuracy": 0.9117646813392639, "energy_consumption": 0.5493209420636669, "selected": true, "host_energy_consumption": 0.22196237336000002, "client_name": "sta3"}
2025-12-10 21:18:57,637 - METRIC - INFO - {"loss": 0.3683578670024872, "accuracy": 0.9010508060455322, "energy_consumption": 0.2326994832026945, "selected": true, "host_energy_consumption": 0.12380493692000001, "client_name": "sta4"}
2025-12-10 21:19:04,179 - METRIC - INFO - {"loss": 0.27003350853919983, "accuracy": 0.9276376962661743, "energy_consumption": 0.5149886681135167, "selected": true, "host_energy_consumption": 0.20088989816000002, "client_name": "sta2"}
2025-12-10 21:19:05,027 - METRIC - INFO - mean_accuracy: 0.9037351608276367

2025-12-10 21:19:05,027 - METRIC - INFO - round: 2
2025-12-10 21:19:05,027 - METRIC - INFO - n_selected: 6
2025-12-10 21:19:05,028 - METRIC - INFO - {"selected_trainers": ["sta0", "sta1", "sta2", "sta3", "sta4", "sta5"]}
2025-12-10 21:19:24,374 - EXECUT - INFO - received weights from trainer sta0!
2025-12-10 21:19:44,989 - EXECUT - INFO - received weights from trainer sta1!
2025-12-10 21:20:07,948 - EXECUT - INFO - received weights from trainer sta2!
2025-12-10 21:20:30,226 - EXECUT - INFO - received weights from trainer sta3!
2025-12-10 21:20:53,341 - EXECUT - INFO - received weights from trainer sta4!
2025-12-10 21:21:06,620 - EXECUT - INFO - received weights from trainer sta5!
2025-12-10 21:21:08,311 - EXECUT - INFO - sent aggregated weights to trainers!
2025-12-10 21:21:31,378 - METRIC - INFO - {"loss": 0.5814887285232544, "accuracy": 0.8658109903335571, "energy_consumption": 0.2705805731400447, "selected": true, "host_energy_consumption": 0.19853482152000002, "client_name": "sta0"}
2025-12-10 21:21:33,302 - METRIC - INFO - {"loss": 0.3545978367328644, "accuracy": 0.9054842591285706, "energy_consumption": 0.6466109788372058, "selected": true, "host_energy_consumption": 0.31111312736, "client_name": "sta1"}
2025-12-10 21:21:34,477 - METRIC - INFO - {"loss": 0.7816036939620972, "accuracy": 0.817863404750824, "energy_consumption": 0.1773921095136055, "selected": true, "host_energy_consumption": 0.12924492784, "client_name": "sta5"}
2025-12-10 21:21:38,452 - METRIC - INFO - {"loss": 0.35652583837509155, "accuracy": 0.8958916664123535, "energy_consumption": 1.073842961612482, "selected": true, "host_energy_consumption": 0.41796115396, "client_name": "sta3"}
2025-12-10 21:21:51,216 - METRIC - INFO - {"loss": 0.33081042766571045, "accuracy": 0.9126983880996704, "energy_consumption": 0.9823068324549942, "selected": true, "host_energy_consumption": 0.3945161528, "client_name": "sta2"}
2025-12-10 21:21:56,176 - METRIC - INFO - {"loss": 0.45933106541633606, "accuracy": 0.889667272567749, "energy_consumption": 0.4138992893947395, "selected": true, "host_energy_consumption": 0.23974046516000003, "client_name": "sta4"}
2025-12-10 21:21:56,361 - METRIC - INFO - mean_accuracy: 0.8812359968821207

2025-12-10 21:21:56,361 - METRIC - INFO - round: 3
2025-12-10 21:21:56,361 - METRIC - INFO - n_selected: 6
2025-12-10 21:21:56,361 - METRIC - INFO - {"selected_trainers": ["sta0", "sta1", "sta2", "sta3", "sta4", "sta5"]}
2025-12-10 21:22:14,263 - EXECUT - INFO - received weights from trainer sta0!
2025-12-10 21:22:34,580 - EXECUT - INFO - received weights from trainer sta1!
2025-12-10 21:22:58,571 - EXECUT - INFO - received weights from trainer sta2!
2025-12-10 21:23:21,040 - EXECUT - INFO - received weights from trainer sta3!
2025-12-10 21:23:42,696 - EXECUT - INFO - received weights from trainer sta4!
2025-12-10 21:23:57,041 - EXECUT - INFO - received weights from trainer sta5!
2025-12-10 21:23:58,702 - EXECUT - INFO - sent aggregated weights to trainers!
2025-12-10 21:24:21,230 - METRIC - INFO - {"loss": 0.31674155592918396, "accuracy": 0.9066510796546936, "energy_consumption": 0.3945659471851163, "selected": true, "host_energy_consumption": 0.28848558228000004, "client_name": "sta0"}
2025-12-10 21:24:23,407 - METRIC - INFO - {"loss": 0.25500547885894775, "accuracy": 0.9259043335914612, "energy_consumption": 1.0013831871406609, "selected": true, "host_energy_consumption": 0.46545558892000005, "client_name": "sta1"}
2025-12-10 21:24:27,815 - METRIC - INFO - {"loss": 0.31351524591445923, "accuracy": 0.9159369468688965, "energy_consumption": 0.2536941695136443, "selected": true, "host_energy_consumption": 0.19008271940000002, "client_name": "sta5"}
2025-12-10 21:24:29,753 - METRIC - INFO - {"loss": 0.27453362941741943, "accuracy": 0.918767511844635, "energy_consumption": 1.5506822838659753, "selected": true, "host_energy_consumption": 0.61569096008, "client_name": "sta3"}
2025-12-10 21:24:43,780 - METRIC - INFO - {"loss": 0.293817400932312, "accuracy": 0.9185639023780823, "energy_consumption": 0.5950992704385061, "selected": true, "host_energy_consumption": 0.35341954172, "client_name": "sta4"}
2025-12-10 21:24:45,380 - METRIC - INFO - {"loss": 0.24787920713424683, "accuracy": 0.9309056997299194, "energy_consumption": 1.4496073892280448, "selected": true, "host_energy_consumption": 0.5889041508, "client_name": "sta2"}
2025-12-10 21:24:45,751 - METRIC - INFO - mean_accuracy: 0.9194549123446146

2025-12-10 21:24:45,751 - METRIC - INFO - round: 4
2025-12-10 21:24:45,751 - METRIC - INFO - n_selected: 6
2025-12-10 21:24:45,752 - METRIC - INFO - {"selected_trainers": ["sta0", "sta1", "sta2", "sta3", "sta4", "sta5"]}
2025-12-10 21:25:03,957 - EXECUT - INFO - received weights from trainer sta0!
2025-12-10 21:25:24,745 - EXECUT - INFO - received weights from trainer sta1!
2025-12-10 21:25:49,092 - EXECUT - INFO - received weights from trainer sta2!
2025-12-10 21:26:12,675 - EXECUT - INFO - received weights from trainer sta3!
2025-12-10 21:26:33,925 - EXECUT - INFO - received weights from trainer sta4!
2025-12-10 21:26:46,556 - EXECUT - INFO - received weights from trainer sta5!
2025-12-10 21:26:48,217 - EXECUT - INFO - sent aggregated weights to trainers!
2025-12-10 21:27:11,956 - METRIC - INFO - {"loss": 0.24106071889400482, "accuracy": 0.9241540431976318, "energy_consumption": 0.49374832625977316, "selected": true, "host_energy_consumption": 0.37643629016, "client_name": "sta0"}
2025-12-10 21:27:12,920 - METRIC - INFO - {"loss": 0.2033625692129135, "accuracy": 0.9404900670051575, "energy_consumption": 1.331360829916271, "selected": true, "host_energy_consumption": 0.61950133728, "client_name": "sta1"}
2025-12-10 21:27:15,918 - METRIC - INFO - {"loss": 0.23871785402297974, "accuracy": 0.9264448285102844, "energy_consumption": 0.3299955555397718, "selected": true, "host_energy_consumption": 0.25111424044, "client_name": "sta5"}
2025-12-10 21:27:19,350 - METRIC - INFO - {"loss": 0.22263622283935547, "accuracy": 0.9360410571098328, "energy_consumption": 2.0275263493698246, "selected": true, "host_energy_consumption": 0.81150985356, "client_name": "sta3"}
2025-12-10 21:27:20,372 - METRIC - INFO - {"loss": 0.2369324415922165, "accuracy": 0.9343257546424866, "energy_consumption": 0.8030000473066639, "selected": true, "host_energy_consumption": 0.46636242408, "client_name": "sta4"}
2025-12-10 21:27:30,971 - METRIC - INFO - {"loss": 0.20290932059288025, "accuracy": 0.9374416470527649, "energy_consumption": 1.916910150722356, "selected": true, "host_energy_consumption": 0.78350155072, "client_name": "sta2"}
2025-12-10 21:27:31,262 - METRIC - INFO - mean_accuracy: 0.9331495662530264

2025-12-10 21:27:31,262 - METRIC - INFO - round: 5
2025-12-10 21:27:31,262 - METRIC - INFO - n_selected: 6
2025-12-10 21:27:31,262 - METRIC - INFO - {"selected_trainers": ["sta0", "sta1", "sta2", "sta3", "sta4", "sta5"]}
2025-12-10 21:27:50,621 - EXECUT - INFO - received weights from trainer sta0!
2025-12-10 21:28:12,615 - EXECUT - INFO - received weights from trainer sta1!
2025-12-10 21:28:33,967 - EXECUT - INFO - received weights from trainer sta2!
2025-12-10 21:28:57,350 - EXECUT - INFO - received weights from trainer sta3!
2025-12-10 21:29:20,644 - EXECUT - INFO - received weights from trainer sta4!
2025-12-10 21:29:36,311 - EXECUT - INFO - received weights from trainer sta5!
2025-12-10 21:29:37,969 - EXECUT - INFO - sent aggregated weights to trainers!
2025-12-10 21:30:01,604 - METRIC - INFO - {"loss": 0.16571161150932312, "accuracy": 0.9521586894989014, "energy_consumption": 1.6613385378638892, "selected": true, "host_energy_consumption": 0.77675998512, "client_name": "sta1"}
2025-12-10 21:30:02,404 - METRIC - INFO - {"loss": 0.1910116821527481, "accuracy": 0.9416569471359253, "energy_consumption": 0.6425306803760177, "selected": true, "host_energy_consumption": 0.46680113732, "client_name": "sta0"}
2025-12-10 21:30:09,599 - METRIC - INFO - {"loss": 0.18514634668827057, "accuracy": 0.9458450078964233, "energy_consumption": 2.504370847234296, "selected": true, "host_energy_consumption": 1.0093567596000002, "client_name": "sta3"}
2025-12-10 21:30:11,206 - METRIC - INFO - {"loss": 0.19177424907684326, "accuracy": 0.9422066807746887, "energy_consumption": 0.4558877798102232, "selected": true, "host_energy_consumption": 0.31417907164000003, "client_name": "sta5"}
2025-12-10 21:30:11,383 - METRIC - INFO - {"loss": 0.19408565759658813, "accuracy": 0.943082332611084, "energy_consumption": 1.0089934319091038, "selected": true, "host_energy_consumption": 0.5828440394000001, "client_name": "sta4"}
2025-12-10 21:30:16,865 - METRIC - INFO - {"loss": 0.16816213726997375, "accuracy": 0.9463118314743042, "energy_consumption": 2.384214892809811, "selected": true, "host_energy_consumption": 0.9806294372000001, "client_name": "sta2"}
2025-12-10 21:30:17,012 - METRIC - INFO - mean_accuracy: 0.9452102482318878

2025-12-10 21:30:17,012 - METRIC - INFO - round: 6
2025-12-10 21:30:17,012 - METRIC - INFO - n_selected: 6
2025-12-10 21:30:17,012 - METRIC - INFO - {"selected_trainers": ["sta0", "sta1", "sta2", "sta3", "sta4", "sta5"]}
2025-12-10 21:30:36,544 - EXECUT - INFO - received weights from trainer sta0!
2025-12-10 21:30:57,076 - EXECUT - INFO - received weights from trainer sta1!
2025-12-10 21:31:20,273 - EXECUT - INFO - received weights from trainer sta2!
2025-12-10 21:31:43,330 - EXECUT - INFO - received weights from trainer sta3!
2025-12-10 21:32:04,707 - EXECUT - INFO - received weights from trainer sta4!
2025-12-10 21:32:20,388 - EXECUT - INFO - received weights from trainer sta5!
2025-12-10 21:32:22,045 - EXECUT - INFO - sent aggregated weights to trainers!
2025-12-10 21:32:41,971 - METRIC - INFO - {"loss": 0.1409202516078949, "accuracy": 0.9574095606803894, "energy_consumption": 1.9913130841744557, "selected": true, "host_energy_consumption": 0.93113544636, "client_name": "sta1"}
2025-12-10 21:32:42,171 - METRIC - INFO - {"loss": 0.1544012874364853, "accuracy": 0.9544923901557922, "energy_consumption": 0.7913140073036634, "selected": true, "host_energy_consumption": 0.56729302392, "client_name": "sta0"}
2025-12-10 21:32:55,514 - METRIC - INFO - {"loss": 0.15561935305595398, "accuracy": 0.9584500193595886, "energy_consumption": 2.9812172144226343, "selected": true, "host_energy_consumption": 1.2059378408, "client_name": "sta3"}
2025-12-10 21:32:56,049 - METRIC - INFO - {"loss": 0.16381053626537323, "accuracy": 0.9492118954658508, "energy_consumption": 0.5321946847925263, "selected": true, "host_energy_consumption": 0.37464980812000004, "client_name": "sta5"}
2025-12-10 21:32:57,370 - METRIC - INFO - {"loss": 0.170993834733963, "accuracy": 0.9518388509750366, "energy_consumption": 1.1901928248152607, "selected": true, "host_energy_consumption": 0.69514328548, "client_name": "sta4"}
2025-12-10 21:33:02,996 - METRIC - INFO - {"loss": 0.14571942389011383, "accuracy": 0.9551820755004883, "energy_consumption": 2.9240153382188803, "selected": true, "host_energy_consumption": 1.17565420168, "client_name": "sta2"}
2025-12-10 21:33:03,088 - METRIC - INFO - mean_accuracy: 0.9544307986895243

2025-12-10 21:33:03,088 - METRIC - INFO - round: 7
2025-12-10 21:33:03,088 - METRIC - INFO - n_selected: 6
2025-12-10 21:33:03,088 - METRIC - INFO - {"selected_trainers": ["sta0", "sta1", "sta2", "sta3", "sta4", "sta5"]}
2025-12-10 21:33:21,501 - EXECUT - INFO - received weights from trainer sta0!
2025-12-10 21:33:41,495 - EXECUT - INFO - received weights from trainer sta1!
2025-12-10 21:34:04,886 - EXECUT - INFO - received weights from trainer sta2!
2025-12-10 21:34:27,583 - EXECUT - INFO - received weights from trainer sta3!
2025-12-10 21:34:48,668 - EXECUT - INFO - received weights from trainer sta4!
2025-12-10 21:35:04,165 - EXECUT - INFO - received weights from trainer sta5!
2025-12-10 21:35:05,812 - EXECUT - INFO - sent aggregated weights to trainers!
2025-12-10 21:35:29,931 - METRIC - INFO - {"loss": 0.12703227996826172, "accuracy": 0.9649941921234131, "energy_consumption": 0.9153002667342759, "selected": true, "host_energy_consumption": 0.65492034132, "client_name": "sta0"}
2025-12-10 21:35:30,922 - METRIC - INFO - {"loss": 0.12136475741863251, "accuracy": 0.9649941921234131, "energy_consumption": 2.2831477393344866, "selected": true, "host_energy_consumption": 1.08401411468, "client_name": "sta1"}
2025-12-10 21:35:34,897 - METRIC - INFO - {"loss": 0.13666008412837982, "accuracy": 0.9509631991386414, "energy_consumption": 0.6084919745196666, "selected": true, "host_energy_consumption": 0.43475237904, "client_name": "sta5"}
2025-12-10 21:35:36,638 - METRIC - INFO - {"loss": 0.13394448161125183, "accuracy": 0.9640522599220276, "energy_consumption": 3.4580583058576506, "selected": true, "host_energy_consumption": 1.40345170084, "client_name": "sta3"}
2025-12-10 21:35:39,781 - METRIC - INFO - {"loss": 0.1470106542110443, "accuracy": 0.9562171697616577, "energy_consumption": 1.3961784189786974, "selected": true, "host_energy_consumption": 0.80684132984, "client_name": "sta4"}
2025-12-10 21:35:50,495 - METRIC - INFO - {"loss": 0.12617850303649902, "accuracy": 0.9607843160629272, "energy_consumption": 3.4638032642446364, "selected": true, "host_energy_consumption": 1.36949291696, "client_name": "sta2"}
2025-12-10 21:35:50,857 - METRIC - INFO - mean_accuracy: 0.9603342215220133

2025-12-10 21:35:50,857 - METRIC - INFO - round: 8
2025-12-10 21:35:50,857 - METRIC - INFO - n_selected: 6
2025-12-10 21:35:50,857 - METRIC - INFO - {"selected_trainers": ["sta0", "sta1", "sta2", "sta3", "sta4", "sta5"]}
2025-12-10 21:36:08,489 - EXECUT - INFO - received weights from trainer sta0!
2025-12-10 21:36:30,276 - EXECUT - INFO - received weights from trainer sta1!
2025-12-10 21:36:53,311 - EXECUT - INFO - received weights from trainer sta2!
2025-12-10 21:37:17,672 - EXECUT - INFO - received weights from trainer sta3!
2025-12-10 21:37:40,171 - EXECUT - INFO - received weights from trainer sta4!
2025-12-10 21:37:54,881 - EXECUT - INFO - received weights from trainer sta5!
2025-12-10 21:37:56,537 - EXECUT - INFO - sent aggregated weights to trainers!
2025-12-10 21:38:23,416 - METRIC - INFO - {"loss": 0.11025093495845795, "accuracy": 0.9696615934371948, "energy_consumption": 1.0392810501268652, "selected": true, "host_energy_consumption": 0.7430472277200001, "client_name": "sta0"}
2025-12-10 21:38:23,950 - METRIC - INFO - {"loss": 0.10838615149259567, "accuracy": 0.9684947729110718, "energy_consumption": 2.5749827600935777, "selected": true, "host_energy_consumption": 1.2387252880800002, "client_name": "sta1"}
2025-12-10 21:38:24,142 - METRIC - INFO - {"loss": 0.11847088485956192, "accuracy": 0.9663865566253662, "energy_consumption": 3.9348894847895712, "selected": true, "host_energy_consumption": 1.60084772624, "client_name": "sta3"}
2025-12-10 21:38:28,484 - METRIC - INFO - {"loss": 0.13013434410095215, "accuracy": 0.960595428943634, "energy_consumption": 1.577378762442398, "selected": true, "host_energy_consumption": 0.92205199408, "client_name": "sta4"}
2025-12-10 21:38:30,516 - METRIC - INFO - {"loss": 0.1208830401301384, "accuracy": 0.9562171697616577, "energy_consumption": 0.684801030178158, "selected": true, "host_energy_consumption": 0.49663796336000005, "client_name": "sta5"}
2025-12-10 21:38:38,506 - METRIC - INFO - {"loss": 0.11110959202051163, "accuracy": 0.9654528498649597, "energy_consumption": 4.003583447518229, "selected": true, "host_energy_consumption": 1.56408568568, "client_name": "sta2"}
2025-12-10 21:38:38,581 - METRIC - INFO - mean_accuracy: 0.9644680619239807

2025-12-10 21:38:38,581 - METRIC - INFO - round: 9
2025-12-10 21:38:38,581 - METRIC - INFO - n_selected: 6
2025-12-10 21:38:38,581 - METRIC - INFO - {"selected_trainers": ["sta0", "sta1", "sta2", "sta3", "sta4", "sta5"]}
2025-12-10 21:38:57,708 - EXECUT - INFO - received weights from trainer sta0!
2025-12-10 21:39:18,668 - EXECUT - INFO - received weights from trainer sta1!
2025-12-10 21:39:40,281 - EXECUT - INFO - received weights from trainer sta2!
2025-12-10 21:40:03,020 - EXECUT - INFO - received weights from trainer sta3!
2025-12-10 21:40:25,248 - EXECUT - INFO - received weights from trainer sta4!
2025-12-10 21:40:40,922 - EXECUT - INFO - received weights from trainer sta5!
2025-12-10 21:40:42,573 - EXECUT - INFO - sent aggregated weights to trainers!
2025-12-10 21:41:04,162 - METRIC - INFO - {"loss": 0.09471238404512405, "accuracy": 0.9714118838310242, "energy_consumption": 2.904954875965208, "selected": true, "host_energy_consumption": 1.3928645346000001, "client_name": "sta1"}
2025-12-10 21:41:05,111 - METRIC - INFO - {"loss": 0.0973142459988594, "accuracy": 0.9743290543556213, "energy_consumption": 1.1632628222264625, "selected": true, "host_energy_consumption": 0.83250587056, "client_name": "sta0"}
2025-12-10 21:41:11,655 - METRIC - INFO - {"loss": 0.11999832093715668, "accuracy": 0.9632224440574646, "energy_consumption": 1.7585865434625396, "selected": true, "host_energy_consumption": 1.0348539194000002, "client_name": "sta4"}
2025-12-10 21:41:15,141 - METRIC - INFO - {"loss": 0.10549908876419067, "accuracy": 0.9701213836669922, "energy_consumption": 4.411728787968332, "selected": true, "host_energy_consumption": 1.79604432868, "client_name": "sta3"}
2025-12-10 21:41:17,137 - METRIC - INFO - {"loss": 0.10844481736421585, "accuracy": 0.9597197771072388, "energy_consumption": 0.81070805644167, "selected": true, "host_energy_consumption": 0.5575342528, "client_name": "sta5"}
2025-12-10 21:41:28,335 - METRIC - INFO - {"loss": 0.09991474449634552, "accuracy": 0.9673202633857727, "energy_consumption": 4.5185736114087485, "selected": true, "host_energy_consumption": 1.75839548108, "client_name": "sta2"}
2025-12-10 21:41:28,621 - METRIC - INFO - mean_accuracy: 0.9676874677340189

2025-12-10 21:41:28,621 - METRIC - INFO - round: 10
2025-12-10 21:41:28,621 - METRIC - INFO - n_selected: 6
2025-12-10 21:41:28,621 - METRIC - INFO - {"selected_trainers": ["sta0", "sta1", "sta2", "sta3", "sta4", "sta5"]}
2025-12-10 21:41:46,481 - EXECUT - INFO - received weights from trainer sta0!
2025-12-10 21:42:07,835 - EXECUT - INFO - received weights from trainer sta1!
2025-12-10 21:42:30,279 - EXECUT - INFO - received weights from trainer sta2!
2025-12-10 21:42:55,610 - EXECUT - INFO - received weights from trainer sta3!
2025-12-10 21:43:19,030 - EXECUT - INFO - received weights from trainer sta4!
2025-12-10 21:43:33,979 - EXECUT - INFO - received weights from trainer sta5!
2025-12-10 21:43:35,637 - EXECUT - INFO - sent aggregated weights to trainers!
2025-12-10 21:43:56,092 - METRIC - INFO - {"loss": 0.0862107053399086, "accuracy": 0.9719953536987305, "energy_consumption": 3.234945421208357, "selected": true, "host_energy_consumption": 1.54690127676, "client_name": "sta1"}
2025-12-10 21:43:57,528 - METRIC - INFO - {"loss": 0.08788801729679108, "accuracy": 0.9754959344863892, "energy_consumption": 1.287260747446064, "selected": true, "host_energy_consumption": 0.92078700924, "client_name": "sta0"}
2025-12-10 21:44:04,565 - METRIC - INFO - {"loss": 0.09699400514364243, "accuracy": 0.970588207244873, "energy_consumption": 4.961058575939584, "selected": true, "host_energy_consumption": 1.9907813864400001, "client_name": "sta3"}
2025-12-10 21:44:05,892 - METRIC - INFO - {"loss": 0.10851867496967316, "accuracy": 0.9640980958938599, "energy_consumption": 1.9397850875430591, "selected": true, "host_energy_consumption": 1.1477543677600002, "client_name": "sta4"}
2025-12-10 21:44:06,839 - METRIC - INFO - {"loss": 0.09513936191797256, "accuracy": 0.9614710807800293, "energy_consumption": 0.9118076639861998, "selected": true, "host_energy_consumption": 0.61848789548, "client_name": "sta5"}
2025-12-10 21:44:19,424 - METRIC - INFO - {"loss": 0.09100078791379929, "accuracy": 0.9701213836669922, "energy_consumption": 5.0583616900323785, "selected": true, "host_energy_consumption": 1.9516033776400001, "client_name": "sta2"}
2025-12-10 21:44:19,683 - METRIC - INFO - mean_accuracy: 0.9689616759618124

2025-12-10 21:44:19,683 - METRIC - INFO - round: 11
2025-12-10 21:44:19,683 - METRIC - INFO - n_selected: 6
2025-12-10 21:44:19,683 - METRIC - INFO - {"selected_trainers": ["sta0", "sta1", "sta2", "sta3", "sta4", "sta5"]}
2025-12-10 21:44:38,828 - EXECUT - INFO - received weights from trainer sta0!
2025-12-10 21:44:58,830 - EXECUT - INFO - received weights from trainer sta1!
2025-12-10 21:45:23,130 - EXECUT - INFO - received weights from trainer sta2!
2025-12-10 21:45:45,862 - EXECUT - INFO - received weights from trainer sta3!
2025-12-10 21:46:08,616 - EXECUT - INFO - received weights from trainer sta4!
2025-12-10 21:46:23,401 - EXECUT - INFO - received weights from trainer sta5!
2025-12-10 21:46:25,055 - EXECUT - INFO - sent aggregated weights to trainers!
2025-12-10 21:46:51,030 - METRIC - INFO - {"loss": 0.08265408128499985, "accuracy": 0.9766627550125122, "energy_consumption": 1.4112496598541693, "selected": true, "host_energy_consumption": 1.00891394632, "client_name": "sta0"}
2025-12-10 21:46:51,272 - METRIC - INFO - {"loss": 0.08012115955352783, "accuracy": 0.9731621742248535, "energy_consumption": 3.5649319496305747, "selected": true, "host_energy_consumption": 1.7000057530400001, "client_name": "sta1"}
2025-12-10 21:46:56,775 - METRIC - INFO - {"loss": 0.08839128911495209, "accuracy": 0.9729225039482117, "energy_consumption": 5.437897551668761, "selected": true, "host_energy_consumption": 2.1854290304, "client_name": "sta3"}
2025-12-10 21:46:57,611 - METRIC - INFO - {"loss": 0.08605080842971802, "accuracy": 0.9632224440574646, "energy_consumption": 1.0129104999293448, "selected": true, "host_energy_consumption": 0.6785342578, "client_name": "sta5"}
2025-12-10 21:46:58,184 - METRIC - INFO - {"loss": 0.0996575728058815, "accuracy": 0.9684763550758362, "energy_consumption": 2.1209843055974935, "selected": true, "host_energy_consumption": 1.26157291428, "client_name": "sta4"}
2025-12-10 21:47:05,070 - METRIC - INFO - {"loss": 0.08320755511522293, "accuracy": 0.970588207244873, "energy_consumption": 5.525663919023715, "selected": true, "host_energy_consumption": 2.144528694, "client_name": "sta2"}
2025-12-10 21:47:05,097 - METRIC - INFO - mean_accuracy: 0.9708390732606252

2025-12-10 21:47:05,097 - METRIC - INFO - round: 12
2025-12-10 21:47:05,097 - METRIC - INFO - n_selected: 6
2025-12-10 21:47:05,097 - METRIC - INFO - {"selected_trainers": ["sta0", "sta1", "sta2", "sta3", "sta4", "sta5"]}
2025-12-10 21:47:26,296 - EXECUT - INFO - received weights from trainer sta0!
2025-12-10 21:47:48,351 - EXECUT - INFO - received weights from trainer sta1!
2025-12-10 21:48:13,098 - EXECUT - INFO - received weights from trainer sta2!
2025-12-10 21:48:35,779 - EXECUT - INFO - received weights from trainer sta3!
2025-12-10 21:48:57,679 - EXECUT - INFO - received weights from trainer sta4!
2025-12-10 21:49:13,619 - EXECUT - INFO - received weights from trainer sta5!
2025-12-10 21:49:15,279 - EXECUT - INFO - sent aggregated weights to trainers!
2025-12-10 21:49:39,144 - METRIC - INFO - {"loss": 0.07494667917490005, "accuracy": 0.972578763961792, "energy_consumption": 3.8567653140669815, "selected": true, "host_energy_consumption": 1.85284186836, "client_name": "sta1"}
2025-12-10 21:49:39,960 - METRIC - INFO - {"loss": 0.07576482743024826, "accuracy": 0.9766627550125122, "energy_consumption": 1.5104327685373793, "selected": true, "host_energy_consumption": 1.09643701552, "client_name": "sta0"}
2025-12-10 21:49:43,754 - METRIC - INFO - {"loss": 0.08121658116579056, "accuracy": 0.9667250514030457, "energy_consumption": 1.1140003523373325, "selected": true, "host_energy_consumption": 0.73955381612, "client_name": "sta5"}
2025-12-10 21:49:44,124 - METRIC - INFO - {"loss": 0.09404192119836807, "accuracy": 0.9684763550758362, "energy_consumption": 2.3021828687527495, "selected": true, "host_energy_consumption": 1.3748103737200001, "client_name": "sta4"}
2025-12-10 21:49:45,029 - METRIC - INFO - {"loss": 0.08222958445549011, "accuracy": 0.9757236242294312, "energy_consumption": 5.939537543364771, "selected": true, "host_energy_consumption": 2.38051613884, "client_name": "sta3"}
2025-12-10 21:49:45,386 - METRIC - INFO - {"loss": 0.07951685041189194, "accuracy": 0.9738562107086182, "energy_consumption": 6.040654995322311, "selected": true, "host_energy_consumption": 2.33864733984, "client_name": "sta2"}
2025-12-10 21:49:46,312 - METRIC - INFO - mean_accuracy: 0.9723371267318726

2025-12-10 21:49:46,312 - METRIC - INFO - round: 13
2025-12-10 21:49:46,312 - METRIC - INFO - n_selected: 6
2025-12-10 21:49:46,312 - METRIC - INFO - {"selected_trainers": ["sta0", "sta1", "sta2", "sta3", "sta4", "sta5"]}
2025-12-10 21:50:04,459 - EXECUT - INFO - received weights from trainer sta0!
2025-12-10 21:50:25,080 - EXECUT - INFO - received weights from trainer sta1!
2025-12-10 21:50:47,745 - EXECUT - INFO - received weights from trainer sta2!
2025-12-10 21:51:10,438 - EXECUT - INFO - received weights from trainer sta3!
2025-12-10 21:51:32,675 - EXECUT - INFO - received weights from trainer sta4!
2025-12-10 21:51:47,327 - EXECUT - INFO - received weights from trainer sta5!
2025-12-10 21:51:48,990 - EXECUT - INFO - sent aggregated weights to trainers!
2025-12-10 21:52:12,011 - METRIC - INFO - {"loss": 0.06920865178108215, "accuracy": 0.9743290543556213, "energy_consumption": 4.16193774920311, "selected": true, "host_energy_consumption": 2.0070057238000003, "client_name": "sta1"}
2025-12-10 21:52:12,961 - METRIC - INFO - {"loss": 0.07164700329303741, "accuracy": 0.9766627550125122, "energy_consumption": 1.6344269789526695, "selected": true, "host_energy_consumption": 1.18462205848, "client_name": "sta0"}
2025-12-10 21:52:17,417 - METRIC - INFO - {"loss": 0.076572947204113, "accuracy": 0.9766573309898376, "energy_consumption": 6.4640703449066015, "selected": true, "host_energy_consumption": 2.5765279584800003, "client_name": "sta3"}
2025-12-10 21:52:18,126 - METRIC - INFO - {"loss": 0.0724668875336647, "accuracy": 0.9738562107086182, "energy_consumption": 6.58045840526285, "selected": true, "host_energy_consumption": 2.53376097128, "client_name": "sta2"}
2025-12-10 21:52:19,199 - METRIC - INFO - {"loss": 0.0730113834142685, "accuracy": 0.9702276587486267, "energy_consumption": 1.1902950399529404, "selected": true, "host_energy_consumption": 0.8016413840400001, "client_name": "sta5"}
2025-12-10 21:52:19,345 - METRIC - INFO - {"loss": 0.09501155465841293, "accuracy": 0.971103310585022, "energy_consumption": 2.5100837966292153, "selected": true, "host_energy_consumption": 1.4894980044000001, "client_name": "sta4"}
2025-12-10 21:52:20,023 - METRIC - INFO - mean_accuracy: 0.9738060534000397

2025-12-10 21:52:20,023 - METRIC - INFO - round: 14
2025-12-10 21:52:20,023 - METRIC - INFO - n_selected: 6
2025-12-10 21:52:20,023 - METRIC - INFO - {"selected_trainers": ["sta0", "sta1", "sta2", "sta3", "sta4", "sta5"]}
2025-12-10 21:52:36,573 - EXECUT - INFO - received weights from trainer sta0!
2025-12-10 21:52:56,930 - EXECUT - INFO - received weights from trainer sta1!
2025-12-10 21:53:19,618 - EXECUT - INFO - received weights from trainer sta2!
2025-12-10 21:53:42,366 - EXECUT - INFO - received weights from trainer sta3!
2025-12-10 21:54:04,484 - EXECUT - INFO - received weights from trainer sta4!
2025-12-10 21:54:20,001 - EXECUT - INFO - received weights from trainer sta5!
2025-12-10 21:54:21,661 - EXECUT - INFO - sent aggregated weights to trainers!
2025-12-10 21:54:42,666 - METRIC - INFO - {"loss": 0.0653831958770752, "accuracy": 0.9754959344863892, "energy_consumption": 4.478563088182751, "selected": true, "host_energy_consumption": 2.1614368986000003, "client_name": "sta1"}
2025-12-10 21:54:45,496 - METRIC - INFO - {"loss": 0.06581361591815948, "accuracy": 0.9801633358001709, "energy_consumption": 1.7584095362954475, "selected": true, "host_energy_consumption": 1.273340474, "client_name": "sta0"}
2025-12-10 21:54:50,023 - METRIC - INFO - {"loss": 0.07211548835039139, "accuracy": 0.976190447807312, "energy_consumption": 6.965705383530191, "selected": true, "host_energy_consumption": 2.77139833404, "client_name": "sta3"}
2025-12-10 21:54:51,041 - METRIC - INFO - {"loss": 0.06456746906042099, "accuracy": 0.9719789624214172, "energy_consumption": 1.2665901233692596, "selected": true, "host_energy_consumption": 0.8623523000400001, "client_name": "sta5"}
2025-12-10 21:54:56,784 - METRIC - INFO - {"loss": 0.08098836243152618, "accuracy": 0.9746059775352478, "energy_consumption": 2.716081121753651, "selected": true, "host_energy_consumption": 1.6024644193600002, "client_name": "sta4"}
2025-12-10 21:54:57,216 - METRIC - INFO - {"loss": 0.06798318773508072, "accuracy": 0.976190447807312, "energy_consumption": 7.047762503578054, "selected": true, "host_energy_consumption": 2.7277918096800002, "client_name": "sta2"}
2025-12-10 21:54:57,699 - METRIC - INFO - mean_accuracy: 0.9757708509763082

2025-12-10 21:54:57,699 - METRIC - INFO - round: 15
2025-12-10 21:54:57,699 - METRIC - INFO - n_selected: 6
2025-12-10 21:54:57,699 - METRIC - INFO - {"selected_trainers": ["sta0", "sta1", "sta2", "sta3", "sta4", "sta5"]}
2025-12-10 21:55:16,903 - EXECUT - INFO - received weights from trainer sta0!
2025-12-10 21:55:37,598 - EXECUT - INFO - received weights from trainer sta1!
2025-12-10 21:56:00,619 - EXECUT - INFO - received weights from trainer sta2!
2025-12-10 21:56:24,053 - EXECUT - INFO - received weights from trainer sta3!
2025-12-10 21:56:47,487 - EXECUT - INFO - received weights from trainer sta4!
2025-12-10 21:57:03,399 - EXECUT - INFO - received weights from trainer sta5!
2025-12-10 21:57:05,052 - EXECUT - INFO - sent aggregated weights to trainers!
2025-12-10 21:57:31,284 - METRIC - INFO - {"loss": 0.06169334053993225, "accuracy": 0.97782963514328, "energy_consumption": 4.795204084339344, "selected": true, "host_energy_consumption": 2.3151779184800003, "client_name": "sta1"}
2025-12-10 21:57:32,260 - METRIC - INFO - {"loss": 0.06262089312076569, "accuracy": 0.9801633358001709, "energy_consumption": 1.8575960021317162, "selected": true, "host_energy_consumption": 1.360802926, "client_name": "sta0"}
2025-12-10 21:57:34,037 - METRIC - INFO - {"loss": 0.06373697519302368, "accuracy": 0.9772329330444336, "energy_consumption": 1.3428854595258004, "selected": true, "host_energy_consumption": 0.9247437931200001, "client_name": "sta5"}
2025-12-10 21:57:35,589 - METRIC - INFO - {"loss": 0.07562337815761566, "accuracy": 0.9781085848808289, "energy_consumption": 2.9240157785273317, "selected": true, "host_energy_consumption": 1.7177429304, "client_name": "sta4"}
2025-12-10 21:57:36,106 - METRIC - INFO - {"loss": 0.06576143950223923, "accuracy": 0.9789915680885315, "energy_consumption": 7.539865645214744, "selected": true, "host_energy_consumption": 2.9221509777600003, "client_name": "sta2"}
2025-12-10 21:57:37,318 - METRIC - INFO - {"loss": 0.06836070120334625, "accuracy": 0.9785247445106506, "energy_consumption": 7.442546001275985, "selected": true, "host_energy_consumption": 2.96634474192, "client_name": "sta3"}
2025-12-10 21:57:38,087 - METRIC - INFO - mean_accuracy: 0.9784751335779825

2025-12-10 21:57:38,093 - METRIC - INFO - stop_condition: rounds
