2025-10-22 14:45:54,681 - EXECUT - INFO - starting server...
2025-10-22 14:46:05,295 - EXECUT - INFO - trainer number sta1 just joined the pool
2025-10-22 14:46:05,310 - EXECUT - INFO - trainer number sta0 just joined the pool
2025-10-22 14:46:05,800 - EXECUT - INFO - trainer number sta2 just joined the pool
2025-10-22 14:46:06,708 - METRIC - INFO - round: 1
2025-10-22 14:46:06,709 - METRIC - INFO - n_selected: 3
2025-10-22 14:46:06,711 - METRIC - INFO - {"selected_trainers": ["sta1", "sta0", "sta2"]}
2025-10-22 14:47:32,881 - EXECUT - INFO - received weights from trainer sta1!
2025-10-22 14:48:29,342 - EXECUT - INFO - received weights from trainer sta0!
2025-10-22 14:49:24,711 - EXECUT - INFO - received weights from trainer sta2!
2025-10-22 14:49:25,892 - EXECUT - INFO - sent aggregated weights to trainers!
2025-10-22 14:49:32,588 - METRIC - INFO - {"loss": 0.2533630430698395, "accuracy": 0.922502338886261, "energy_consumption": 0.03600757258333333, "selected": true, "client_name": "sta1"}
2025-10-22 14:49:35,551 - METRIC - INFO - {"loss": 0.2580600678920746, "accuracy": 0.9276376962661743, "energy_consumption": 0.08374435350000002, "selected": true, "client_name": "sta0"}
2025-10-22 14:49:36,296 - METRIC - INFO - {"loss": 0.2926042675971985, "accuracy": 0.9154995083808899, "energy_consumption": 0.037873450583333336, "selected": true, "client_name": "sta2"}
2025-10-22 14:49:36,926 - METRIC - INFO - mean_accuracy: 0.9218798478444418

2025-10-22 14:49:36,926 - METRIC - INFO - round: 2
2025-10-22 14:49:36,926 - METRIC - INFO - n_selected: 3
2025-10-22 14:49:36,927 - METRIC - INFO - {"selected_trainers": ["sta1", "sta0", "sta2"]}
2025-10-22 14:50:31,995 - EXECUT - INFO - received weights from trainer sta1!
2025-10-22 14:51:56,108 - EXECUT - INFO - received weights from trainer sta0!
2025-10-22 14:52:51,375 - EXECUT - INFO - received weights from trainer sta2!
2025-10-22 14:52:52,517 - EXECUT - INFO - sent aggregated weights to trainers!
2025-10-22 14:52:56,916 - METRIC - INFO - {"loss": 0.28013676404953003, "accuracy": 0.922502338886261, "energy_consumption": 0.17400485058333331, "selected": true, "client_name": "sta0"}
2025-10-22 14:52:57,311 - METRIC - INFO - {"loss": 0.2817439138889313, "accuracy": 0.916900098323822, "energy_consumption": 0.09184308916666689, "selected": true, "client_name": "sta1"}
2025-10-22 14:52:59,068 - METRIC - INFO - {"loss": 0.3226813077926636, "accuracy": 0.9066293239593506, "energy_consumption": 0.07227451233333322, "selected": true, "client_name": "sta2"}
2025-10-22 14:52:59,524 - METRIC - INFO - mean_accuracy: 0.9153439203898112

2025-10-22 14:52:59,524 - METRIC - INFO - stop_condition: rounds
