2025-10-28 18:03:43,903 - EXECUT - INFO - starting server...
2025-10-28 18:03:55,433 - EXECUT - INFO - trainer number sta1 just joined the pool
2025-10-28 18:03:55,786 - EXECUT - INFO - trainer number sta2 just joined the pool
2025-10-28 18:03:55,856 - EXECUT - INFO - trainer number sta0 just joined the pool
2025-10-28 18:03:55,965 - METRIC - INFO - round: 1
2025-10-28 18:03:55,965 - METRIC - INFO - n_selected: 3
2025-10-28 18:03:55,965 - METRIC - INFO - {"selected_trainers": ["sta1", "sta2", "sta0"]}
2025-10-28 18:05:34,978 - EXECUT - INFO - received weights from trainer sta1!
2025-10-28 18:08:00,893 - EXECUT - INFO - received weights from trainer sta2!
2025-10-28 18:09:36,048 - EXECUT - INFO - received weights from trainer sta0!
2025-10-28 18:09:37,299 - EXECUT - INFO - sent aggregated weights to trainers!
2025-10-28 18:09:43,195 - METRIC - INFO - {"loss": 0.2599540054798126, "accuracy": 0.9248365759849548, "energy_consumption": 0.09497747800000002, "selected": true, "client_name": "sta0"}
2025-10-28 18:09:43,828 - METRIC - INFO - {"loss": 0.30278730392456055, "accuracy": 0.9094304442405701, "energy_consumption": 0.07154367133333331, "selected": true, "client_name": "sta1"}
2025-10-28 18:09:45,685 - METRIC - INFO - {"loss": 0.29702019691467285, "accuracy": 0.915032684803009, "energy_consumption": 0.05155366633333332, "selected": true, "client_name": "sta2"}
2025-10-28 18:09:46,313 - METRIC - INFO - mean_accuracy: 0.9164332350095113

2025-10-28 18:09:46,313 - METRIC - INFO - round: 2
2025-10-28 18:09:46,313 - METRIC - INFO - n_selected: 3
2025-10-28 18:09:46,313 - METRIC - INFO - {"selected_trainers": ["sta1", "sta2", "sta0"]}
2025-10-28 18:11:22,502 - EXECUT - INFO - received weights from trainer sta1!
2025-10-28 18:13:48,185 - EXECUT - INFO - received weights from trainer sta2!
2025-10-28 18:15:22,174 - EXECUT - INFO - received weights from trainer sta0!
2025-10-28 18:15:23,404 - EXECUT - INFO - sent aggregated weights to trainers!
2025-10-28 18:15:29,639 - METRIC - INFO - {"loss": 0.3053593933582306, "accuracy": 0.913165271282196, "energy_consumption": 0.21512850424999985, "selected": true, "client_name": "sta0"}
2025-10-28 18:15:29,841 - METRIC - INFO - {"loss": 0.3330082297325134, "accuracy": 0.9084967374801636, "energy_consumption": 0.16283401658333307, "selected": true, "client_name": "sta1"}
2025-10-28 18:15:31,644 - METRIC - INFO - {"loss": 0.3204500377178192, "accuracy": 0.9112978577613831, "energy_consumption": 0.09719121208333333, "selected": true, "client_name": "sta2"}
2025-10-28 18:15:32,428 - METRIC - INFO - mean_accuracy: 0.9109866221745809

2025-10-28 18:15:32,428 - METRIC - INFO - round: 3
2025-10-28 18:15:32,428 - METRIC - INFO - n_selected: 3
2025-10-28 18:15:32,428 - METRIC - INFO - {"selected_trainers": ["sta1", "sta2", "sta0"]}
2025-10-28 18:17:08,583 - EXECUT - INFO - received weights from trainer sta1!
2025-10-28 18:19:33,568 - EXECUT - INFO - received weights from trainer sta2!
2025-10-28 18:21:58,462 - EXECUT - INFO - received weights from trainer sta0!
2025-10-28 18:21:59,704 - EXECUT - INFO - sent aggregated weights to trainers!
2025-10-28 18:22:06,431 - METRIC - INFO - {"loss": 0.21915170550346375, "accuracy": 0.9332399368286133, "energy_consumption": 0.31861087658333326, "selected": true, "client_name": "sta0"}
2025-10-28 18:22:07,995 - METRIC - INFO - {"loss": 0.2410804033279419, "accuracy": 0.9253034591674805, "energy_consumption": 0.23920521274999954, "selected": true, "client_name": "sta1"}
2025-10-28 18:22:09,308 - METRIC - INFO - {"loss": 0.22831863164901733, "accuracy": 0.9346405267715454, "energy_consumption": 0.15172814049999978, "selected": true, "client_name": "sta2"}
2025-10-28 18:22:09,714 - METRIC - INFO - mean_accuracy: 0.931061307589213

2025-10-28 18:22:09,714 - METRIC - INFO - round: 4
2025-10-28 18:22:09,714 - METRIC - INFO - n_selected: 3
2025-10-28 18:22:09,714 - METRIC - INFO - {"selected_trainers": ["sta1", "sta2", "sta0"]}
2025-10-28 18:24:34,987 - EXECUT - INFO - received weights from trainer sta1!
2025-10-28 18:26:08,292 - EXECUT - INFO - received weights from trainer sta2!
2025-10-28 18:28:34,540 - EXECUT - INFO - received weights from trainer sta0!
2025-10-28 18:28:35,761 - EXECUT - INFO - sent aggregated weights to trainers!
2025-10-28 18:28:43,293 - METRIC - INFO - {"loss": 0.1849536895751953, "accuracy": 0.9425770044326782, "energy_consumption": 0.3274005768333331, "selected": true, "client_name": "sta1"}
2025-10-28 18:28:44,365 - METRIC - INFO - {"loss": 0.16575072705745697, "accuracy": 0.9486461281776428, "energy_consumption": 0.43283760541666655, "selected": true, "client_name": "sta0"}
2025-10-28 18:28:44,393 - METRIC - INFO - {"loss": 0.17528726160526276, "accuracy": 0.9444444179534912, "energy_consumption": 0.19662185374999921, "selected": true, "client_name": "sta2"}
2025-10-28 18:28:44,771 - METRIC - INFO - mean_accuracy: 0.9452225168546041

2025-10-28 18:28:44,771 - METRIC - INFO - round: 5
2025-10-28 18:28:44,771 - METRIC - INFO - n_selected: 3
2025-10-28 18:28:44,771 - METRIC - INFO - {"selected_trainers": ["sta1", "sta2", "sta0"]}
2025-10-28 18:30:20,764 - EXECUT - INFO - received weights from trainer sta1!
2025-10-28 18:31:54,858 - EXECUT - INFO - received weights from trainer sta2!
2025-10-28 18:33:28,370 - EXECUT - INFO - received weights from trainer sta0!
2025-10-28 18:33:29,603 - EXECUT - INFO - sent aggregated weights to trainers!
2025-10-28 18:33:35,607 - METRIC - INFO - {"loss": 0.13029730319976807, "accuracy": 0.9598506093025208, "energy_consumption": 0.5262905251666666, "selected": true, "client_name": "sta0"}
2025-10-28 18:33:36,882 - METRIC - INFO - {"loss": 0.1474657505750656, "accuracy": 0.9533146619796753, "energy_consumption": 0.3880364785833327, "selected": true, "client_name": "sta1"}
2025-10-28 18:33:37,314 - METRIC - INFO - {"loss": 0.13708509504795074, "accuracy": 0.9579831957817078, "energy_consumption": 0.24632282983333217, "selected": true, "client_name": "sta2"}
2025-10-28 18:33:37,613 - METRIC - INFO - mean_accuracy: 0.9570494890213013

2025-10-28 18:33:37,613 - METRIC - INFO - round: 6
2025-10-28 18:33:37,613 - METRIC - INFO - n_selected: 3
2025-10-28 18:33:37,613 - METRIC - INFO - {"selected_trainers": ["sta1", "sta2", "sta0"]}
2025-10-28 18:36:01,709 - EXECUT - INFO - received weights from trainer sta1!
2025-10-28 18:37:35,012 - EXECUT - INFO - received weights from trainer sta2!
2025-10-28 18:39:59,411 - EXECUT - INFO - received weights from trainer sta0!
2025-10-28 18:40:00,631 - EXECUT - INFO - sent aggregated weights to trainers!
2025-10-28 18:40:05,417 - METRIC - INFO - {"loss": 0.10823974758386612, "accuracy": 0.9677870869636536, "energy_consumption": 0.6231069581666673, "selected": true, "client_name": "sta0"}
2025-10-28 18:40:07,114 - METRIC - INFO - {"loss": 0.1218598410487175, "accuracy": 0.9612511396408081, "energy_consumption": 0.46404947149999964, "selected": true, "client_name": "sta1"}
2025-10-28 18:40:08,809 - METRIC - INFO - {"loss": 0.11194959282875061, "accuracy": 0.9649859666824341, "energy_consumption": 0.29951078333333214, "selected": true, "client_name": "sta2"}
2025-10-28 18:40:09,641 - METRIC - INFO - mean_accuracy: 0.964674731095632

2025-10-28 18:40:09,641 - METRIC - INFO - round: 7
2025-10-28 18:40:09,641 - METRIC - INFO - n_selected: 3
2025-10-28 18:40:09,641 - METRIC - INFO - {"selected_trainers": ["sta1", "sta2", "sta0"]}
2025-10-28 18:41:46,357 - EXECUT - INFO - received weights from trainer sta1!
2025-10-28 18:44:11,378 - EXECUT - INFO - received weights from trainer sta2!
2025-10-28 18:46:35,889 - EXECUT - INFO - received weights from trainer sta0!
2025-10-28 18:46:37,117 - EXECUT - INFO - sent aggregated weights to trainers!
2025-10-28 18:46:43,245 - METRIC - INFO - {"loss": 0.10501813888549805, "accuracy": 0.9673202633857727, "energy_consumption": 0.5569667784999996, "selected": true, "client_name": "sta1"}
2025-10-28 18:46:44,923 - METRIC - INFO - {"loss": 0.09243810921907425, "accuracy": 0.9682539701461792, "energy_consumption": 0.7353432004166676, "selected": true, "client_name": "sta0"}
2025-10-28 18:46:44,958 - METRIC - INFO - {"loss": 0.0945492535829544, "accuracy": 0.9715219140052795, "energy_consumption": 0.35428672949999934, "selected": true, "client_name": "sta2"}
2025-10-28 18:46:45,131 - METRIC - INFO - mean_accuracy: 0.9690320491790771

2025-10-28 18:46:45,131 - METRIC - INFO - round: 8
2025-10-28 18:46:45,131 - METRIC - INFO - n_selected: 3
2025-10-28 18:46:45,131 - METRIC - INFO - {"selected_trainers": ["sta1", "sta2", "sta0"]}
2025-10-28 18:48:20,705 - EXECUT - INFO - received weights from trainer sta1!
2025-10-28 18:50:46,459 - EXECUT - INFO - received weights from trainer sta2!
2025-10-28 18:52:19,559 - EXECUT - INFO - received weights from trainer sta0!
2025-10-28 18:52:20,784 - EXECUT - INFO - sent aggregated weights to trainers!
2025-10-28 18:52:27,476 - METRIC - INFO - {"loss": 0.09375447779893875, "accuracy": 0.974323034286499, "energy_consumption": 0.6150459792499989, "selected": true, "client_name": "sta1"}
2025-10-28 18:52:29,576 - METRIC - INFO - {"loss": 0.081816166639328, "accuracy": 0.9766573309898376, "energy_consumption": 0.4035537647499998, "selected": true, "client_name": "sta2"}
2025-10-28 18:52:30,517 - METRIC - INFO - {"loss": 0.081475168466568, "accuracy": 0.972455620765686, "energy_consumption": 0.8530575848333352, "selected": true, "client_name": "sta0"}
2025-10-28 18:52:30,795 - METRIC - INFO - mean_accuracy: 0.9744786620140076

2025-10-28 18:52:30,796 - METRIC - INFO - round: 9
2025-10-28 18:52:30,797 - METRIC - INFO - n_selected: 3
2025-10-28 18:52:30,797 - METRIC - INFO - {"selected_trainers": ["sta1", "sta2", "sta0"]}
2025-10-28 18:54:56,571 - EXECUT - INFO - received weights from trainer sta1!
2025-10-28 18:56:33,853 - EXECUT - INFO - received weights from trainer sta2!
2025-10-28 18:58:58,648 - EXECUT - INFO - received weights from trainer sta0!
2025-10-28 18:58:59,873 - EXECUT - INFO - sent aggregated weights to trainers!
2025-10-28 18:59:08,723 - METRIC - INFO - {"loss": 0.08609087765216827, "accuracy": 0.9766573309898376, "energy_consumption": 0.6974316607499983, "selected": true, "client_name": "sta1"}
2025-10-28 18:59:09,497 - METRIC - INFO - {"loss": 0.07261176407337189, "accuracy": 0.9789915680885315, "energy_consumption": 0.9742808904166683, "selected": true, "client_name": "sta0"}
2025-10-28 18:59:09,627 - METRIC - INFO - {"loss": 0.07271437346935272, "accuracy": 0.9785247445106506, "energy_consumption": 0.4582505733333332, "selected": true, "client_name": "sta2"}
2025-10-28 18:59:09,884 - METRIC - INFO - mean_accuracy: 0.97805788119634

2025-10-28 18:59:09,884 - METRIC - INFO - round: 10
2025-10-28 18:59:09,884 - METRIC - INFO - n_selected: 3
2025-10-28 18:59:09,884 - METRIC - INFO - {"selected_trainers": ["sta1", "sta2", "sta0"]}
2025-10-28 19:01:34,443 - EXECUT - INFO - received weights from trainer sta1!
2025-10-28 19:04:00,846 - EXECUT - INFO - received weights from trainer sta2!
2025-10-28 19:06:25,481 - EXECUT - INFO - received weights from trainer sta0!
2025-10-28 19:06:26,711 - EXECUT - INFO - sent aggregated weights to trainers!
2025-10-28 19:06:32,468 - METRIC - INFO - {"loss": 0.06755271553993225, "accuracy": 0.9785247445106506, "energy_consumption": 1.0585510662500008, "selected": true, "client_name": "sta0"}
2025-10-28 19:06:33,967 - METRIC - INFO - {"loss": 0.08002563565969467, "accuracy": 0.9766573309898376, "energy_consumption": 0.7834555151666642, "selected": true, "client_name": "sta1"}
2025-10-28 19:06:35,380 - METRIC - INFO - {"loss": 0.06626369059085846, "accuracy": 0.9803921580314636, "energy_consumption": 0.5104591909166672, "selected": true, "client_name": "sta2"}
2025-10-28 19:06:35,723 - METRIC - INFO - mean_accuracy: 0.9785247445106506

2025-10-28 19:06:35,760 - METRIC - INFO - stop_condition: rounds
